108.328120 [INFO ] PPSGEN count=100 interval_ns=1000002944 dev_ns=2944 phase_ns=210062 hwphase_ns=112 trim_ppb=40 cfg=4 p_ns=12 d_ns=0 trim_mppb=40596 lk=1 (<crate> └─ <invalid location: defmt frame-index: 18>:0)
109.328109 [INFO ] PPSGEN count=101 interval_ns=1000002944 dev_ns=2944 phase_ns=189063 hwphase_ns=128 trim_ppb=39 cfg=4 p_ns=14 d_ns=4 trim_mppb=39690 lk=1 (<crate> └─ <invalid location: defmt frame-index: 18>:0)
110.328115 [INFO ] PPSGEN count=102 interval_ns=1000002960 dev_ns=2960 phase_ns=190063 hwphase_ns=160 trim_ppb=38 cfg=4 p_ns=17 d_ns=6 trim_mppb=38581 lk=1 (<crate> └─ <invalid location: defmt frame-index: 18>:0)
111.328128 [INFO ] PPSGEN count=103 interval_ns=1000002928 dev_ns=2928 phase_ns=193063 hwphase_ns=144 trim_ppb=37 cfg=4 p_ns=15 d_ns=-5 trim_mppb=37636 lk=1 (<crate> └─ <invalid location: defmt frame-index: 18>:0)
112.328141 [INFO ] PPSGEN count=104 interval_ns=1000002944 dev_ns=2944 phase_ns=212063 hwphase_ns=144 trim_ppb=36 cfg=4 p_ns=16 d_ns=3 trim_mppb=36590 lk=1 (<crate> └─ <invalid location: defmt frame-index: 18>:0)
113.328138 [INFO ] PPSGEN count=105 interval_ns=1000002928 dev_ns=2928 phase_ns=213063 hwphase_ns=144 trim_ppb=35 cfg=4 p_ns=15 d_ns=-2 trim_mppb=35614 lk=1 (<crate> └─ <invalid location: defmt frame-index: 18>:0)
114.328130 [INFO ] PPSGEN count=106 interval_ns=1000002944 dev_ns=2944 phase_ns=184063 hwphase_ns=160 trim_ppb=34 cfg=4 p_ns=18 d_ns=5 trim_mppb=34466 lk=1 (<crate> └─ <invalid location: defmt frame-index: 18>:0)
115.328145 [INFO ] PPSGEN count=107 interval_ns=1000002944 dev_ns=2944 phase_ns=204063 hwphase_ns=160 trim_ppb=33 cfg=4 p_ns=17 d_ns=-2 trim_mppb=33396 lk=1 (<crate> └─ <invalid location: defmt frame-index: 18>:0)
116.328147 [INFO ] PPSGEN count=108 interval_ns=1000002928 dev_ns=2928 phase_ns=205063 hwphase_ns=144 trim_ppb=32 cfg=4 p_ns=16 d_ns=-2 trim_mppb=32389 lk=1 (<crate> └─ <invalid location: defmt frame-index: 18>:0)
117.328145 [INFO ] PPSGEN count=109 interval_ns=1000002928 dev_ns=2928 phase_ns=212063 hwphase_ns=144 trim_ppb=31 cfg=4 p_ns=16 d_ns=0 trim_mppb=31374 lk=1 (<crate> └─ <invalid location: defmt frame-index: 18>:0)
118.328153 [INFO ] PPSGEN count=110 interval_ns=1000002944 dev_ns=2944 phase_ns=196063 hwphase_ns=144 trim_ppb=30 cfg=4 p_ns=16 d_ns=0 trim_mppb=30374 lk=1 (<crate> └─ <invalid location: defmt frame-index: 18>:0)
119.328149 [INFO ] PPSGEN count=111 interval_ns=1000002928 dev_ns=2928 phase_ns=206063 hwphase_ns=128 trim_ppb=29 cfg=4 p_ns=14 d_ns=-4 trim_mppb=29499 lk=1 (<crate> └─ <invalid location: defmt frame-index: 18>:0)
120.328153 [INFO ] PPSGEN count=112 interval_ns=1000002928 dev_ns=2928 phase_ns=198062 hwphase_ns=112 trim_ppb=28 cfg=4 p_ns=12 d_ns=-2 trim_mppb=28703 lk=1 (<crate> └─ <invalid location: defmt frame-index: 18>:0)
121.328151 [INFO ] PPSGEN count=113 interval_ns=1000002928 dev_ns=2928 phase_ns=189062 hwphase_ns=96 trim_ppb=28 cfg=4 p_ns=10 d_ns=-4 trim_mppb=28032 lk=1 (<crate> └─ <invalid location: defmt frame-index: 18>:0)
122.328154 [INFO ] PPSGEN count=114 interval_ns=1000002944 dev_ns=2944 phase_ns=204062 hwphase_ns=96 trim_ppb=27 cfg=4 p_ns=11 d_ns=1 trim_mppb=27329 lk=1 (<crate> └─ <invalid location: defmt frame-index: 18>:0)
123.328161 [INFO ] PPSGEN count=115 interval_ns=1000002944 dev_ns=2944 phase_ns=204062 hwphase_ns=96 trim_ppb=26 cfg=4 p_ns=10 d_ns=-1 trim_mppb=26673 lk=1 (<crate> └─ <invalid location: defmt frame-index: 18>:0)
124.328174 [INFO ] PPSGEN count=116 interval_ns=1000002928 dev_ns=2928 phase_ns=210062 hwphase_ns=80 trim_ppb=26 cfg=4 p_ns=8 d_ns=-3 trim_mppb=26119 lk=1 (<crate> └─ <invalid location: defmt frame-index: 18>:0)
125.328180 [INFO ] PPSGEN count=117 interval_ns=1000002928 dev_ns=2928 phase_ns=207062 hwphase_ns=80 trim_ppb=25 cfg=4 p_ns=9 d_ns=1 trim_mppb=25534 lk=1 (<crate> └─ <invalid location: defmt frame-index: 18>:0)
126.328166 [INFO ] PPSGEN count=118 interval_ns=1000002944 dev_ns=2944 phase_ns=189062 hwphase_ns=80 trim_ppb=24 cfg=4 p_ns=8 d_ns=-1 trim_mppb=24988 lk=1 (<crate> └─ <invalid location: defmt frame-index: 18>:0)
127.328169 [INFO ] PPSGEN count=119 interval_ns=1000002928 dev_ns=2928 phase_ns=205062 hwphase_ns=80 trim_ppb=24 cfg=4 p_ns=9 d_ns=0 trim_mppb=24418 lk=1 (<crate> └─ <invalid location: defmt frame-index: 18>:0)
128.328177 [INFO ] PPSGEN count=120 interval_ns=1000002944 dev_ns=2944 phase_ns=199062 hwphase_ns=80 trim_ppb=23 cfg=4 p_ns=8 d_ns=0 trim_mppb=23864 lk=1 (<crate> └─ <invalid location: defmt frame-index: 18>:0)
129.328171 [INFO ] PPSGEN count=121 interval_ns=1000002928 dev_ns=2928 phase_ns=200062 hwphase_ns=80 trim_ppb=23 cfg=4 p_ns=9 d_ns=0 trim_mppb=23302 lk=1 (<crate> └─ <invalid location: defmt frame-index: 18>:0)
130.328178 [INFO ] PPSGEN count=122 interval_ns=1000002928 dev_ns=2928 phase_ns=198062 hwphase_ns=64 trim_ppb=22 cfg=4 p_ns=6 d_ns=-4 trim_mppb=22873 lk=1 (<crate> └─ <invalid location: defmt frame-index: 18>:0)
131.328187 [INFO ] PPSGEN count=123 interval_ns=1000002928 dev_ns=2928 phase_ns=201062 hwphase_ns=64 trim_ppb=22 cfg=4 p_ns=7 d_ns=1 trim_mppb=22389 lk=1 (<crate> └─ <invalid location: defmt frame-index: 18>:0)
132.328193 [INFO ] PPSGEN count=124 interval_ns=1000002944 dev_ns=2944 phase_ns=196062 hwphase_ns=64 trim_ppb=21 cfg=4 p_ns=7 d_ns=-1 trim_mppb=21952 lk=1 (<crate> └─ <invalid location: defmt frame-index: 18>:0)
133.328191 [INFO ] PPSGEN count=125 interval_ns=1000002928 dev_ns=2928 phase_ns=206062 hwphase_ns=48 trim_ppb=21 cfg=4 p_ns=5 d_ns=-3 trim_mppb=21624 lk=1 (<crate> └─ <invalid location: defmt frame-index: 18>:0)
134.328185 [INFO ] PPSGEN count=126 interval_ns=1000002928 dev_ns=2928 phase_ns=190062 hwphase_ns=48 trim_ppb=21 cfg=4 p_ns=5 d_ns=1 trim_mppb=21265 lk=1 (<crate> └─ <invalid location: defmt frame-index: 18>:0)
135.328191 [INFO ] PPSGEN count=127 interval_ns=1000002944 dev_ns=2944 phase_ns=194062 hwphase_ns=48 trim_ppb=20 cfg=4 p_ns=5 d_ns=-1 trim_mppb=20937 lk=1 (<crate> └─ <invalid location: defmt frame-index: 18>:0)
136.328197 [INFO ] PPSGEN count=128 interval_ns=1000002928 dev_ns=2928 phase_ns=192062 hwphase_ns=48 trim_ppb=20 cfg=4 p_ns=5 d_ns=0 trim_mppb=20594 lk=1 (<crate> └─ <invalid location: defmt frame-index: 18>:0)
137.328201 [INFO ] PPSGEN count=129 interval_ns=1000002944 dev_ns=2944 phase_ns=189062 hwphase_ns=48 trim_ppb=20 cfg=4 p_ns=5 d_ns=0 trim_mppb=20259 lk=1 (<crate> └─ <invalid location: defmt frame-index: 18>:0)
138.328194 [INFO ] PPSGEN count=130 interval_ns=1000002928 dev_ns=2928 phase_ns=185062 hwphase_ns=32 trim_ppb=20 cfg=4 p_ns=3 d_ns=-4 trim_mppb=20049 lk=1 (<crate> └─ <invalid location: defmt frame-index: 18>:0)
139.328204 [INFO ] PPSGEN count=131 interval_ns=1000002928 dev_ns=2928 phase_ns=199062 hwphase_ns=16 trim_ppb=19 cfg=4 p_ns=2 d_ns=-2 trim_mppb=19917 lk=1 (<crate> └─ <invalid location: defmt frame-index: 18>:0)
140.328208 [INFO ] PPSGEN count=132 interval_ns=1000002928 dev_ns=2928 phase_ns=209062 hwphase_ns=16 trim_ppb=19 cfg=4 p_ns=2 d_ns=0 trim_mppb=19792 lk=1 (<crate> └─ <invalid location: defmt frame-index: 18>:0)
141.328230 [INFO ] PPSGEN count=133 interval_ns=1000002944 dev_ns=2944 phase_ns=201062 hwphase_ns=16 trim_ppb=19 cfg=4 p_ns=1 d_ns=0 trim_mppb=19683 lk=1 (<crate> └─ <invalid location: defmt frame-index: 18>:0)
142.328215 [INFO ] PPSGEN count=134 interval_ns=1000002928 dev_ns=2928 phase_ns=205062 hwphase_ns=0 trim_ppb=19 cfg=4 p_ns=0 d_ns=-3 trim_mppb=19690 lk=1 (<crate> └─ <invalid location: defmt frame-index: 18>:0)
143.328217 [INFO ] PPSGEN count=135 interval_ns=1000002928 dev_ns=2928 phase_ns=194062 hwphase_ns=-16 trim_ppb=19 cfg=4 p_ns=-1 d_ns=-3 trim_mppb=19791 lk=1 (<crate> └─ <invalid location: defmt frame-index: 18>:0)
144.328216 [INFO ] PPSGEN count=136 interval_ns=1000002944 dev_ns=2944 phase_ns=195061 hwphase_ns=-16 trim_ppb=19 cfg=4 p_ns=-1 d_ns=0 trim_mppb=19884 lk=1 (<crate> └─ <invalid location: defmt frame-index: 18>:0)
145.328226 [INFO ] PPSGEN count=137 interval_ns=1000002928 dev_ns=2928 phase_ns=200061 hwphase_ns=-32 trim_ppb=20 cfg=4 p_ns=-3 d_ns=-4 trim_mppb=20126 lk=1 (<crate> └─ <invalid location: defmt frame-index: 18>:0)
146.328229 [INFO ] PPSGEN count=138 interval_ns=1000002944 dev_ns=2944 phase_ns=199061 hwphase_ns=-32 trim_ppb=20 cfg=4 p_ns=-3 d_ns=1 trim_mppb=20321 lk=1 (<crate> └─ <invalid location: defmt frame-index: 18>:0)
147.328246 [INFO ] PPSGEN count=139 interval_ns=1000002928 dev_ns=2928 phase_ns=215061 hwphase_ns=-48 trim_ppb=20 cfg=4 p_ns=-5 d_ns=-5 trim_mppb=20680 lk=1 (<crate> └─ <invalid location: defmt frame-index: 18>:0)
148.328235 [INFO ] PPSGEN count=140 interval_ns=1000002944 dev_ns=2944 phase_ns=199061 hwphase_ns=-48 trim_ppb=20 cfg=4 p_ns=-4 d_ns=2 trim_mppb=20976 lk=1 (<crate> └─ <invalid location: defmt frame-index: 18>:0)
149.328241 [INFO ] PPSGEN count=141 interval_ns=1000002944 dev_ns=2944 phase_ns=204061 hwphase_ns=-48 trim_ppb=21 cfg=4 p_ns=-5 d_ns=-2 trim_mppb=21335 lk=1 (<crate> └─ <invalid location: defmt frame-index: 18>:0)
150.328253 [INFO ] PPSGEN count=142 interval_ns=1000002928 dev_ns=2928 phase_ns=205060 hwphase_ns=-64 trim_ppb=21 cfg=4 p_ns=-7 d_ns=-2 trim_mppb=21780 lk=1 (<crate> └─ <invalid location: defmt frame-index: 18>:0)
151.328236 [INFO ] PPSGEN count=143 interval_ns=1000002944 dev_ns=2944 phase_ns=194060 hwphase_ns=-80 trim_ppb=22 cfg=4 p_ns=-8 d_ns=-3 trim_mppb=22334 lk=1 (<crate> └─ <invalid location: defmt frame-index: 18>:0)
152.328238 [INFO ] PPSGEN count=144 interval_ns=1000002944 dev_ns=2944 phase_ns=190060 hwphase_ns=-64 trim_ppb=22 cfg=4 p_ns=-6 d_ns=4 trim_mppb=22748 lk=1 (<crate> └─ <invalid location: defmt frame-index: 18>:0)
153.328250 [INFO ] PPSGEN count=145 interval_ns=1000002944 dev_ns=2944 phase_ns=199060 hwphase_ns=-80 trim_ppb=23 cfg=4 p_ns=-9 d_ns=-6 trim_mppb=23357 lk=1 (<crate> └─ <invalid location: defmt frame-index: 18>:0)
154.328269 [INFO ] PPSGEN count=146 interval_ns=1000002928 dev_ns=2928 phase_ns=210060 hwphase_ns=-80 trim_ppb=23 cfg=4 p_ns=-8 d_ns=3 trim_mppb=23864 lk=1 (<crate> └─ <invalid location: defmt frame-index: 18>:0)
155.328257 [INFO ] PPSGEN count=147 interval_ns=1000002960 dev_ns=2960 phase_ns=195059 hwphase_ns=-80 trim_ppb=24 cfg=4 p_ns=-9 d_ns=-2 trim_mppb=24449 lk=1 (<crate> └─ <invalid location: defmt frame-index: 18>:0)
156.328243 [INFO ] PPSGEN count=148 interval_ns=1000002928 dev_ns=2928 phase_ns=189059 hwphase_ns=-96 trim_ppb=25 cfg=4 p_ns=-10 d_ns=-2 trim_mppb=25113 lk=1 (<crate> └─ <invalid location: defmt frame-index: 18>:0)
157.328256 [INFO ] PPSGEN count=149 interval_ns=1000002960 dev_ns=2960 phase_ns=198059 hwphase_ns=-80 trim_ppb=25 cfg=4 p_ns=-8 d_ns=4 trim_mppb=25644 lk=1 (<crate> └─ <invalid location: defmt frame-index: 18>:0)
158.328267 [INFO ] PPSGEN count=150 interval_ns=1000002944 dev_ns=2944 phase_ns=210059 hwphase_ns=-80 trim_ppb=26 cfg=4 p_ns=-9 d_ns=-2 trim_mppb=26237 lk=1 (<crate> └─ <invalid location: defmt frame-index: 18>:0)
159.328279 [INFO ] PPSGEN count=151 interval_ns=1000002944 dev_ns=2944 phase_ns=212059 hwphase_ns=-80 trim_ppb=26 cfg=4 p_ns=-8 d_ns=1 trim_mppb=26776 lk=1 (<crate> └─ <invalid location: defmt frame-index: 18>:0)
160.328277 [INFO ] PPSGEN count=152 interval_ns=1000002944 dev_ns=2944 phase_ns=213059 hwphase_ns=-80 trim_ppb=27 cfg=4 p_ns=-9 d_ns=-1 trim_mppb=27346 lk=1 (<crate> └─ <invalid location: defmt frame-index: 18>:0)
161.328269 [INFO ] PPSGEN count=153 interval_ns=1000002944 dev_ns=2944 phase_ns=198059 hwphase_ns=-80 trim_ppb=27 cfg=4 p_ns=-8 d_ns=0 trim_mppb=27892 lk=1 (<crate> └─ <invalid location: defmt frame-index: 18>:0)
162.328286 [INFO ] PPSGEN count=154 interval_ns=1000002960 dev_ns=2960 phase_ns=214059 hwphase_ns=-64 trim_ppb=28 cfg=4 p_ns=-7 d_ns=3 trim_mppb=28329 lk=1 (<crate> └─ <invalid location: defmt frame-index: 18>:0)
163.328282 [INFO ] PPSGEN count=155 interval_ns=1000002960 dev_ns=2960 phase_ns=204059 hwphase_ns=-32 trim_ppb=28 cfg=4 p_ns=-3 d_ns=7 trim_mppb=28547 lk=1 (<crate> └─ <invalid location: defmt frame-index: 18>:0)
164.328289 [INFO ] PPSGEN count=156 interval_ns=1000002944 dev_ns=2944 phase_ns=199060 hwphase_ns=0 trim_ppb=28 cfg=4 p_ns=0 d_ns=6 trim_mppb=28578 lk=1 (<crate> └─ <invalid location: defmt frame-index: 18>:0)
165.328296 [INFO ] PPSGEN count=157 interval_ns=1000002944 dev_ns=2944 phase_ns=206059 hwphase_ns=-16 trim_ppb=28 cfg=4 p_ns=-2 d_ns=-4 trim_mppb=28749 lk=1 (<crate> └─ <invalid location: defmt frame-index: 18>:0)
166.328295 [INFO ] PPSGEN count=158 interval_ns=1000002944 dev_ns=2944 phase_ns=201059 hwphase_ns=-16 trim_ppb=28 cfg=4 p_ns=-1 d_ns=3 trim_mppb=28827 lk=1 (<crate> └─ <invalid location: defmt frame-index: 18>:0)
167.328294 [INFO ] PPSGEN count=159 interval_ns=1000002944 dev_ns=2944 phase_ns=195059 hwphase_ns=-32 trim_ppb=29 cfg=4 p_ns=-4 d_ns=-6 trim_mppb=29092 lk=1 (<crate> └─ <invalid location: defmt frame-index: 18>:0)
168.328296 [INFO ] PPSGEN count=160 interval_ns=1000002944 dev_ns=2944 phase_ns=205058 hwphase_ns=-32 trim_ppb=29 cfg=4 p_ns=-2 d_ns=3 trim_mppb=29263 lk=1 (<crate> └─ <invalid location: defmt frame-index: 18>:0)
169.328303 [INFO ] PPSGEN count=161 interval_ns=1000002960 dev_ns=2960 phase_ns=197058 hwphase_ns=-32 trim_ppb=29 cfg=4 p_ns=-4 d_ns=-2 trim_mppb=29520 lk=1 (<crate> └─ <invalid location: defmt frame-index: 18>:0)
170.328292 [INFO ] PPSGEN count=162 interval_ns=1000002944 dev_ns=2944 phase_ns=193058 hwphase_ns=-32 trim_ppb=29 cfg=4 p_ns=-3 d_ns=1 trim_mppb=29723 lk=1 (<crate> └─ <invalid location: defmt frame-index: 18>:0)
171.328297 [INFO ] PPSGEN count=163 interval_ns=1000002944 dev_ns=2944 phase_ns=197057 hwphase_ns=-48 trim_ppb=30 cfg=4 p_ns=-5 d_ns=-5 trim_mppb=30082 lk=1 (<crate> └─ <invalid location: defmt frame-index: 18>:0)
172.328292 [INFO ] PPSGEN count=164 interval_ns=1000002944 dev_ns=2944 phase_ns=191057 hwphase_ns=-48 trim_ppb=30 cfg=4 p_ns=-4 d_ns=2 trim_mppb=30378 lk=1 (<crate> └─ <invalid location: defmt frame-index: 18>:0)
173.328328 [INFO ] PPSGEN count=165 interval_ns=1000002960 dev_ns=2960 phase_ns=218057 hwphase_ns=-48 trim_ppb=30 cfg=4 p_ns=-5 d_ns=-2 trim_mppb=30737 lk=1 (<crate> └─ <invalid location: defmt frame-index: 18>:0)
174.328309 [INFO ] PPSGEN count=166 interval_ns=1000002944 dev_ns=2944 phase_ns=184056 hwphase_ns=-64 trim_ppb=31 cfg=4 p_ns=-7 d_ns=-2 trim_mppb=31182 lk=1 (<crate> └─ <invalid location: defmt frame-index: 18>:0)
175.328308 [INFO ] PPSGEN count=167 interval_ns=1000002960 dev_ns=2960 phase_ns=192056 hwphase_ns=-48 trim_ppb=31 cfg=4 p_ns=-4 d_ns=4 trim_mppb=31486 lk=1 (<crate> └─ <invalid location: defmt frame-index: 18>:0)
176.328326 [INFO ] PPSGEN count=168 interval_ns=1000002960 dev_ns=2960 phase_ns=209056 hwphase_ns=-48 trim_ppb=31 cfg=4 p_ns=-6 d_ns=-2 trim_mppb=31861 lk=1 (<crate> └─ <invalid location: defmt frame-index: 18>:0)
177.328319 [INFO ] PPSGEN count=169 interval_ns=1000002944 dev_ns=2944 phase_ns=197055 hwphase_ns=-64 trim_ppb=32 cfg=4 p_ns=-7 d_ns=-2 trim_mppb=32298 lk=1 (<crate> └─ <invalid location: defmt frame-index: 18>:0)
178.328322 [INFO ] PPSGEN count=170 interval_ns=1000002960 dev_ns=2960 phase_ns=198055 hwphase_ns=-48 trim_ppb=32 cfg=4 p_ns=-4 d_ns=4 trim_mppb=32602 lk=1 (<crate> └─ <invalid location: defmt frame-index: 18>:0)
179.328327 [INFO ] PPSGEN count=171 interval_ns=1000002960 dev_ns=2960 phase_ns=201055 hwphase_ns=-48 trim_ppb=32 cfg=4 p_ns=-6 d_ns=-2 trim_mppb=32977 lk=1 (<crate> └─ <invalid location: defmt frame-index: 18>:0)
180.328327 [INFO ] PPSGEN count=172 interval_ns=1000002960 dev_ns=2960 phase_ns=196054 hwphase_ns=-48 trim_ppb=33 cfg=4 p_ns=-5 d_ns=2 trim_mppb=33289 lk=1 (<crate> └─ <invalid location: defmt frame-index: 18>:0)
181.328330 [INFO ] PPSGEN count=173 interval_ns=1000002960 dev_ns=2960 phase_ns=195054 hwphase_ns=-48 trim_ppb=33 cfg=4 p_ns=-5 d_ns=-1 trim_mppb=33640 lk=1 (<crate> └─ <invalid location: defmt frame-index: 18>:0)
182.328337 [INFO ] PPSGEN count=174 interval_ns=1000002960 dev_ns=2960 phase_ns=197053 hwphase_ns=-48 trim_ppb=33 cfg=4 p_ns=-5 d_ns=0 trim_mppb=33968 lk=1 (<crate> └─ <invalid location: defmt frame-index: 18>:0)
183.328342 [INFO ] PPSGEN count=175 interval_ns=1000002944 dev_ns=2944 phase_ns=202053 hwphase_ns=-48 trim_ppb=34 cfg=4 p_ns=-5 d_ns=0 trim_mppb=34303 lk=1 (<crate> └─ <invalid location: defmt frame-index: 18>:0)
184.328344 [INFO ] PPSGEN count=176 interval_ns=1000002960 dev_ns=2960 phase_ns=203053 hwphase_ns=-48 trim_ppb=34 cfg=4 p_ns=-5 d_ns=0 trim_mppb=34638 lk=1 (<crate> └─ <invalid location: defmt frame-index: 18>:0)
185.328351 [INFO ] PPSGEN count=177 interval_ns=1000002960 dev_ns=2960 phase_ns=197053 hwphase_ns=-32 trim_ppb=34 cfg=4 p_ns=-3 d_ns=4 trim_mppb=34848 lk=1 (<crate> └─ <invalid location: defmt frame-index: 18>:0)
186.328351 [INFO ] PPSGEN count=178 interval_ns=1000002960 dev_ns=2960 phase_ns=198053 hwphase_ns=-16 trim_ppb=34 cfg=4 p_ns=-2 d_ns=2 trim_mppb=34980 lk=1 (<crate> └─ <invalid location: defmt frame-index: 18>:0)
187.328358 [INFO ] PPSGEN count=179 interval_ns=1000002960 dev_ns=2960 phase_ns=210053 hwphase_ns=-16 trim_ppb=35 cfg=4 p_ns=-2 d_ns=0 trim_mppb=35105 lk=1 (<crate> └─ <invalid location: defmt frame-index: 18>:0)
188.328366 [INFO ] PPSGEN count=180 interval_ns=1000002960 dev_ns=2960 phase_ns=204052 hwphase_ns=-16 trim_ppb=35 cfg=4 p_ns=-1 d_ns=0 trim_mppb=35214 lk=1 (<crate> └─ <invalid location: defmt frame-index: 18>:0)
189.328355 [INFO ] PPSGEN count=181 interval_ns=1000002944 dev_ns=2944 phase_ns=190053 hwphase_ns=-16 trim_ppb=35 cfg=4 p_ns=-1 d_ns=0 trim_mppb=35331 lk=1 (<crate> └─ <invalid location: defmt frame-index: 18>:0)
190.328360 [INFO ] PPSGEN count=182 interval_ns=1000002960 dev_ns=2960 phase_ns=204052 hwphase_ns=-16 trim_ppb=35 cfg=4 p_ns=-1 d_ns=0 trim_mppb=35448 lk=1 (<crate> └─ <invalid location: defmt frame-index: 18>:0)
191.328359 [INFO ] PPSGEN count=183 interval_ns=1000002960 dev_ns=2960 phase_ns=200052 hwphase_ns=0 trim_ppb=35 cfg=4 p_ns=0 d_ns=4 trim_mppb=35441 lk=1 (<crate> └─ <invalid location: defmt frame-index: 18>:0)
192.328357 [INFO ] PPSGEN count=184 interval_ns=1000002960 dev_ns=2960 phase_ns=198052 hwphase_ns=16 trim_ppb=35 cfg=4 p_ns=1 d_ns=2 trim_mppb=35348 lk=1 (<crate> └─ <invalid location: defmt frame-index: 18>:0)
193.328380 [INFO ] PPSGEN count=185 interval_ns=1000002960 dev_ns=2960 phase_ns=203052 hwphase_ns=16 trim_ppb=35 cfg=4 p_ns=1 d_ns=0 trim_mppb=35247 lk=1 (<crate> └─ <invalid location: defmt frame-index: 18>:0)
194.328377 [INFO ] PPSGEN count=186 interval_ns=1000002960 dev_ns=2960 phase_ns=210052 hwphase_ns=16 trim_ppb=35 cfg=4 p_ns=1 d_ns=0 trim_mppb=35130 lk=1 (<crate> └─ <invalid location: defmt frame-index: 18>:0)
195.328364 [INFO ] PPSGEN count=187 interval_ns=1000002960 dev_ns=2960 phase_ns=178052 hwphase_ns=32 trim_ppb=34 cfg=4 p_ns=3 d_ns=4 trim_mppb=34888 lk=1 (<crate> └─ <invalid location: defmt frame-index: 18>:0)
196.328373 [INFO ] PPSGEN count=188 interval_ns=1000002960 dev_ns=2960 phase_ns=202051 hwphase_ns=32 trim_ppb=34 cfg=4 p_ns=3 d_ns=-1 trim_mppb=34693 lk=1 (<crate> └─ <invalid location: defmt frame-index: 18>:0)
197.328386 [INFO ] PPSGEN count=189 interval_ns=1000002960 dev_ns=2960 phase_ns=208051 hwphase_ns=48 trim_ppb=34 cfg=4 p_ns=5 d_ns=5 trim_mppb=34334 lk=1 (<crate> └─ <invalid location: defmt frame-index: 18>:0)
198.328398 [INFO ] PPSGEN count=190 interval_ns=1000002960 dev_ns=2960 phase_ns=204052 hwphase_ns=64 trim_ppb=33 cfg=4 p_ns=6 d_ns=2 trim_mppb=33913 lk=1 (<crate> └─ <invalid location: defmt frame-index: 18>:0)
199.328387 [INFO ] PPSGEN count=191 interval_ns=1000002944 dev_ns=2944 phase_ns=198051 hwphase_ns=48 trim_ppb=33 cfg=4 p_ns=5 d_ns=-3 trim_mppb=33601 lk=1 (<crate> └─ <invalid location: defmt frame-index: 18>:0)
200.328406 [INFO ] PPSGEN count=192 interval_ns=1000002960 dev_ns=2960 phase_ns=220051 hwphase_ns=64 trim_ppb=33 cfg=4 p_ns=7 d_ns=5 trim_mppb=33117 lk=1 (<crate> └─ <invalid location: defmt frame-index: 18>:0)
201.328398 [INFO ] PPSGEN count=193 interval_ns=1000002960 dev_ns=2960 phase_ns=198052 hwphase_ns=80 trim_ppb=32 cfg=4 p_ns=8 d_ns=1 trim_mppb=32586 lk=1 (<crate> └─ <invalid location: defmt frame-index: 18>:0)
202.328393 [INFO ] PPSGEN count=194 interval_ns=1000002944 dev_ns=2944 phase_ns=205052 hwphase_ns=80 trim_ppb=32 cfg=4 p_ns=8 d_ns=0 trim_mppb=32032 lk=1 (<crate> └─ <invalid location: defmt frame-index: 18>:0)
203.328389 [INFO ] PPSGEN count=195 interval_ns=1000002944 dev_ns=2944 phase_ns=191052 hwphase_ns=80 trim_ppb=31 cfg=4 p_ns=9 d_ns=0 trim_mppb=31470 lk=1 (<crate> └─ <invalid location: defmt frame-index: 18>:0)
204.328387 [INFO ] PPSGEN count=196 interval_ns=1000002944 dev_ns=2944 phase_ns=196052 hwphase_ns=80 trim_ppb=30 cfg=4 p_ns=8 d_ns=0 trim_mppb=30916 lk=1 (<crate> └─ <invalid location: defmt frame-index: 18>:0)
205.328416 [INFO ] PPSGEN count=197 interval_ns=1000002960 dev_ns=2960 phase_ns=203052 hwphase_ns=96 trim_ppb=30 cfg=4 p_ns=11 d_ns=4 trim_mppb=30229 lk=1 (<crate> └─ <invalid location: defmt frame-index: 18>:0)
206.328407 [INFO ] PPSGEN count=198 interval_ns=1000002928 dev_ns=2928 phase_ns=201053 hwphase_ns=96 trim_ppb=29 cfg=4 p_ns=10 d_ns=-1 trim_mppb=29597 lk=1 (<crate> └─ <invalid location: defmt frame-index: 18>:0)
207.328424 [INFO ] PPSGEN count=199 interval_ns=1000002960 dev_ns=2960 phase_ns=201053 hwphase_ns=112 trim_ppb=28 cfg=4 p_ns=12 d_ns=5 trim_mppb=28793 lk=1 (<crate> └─ <invalid location: defmt frame-index: 18>:0)
208.328415 [INFO ] PPSGEN count=200 interval_ns=1000002944 dev_ns=2944 phase_ns=202053 hwphase_ns=112 trim_ppb=28 cfg=4 p_ns=11 d_ns=-2 trim_mppb=28051 lk=1 (<crate> └─ <invalid location: defmt frame-index: 18>:0)
209.328417 [INFO ] PPSGEN count=201 interval_ns=1000002928 dev_ns=2928 phase_ns=200053 hwphase_ns=112 trim_ppb=27 cfg=4 p_ns=12 d_ns=2 trim_mppb=27247 lk=1 (<crate> └─ <invalid location: defmt frame-index: 18>:0)
210.328417 [INFO ] PPSGEN count=202 interval_ns=1000002944 dev_ns=2944 phase_ns=192054 hwphase_ns=128 trim_ppb=26 cfg=4 p_ns=14 d_ns=2 trim_mppb=26357 lk=1 (<crate> └─ <invalid location: defmt frame-index: 18>:0)
211.328415 [INFO ] PPSGEN count=203 interval_ns=1000002944 dev_ns=2944 phase_ns=187108 hwphase_ns=128 trim_ppb=25 cfg=4 p_ns=14 d_ns=0 trim_mppb=25482 lk=1 (<crate> └─ <invalid location: defmt frame-index: 18>:0)
212.328437 [INFO ] PPSGEN count=204 interval_ns=1000002928 dev_ns=2928 phase_ns=207055 hwphase_ns=128 trim_ppb=24 cfg=4 p_ns=14 d_ns=0 trim_mppb=24592 lk=1 (<crate> └─ <invalid location: defmt frame-index: 18>:0)
213.328431 [INFO ] PPSGEN count=205 interval_ns=1000002944 dev_ns=2944 phase_ns=189055 hwphase_ns=144 trim_ppb=23 cfg=4 p_ns=16 d_ns=4 trim_mppb=23577 lk=1 (<crate> └─ <invalid location: defmt frame-index: 18>:0)
214.328444 [INFO ] PPSGEN count=206 interval_ns=1000002928 dev_ns=2928 phase_ns=209056 hwphase_ns=144 trim_ppb=22 cfg=4 p_ns=15 d_ns=-1 trim_mppb=22609 lk=1 (<crate> └─ <invalid location: defmt frame-index: 18>:0)
215.328446 [INFO ] PPSGEN count=207 interval_ns=1000002928 dev_ns=2928 phase_ns=201056 hwphase_ns=144 trim_ppb=21 cfg=4 p_ns=16 d_ns=1 trim_mppb=21594 lk=1 (<crate> └─ <invalid location: defmt frame-index: 18>:0)
216.328435 [INFO ] PPSGEN count=208 interval_ns=1000002944 dev_ns=2944 phase_ns=193057 hwphase_ns=160 trim_ppb=20 cfg=4 p_ns=17 d_ns=3 trim_mppb=20477 lk=1 (<crate> └─ <invalid location: defmt frame-index: 18>:0)
217.328423 [INFO ] PPSGEN count=209 interval_ns=1000002928 dev_ns=2928 phase_ns=187057 hwphase_ns=160 trim_ppb=19 cfg=4 p_ns=17 d_ns=0 trim_mppb=19384 lk=1 (<crate> └─ <invalid location: defmt frame-index: 18>:0)
218.328442 [INFO ] PPSGEN count=210 interval_ns=1000002912 dev_ns=2912 phase_ns=204057 hwphase_ns=128 trim_ppb=18 cfg=4 p_ns=13 d_ns=-7 trim_mppb=18517 lk=1 (<crate> └─ <invalid location: defmt frame-index: 18>:0)
219.328420 [INFO ] PPSGEN count=211 interval_ns=1000002928 dev_ns=2928 phase_ns=189114 hwphase_ns=112 trim_ppb=17 cfg=4 p_ns=13 d_ns=-1 trim_mppb=17689 lk=1 (<crate> └─ <invalid location: defmt frame-index: 18>:0)
220.328460 [INFO ] PPSGEN count=212 interval_ns=1000002944 dev_ns=2944 phase_ns=205058 hwphase_ns=128 trim_ppb=16 cfg=4 p_ns=14 d_ns=2 trim_mppb=16783 lk=1 (<crate> └─ <invalid location: defmt frame-index: 18>:0)
221.328476 [INFO ] PPSGEN count=213 interval_ns=1000002928 dev_ns=2928 phase_ns=220057 hwphase_ns=112 trim_ppb=16 cfg=4 p_ns=12 d_ns=-5 trim_mppb=16033 lk=1 (<crate> └─ <invalid location: defmt frame-index: 18>:0)
222.328477 [INFO ] PPSGEN count=214 interval_ns=1000002912 dev_ns=2912 phase_ns=209057 hwphase_ns=80 trim_ppb=15 cfg=4 p_ns=9 d_ns=-5 trim_mppb=15463 lk=1 (<crate> └─ <invalid location: defmt frame-index: 18>:0)
223.328466 [INFO ] PPSGEN count=215 interval_ns=1000002944 dev_ns=2944 phase_ns=188057 hwphase_ns=80 trim_ppb=14 cfg=4 p_ns=9 d_ns=0 trim_mppb=14870 lk=1 (<crate> └─ <invalid location: defmt frame-index: 18>:0)
224.328465 [INFO ] PPSGEN count=216 interval_ns=1000002928 dev_ns=2928 phase_ns=202057 hwphase_ns=64 trim_ppb=14 cfg=4 p_ns=6 d_ns=-5 trim_mppb=14441 lk=1 (<crate> └─ <invalid location: defmt frame-index: 18>:0)
225.328470 [INFO ] PPSGEN count=217 interval_ns=1000002928 dev_ns=2928 phase_ns=204057 hwphase_ns=48 trim_ppb=14 cfg=4 p_ns=5 d_ns=-2 trim_mppb=14074 lk=1 (<crate> └─ <invalid location: defmt frame-index: 18>:0)
226.328464 [INFO ] PPSGEN count=218 interval_ns=1000002928 dev_ns=2928 phase_ns=201058 hwphase_ns=48 trim_ppb=13 cfg=4 p_ns=5 d_ns=0 trim_mppb=13723 lk=1 (<crate> └─ <invalid location: defmt frame-index: 18>:0)
227.328474 [INFO ] PPSGEN count=219 interval_ns=1000002928 dev_ns=2928 phase_ns=197058 hwphase_ns=32 trim_ppb=13 cfg=4 p_ns=3 d_ns=-4 trim_mppb=13513 lk=1 (<crate> └─ <invalid location: defmt frame-index: 18>:0)
228.328475 [INFO ] PPSGEN count=220 interval_ns=1000002944 dev_ns=2944 phase_ns=208058 hwphase_ns=48 trim_ppb=13 cfg=4 p_ns=6 d_ns=5 trim_mppb=13131 lk=1 (<crate> └─ <invalid location: defmt frame-index: 18>:0)
229.328457 [INFO ] PPSGEN count=221 interval_ns=1000002928 dev_ns=2928 phase_ns=187059 hwphase_ns=48 trim_ppb=12 cfg=4 p_ns=4 d_ns=-3 trim_mppb=12842 lk=1 (<crate> └─ <invalid location: defmt frame-index: 18>:0)
230.328470 [INFO ] PPSGEN count=222 interval_ns=1000002912 dev_ns=2912 phase_ns=192059 hwphase_ns=16 trim_ppb=12 cfg=4 p_ns=1 d_ns=-5 trim_mppb=12725 lk=1 (<crate> └─ <invalid location: defmt frame-index: 18>:0)
231.328475 [INFO ] PPSGEN count=223 interval_ns=1000002944 dev_ns=2944 phase_ns=194118 hwphase_ns=32 trim_ppb=12 cfg=4 p_ns=4 d_ns=5 trim_mppb=12444 lk=1 (<crate> └─ <invalid location: defmt frame-index: 18>:0)
232.328493 [INFO ] PPSGEN count=224 interval_ns=1000002928 dev_ns=2928 phase_ns=195059 hwphase_ns=16 trim_ppb=12 cfg=4 p_ns=0 d_ns=-7 trim_mppb=12390 lk=1 (<crate> └─ <invalid location: defmt frame-index: 18>:0)
233.328493 [INFO ] PPSGEN count=225 interval_ns=1000002912 dev_ns=2912 phase_ns=197059 hwphase_ns=0 trim_ppb=12 cfg=4 p_ns=0 d_ns=0 trim_mppb=12336 lk=1 (<crate> └─ <invalid location: defmt frame-index: 18>:0)
234.328469 [INFO ] PPSGEN count=226 interval_ns=1000002928 dev_ns=2928 phase_ns=178118 hwphase_ns=-16 trim_ppb=12 cfg=4 p_ns=-2 d_ns=-5 trim_mppb=12461 lk=1 (<crate> └─ <invalid location: defmt frame-index: 18>:0)
235.328523 [INFO ] PPSGEN count=227 interval_ns=1000002928 dev_ns=2928 phase_ns=220059 hwphase_ns=-32 trim_ppb=12 cfg=4 p_ns=-3 d_ns=-2 trim_mppb=12656 lk=1 (<crate> └─ <invalid location: defmt frame-index: 18>:0)
236.328498 [INFO ] PPSGEN count=228 interval_ns=1000002944 dev_ns=2944 phase_ns=191059 hwphase_ns=-16 trim_ppb=12 cfg=4 p_ns=-1 d_ns=3 trim_mppb=12741 lk=1 (<crate> └─ <invalid location: defmt frame-index: 18>:0)
237.328489 [INFO ] PPSGEN count=229 interval_ns=1000002928 dev_ns=2928 phase_ns=190059 hwphase_ns=-32 trim_ppb=13 cfg=4 p_ns=-4 d_ns=-5 trim_mppb=13006 lk=1 (<crate> └─ <invalid location: defmt frame-index: 18>:0)
238.328501 [INFO ] PPSGEN count=230 interval_ns=1000002928 dev_ns=2928 phase_ns=199059 hwphase_ns=-48 trim_ppb=13 cfg=4 p_ns=-4 d_ns=-1 trim_mppb=13310 lk=1 (<crate> └─ <invalid location: defmt frame-index: 18>:0)
239.328496 [INFO ] PPSGEN count=231 interval_ns=1000002928 dev_ns=2928 phase_ns=189059 hwphase_ns=-64 trim_ppb=13 cfg=4 p_ns=-7 d_ns=-5 trim_mppb=13770 lk=1 (<crate> └─ <invalid location: defmt frame-index: 18>:0)
240.328526 [INFO ] PPSGEN count=232 interval_ns=1000002928 dev_ns=2928 phase_ns=222059 hwphase_ns=-64 trim_ppb=14 cfg=4 p_ns=-6 d_ns=1 trim_mppb=14176 lk=1 (<crate> └─ <invalid location: defmt frame-index: 18>:0)
241.328504 [INFO ] PPSGEN count=233 interval_ns=1000002944 dev_ns=2944 phase_ns=208119 hwphase_ns=-64 trim_ppb=14 cfg=4 p_ns=-7 d_ns=-1 trim_mppb=14636 lk=1 (<crate> └─ <invalid location: defmt frame-index: 18>:0)
242.328522 [INFO ] PPSGEN count=234 interval_ns=1000002928 dev_ns=2928 phase_ns=211059 hwphase_ns=-80 trim_ppb=15 cfg=4 p_ns=-9 d_ns=-3 trim_mppb=15198 lk=1 (<crate> └─ <invalid location: defmt frame-index: 18>:0)
243.328527 [INFO ] PPSGEN count=235 interval_ns=1000002944 dev_ns=2944 phase_ns=191059 hwphase_ns=-80 trim_ppb=15 cfg=4 p_ns=-8 d_ns=1 trim_mppb=15729 lk=1 (<crate> └─ <invalid location: defmt frame-index: 18>:0)
244.328489 [INFO ] PPSGEN count=236 interval_ns=1000002944 dev_ns=2944 phase_ns=176118 hwphase_ns=-80 trim_ppb=16 cfg=4 p_ns=-9 d_ns=-1 trim_mppb=16299 lk=1 (<crate> └─ <invalid location: defmt frame-index: 18>:0)
245.328521 [INFO ] PPSGEN count=237 interval_ns=1000002928 dev_ns=2928 phase_ns=206059 hwphase_ns=-96 trim_ppb=16 cfg=4 p_ns=-10 d_ns=-3 trim_mppb=16970 lk=1 (<crate> └─ <invalid location: defmt frame-index: 18>:0)
246.328534 [INFO ] PPSGEN count=238 interval_ns=1000002944 dev_ns=2944 phase_ns=205118 hwphase_ns=-96 trim_ppb=17 cfg=4 p_ns=-10 d_ns=0 trim_mppb=17618 lk=1 (<crate> └─ <invalid location: defmt frame-index: 18>:0)
247.328551 [INFO ] PPSGEN count=239 interval_ns=1000002944 dev_ns=2944 phase_ns=220059 hwphase_ns=-96 trim_ppb=18 cfg=4 p_ns=-10 d_ns=0 trim_mppb=18289 lk=1 (<crate> └─ <invalid location: defmt frame-index: 18>:0)
248.328554 [INFO ] PPSGEN count=240 interval_ns=1000002944 dev_ns=2944 phase_ns=199059 hwphase_ns=-96 trim_ppb=18 cfg=4 p_ns=-10 d_ns=0 trim_mppb=18960 lk=1 (<crate> └─ <invalid location: defmt frame-index: 18>:0)
249.328521 [INFO ] PPSGEN count=241 interval_ns=1000002944 dev_ns=2944 phase_ns=189059 hwphase_ns=-96 trim_ppb=19 cfg=4 p_ns=-10 d_ns=0 trim_mppb=19631 lk=1 (<crate> └─ <invalid location: defmt frame-index: 18>:0)
250.328540 [INFO ] PPSGEN count=242 interval_ns=1000002944 dev_ns=2944 phase_ns=201059 hwphase_ns=-96 trim_ppb=20 cfg=4 p_ns=-10 d_ns=0 trim_mppb=20302 lk=1 (<crate> └─ <invalid location: defmt frame-index: 18>:0)
251.328520 [INFO ] PPSGEN count=243 interval_ns=1000002944 dev_ns=2944 phase_ns=186059 hwphase_ns=-96 trim_ppb=20 cfg=4 p_ns=-10 d_ns=0 trim_mppb=20973 lk=1 (<crate> └─ <invalid location: defmt frame-index: 18>:0)
252.328541 [INFO ] PPSGEN count=244 interval_ns=1000002944 dev_ns=2944 phase_ns=209059 hwphase_ns=-80 trim_ppb=21 cfg=4 p_ns=-8 d_ns=4 trim_mppb=21519 lk=1 (<crate> └─ <invalid location: defmt frame-index: 18>:0)
253.328533 [INFO ] PPSGEN count=245 interval_ns=1000002944 dev_ns=2944 phase_ns=187058 hwphase_ns=-96 trim_ppb=22 cfg=4 p_ns=-11 d_ns=-5 trim_mppb=22237 lk=1 (<crate> └─ <invalid location: defmt frame-index: 18>:0)
254.328554 [INFO ] PPSGEN count=246 interval_ns=1000002928 dev_ns=2928 phase_ns=205058 hwphase_ns=-112 trim_ppb=22 cfg=4 p_ns=-12 d_ns=-1 trim_mppb=22987 lk=1 (<crate> └─ <invalid location: defmt frame-index: 18>:0)
255.328539 [INFO ] PPSGEN count=247 interval_ns=1000002960 dev_ns=2960 phase_ns=189059 hwphase_ns=-80 trim_ppb=23 cfg=4 p_ns=-8 d_ns=7 trim_mppb=23510 lk=1 (<crate> └─ <invalid location: defmt frame-index: 18>:0)
256.328555 [INFO ] PPSGEN count=248 interval_ns=1000002960 dev_ns=2960 phase_ns=202059 hwphase_ns=-64 trim_ppb=24 cfg=4 p_ns=-7 d_ns=1 trim_mppb=24002 lk=1 (<crate> └─ <invalid location: defmt frame-index: 18>:0)
257.328535 [INFO ] PPSGEN count=249 interval_ns=1000002928 dev_ns=2928 phase_ns=184059 hwphase_ns=-80 trim_ppb=24 cfg=4 p_ns=-9 d_ns=-2 trim_mppb=24580 lk=1 (<crate> └─ <invalid location: defmt frame-index: 18>:0)
258.328568 [INFO ] PPSGEN count=250 interval_ns=1000002944 dev_ns=2944 phase_ns=208058 hwphase_ns=-80 trim_ppb=25 cfg=4 p_ns=-8 d_ns=1 trim_mppb=25119 lk=1 (<crate> └─ <invalid location: defmt frame-index: 18>:0)
259.328572 [INFO ] PPSGEN count=251 interval_ns=1000002944 dev_ns=2944 phase_ns=207058 hwphase_ns=-80 trim_ppb=25 cfg=4 p_ns=-9 d_ns=-1 trim_mppb=25689 lk=1 (<crate> └─ <invalid location: defmt frame-index: 18>:0)
260.328576 [INFO ] PPSGEN count=252 interval_ns=1000002944 dev_ns=2944 phase_ns=208058 hwphase_ns=-80 trim_ppb=26 cfg=4 p_ns=-8 d_ns=0 trim_mppb=26235 lk=1 (<crate> └─ <invalid location: defmt frame-index: 18>:0)
261.328569 [INFO ] PPSGEN count=253 interval_ns=1000002960 dev_ns=2960 phase_ns=192058 hwphase_ns=-64 trim_ppb=26 cfg=4 p_ns=-7 d_ns=3 trim_mppb=26672 lk=1 (<crate> └─ <invalid location: defmt frame-index: 18>:0)
262.328573 [INFO ] PPSGEN count=254 interval_ns=1000002944 dev_ns=2944 phase_ns=205058 hwphase_ns=-64 trim_ppb=27 cfg=4 p_ns=-7 d_ns=-1 trim_mppb=27140 lk=1 (<crate> └─ <invalid location: defmt frame-index: 18>:0)
263.328570 [INFO ] PPSGEN count=255 interval_ns=1000002944 dev_ns=2944 phase_ns=194058 hwphase_ns=-80 trim_ppb=27 cfg=4 p_ns=-9 d_ns=-3 trim_mppb=27702 lk=1 (<crate> └─ <invalid location: defmt frame-index: 18>:0)
264.328584 [INFO ] PPSGEN count=256 interval_ns=1000002960 dev_ns=2960 phase_ns=203057 hwphase_ns=-64 trim_ppb=28 cfg=4 p_ns=-6 d_ns=5 trim_mppb=28108 lk=1 (<crate> └─ <invalid location: defmt frame-index: 18>:0)
265.328586 [INFO ] PPSGEN count=257 interval_ns=1000002960 dev_ns=2960 phase_ns=194057 hwphase_ns=-64 trim_ppb=28 cfg=4 p_ns=-7 d_ns=-2 trim_mppb=28600 lk=1 (<crate> └─ <invalid location: defmt frame-index: 18>:0)
266.328583 [INFO ] PPSGEN count=258 interval_ns=1000002944 dev_ns=2944 phase_ns=194056 hwphase_ns=-80 trim_ppb=29 cfg=4 p_ns=-8 d_ns=-2 trim_mppb=29154 lk=1 (<crate> └─ <invalid location: defmt frame-index: 18>:0)
267.328585 [INFO ] PPSGEN count=259 interval_ns=1000002944 dev_ns=2944 phase_ns=190056 hwphase_ns=-80 trim_ppb=29 cfg=4 p_ns=-8 d_ns=0 trim_mppb=29700 lk=1 (<crate> └─ <invalid location: defmt frame-index: 18>:0)
268.328588 [INFO ] PPSGEN count=260 interval_ns=1000002960 dev_ns=2960 phase_ns=199056 hwphase_ns=-80 trim_ppb=30 cfg=4 p_ns=-9 d_ns=0 trim_mppb=30262 lk=1 (<crate> └─ <invalid location: defmt frame-index: 18>:0)
269.328601 [INFO ] PPSGEN count=261 interval_ns=1000002960 dev_ns=2960 phase_ns=199055 hwphase_ns=-80 trim_ppb=30 cfg=4 p_ns=-8 d_ns=0 trim_mppb=30816 lk=1 (<crate> └─ <invalid location: defmt frame-index: 18>:0)
270.328605 [INFO ] PPSGEN count=262 interval_ns=1000002960 dev_ns=2960 phase_ns=200055 hwphase_ns=-64 trim_ppb=31 cfg=4 p_ns=-7 d_ns=3 trim_mppb=31253 lk=1 (<crate> └─ <invalid location: defmt frame-index: 18>:0)
271.328597 [INFO ] PPSGEN count=263 interval_ns=1000002960 dev_ns=2960 phase_ns=201055 hwphase_ns=-64 trim_ppb=31 cfg=4 p_ns=-7 d_ns=-1 trim_mppb=31721 lk=1 (<crate> └─ <invalid location: defmt frame-index: 18>:0)
272.328603 [INFO ] PPSGEN count=264 interval_ns=1000002944 dev_ns=2944 phase_ns=194055 hwphase_ns=-64 trim_ppb=32 cfg=4 p_ns=-7 d_ns=1 trim_mppb=32158 lk=1 (<crate> └─ <invalid location: defmt frame-index: 18>:0)
273.328603 [INFO ] PPSGEN count=265 interval_ns=1000002976 dev_ns=2976 phase_ns=206054 hwphase_ns=-48 trim_ppb=32 cfg=4 p_ns=-5 d_ns=3 trim_mppb=32486 lk=1 (<crate> └─ <invalid location: defmt frame-index: 18>:0)
274.328599 [INFO ] PPSGEN count=266 interval_ns=1000002944 dev_ns=2944 phase_ns=185055 hwphase_ns=-48 trim_ppb=32 cfg=4 p_ns=-5 d_ns=-1 trim_mppb=32845 lk=1 (<crate> └─ <invalid location: defmt frame-index: 18>:0)
275.328617 [INFO ] PPSGEN count=267 interval_ns=1000002944 dev_ns=2944 phase_ns=199055 hwphase_ns=-48 trim_ppb=33 cfg=4 p_ns=-5 d_ns=1 trim_mppb=33173 lk=1 (<crate> └─ <invalid location: defmt frame-index: 18>:0)
276.328620 [INFO ] PPSGEN count=268 interval_ns=1000002960 dev_ns=2960 phase_ns=202055 hwphase_ns=-32 trim_ppb=33 cfg=4 p_ns=-3 d_ns=3 trim_mppb=33391 lk=1 (<crate> └─ <invalid location: defmt frame-index: 18>:0)
277.328623 [INFO ] PPSGEN count=269 interval_ns=1000002944 dev_ns=2944 phase_ns=204054 hwphase_ns=-48 trim_ppb=33 cfg=4 p_ns=-6 d_ns=-5 trim_mppb=33766 lk=1 (<crate> └─ <invalid location: defmt frame-index: 18>:0)
278.328630 [INFO ] PPSGEN count=270 interval_ns=1000002960 dev_ns=2960 phase_ns=205054 hwphase_ns=-32 trim_ppb=33 cfg=4 p_ns=-2 d_ns=6 trim_mppb=33930 lk=1 (<crate> └─ <invalid location: defmt frame-index: 18>:0)
279.328620 [INFO ] PPSGEN count=271 interval_ns=1000002960 dev_ns=2960 phase_ns=200054 hwphase_ns=-32 trim_ppb=34 cfg=4 p_ns=-4 d_ns=-3 trim_mppb=34211 lk=1 (<crate> └─ <invalid location: defmt frame-index: 18>:0)
280.328635 [INFO ] PPSGEN count=272 interval_ns=1000002960 dev_ns=2960 phase_ns=200054 hwphase_ns=-16 trim_ppb=34 cfg=4 p_ns=-1 d_ns=6 trim_mppb=34281 lk=1 (<crate> └─ <invalid location: defmt frame-index: 18>:0)
281.328636 [INFO ] PPSGEN count=273 interval_ns=1000002960 dev_ns=2960 phase_ns=203054 hwphase_ns=0 trim_ppb=34 cfg=4 p_ns=0 d_ns=1 trim_mppb=34320 lk=1 (<crate> └─ <invalid location: defmt frame-index: 18>:0)
282.328637 [INFO ] PPSGEN count=274 interval_ns=1000002960 dev_ns=2960 phase_ns=206054 hwphase_ns=16 trim_ppb=34 cfg=4 p_ns=1 d_ns=5 trim_mppb=34203 lk=1 (<crate> └─ <invalid location: defmt frame-index: 18>:0)
283.328640 [INFO ] PPSGEN count=275 interval_ns=1000002944 dev_ns=2944 phase_ns=206053 hwphase_ns=0 trim_ppb=34 cfg=4 p_ns=0 d_ns=-5 trim_mppb=34249 lk=1 (<crate> └─ <invalid location: defmt frame-index: 18>:0)
284.328637 [INFO ] PPSGEN count=276 interval_ns=1000002960 dev_ns=2960 phase_ns=192054 hwphase_ns=16 trim_ppb=34 cfg=4 p_ns=2 d_ns=6 trim_mppb=34085 lk=1 (<crate> └─ <invalid location: defmt frame-index: 18>:0)
285.328639 [INFO ] PPSGEN count=277 interval_ns=1000002960 dev_ns=2960 phase_ns=203054 hwphase_ns=32 trim_ppb=33 cfg=4 p_ns=3 d_ns=0 trim_mppb=33898 lk=1 (<crate> └─ <invalid location: defmt frame-index: 18>:0)
286.328638 [INFO ] PPSGEN count=278 interval_ns=1000002944 dev_ns=2944 phase_ns=198053 hwphase_ns=16 trim_ppb=33 cfg=4 p_ns=1 d_ns=-2 trim_mppb=33797 lk=1 (<crate> └─ <invalid location: defmt frame-index: 18>:0)
287.328638 [INFO ] PPSGEN count=279 interval_ns=1000002960 dev_ns=2960 phase_ns=194053 hwphase_ns=32 trim_ppb=33 cfg=4 p_ns=4 d_ns=5 trim_mppb=33540 lk=1 (<crate> └─ <invalid location: defmt frame-index: 18>:0)
288.328659 [INFO ] PPSGEN count=280 interval_ns=1000002960 dev_ns=2960 phase_ns=206053 hwphase_ns=32 trim_ppb=33 cfg=4 p_ns=2 d_ns=-2 trim_mppb=33361 lk=1 (<crate> └─ <invalid location: defmt frame-index: 18>:0)
289.328657 [INFO ] PPSGEN count=281 interval_ns=1000002944 dev_ns=2944 phase_ns=210052 hwphase_ns=16 trim_ppb=33 cfg=4 p_ns=2 d_ns=-1 trim_mppb=33236 lk=1 (<crate> └─ <invalid location: defmt frame-index: 18>:0)
290.328655 [INFO ] PPSGEN count=282 interval_ns=1000002960 dev_ns=2960 phase_ns=193052 hwphase_ns=16 trim_ppb=33 cfg=4 p_ns=1 d_ns=0 trim_mppb=33119 lk=1 (<crate> └─ <invalid location: defmt frame-index: 18>:0)
291.328661 [INFO ] PPSGEN count=283 interval_ns=1000002960 dev_ns=2960 phase_ns=200052 hwphase_ns=16 trim_ppb=33 cfg=4 p_ns=1 d_ns=0 trim_mppb=33002 lk=1 (<crate> └─ <invalid location: defmt frame-index: 18>:0)
292.328665 [INFO ] PPSGEN count=284 interval_ns=1000002944 dev_ns=2944 phase_ns=191051 hwphase_ns=0 trim_ppb=33 cfg=4 p_ns=0 d_ns=-4 trim_mppb=33009 lk=1 (<crate> └─ <invalid location: defmt frame-index: 18>:0)
293.328658 [INFO ] PPSGEN count=285 interval_ns=1000002960 dev_ns=2960 phase_ns=192051 hwphase_ns=0 trim_ppb=32 cfg=4 p_ns=0 d_ns=1 trim_mppb=32978 lk=1 (<crate> └─ <invalid location: defmt frame-index: 18>:0)
294.328651 [INFO ] PPSGEN count=286 interval_ns=1000002960 dev_ns=2960 phase_ns=190102 hwphase_ns=16 trim_ppb=32 cfg=4 p_ns=1 d_ns=2 trim_mppb=32861 lk=1 (<crate> └─ <invalid location: defmt frame-index: 18>:0)
295.328678 [INFO ] PPSGEN count=287 interval_ns=1000002960 dev_ns=2960 phase_ns=211051 hwphase_ns=16 trim_ppb=32 cfg=4 p_ns=1 d_ns=0 trim_mppb=32760 lk=1 (<crate> └─ <invalid location: defmt frame-index: 18>:0)
296.328674 [INFO ] PPSGEN count=288 interval_ns=1000002960 dev_ns=2960 phase_ns=187050 hwphase_ns=16 trim_ppb=32 cfg=4 p_ns=1 d_ns=0 trim_mppb=32643 lk=1 (<crate> └─ <invalid location: defmt frame-index: 18>:0)
297.328689 [INFO ] PPSGEN count=289 interval_ns=1000002960 dev_ns=2960 phase_ns=201050 hwphase_ns=16 trim_ppb=32 cfg=4 p_ns=1 d_ns=0 trim_mppb=32526 lk=1 (<crate> └─ <invalid location: defmt frame-index: 18>:0)
298.328687 [INFO ] PPSGEN count=290 interval_ns=1000002960 dev_ns=2960 phase_ns=206050 hwphase_ns=16 trim_ppb=32 cfg=4 p_ns=1 d_ns=0 trim_mppb=32409 lk=1 (<crate> └─ <invalid location: defmt frame-index: 18>:0)
299.328690 [INFO ] PPSGEN count=291 interval_ns=1000002944 dev_ns=2944 phase_ns=202049 hwphase_ns=0 trim_ppb=32 cfg=4 p_ns=0 d_ns=-4 trim_mppb=32416 lk=1 (<crate> └─ <invalid location: defmt frame-index: 18>:0)
300.328679 [INFO ] PPSGEN count=292 interval_ns=1000002960 dev_ns=2960 phase_ns=195049 hwphase_ns=0 trim_ppb=32 cfg=4 p_ns=0 d_ns=1 trim_mppb=32385 lk=1 (<crate> └─ <invalid location: defmt frame-index: 18>:0)
301.328665 [INFO ] PPSGEN count=293 interval_ns=1000002960 dev_ns=2960 phase_ns=177049 hwphase_ns=16 trim_ppb=32 cfg=4 p_ns=1 d_ns=2 trim_mppb=32268 lk=1 (<crate> └─ <invalid location: defmt frame-index: 18>:0)
302.328692 [INFO ] PPSGEN count=294 interval_ns=1000002960 dev_ns=2960 phase_ns=204049 hwphase_ns=16 trim_ppb=32 cfg=4 p_ns=1 d_ns=0 trim_mppb=32167 lk=1 (<crate> └─ <invalid location: defmt frame-index: 18>:0)
303.328697 [INFO ] PPSGEN count=295 interval_ns=1000002960 dev_ns=2960 phase_ns=196049 hwphase_ns=16 trim_ppb=32 cfg=4 p_ns=1 d_ns=0 trim_mppb=32050 lk=1 (<crate> └─ <invalid location: defmt frame-index: 18>:0)
304.328704 [INFO ] PPSGEN count=296 interval_ns=1000002960 dev_ns=2960 phase_ns=202049 hwphase_ns=16 trim_ppb=31 cfg=4 p_ns=1 d_ns=0 trim_mppb=31933 lk=1 (<crate> └─ <invalid location: defmt frame-index: 18>:0)
305.328697 [INFO ] PPSGEN count=297 interval_ns=1000002960 dev_ns=2960 phase_ns=195048 hwphase_ns=16 trim_ppb=31 cfg=4 p_ns=1 d_ns=0 trim_mppb=31816 lk=1 (<crate> └─ <invalid location: defmt frame-index: 18>:0)
306.328714 [INFO ] PPSGEN count=298 interval_ns=1000002960 dev_ns=2960 phase_ns=201048 hwphase_ns=16 trim_ppb=31 cfg=4 p_ns=1 d_ns=0 trim_mppb=31699 lk=1 (<crate> └─ <invalid location: defmt frame-index: 18>:0)
307.328711 [INFO ] PPSGEN count=299 interval_ns=1000002960 dev_ns=2960 phase_ns=192048 hwphase_ns=32 trim_ppb=31 cfg=4 p_ns=3 d_ns=4 trim_mppb=31457 lk=1 (<crate> └─ <invalid location: defmt frame-index: 18>:0)
308.328689 [INFO ] PPSGEN count=300 interval_ns=1000002960 dev_ns=2960 phase_ns=186048 hwphase_ns=16 trim_ppb=31 cfg=4 p_ns=1 d_ns=-5 trim_mppb=31387 lk=1 (<crate> └─ <invalid location: defmt frame-index: 18>:0)
309.328713 [INFO ] PPSGEN count=301 interval_ns=1000002960 dev_ns=2960 phase_ns=201047 hwphase_ns=16 trim_ppb=31 cfg=4 p_ns=2 d_ns=2 trim_mppb=31231 lk=1 (<crate> └─ <invalid location: defmt frame-index: 18>:0)
310.328704 [INFO ] PPSGEN count=302 interval_ns=1000002960 dev_ns=2960 phase_ns=183048 hwphase_ns=32 trim_ppb=31 cfg=4 p_ns=3 d_ns=2 trim_mppb=31013 lk=1 (<crate> └─ <invalid location: defmt frame-index: 18>:0)
311.328713 [INFO ] PPSGEN count=303 interval_ns=1000002960 dev_ns=2960 phase_ns=206047 hwphase_ns=32 trim_ppb=30 cfg=4 p_ns=3 d_ns=0 trim_mppb=30803 lk=1 (<crate> └─ <invalid location: defmt frame-index: 18>:0)
312.328737 [INFO ] PPSGEN count=304 interval_ns=1000002960 dev_ns=2960 phase_ns=218047 hwphase_ns=16 trim_ppb=30 cfg=4 p_ns=1 d_ns=-3 trim_mppb=30702 lk=1 (<crate> └─ <invalid location: defmt frame-index: 18>:0)
313.328732 [INFO ] PPSGEN count=305 interval_ns=1000002960 dev_ns=2960 phase_ns=196047 hwphase_ns=32 trim_ppb=30 cfg=4 p_ns=4 d_ns=5 trim_mppb=30437 lk=1 (<crate> └─ <invalid location: defmt frame-index: 18>:0)
314.328725 [INFO ] PPSGEN count=306 interval_ns=1000002960 dev_ns=2960 phase_ns=198047 hwphase_ns=32 trim_ppb=30 cfg=4 p_ns=2 d_ns=-2 trim_mppb=30258 lk=1 (<crate> └─ <invalid location: defmt frame-index: 18>:0)
315.328709 [INFO ] PPSGEN count=307 interval_ns=1000002944 dev_ns=2944 phase_ns=179046 hwphase_ns=0 trim_ppb=30 cfg=4 p_ns=0 d_ns=-5 trim_mppb=30258 lk=1 (<crate> └─ <invalid location: defmt frame-index: 18>:0)
316.328727 [INFO ] PPSGEN count=308 interval_ns=1000002960 dev_ns=2960 phase_ns=205046 hwphase_ns=0 trim_ppb=30 cfg=4 p_ns=0 d_ns=1 trim_mppb=30219 lk=1 (<crate> └─ <invalid location: defmt frame-index: 18>:0)
317.328738 [INFO ] PPSGEN count=309 interval_ns=1000002960 dev_ns=2960 phase_ns=198046 hwphase_ns=0 trim_ppb=30 cfg=4 p_ns=0 d_ns=-1 trim_mppb=30226 lk=1 (<crate> └─ <invalid location: defmt frame-index: 18>:0)
318.328739 [INFO ] PPSGEN count=310 interval_ns=1000002960 dev_ns=2960 phase_ns=191045 hwphase_ns=0 trim_ppb=30 cfg=4 p_ns=0 d_ns=0 trim_mppb=30219 lk=1 (<crate> └─ <invalid location: defmt frame-index: 18>:0)
319.328736 [INFO ] PPSGEN count=311 interval_ns=1000002960 dev_ns=2960 phase_ns=197045 hwphase_ns=0 trim_ppb=30 cfg=4 p_ns=0 d_ns=0 trim_mppb=30219 lk=1 (<crate> └─ <invalid location: defmt frame-index: 18>:0)
320.328746 [INFO ] PPSGEN count=312 interval_ns=1000002960 dev_ns=2960 phase_ns=203045 hwphase_ns=0 trim_ppb=30 cfg=4 p_ns=0 d_ns=0 trim_mppb=30219 lk=1 (<crate> └─ <invalid location: defmt frame-index: 18>:0)
321.328746 [INFO ] PPSGEN count=313 interval_ns=1000002960 dev_ns=2960 phase_ns=201045 hwphase_ns=16 trim_ppb=30 cfg=4 p_ns=2 d_ns=4 trim_mppb=30094 lk=1 (<crate> └─ <invalid location: defmt frame-index: 18>:0)
322.328749 [INFO ] PPSGEN count=314 interval_ns=1000002960 dev_ns=2960 phase_ns=205045 hwphase_ns=16 trim_ppb=30 cfg=4 p_ns=1 d_ns=-1 trim_mppb=30016 lk=1 (<crate> └─ <invalid location: defmt frame-index: 18>:0)
323.328752 [INFO ] PPSGEN count=315 interval_ns=1000002960 dev_ns=2960 phase_ns=204045 hwphase_ns=0 trim_ppb=30 cfg=4 p_ns=0 d_ns=-2 trim_mppb=30016 lk=1 (<crate> └─ <invalid location: defmt frame-index: 18>:0)
324.328775 [INFO ] PPSGEN count=316 interval_ns=1000002976 dev_ns=2976 phase_ns=213044 hwphase_ns=16 trim_ppb=29 cfg=4 p_ns=2 d_ns=4 trim_mppb=29876 lk=1 (<crate> └─ <invalid location: defmt frame-index: 18>:0)
325.328768 [INFO ] PPSGEN count=317 interval_ns=1000002960 dev_ns=2960 phase_ns=197045 hwphase_ns=32 trim_ppb=29 cfg=4 p_ns=3 d_ns=2 trim_mppb=29673 lk=1 (<crate> └─ <invalid location: defmt frame-index: 18>:0)
326.328766 [INFO ] PPSGEN count=318 interval_ns=1000002960 dev_ns=2960 phase_ns=194045 hwphase_ns=32 trim_ppb=29 cfg=4 p_ns=3 d_ns=0 trim_mppb=29463 lk=1 (<crate> └─ <invalid location: defmt frame-index: 18>:0)
327.328776 [INFO ] PPSGEN count=319 interval_ns=1000002960 dev_ns=2960 phase_ns=206044 hwphase_ns=16 trim_ppb=29 cfg=4 p_ns=1 d_ns=-3 trim_mppb=29362 lk=1 (<crate> └─ <invalid location: defmt frame-index: 18>:0)
328.328785 [INFO ] PPSGEN count=320 interval_ns=1000002960 dev_ns=2960 phase_ns=207044 hwphase_ns=32 trim_ppb=29 cfg=4 p_ns=4 d_ns=5 trim_mppb=29097 lk=1 (<crate> └─ <invalid location: defmt frame-index: 18>:0)
329.328769 [INFO ] PPSGEN count=321 interval_ns=1000002960 dev_ns=2960 phase_ns=201044 hwphase_ns=32 trim_ppb=28 cfg=4 p_ns=2 d_ns=-2 trim_mppb=28918 lk=1 (<crate> └─ <invalid location: defmt frame-index: 18>:0)
330.328773 [INFO ] PPSGEN count=322 interval_ns=1000002944 dev_ns=2944 phase_ns=197045 hwphase_ns=32 trim_ppb=28 cfg=4 p_ns=4 d_ns=2 trim_mppb=28668 lk=1 (<crate> └─ <invalid location: defmt frame-index: 18>:0)
331.328778 [INFO ] PPSGEN count=323 interval_ns=1000002960 dev_ns=2960 phase_ns=204044 hwphase_ns=32 trim_ppb=28 cfg=4 p_ns=3 d_ns=-1 trim_mppb=28465 lk=1 (<crate> └─ <invalid location: defmt frame-index: 18>:0)
332.328791 [INFO ] PPSGEN count=324 interval_ns=1000002960 dev_ns=2960 phase_ns=205045 hwphase_ns=48 trim_ppb=28 cfg=4 p_ns=5 d_ns=5 trim_mppb=28106 lk=1 (<crate> └─ <invalid location: defmt frame-index: 18>:0)
333.328787 [INFO ] PPSGEN count=325 interval_ns=1000002960 dev_ns=2960 phase_ns=204045 hwphase_ns=64 trim_ppb=27 cfg=4 p_ns=6 d_ns=2 trim_mppb=27685 lk=1 (<crate> └─ <invalid location: defmt frame-index: 18>:0)
334.328790 [INFO ] PPSGEN count=326 interval_ns=1000002960 dev_ns=2960 phase_ns=207045 hwphase_ns=80 trim_ppb=27 cfg=4 p_ns=9 d_ns=4 trim_mppb=27123 lk=1 (<crate> └─ <invalid location: defmt frame-index: 18>:0)
335.328794 [INFO ] PPSGEN count=327 interval_ns=1000002944 dev_ns=2944 phase_ns=211046 hwphase_ns=80 trim_ppb=26 cfg=4 p_ns=8 d_ns=-1 trim_mppb=26600 lk=1 (<crate> └─ <invalid location: defmt frame-index: 18>:0)
336.328778 [INFO ] PPSGEN count=328 interval_ns=1000002960 dev_ns=2960 phase_ns=188046 hwphase_ns=96 trim_ppb=25 cfg=4 p_ns=11 d_ns=5 trim_mppb=25905 lk=1 (<crate> └─ <invalid location: defmt frame-index: 18>:0)
337.328802 [INFO ] PPSGEN count=329 interval_ns=1000002944 dev_ns=2944 phase_ns=202046 hwphase_ns=96 trim_ppb=25 cfg=4 p_ns=10 d_ns=-2 trim_mppb=25280 lk=1 (<crate> └─ <invalid location: defmt frame-index: 18>:0)
338.328800 [INFO ] PPSGEN count=330 interval_ns=1000002944 dev_ns=2944 phase_ns=201046 hwphase_ns=80 trim_ppb=24 cfg=4 p_ns=9 d_ns=-2 trim_mppb=24718 lk=1 (<crate> └─ <invalid location: defmt frame-index: 18>:0)
339.328819 [INFO ] PPSGEN count=331 interval_ns=1000002944 dev_ns=2944 phase_ns=210046 hwphase_ns=64 trim_ppb=24 cfg=4 p_ns=7 d_ns=-3 trim_mppb=24273 lk=1 (<crate> └─ <invalid location: defmt frame-index: 18>:0)
340.328819 [INFO ] PPSGEN count=332 interval_ns=1000002960 dev_ns=2960 phase_ns=201046 hwphase_ns=80 trim_ppb=23 cfg=4 p_ns=9 d_ns=4 trim_mppb=23680 lk=1 (<crate> └─ <invalid location: defmt frame-index: 18>:0)
341.328802 [INFO ] PPSGEN count=333 interval_ns=1000002960 dev_ns=2960 phase_ns=189091 hwphase_ns=64 trim_ppb=23 cfg=4 p_ns=6 d_ns=-6 trim_mppb=23282 lk=1 (<crate> └─ <invalid location: defmt frame-index: 18>:0)
342.328827 [INFO ] PPSGEN count=334 interval_ns=1000002944 dev_ns=2944 phase_ns=212045 hwphase_ns=48 trim_ppb=22 cfg=4 p_ns=6 d_ns=0 trim_mppb=22907 lk=1 (<crate> └─ <invalid location: defmt frame-index: 18>:0)
343.328810 [INFO ] PPSGEN count=335 interval_ns=1000002944 dev_ns=2944 phase_ns=184046 hwphase_ns=48 trim_ppb=22 cfg=4 p_ns=5 d_ns=-1 trim_mppb=22579 lk=1 (<crate> └─ <invalid location: defmt frame-index: 18>:0)
344.328793 [INFO ] PPSGEN count=336 interval_ns=1000002944 dev_ns=2944 phase_ns=168091 hwphase_ns=32 trim_ppb=22 cfg=4 p_ns=3 d_ns=-3 trim_mppb=22361 lk=1 (<crate> └─ <invalid location: defmt frame-index: 18>:0)
345.328833 [INFO ] PPSGEN count=337 interval_ns=1000002960 dev_ns=2960 phase_ns=211046 hwphase_ns=48 trim_ppb=21 cfg=4 p_ns=6 d_ns=5 trim_mppb=21986 lk=1 (<crate> └─ <invalid location: defmt frame-index: 18>:0)
346.328831 [INFO ] PPSGEN count=338 interval_ns=1000002944 dev_ns=2944 phase_ns=209046 hwphase_ns=48 trim_ppb=21 cfg=4 p_ns=4 d_ns=-2 trim_mppb=21697 lk=1 (<crate> └─ <invalid location: defmt frame-index: 18>:0)
347.328820 [INFO ] PPSGEN count=339 interval_ns=1000002944 dev_ns=2944 phase_ns=182046 hwphase_ns=32 trim_ppb=21 cfg=4 p_ns=3 d_ns=-1 trim_mppb=21463 lk=1 (<crate> └─ <invalid location: defmt frame-index: 18>:0)
348.328811 [INFO ] PPSGEN count=340 interval_ns=1000002960 dev_ns=2960 phase_ns=177091 hwphase_ns=16 trim_ppb=21 cfg=4 p_ns=1 d_ns=-4 trim_mppb=21354 lk=1 (<crate> └─ <invalid location: defmt frame-index: 18>:0)
349.328842 [INFO ] PPSGEN count=341 interval_ns=1000002944 dev_ns=2944 phase_ns=208045 hwphase_ns=0 trim_ppb=21 cfg=4 p_ns=0 d_ns=-2 trim_mppb=21331 lk=1 (<crate> └─ <invalid location: defmt frame-index: 18>:0)
350.328829 [INFO ] PPSGEN count=342 interval_ns=1000002960 dev_ns=2960 phase_ns=189045 hwphase_ns=0 trim_ppb=21 cfg=4 p_ns=0 d_ns=0 trim_mppb=21316 lk=1 (<crate> └─ <invalid location: defmt frame-index: 18>:0)
351.328844 [INFO ] PPSGEN count=343 interval_ns=1000002944 dev_ns=2944 phase_ns=205045 hwphase_ns=-16 trim_ppb=21 cfg=4 p_ns=-2 d_ns=-4 trim_mppb=21441 lk=1 (<crate> └─ <invalid location: defmt frame-index: 18>:0)
352.328841 [INFO ] PPSGEN count=344 interval_ns=1000002960 dev_ns=2960 phase_ns=195045 hwphase_ns=-16 trim_ppb=21 cfg=4 p_ns=-1 d_ns=1 trim_mppb=21519 lk=1 (<crate> └─ <invalid location: defmt frame-index: 18>:0)
353.328835 [INFO ] PPSGEN count=345 interval_ns=1000002944 dev_ns=2944 phase_ns=194045 hwphase_ns=-32 trim_ppb=21 cfg=4 p_ns=-4 d_ns=-5 trim_mppb=21769 lk=1 (<crate> └─ <invalid location: defmt frame-index: 18>:0)
354.328843 [INFO ] PPSGEN count=346 interval_ns=1000002960 dev_ns=2960 phase_ns=199044 hwphase_ns=-32 trim_ppb=21 cfg=4 p_ns=-2 d_ns=2 trim_mppb=21948 lk=1 (<crate> └─ <invalid location: defmt frame-index: 18>:0)
355.328845 [INFO ] PPSGEN count=347 interval_ns=1000002960 dev_ns=2960 phase_ns=188044 hwphase_ns=-32 trim_ppb=22 cfg=4 p_ns=-4 d_ns=-2 trim_mppb=22198 lk=1 (<crate> └─ <invalid location: defmt frame-index: 18>:0)
356.328850 [INFO ] PPSGEN count=348 interval_ns=1000002960 dev_ns=2960 phase_ns=202044 hwphase_ns=-48 trim_ppb=22 cfg=4 p_ns=-5 d_ns=-2 trim_mppb=22526 lk=1 (<crate> └─ <invalid location: defmt frame-index: 18>:0)
357.328860 [INFO ] PPSGEN count=349 interval_ns=1000002944 dev_ns=2944 phase_ns=197044 hwphase_ns=-64 trim_ppb=22 cfg=4 p_ns=-7 d_ns=-3 trim_mppb=22971 lk=1 (<crate> └─ <invalid location: defmt frame-index: 18>:0)
358.328862 [INFO ] PPSGEN count=350 interval_ns=1000002960 dev_ns=2960 phase_ns=198043 hwphase_ns=-64 trim_ppb=23 cfg=4 p_ns=-6 d_ns=0 trim_mppb=23392 lk=1 (<crate> └─ <invalid location: defmt frame-index: 18>:0)
359.328853 [INFO ] PPSGEN count=351 interval_ns=1000002960 dev_ns=2960 phase_ns=184043 hwphase_ns=-80 trim_ppb=23 cfg=4 p_ns=-9 d_ns=-5 trim_mppb=23970 lk=1 (<crate> └─ <invalid location: defmt frame-index: 18>:0)
360.328864 [INFO ] PPSGEN count=352 interval_ns=1000002960 dev_ns=2960 phase_ns=212043 hwphase_ns=-80 trim_ppb=24 cfg=4 p_ns=-8 d_ns=2 trim_mppb=24485 lk=1 (<crate> └─ <invalid location: defmt frame-index: 18>:0)
361.328883 [INFO ] PPSGEN count=353 interval_ns=1000002960 dev_ns=2960 phase_ns=199043 hwphase_ns=-80 trim_ppb=25 cfg=4 p_ns=-9 d_ns=-2 trim_mppb=25063 lk=1 (<crate> └─ <invalid location: defmt frame-index: 18>:0)
362.328885 [INFO ] PPSGEN count=354 interval_ns=1000002960 dev_ns=2960 phase_ns=212042 hwphase_ns=-96 trim_ppb=25 cfg=4 p_ns=-10 d_ns=-2 trim_mppb=25727 lk=1 (<crate> └─ <invalid location: defmt frame-index: 18>:0)
363.328844 [INFO ] PPSGEN count=355 interval_ns=1000002960 dev_ns=2960 phase_ns=181085 hwphase_ns=-80 trim_ppb=26 cfg=4 p_ns=-8 d_ns=4 trim_mppb=26258 lk=1 (<crate> └─ <invalid location: defmt frame-index: 18>:0)
364.328887 [INFO ] PPSGEN count=356 interval_ns=1000002976 dev_ns=2976 phase_ns=216042 hwphase_ns=-80 trim_ppb=26 cfg=4 p_ns=-9 d_ns=-2 trim_mppb=26851 lk=1 (<crate> └─ <invalid location: defmt frame-index: 18>:0)
365.328892 [INFO ] PPSGEN count=357 interval_ns=1000002960 dev_ns=2960 phase_ns=199042 hwphase_ns=-64 trim_ppb=27 cfg=4 p_ns=-6 d_ns=5 trim_mppb=27265 lk=1 (<crate> └─ <invalid location: defmt frame-index: 18>:0)
366.328874 [INFO ] PPSGEN count=358 interval_ns=1000002960 dev_ns=2960 phase_ns=190042 hwphase_ns=-64 trim_ppb=27 cfg=4 p_ns=-7 d_ns=-2 trim_mppb=27757 lk=1 (<crate> └─ <invalid location: defmt frame-index: 18>:0)
367.328908 [INFO ] PPSGEN count=359 interval_ns=1000002960 dev_ns=2960 phase_ns=220042 hwphase_ns=-64 trim_ppb=28 cfg=4 p_ns=-6 d_ns=2 trim_mppb=28186 lk=1 (<crate> └─ <invalid location: defmt frame-index: 18>:0)
368.328899 [INFO ] PPSGEN count=360 interval_ns=1000002976 dev_ns=2976 phase_ns=200043 hwphase_ns=-32 trim_ppb=28 cfg=4 p_ns=-3 d_ns=6 trim_mppb=28404 lk=1 (<crate> └─ <invalid location: defmt frame-index: 18>:0)
369.328881 [INFO ] PPSGEN count=361 interval_ns=1000002960 dev_ns=2960 phase_ns=189043 hwphase_ns=-32 trim_ppb=28 cfg=4 p_ns=-4 d_ns=-1 trim_mppb=28677 lk=1 (<crate> └─ <invalid location: defmt frame-index: 18>:0)
370.328900 [INFO ] PPSGEN count=362 interval_ns=1000002960 dev_ns=2960 phase_ns=203043 hwphase_ns=-16 trim_ppb=28 cfg=4 p_ns=-1 d_ns=6 trim_mppb=28762 lk=1 (<crate> └─ <invalid location: defmt frame-index: 18>:0)
371.328906 [INFO ] PPSGEN count=363 interval_ns=1000002960 dev_ns=2960 phase_ns=207043 hwphase_ns=-16 trim_ppb=28 cfg=4 p_ns=-2 d_ns=-2 trim_mppb=28926 lk=1 (<crate> └─ <invalid location: defmt frame-index: 18>:0)
372.328907 [INFO ] PPSGEN count=364 interval_ns=1000002960 dev_ns=2960 phase_ns=203043 hwphase_ns=-16 trim_ppb=29 cfg=4 p_ns=-1 d_ns=2 trim_mppb=29019 lk=1 (<crate> └─ <invalid location: defmt frame-index: 18>:0)
373.328914 [INFO ] PPSGEN count=365 interval_ns=1000002976 dev_ns=2976 phase_ns=199043 hwphase_ns=16 trim_ppb=28 cfg=4 p_ns=1 d_ns=6 trim_mppb=28902 lk=1 (<crate> └─ <invalid location: defmt frame-index: 18>:0)
374.328910 [INFO ] PPSGEN count=366 interval_ns=1000002960 dev_ns=2960 phase_ns=204043 hwphase_ns=16 trim_ppb=28 cfg=4 p_ns=1 d_ns=-1 trim_mppb=28832 lk=1 (<crate> └─ <invalid location: defmt frame-index: 18>:0)
375.328911 [INFO ] PPSGEN count=367 interval_ns=1000002960 dev_ns=2960 phase_ns=211086 hwphase_ns=16 trim_ppb=28 cfg=4 p_ns=2 d_ns=1 trim_mppb=28707 lk=1 (<crate> └─ <invalid location: defmt frame-index: 18>:0)
376.328922 [INFO ] PPSGEN count=368 interval_ns=1000002960 dev_ns=2960 phase_ns=205043 hwphase_ns=32 trim_ppb=28 cfg=4 p_ns=3 d_ns=3 trim_mppb=28481 lk=1 (<crate> └─ <invalid location: defmt frame-index: 18>:0)
377.328907 [INFO ] PPSGEN count=369 interval_ns=1000002960 dev_ns=2960 phase_ns=183044 hwphase_ns=48 trim_ppb=28 cfg=4 p_ns=5 d_ns=3 trim_mppb=28153 lk=1 (<crate> └─ <invalid location: defmt frame-index: 18>:0)
378.328933 [INFO ] PPSGEN count=370 interval_ns=1000002960 dev_ns=2960 phase_ns=211044 hwphase_ns=48 trim_ppb=27 cfg=4 p_ns=5 d_ns=0 trim_mppb=27841 lk=1 (<crate> └─ <invalid location: defmt frame-index: 18>:0)
379.328925 [INFO ] PPSGEN count=371 interval_ns=1000002960 dev_ns=2960 phase_ns=198044 hwphase_ns=64 trim_ppb=27 cfg=4 p_ns=7 d_ns=4 trim_mppb=27381 lk=1 (<crate> └─ <invalid location: defmt frame-index: 18>:0)
380.328938 [INFO ] PPSGEN count=372 interval_ns=1000002960 dev_ns=2960 phase_ns=214044 hwphase_ns=64 trim_ppb=26 cfg=4 p_ns=6 d_ns=-1 trim_mppb=26967 lk=1 (<crate> └─ <invalid location: defmt frame-index: 18>:0)
381.328939 [INFO ] PPSGEN count=373 interval_ns=1000002944 dev_ns=2944 phase_ns=201044 hwphase_ns=48 trim_ppb=26 cfg=4 p_ns=5 d_ns=-2 trim_mppb=26632 lk=1 (<crate> └─ <invalid location: defmt frame-index: 18>:0)
382.328932 [INFO ] PPSGEN count=374 interval_ns=1000002960 dev_ns=2960 phase_ns=191044 hwphase_ns=64 trim_ppb=26 cfg=4 p_ns=7 d_ns=4 trim_mppb=26156 lk=1 (<crate> └─ <invalid location: defmt frame-index: 18>:0)
383.328929 [INFO ] PPSGEN count=375 interval_ns=1000002960 dev_ns=2960 phase_ns=192044 hwphase_ns=64 trim_ppb=25 cfg=4 p_ns=6 d_ns=-2 trim_mppb=25742 lk=1 (<crate> └─ <invalid location: defmt frame-index: 18>:0)
384.328935 [INFO ] PPSGEN count=376 interval_ns=1000002944 dev_ns=2944 phase_ns=199044 hwphase_ns=48 trim_ppb=25 cfg=4 p_ns=5 d_ns=-2 trim_mppb=25399 lk=1 (<crate> └─ <invalid location: defmt frame-index: 18>:0)
385.328953 [INFO ] PPSGEN count=377 interval_ns=1000002960 dev_ns=2960 phase_ns=214044 hwphase_ns=64 trim_ppb=24 cfg=4 p_ns=7 d_ns=4 trim_mppb=24923 lk=1 (<crate> └─ <invalid location: defmt frame-index: 18>:0)
386.328954 [INFO ] PPSGEN count=378 interval_ns=1000002960 dev_ns=2960 phase_ns=211044 hwphase_ns=64 trim_ppb=24 cfg=4 p_ns=6 d_ns=-2 trim_mppb=24509 lk=1 (<crate> └─ <invalid location: defmt frame-index: 18>:0)
387.328953 [INFO ] PPSGEN count=379 interval_ns=1000002944 dev_ns=2944 phase_ns=202044 hwphase_ns=48 trim_ppb=24 cfg=4 p_ns=5 d_ns=-2 trim_mppb=24166 lk=1 (<crate> └─ <invalid location: defmt frame-index: 18>:0)
388.328940 [INFO ] PPSGEN count=380 interval_ns=1000002960 dev_ns=2960 phase_ns=192044 hwphase_ns=48 trim_ppb=23 cfg=4 p_ns=5 d_ns=0 trim_mppb=23815 lk=1 (<crate> └─ <invalid location: defmt frame-index: 18>:0)
389.328942 [INFO ] PPSGEN count=381 interval_ns=1000002960 dev_ns=2960 phase_ns=195044 hwphase_ns=48 trim_ppb=23 cfg=4 p_ns=5 d_ns=0 trim_mppb=23480 lk=1 (<crate> └─ <invalid location: defmt frame-index: 18>:0)
390.328957 [INFO ] PPSGEN count=382 interval_ns=1000002960 dev_ns=2960 phase_ns=195044 hwphase_ns=64 trim_ppb=23 cfg=4 p_ns=7 d_ns=4 trim_mppb=23020 lk=1 (<crate> └─ <invalid location: defmt frame-index: 18>:0)
391.328964 [INFO ] PPSGEN count=383 interval_ns=1000002944 dev_ns=2944 phase_ns=216044 hwphase_ns=48 trim_ppb=22 cfg=4 p_ns=4 d_ns=-5 trim_mppb=22731 lk=1 (<crate> └─ <invalid location: defmt frame-index: 18>:0)
392.328965 [INFO ] PPSGEN count=384 interval_ns=1000002960 dev_ns=2960 phase_ns=196044 hwphase_ns=48 trim_ppb=22 cfg=4 p_ns=6 d_ns=3 trim_mppb=22349 lk=1 (<crate> └─ <invalid location: defmt frame-index: 18>:0)
393.328961 [INFO ] PPSGEN count=385 interval_ns=1000002944 dev_ns=2944 phase_ns=200044 hwphase_ns=48 trim_ppb=22 cfg=4 p_ns=4 d_ns=-2 trim_mppb=22045 lk=1 (<crate> └─ <invalid location: defmt frame-index: 18>:0)
394.328969 [INFO ] PPSGEN count=386 interval_ns=1000002944 dev_ns=2944 phase_ns=200044 hwphase_ns=32 trim_ppb=21 cfg=4 p_ns=3 d_ns=-2 trim_mppb=21811 lk=1 (<crate> └─ <invalid location: defmt frame-index: 18>:0)
395.328961 [INFO ] PPSGEN count=387 interval_ns=1000002960 dev_ns=2960 phase_ns=188044 hwphase_ns=32 trim_ppb=21 cfg=4 p_ns=3 d_ns=0 trim_mppb=21569 lk=1 (<crate> └─ <invalid location: defmt frame-index: 18>:0)
396.328974 [INFO ] PPSGEN count=388 interval_ns=1000002960 dev_ns=2960 phase_ns=202044 hwphase_ns=48 trim_ppb=21 cfg=4 p_ns=5 d_ns=3 trim_mppb=21218 lk=1 (<crate> └─ <invalid location: defmt frame-index: 18>:0)
397.328975 [INFO ] PPSGEN count=389 interval_ns=1000002944 dev_ns=2944 phase_ns=200044 hwphase_ns=32 trim_ppb=21 cfg=4 p_ns=3 d_ns=-5 trim_mppb=21031 lk=1 (<crate> └─ <invalid location: defmt frame-index: 18>:0)
398.328976 [INFO ] PPSGEN count=390 interval_ns=1000002944 dev_ns=2944 phase_ns=200044 hwphase_ns=16 trim_ppb=20 cfg=4 p_ns=2 d_ns=-1 trim_mppb=20891 lk=1 (<crate> └─ <invalid location: defmt frame-index: 18>:0)
399.328980 [INFO ] PPSGEN count=391 interval_ns=1000002960 dev_ns=2960 phase_ns=197044 hwphase_ns=16 trim_ppb=20 cfg=4 p_ns=1 d_ns=0 trim_mppb=20774 lk=1 (<crate> └─ <invalid location: defmt frame-index: 18>:0)
400.328980 [INFO ] PPSGEN count=392 interval_ns=1000002944 dev_ns=2944 phase_ns=194044 hwphase_ns=0 trim_ppb=20 cfg=4 p_ns=0 d_ns=-4 trim_mppb=20781 lk=1 (<crate> └─ <invalid location: defmt frame-index: 18>:0)
401.328999 [INFO ] PPSGEN count=393 interval_ns=1000002960 dev_ns=2960 phase_ns=206044 hwphase_ns=0 trim_ppb=20 cfg=4 p_ns=0 d_ns=1 trim_mppb=20750 lk=1 (<crate> └─ <invalid location: defmt frame-index: 18>:0)
402.328991 [INFO ] PPSGEN count=394 interval_ns=1000002960 dev_ns=2960 phase_ns=195044 hwphase_ns=0 trim_ppb=20 cfg=4 p_ns=0 d_ns=-1 trim_mppb=20757 lk=1 (<crate> └─ <invalid location: defmt frame-index: 18>:0)
403.329005 [INFO ] PPSGEN count=395 interval_ns=1000002944 dev_ns=2944 phase_ns=205043 hwphase_ns=-16 trim_ppb=20 cfg=4 p_ns=-1 d_ns=-3 trim_mppb=20874 lk=1 (<crate> └─ <invalid location: defmt frame-index: 18>:0)
404.328993 [INFO ] PPSGEN count=396 interval_ns=1000002960 dev_ns=2960 phase_ns=197044 hwphase_ns=0 trim_ppb=20 cfg=4 p_ns=0 d_ns=4 trim_mppb=20843 lk=1 (<crate> └─ <invalid location: defmt frame-index: 18>:0)
405.328992 [INFO ] PPSGEN count=397 interval_ns=1000002944 dev_ns=2944 phase_ns=205043 hwphase_ns=-32 trim_ppb=21 cfg=4 p_ns=-4 d_ns=-10 trim_mppb=21124 lk=1 (<crate> └─ <invalid location: defmt frame-index: 18>:0)
406.329000 [INFO ] PPSGEN count=398 interval_ns=1000002960 dev_ns=2960 phase_ns=197044 hwphase_ns=-16 trim_ppb=21 cfg=4 p_ns=0 d_ns=8 trim_mppb=21139 lk=1 (<crate> └─ <invalid location: defmt frame-index: 18>:0)
407.329001 [INFO ] PPSGEN count=399 interval_ns=1000002960 dev_ns=2960 phase_ns=199043 hwphase_ns=-32 trim_ppb=21 cfg=4 p_ns=-5 d_ns=-9 trim_mppb=21451 lk=1 (<crate> └─ <invalid location: defmt frame-index: 18>:0)
408.329014 [INFO ] PPSGEN count=400 interval_ns=1000002944 dev_ns=2944 phase_ns=192043 hwphase_ns=-32 trim_ppb=21 cfg=4 p_ns=-2 d_ns=5 trim_mppb=21591 lk=1 (<crate> └─ <invalid location: defmt frame-index: 18>:0)
409.329022 [INFO ] PPSGEN count=401 interval_ns=1000002960 dev_ns=2960 phase_ns=209043 hwphase_ns=-32 trim_ppb=21 cfg=4 p_ns=-4 d_ns=-4 trim_mppb=21864 lk=1 (<crate> └─ <invalid location: defmt frame-index: 18>:0)
410.329013 [INFO ] PPSGEN count=402 interval_ns=1000002960 dev_ns=2960 phase_ns=196043 hwphase_ns=-32 trim_ppb=22 cfg=4 p_ns=-3 d_ns=2 trim_mppb=22051 lk=1 (<crate> └─ <invalid location: defmt frame-index: 18>:0)
411.329010 [INFO ] PPSGEN count=403 interval_ns=1000002960 dev_ns=2960 phase_ns=194043 hwphase_ns=-32 trim_ppb=22 cfg=4 p_ns=-3 d_ns=-1 trim_mppb=22293 lk=1 (<crate> └─ <invalid location: defmt frame-index: 18>:0)
412.329008 [INFO ] PPSGEN count=404 interval_ns=1000002944 dev_ns=2944 phase_ns=191044 hwphase_ns=-32 trim_ppb=22 cfg=4 p_ns=-3 d_ns=0 trim_mppb=22511 lk=1 (<crate> └─ <invalid location: defmt frame-index: 18>:0)
413.329025 [INFO ] PPSGEN count=405 interval_ns=1000002960 dev_ns=2960 phase_ns=199043 hwphase_ns=-32 trim_ppb=22 cfg=4 p_ns=-3 d_ns=0 trim_mppb=22737 lk=1 (<crate> └─ <invalid location: defmt frame-index: 18>:0)
414.329023 [INFO ] PPSGEN count=406 interval_ns=1000002944 dev_ns=2944 phase_ns=193043 hwphase_ns=-48 trim_ppb=23 cfg=4 p_ns=-5 d_ns=-4 trim_mppb=23088 lk=1 (<crate> └─ <invalid location: defmt frame-index: 18>:0)
415.329043 [INFO ] PPSGEN count=407 interval_ns=1000002960 dev_ns=2960 phase_ns=212044 hwphase_ns=-32 trim_ppb=23 cfg=4 p_ns=-2 d_ns=5 trim_mppb=23267 lk=1 (<crate> └─ <invalid location: defmt frame-index: 18>:0)
416.329030 [INFO ] PPSGEN count=408 interval_ns=1000002960 dev_ns=2960 phase_ns=193044 hwphase_ns=-32 trim_ppb=23 cfg=4 p_ns=-4 d_ns=-3 trim_mppb=23540 lk=1 (<crate> └─ <invalid location: defmt frame-index: 18>:0)
417.329027 [INFO ] PPSGEN count=409 interval_ns=1000002960 dev_ns=2960 phase_ns=197043 hwphase_ns=-32 trim_ppb=23 cfg=4 p_ns=-3 d_ns=2 trim_mppb=23735 lk=1 (<crate> └─ <invalid location: defmt frame-index: 18>:0)
418.329036 [INFO ] PPSGEN count=410 interval_ns=1000002960 dev_ns=2960 phase_ns=188043 hwphase_ns=-32 trim_ppb=23 cfg=4 p_ns=-3 d_ns=-1 trim_mppb=23977 lk=1 (<crate> └─ <invalid location: defmt frame-index: 18>:0)
419.329030 [INFO ] PPSGEN count=411 interval_ns=1000002960 dev_ns=2960 phase_ns=187044 hwphase_ns=-16 trim_ppb=24 cfg=4 p_ns=-1 d_ns=4 trim_mppb=24070 lk=1 (<crate> └─ <invalid location: defmt frame-index: 18>:0)
420.329035 [INFO ] PPSGEN count=412 interval_ns=1000002944 dev_ns=2944 phase_ns=195044 hwphase_ns=-16 trim_ppb=24 cfg=4 p_ns=-2 d_ns=-1 trim_mppb=24218 lk=1 (<crate> └─ <invalid location: defmt frame-index: 18>:0)
421.329046 [INFO ] PPSGEN count=413 interval_ns=1000002960 dev_ns=2960 phase_ns=200043 hwphase_ns=-32 trim_ppb=24 cfg=4 p_ns=-3 d_ns=-2 trim_mppb=24444 lk=1 (<crate> └─ <invalid location: defmt frame-index: 18>:0)
422.329041 [INFO ] PPSGEN count=414 interval_ns=1000002960 dev_ns=2960 phase_ns=195044 hwphase_ns=-16 trim_ppb=24 cfg=4 p_ns=-1 d_ns=4 trim_mppb=24529 lk=1 (<crate> └─ <invalid location: defmt frame-index: 18>:0)
423.329040 [INFO ] PPSGEN count=415 interval_ns=1000002960 dev_ns=2960 phase_ns=185044 hwphase_ns=-16 trim_ppb=24 cfg=4 p_ns=-2 d_ns=-2 trim_mppb=24677 lk=1 (<crate> └─ <invalid location: defmt frame-index: 18>:0)
424.329070 [INFO ] PPSGEN count=416 interval_ns=1000002944 dev_ns=2944 phase_ns=214044 hwphase_ns=-16 trim_ppb=24 cfg=4 p_ns=-1 d_ns=1 trim_mppb=24770 lk=1 (<crate> └─ <invalid location: defmt frame-index: 18>:0)
425.329064 [INFO ] PPSGEN count=417 interval_ns=1000002960 dev_ns=2960 phase_ns=205043 hwphase_ns=-32 trim_ppb=25 cfg=4 p_ns=-4 d_ns=-5 trim_mppb=25020 lk=1 (<crate> └─ <invalid location: defmt frame-index: 18>:0)
426.329076 [INFO ] PPSGEN count=418 interval_ns=1000002960 dev_ns=2960 phase_ns=214044 hwphase_ns=-16 trim_ppb=25 cfg=4 p_ns=0 d_ns=6 trim_mppb=25074 lk=1 (<crate> └─ <invalid location: defmt frame-index: 18>:0)
427.329067 [INFO ] PPSGEN count=419 interval_ns=1000002960 dev_ns=2960 phase_ns=204044 hwphase_ns=0 trim_ppb=25 cfg=4 p_ns=0 d_ns=0 trim_mppb=25120 lk=1 (<crate> └─ <invalid location: defmt frame-index: 18>:0)
428.329077 [INFO ] PPSGEN count=420 interval_ns=1000002960 dev_ns=2960 phase_ns=209044 hwphase_ns=-16 trim_ppb=25 cfg=4 p_ns=-2 d_ns=-2 trim_mppb=25245 lk=1 (<crate> └─ <invalid location: defmt frame-index: 18>:0)
429.329067 [INFO ] PPSGEN count=421 interval_ns=1000002960 dev_ns=2960 phase_ns=187044 hwphase_ns=0 trim_ppb=25 cfg=4 p_ns=0 d_ns=5 trim_mppb=25214 lk=1 (<crate> └─ <invalid location: defmt frame-index: 18>:0)
430.329098 [INFO ] PPSGEN count=422 interval_ns=1000002960 dev_ns=2960 phase_ns=223043 hwphase_ns=-16 trim_ppb=25 cfg=4 p_ns=-2 d_ns=-6 trim_mppb=25378 lk=1 (<crate> └─ <invalid location: defmt frame-index: 18>:0)
431.329084 [INFO ] PPSGEN count=423 interval_ns=1000002960 dev_ns=2960 phase_ns=196043 hwphase_ns=-16 trim_ppb=25 cfg=4 p_ns=-1 d_ns=3 trim_mppb=25440 lk=1 (<crate> └─ <invalid location: defmt frame-index: 18>:0)
432.329077 [INFO ] PPSGEN count=424 interval_ns=1000002960 dev_ns=2960 phase_ns=191043 hwphase_ns=-16 trim_ppb=25 cfg=4 p_ns=-2 d_ns=-2 trim_mppb=25580 lk=1 (<crate> └─ <invalid location: defmt frame-index: 18>:0)
433.329086 [INFO ] PPSGEN count=425 interval_ns=1000002960 dev_ns=2960 phase_ns=198043 hwphase_ns=-16 trim_ppb=25 cfg=4 p_ns=-1 d_ns=1 trim_mppb=25673 lk=1 (<crate> └─ <invalid location: defmt frame-index: 18>:0)
434.329094 [INFO ] PPSGEN count=426 interval_ns=1000002960 dev_ns=2960 phase_ns=203043 hwphase_ns=-16 trim_ppb=25 cfg=4 p_ns=-2 d_ns=-1 trim_mppb=25798 lk=1 (<crate> └─ <invalid location: defmt frame-index: 18>:0)
435.329093 [INFO ] PPSGEN count=427 interval_ns=1000002960 dev_ns=2960 phase_ns=192043 hwphase_ns=-16 trim_ppb=25 cfg=4 p_ns=-1 d_ns=0 trim_mppb=25899 lk=1 (<crate> └─ <invalid location: defmt frame-index: 18>:0)
436.329094 [INFO ] PPSGEN count=428 interval_ns=1000002960 dev_ns=2960 phase_ns=199043 hwphase_ns=-16 trim_ppb=26 cfg=4 p_ns=-1 d_ns=0 trim_mppb=26016 lk=1 (<crate> └─ <invalid location: defmt frame-index: 18>:0)
437.329107 [INFO ] PPSGEN count=429 interval_ns=1000002960 dev_ns=2960 phase_ns=203043 hwphase_ns=-16 trim_ppb=26 cfg=4 p_ns=-1 d_ns=0 trim_mppb=26133 lk=1 (<crate> └─ <invalid location: defmt frame-index: 18>:0)
438.329093 [INFO ] PPSGEN count=430 interval_ns=1000002960 dev_ns=2960 phase_ns=193043 hwphase_ns=-16 trim_ppb=26 cfg=4 p_ns=-1 d_ns=0 trim_mppb=26250 lk=1 (<crate> └─ <invalid location: defmt frame-index: 18>:0)
439.329098 [INFO ] PPSGEN count=431 interval_ns=1000002944 dev_ns=2944 phase_ns=196043 hwphase_ns=-32 trim_ppb=26 cfg=4 p_ns=-3 d_ns=-4 trim_mppb=26492 lk=1 (<crate> └─ <invalid location: defmt frame-index: 18>:0)
440.329108 [INFO ] PPSGEN count=432 interval_ns=1000002960 dev_ns=2960 phase_ns=208042 hwphase_ns=-32 trim_ppb=26 cfg=4 p_ns=-3 d_ns=1 trim_mppb=26687 lk=1 (<crate> └─ <invalid location: defmt frame-index: 18>:0)
441.329109 [INFO ] PPSGEN count=433 interval_ns=1000002960 dev_ns=2960 phase_ns=191043 hwphase_ns=-16 trim_ppb=26 cfg=4 p_ns=-1 d_ns=2 trim_mppb=26796 lk=1 (<crate> └─ <invalid location: defmt frame-index: 18>:0)
442.329109 [INFO ] PPSGEN count=434 interval_ns=1000002960 dev_ns=2960 phase_ns=199042 hwphase_ns=-32 trim_ppb=27 cfg=4 p_ns=-4 d_ns=-4 trim_mppb=27053 lk=1 (<crate> └─ <invalid location: defmt frame-index: 18>:0)
443.329122 [INFO ] PPSGEN count=435 interval_ns=1000002960 dev_ns=2960 phase_ns=197042 hwphase_ns=-32 trim_ppb=27 cfg=4 p_ns=-3 d_ns=2 trim_mppb=27240 lk=1 (<crate> └─ <invalid location: defmt frame-index: 18>:0)
444.329120 [INFO ] PPSGEN count=436 interval_ns=1000002976 dev_ns=2976 phase_ns=207042 hwphase_ns=-16 trim_ppb=27 cfg=4 p_ns=-1 d_ns=2 trim_mppb=27357 lk=1 (<crate> └─ <invalid location: defmt frame-index: 18>:0)
445.329112 [INFO ] PPSGEN count=437 interval_ns=1000002960 dev_ns=2960 phase_ns=191042 hwphase_ns=-16 trim_ppb=27 cfg=4 p_ns=-2 d_ns=0 trim_mppb=27489 lk=1 (<crate> └─ <invalid location: defmt frame-index: 18>:0)
446.329111 [INFO ] PPSGEN count=438 interval_ns=1000002960 dev_ns=2960 phase_ns=191042 hwphase_ns=-16 trim_ppb=27 cfg=4 p_ns=-1 d_ns=0 trim_mppb=27598 lk=1 (<crate> └─ <invalid location: defmt frame-index: 18>:0)
447.329140 [INFO ] PPSGEN count=439 interval_ns=1000002960 dev_ns=2960 phase_ns=208042 hwphase_ns=-16 trim_ppb=27 cfg=4 p_ns=-1 d_ns=0 trim_mppb=27715 lk=1 (<crate> └─ <invalid location: defmt frame-index: 18>:0)
448.329137 [INFO ] PPSGEN count=440 interval_ns=1000002960 dev_ns=2960 phase_ns=200042 hwphase_ns=-16 trim_ppb=27 cfg=4 p_ns=-1 d_ns=0 trim_mppb=27832 lk=1 (<crate> └─ <invalid location: defmt frame-index: 18>:0)
449.329138 [INFO ] PPSGEN count=441 interval_ns=1000002960 dev_ns=2960 phase_ns=201042 hwphase_ns=-16 trim_ppb=27 cfg=4 p_ns=-1 d_ns=0 trim_mppb=27949 lk=1 (<crate> └─ <invalid location: defmt frame-index: 18>:0)
450.329135 [INFO ] PPSGEN count=442 interval_ns=1000002976 dev_ns=2976 phase_ns=203042 hwphase_ns=0 trim_ppb=27 cfg=4 p_ns=0 d_ns=4 trim_mppb=27942 lk=1 (<crate> └─ <invalid location: defmt frame-index: 18>:0)
451.329139 [INFO ] PPSGEN count=443 interval_ns=1000002960 dev_ns=2960 phase_ns=199042 hwphase_ns=0 trim_ppb=27 cfg=4 p_ns=0 d_ns=-1 trim_mppb=27973 lk=1 (<crate> └─ <invalid location: defmt frame-index: 18>:0)
452.329143 [INFO ] PPSGEN count=444 interval_ns=1000002960 dev_ns=2960 phase_ns=195041 hwphase_ns=-16 trim_ppb=28 cfg=4 p_ns=-1 d_ns=-2 trim_mppb=28090 lk=1 (<crate> └─ <invalid location: defmt frame-index: 18>:0)
453.329142 [INFO ] PPSGEN count=445 interval_ns=1000002960 dev_ns=2960 phase_ns=205041 hwphase_ns=-16 trim_ppb=28 cfg=4 p_ns=-1 d_ns=0 trim_mppb=28191 lk=1 (<crate> └─ <invalid location: defmt frame-index: 18>:0)
454.329139 [INFO ] PPSGEN count=446 interval_ns=1000002960 dev_ns=2960 phase_ns=199041 hwphase_ns=-16 trim_ppb=28 cfg=4 p_ns=-1 d_ns=0 trim_mppb=28308 lk=1 (<crate> └─ <invalid location: defmt frame-index: 18>:0)
455.329154 [INFO ] PPSGEN count=447 interval_ns=1000002960 dev_ns=2960 phase_ns=203041 hwphase_ns=-16 trim_ppb=28 cfg=4 p_ns=-1 d_ns=0 trim_mppb=28425 lk=1 (<crate> └─ <invalid location: defmt frame-index: 18>:0)
456.329150 [INFO ] PPSGEN count=448 interval_ns=1000002960 dev_ns=2960 phase_ns=209041 hwphase_ns=0 trim_ppb=28 cfg=4 p_ns=0 d_ns=4 trim_mppb=28418 lk=1 (<crate> └─ <invalid location: defmt frame-index: 18>:0)
457.329162 [INFO ] PPSGEN count=449 interval_ns=1000002976 dev_ns=2976 phase_ns=206041 hwphase_ns=16 trim_ppb=28 cfg=4 p_ns=1 d_ns=2 trim_mppb=28325 lk=1 (<crate> └─ <invalid location: defmt frame-index: 18>:0)
458.329156 [INFO ] PPSGEN count=450 interval_ns=1000002960 dev_ns=2960 phase_ns=190041 hwphase_ns=16 trim_ppb=28 cfg=4 p_ns=1 d_ns=0 trim_mppb=28224 lk=1 (<crate> └─ <invalid location: defmt frame-index: 18>:0)
459.329162 [INFO ] PPSGEN count=451 interval_ns=1000002960 dev_ns=2960 phase_ns=201042 hwphase_ns=32 trim_ppb=27 cfg=4 p_ns=3 d_ns=4 trim_mppb=27982 lk=1 (<crate> └─ <invalid location: defmt frame-index: 18>:0)
460.329161 [INFO ] PPSGEN count=452 interval_ns=1000002960 dev_ns=2960 phase_ns=197042 hwphase_ns=32 trim_ppb=27 cfg=4 p_ns=3 d_ns=-1 trim_mppb=27787 lk=1 (<crate> └─ <invalid location: defmt frame-index: 18>:0)
461.329163 [INFO ] PPSGEN count=453 interval_ns=1000002960 dev_ns=2960 phase_ns=193042 hwphase_ns=32 trim_ppb=27 cfg=4 p_ns=3 d_ns=1 trim_mppb=27553 lk=1 (<crate> └─ <invalid location: defmt frame-index: 18>:0)
462.329174 [INFO ] PPSGEN count=454 interval_ns=1000002960 dev_ns=2960 phase_ns=198042 hwphase_ns=48 trim_ppb=27 cfg=4 p_ns=5 d_ns=3 trim_mppb=27210 lk=1 (<crate> └─ <invalid location: defmt frame-index: 18>:0)
463.329171 [INFO ] PPSGEN count=455 interval_ns=1000002976 dev_ns=2976 phase_ns=198043 hwphase_ns=80 trim_ppb=26 cfg=4 p_ns=9 d_ns=7 trim_mppb=26648 lk=1 (<crate> └─ <invalid location: defmt frame-index: 18>:0)
464.329177 [INFO ] PPSGEN count=456 interval_ns=1000002944 dev_ns=2944 phase_ns=204042 hwphase_ns=64 trim_ppb=26 cfg=4 p_ns=6 d_ns=-6 trim_mppb=26273 lk=1 (<crate> └─ <invalid location: defmt frame-index: 18>:0)
465.329187 [INFO ] PPSGEN count=457 interval_ns=1000002944 dev_ns=2944 phase_ns=202043 hwphase_ns=64 trim_ppb=25 cfg=4 p_ns=8 d_ns=4 trim_mppb=25773 lk=1 (<crate> └─ <invalid location: defmt frame-index: 18>:0)
466.329184 [INFO ] PPSGEN count=458 interval_ns=1000002960 dev_ns=2960 phase_ns=204043 hwphase_ns=80 trim_ppb=25 cfg=4 p_ns=8 d_ns=1 trim_mppb=25242 lk=1 (<crate> └─ <invalid location: defmt frame-index: 18>:0)
467.329191 [INFO ] PPSGEN count=459 interval_ns=1000002944 dev_ns=2944 phase_ns=207043 hwphase_ns=48 trim_ppb=24 cfg=4 p_ns=4 d_ns=-7 trim_mppb=24938 lk=1 (<crate> └─ <invalid location: defmt frame-index: 18>:0)
468.329186 [INFO ] PPSGEN count=460 interval_ns=1000002960 dev_ns=2960 phase_ns=194043 hwphase_ns=48 trim_ppb=24 cfg=4 p_ns=6 d_ns=3 trim_mppb=24540 lk=1 (<crate> └─ <invalid location: defmt frame-index: 18>:0)
469.329185 [INFO ] PPSGEN count=461 interval_ns=1000002960 dev_ns=2960 phase_ns=200043 hwphase_ns=64 trim_ppb=24 cfg=4 p_ns=6 d_ns=1 trim_mppb=24111 lk=1 (<crate> └─ <invalid location: defmt frame-index: 18>:0)
470.329203 [INFO ] PPSGEN count=462 interval_ns=1000002944 dev_ns=2944 phase_ns=204043 hwphase_ns=48 trim_ppb=23 cfg=4 p_ns=5 d_ns=-3 trim_mppb=23791 lk=1 (<crate> └─ <invalid location: defmt frame-index: 18>:0)
471.329199 [INFO ] PPSGEN count=463 interval_ns=1000002960 dev_ns=2960 phase_ns=204043 hwphase_ns=48 trim_ppb=23 cfg=4 p_ns=5 d_ns=1 trim_mppb=23432 lk=1 (<crate> └─ <invalid location: defmt frame-index: 18>:0)
472.329196 [INFO ] PPSGEN count=464 interval_ns=1000002960 dev_ns=2960 phase_ns=191043 hwphase_ns=48 trim_ppb=23 cfg=4 p_ns=5 d_ns=-1 trim_mppb=23104 lk=1 (<crate> └─ <invalid location: defmt frame-index: 18>:0)
473.329203 [INFO ] PPSGEN count=465 interval_ns=1000002944 dev_ns=2944 phase_ns=191043 hwphase_ns=32 trim_ppb=22 cfg=4 p_ns=3 d_ns=-3 trim_mppb=22886 lk=1 (<crate> └─ <invalid location: defmt frame-index: 18>:0)
474.329212 [INFO ] PPSGEN count=466 interval_ns=1000002960 dev_ns=2960 phase_ns=197043 hwphase_ns=48 trim_ppb=22 cfg=4 p_ns=6 d_ns=5 trim_mppb=22511 lk=1 (<crate> └─ <invalid location: defmt frame-index: 18>:0)
475.329211 [INFO ] PPSGEN count=467 interval_ns=1000002960 dev_ns=2960 phase_ns=200043 hwphase_ns=48 trim_ppb=22 cfg=4 p_ns=4 d_ns=-2 trim_mppb=22222 lk=1 (<crate> └─ <invalid location: defmt frame-index: 18>:0)
476.329210 [INFO ] PPSGEN count=468 interval_ns=1000002944 dev_ns=2944 phase_ns=190043 hwphase_ns=48 trim_ppb=21 cfg=4 p_ns=5 d_ns=2 trim_mppb=21863 lk=1 (<crate> └─ <invalid location: defmt frame-index: 18>:0)
477.329206 [INFO ] PPSGEN count=469 interval_ns=1000002960 dev_ns=2960 phase_ns=190044 hwphase_ns=64 trim_ppb=21 cfg=4 p_ns=7 d_ns=2 trim_mppb=21418 lk=1 (<crate> └─ <invalid location: defmt frame-index: 18>:0)
478.329222 [INFO ] PPSGEN count=470 interval_ns=1000002960 dev_ns=2960 phase_ns=204044 hwphase_ns=64 trim_ppb=20 cfg=4 p_ns=6 d_ns=0 trim_mppb=20989 lk=1 (<crate> └─ <invalid location: defmt frame-index: 18>:0)
479.329216 [INFO ] PPSGEN count=471 interval_ns=1000002944 dev_ns=2944 phase_ns=192044 hwphase_ns=64 trim_ppb=20 cfg=4 p_ns=7 d_ns=0 trim_mppb=20536 lk=1 (<crate> └─ <invalid location: defmt frame-index: 18>:0)
480.329219 [INFO ] PPSGEN count=472 interval_ns=1000002944 dev_ns=2944 phase_ns=209045 hwphase_ns=80 trim_ppb=19 cfg=4 p_ns=9 d_ns=3 trim_mppb=19966 lk=1 (<crate> └─ <invalid location: defmt frame-index: 18>:0)
481.329228 [INFO ] PPSGEN count=473 interval_ns=1000002944 dev_ns=2944 phase_ns=194045 hwphase_ns=64 trim_ppb=19 cfg=4 p_ns=6 d_ns=-5 trim_mppb=19560 lk=1 (<crate> └─ <invalid location: defmt frame-index: 18>:0)
482.329245 [INFO ] PPSGEN count=474 interval_ns=1000002944 dev_ns=2944 phase_ns=201045 hwphase_ns=64 trim_ppb=19 cfg=4 p_ns=7 d_ns=2 trim_mppb=19068 lk=1 (<crate> └─ <invalid location: defmt frame-index: 18>:0)
483.329222 [INFO ] PPSGEN count=475 interval_ns=1000002960 dev_ns=2960 phase_ns=193045 hwphase_ns=80 trim_ppb=18 cfg=4 p_ns=8 d_ns=2 trim_mppb=18514 lk=1 (<crate> └─ <invalid location: defmt frame-index: 18>:0)
484.329229 [INFO ] PPSGEN count=476 interval_ns=1000002928 dev_ns=2928 phase_ns=194046 hwphase_ns=64 trim_ppb=18 cfg=4 p_ns=6 d_ns=-4 trim_mppb=18093 lk=1 (<crate> └─ <invalid location: defmt frame-index: 18>:0)
485.329246 [INFO ] PPSGEN count=477 interval_ns=1000002944 dev_ns=2944 phase_ns=204046 hwphase_ns=64 trim_ppb=17 cfg=4 p_ns=7 d_ns=2 trim_mppb=17609 lk=1 (<crate> └─ <invalid location: defmt frame-index: 18>:0)
486.329242 [INFO ] PPSGEN count=478 interval_ns=1000002960 dev_ns=2960 phase_ns=204046 hwphase_ns=80 trim_ppb=17 cfg=4 p_ns=8 d_ns=2 trim_mppb=17055 lk=1 (<crate> └─ <invalid location: defmt frame-index: 18>:0)
487.329243 [INFO ] PPSGEN count=479 interval_ns=1000002928 dev_ns=2928 phase_ns=200047 hwphase_ns=64 trim_ppb=16 cfg=4 p_ns=6 d_ns=-4 trim_mppb=16634 lk=1 (<crate> └─ <invalid location: defmt frame-index: 18>:0)
488.329245 [INFO ] PPSGEN count=480 interval_ns=1000002944 dev_ns=2944 phase_ns=199047 hwphase_ns=80 trim_ppb=16 cfg=4 p_ns=9 d_ns=6 trim_mppb=16025 lk=1 (<crate> └─ <invalid location: defmt frame-index: 18>:0)
489.329255 [INFO ] PPSGEN count=481 interval_ns=1000002944 dev_ns=2944 phase_ns=202048 hwphase_ns=80 trim_ppb=15 cfg=4 p_ns=8 d_ns=-3 trim_mppb=15518 lk=1 (<crate> └─ <invalid location: defmt frame-index: 18>:0)
490.329247 [INFO ] PPSGEN count=482 interval_ns=1000002928 dev_ns=2928 phase_ns=202048 hwphase_ns=64 trim_ppb=15 cfg=4 p_ns=7 d_ns=-1 trim_mppb=15058 lk=1 (<crate> └─ <invalid location: defmt frame-index: 18>:0)
491.329262 [INFO ] PPSGEN count=483 interval_ns=1000002944 dev_ns=2944 phase_ns=203048 hwphase_ns=48 trim_ppb=14 cfg=4 p_ns=5 d_ns=-4 trim_mppb=14730 lk=1 (<crate> └─ <invalid location: defmt frame-index: 18>:0)
492.329255 [INFO ] PPSGEN count=484 interval_ns=1000002944 dev_ns=2944 phase_ns=187048 hwphase_ns=48 trim_ppb=14 cfg=4 p_ns=5 d_ns=1 trim_mppb=14363 lk=1 (<crate> └─ <invalid location: defmt frame-index: 18>:0)
493.329268 [INFO ] PPSGEN count=485 interval_ns=1000002944 dev_ns=2944 phase_ns=206048 hwphase_ns=48 trim_ppb=14 cfg=4 p_ns=5 d_ns=-1 trim_mppb=14035 lk=1 (<crate> └─ <invalid location: defmt frame-index: 18>:0)
494.329260 [INFO ] PPSGEN count=486 interval_ns=1000002944 dev_ns=2944 phase_ns=196049 hwphase_ns=48 trim_ppb=13 cfg=4 p_ns=5 d_ns=0 trim_mppb=13692 lk=1 (<crate> └─ <invalid location: defmt frame-index: 18>:0)
495.329282 [INFO ] PPSGEN count=487 interval_ns=1000002944 dev_ns=2944 phase_ns=203049 hwphase_ns=64 trim_ppb=13 cfg=4 p_ns=7 d_ns=3 trim_mppb=13232 lk=1 (<crate> └─ <invalid location: defmt frame-index: 18>:0)
496.329265 [INFO ] PPSGEN count=488 interval_ns=1000002944 dev_ns=2944 phase_ns=191049 hwphase_ns=64 trim_ppb=12 cfg=4 p_ns=6 d_ns=-1 trim_mppb=12811 lk=1 (<crate> └─ <invalid location: defmt frame-index: 18>:0)
497.329285 [INFO ] PPSGEN count=489 interval_ns=1000002928 dev_ns=2928 phase_ns=216050 hwphase_ns=48 trim_ppb=12 cfg=4 p_ns=5 d_ns=-2 trim_mppb=12476 lk=1 (<crate> └─ <invalid location: defmt frame-index: 18>:0)
498.329285 [INFO ] PPSGEN count=490 interval_ns=1000002944 dev_ns=2944 phase_ns=212050 hwphase_ns=48 trim_ppb=12 cfg=4 p_ns=5 d_ns=0 trim_mppb=12125 lk=1 (<crate> └─ <invalid location: defmt frame-index: 18>:0)
499.329294 [INFO ] PPSGEN count=491 interval_ns=1000002928 dev_ns=2928 phase_ns=206051 hwphase_ns=48 trim_ppb=11 cfg=4 p_ns=5 d_ns=0 trim_mppb=11790 lk=1 (<crate> └─ <invalid location: defmt frame-index: 18>:0)
500.329256 [INFO ] PPSGEN count=492 interval_ns=1000002944 dev_ns=2944 phase_ns=180051 hwphase_ns=48 trim_ppb=11 cfg=4 p_ns=5 d_ns=0 trim_mppb=11455 lk=1 (<crate> └─ <invalid location: defmt frame-index: 18>:0)
501.329291 [INFO ] PPSGEN count=493 interval_ns=1000002944 dev_ns=2944 phase_ns=212051 hwphase_ns=48 trim_ppb=11 cfg=4 p_ns=5 d_ns=0 trim_mppb=11120 lk=1 (<crate> └─ <invalid location: defmt frame-index: 18>:0)
502.329280 [INFO ] PPSGEN count=494 interval_ns=1000002928 dev_ns=2928 phase_ns=199052 hwphase_ns=48 trim_ppb=10 cfg=4 p_ns=5 d_ns=0 trim_mppb=10785 lk=1 (<crate> └─ <invalid location: defmt frame-index: 18>:0)
503.329282 [INFO ] PPSGEN count=495 interval_ns=1000002944 dev_ns=2944 phase_ns=191052 hwphase_ns=48 trim_ppb=10 cfg=4 p_ns=5 d_ns=0 trim_mppb=10450 lk=1 (<crate> └─ <invalid location: defmt frame-index: 18>:0)
504.329293 [INFO ] PPSGEN count=496 interval_ns=1000002928 dev_ns=2928 phase_ns=197052 hwphase_ns=48 trim_ppb=10 cfg=4 p_ns=5 d_ns=0 trim_mppb=10115 lk=1 (<crate> └─ <invalid location: defmt frame-index: 18>:0)
505.329289 [INFO ] PPSGEN count=497 interval_ns=1000002944 dev_ns=2944 phase_ns=197052 hwphase_ns=48 trim_ppb=9 cfg=4 p_ns=5 d_ns=0 trim_mppb=9780 lk=1 (<crate> └─ <invalid location: defmt frame-index: 18>:0)
506.329298 [INFO ] PPSGEN count=498 interval_ns=1000002928 dev_ns=2928 phase_ns=196053 hwphase_ns=48 trim_ppb=9 cfg=4 p_ns=5 d_ns=0 trim_mppb=9445 lk=1 (<crate> └─ <invalid location: defmt frame-index: 18>:0)
507.329307 [INFO ] PPSGEN count=499 interval_ns=1000002928 dev_ns=2928 phase_ns=213053 hwphase_ns=32 trim_ppb=9 cfg=4 p_ns=3 d_ns=-4 trim_mppb=9235 lk=1 (<crate> └─ <invalid location: defmt frame-index: 18>:0)
508.329304 [INFO ] PPSGEN count=500 interval_ns=1000002944 dev_ns=2944 phase_ns=197053 hwphase_ns=32 trim_ppb=8 cfg=4 p_ns=4 d_ns=1 trim_mppb=8978 lk=1 (<crate> └─ <invalid location: defmt frame-index: 18>:0)
509.329318 [INFO ] PPSGEN count=501 interval_ns=1000002928 dev_ns=2928 phase_ns=204054 hwphase_ns=32 trim_ppb=8 cfg=4 p_ns=3 d_ns=-1 trim_mppb=8768 lk=1 (<crate> └─ <invalid location: defmt frame-index: 18>:0)
510.329314 [INFO ] PPSGEN count=502 interval_ns=1000002928 dev_ns=2928 phase_ns=201054 hwphase_ns=16 trim_ppb=8 cfg=4 p_ns=1 d_ns=-3 trim_mppb=8659 lk=1 (<crate> └─ <invalid location: defmt frame-index: 18>:0)
511.329318 [INFO ] PPSGEN count=503 interval_ns=1000002928 dev_ns=2928 phase_ns=204054 hwphase_ns=0 trim_ppb=8 cfg=4 p_ns=0 d_ns=-3 trim_mppb=8644 lk=1 (<crate> └─ <invalid location: defmt frame-index: 18>:0)
512.329324 [INFO ] PPSGEN count=504 interval_ns=1000002928 dev_ns=2928 phase_ns=203054 hwphase_ns=-16 trim_ppb=8 cfg=4 p_ns=-1 d_ns=-3 trim_mppb=8745 lk=1 (<crate> └─ <invalid location: defmt frame-index: 18>:0)
513.329318 [INFO ] PPSGEN count=505 interval_ns=1000002944 dev_ns=2944 phase_ns=199054 hwphase_ns=-16 trim_ppb=8 cfg=4 p_ns=-1 d_ns=0 trim_mppb=8838 lk=1 (<crate> └─ <invalid location: defmt frame-index: 18>:0)
514.329322 [INFO ] PPSGEN count=506 interval_ns=1000002928 dev_ns=2928 phase_ns=198054 hwphase_ns=-32 trim_ppb=9 cfg=4 p_ns=-3 d_ns=-4 trim_mppb=9080 lk=1 (<crate> └─ <invalid location: defmt frame-index: 18>:0)
515.329330 [INFO ] PPSGEN count=507 interval_ns=1000002928 dev_ns=2928 phase_ns=201054 hwphase_ns=-48 trim_ppb=9 cfg=4 p_ns=-5 d_ns=-2 trim_mppb=9400 lk=1 (<crate> └─ <invalid location: defmt frame-index: 18>:0)
516.329329 [INFO ] PPSGEN count=508 interval_ns=1000002928 dev_ns=2928 phase_ns=200054 hwphase_ns=-64 trim_ppb=9 cfg=4 p_ns=-7 d_ns=-4 trim_mppb=9845 lk=1 (<crate> └─ <invalid location: defmt frame-index: 18>:0)
517.329339 [INFO ] PPSGEN count=509 interval_ns=1000002928 dev_ns=2928 phase_ns=210054 hwphase_ns=-80 trim_ppb=10 cfg=4 p_ns=-8 d_ns=-3 trim_mppb=10384 lk=1 (<crate> └─ <invalid location: defmt frame-index: 18>:0)
518.329318 [INFO ] PPSGEN count=510 interval_ns=1000002944 dev_ns=2944 phase_ns=186109 hwphase_ns=-80 trim_ppb=10 cfg=4 p_ns=-8 d_ns=0 trim_mppb=10923 lk=1 (<crate> └─ <invalid location: defmt frame-index: 18>:0)
519.329354 [INFO ] PPSGEN count=511 interval_ns=1000002944 dev_ns=2944 phase_ns=219055 hwphase_ns=-64 trim_ppb=11 cfg=4 p_ns=-7 d_ns=3 trim_mppb=11360 lk=1 (<crate> └─ <invalid location: defmt frame-index: 18>:0)
520.329353 [INFO ] PPSGEN count=512 interval_ns=1000002944 dev_ns=2944 phase_ns=188055 hwphase_ns=-64 trim_ppb=11 cfg=4 p_ns=-7 d_ns=-1 trim_mppb=11828 lk=1 (<crate> └─ <invalid location: defmt frame-index: 18>:0)
521.329344 [INFO ] PPSGEN count=513 interval_ns=1000002928 dev_ns=2928 phase_ns=203054 hwphase_ns=-96 trim_ppb=12 cfg=4 p_ns=-11 d_ns=-7 trim_mppb=12515 lk=1 (<crate> └─ <invalid location: defmt frame-index: 18>:0)
522.329350 [INFO ] PPSGEN count=514 interval_ns=1000002944 dev_ns=2944 phase_ns=191055 hwphase_ns=-80 trim_ppb=12 cfg=4 p_ns=-7 d_ns=6 trim_mppb=12999 lk=1 (<crate> └─ <invalid location: defmt frame-index: 18>:0)
523.329351 [INFO ] PPSGEN count=515 interval_ns=1000002944 dev_ns=2944 phase_ns=202054 hwphase_ns=-96 trim_ppb=13 cfg=4 p_ns=-11 d_ns=-8 trim_mppb=13741 lk=1 (<crate> └─ <invalid location: defmt frame-index: 18>:0)
524.329360 [INFO ] PPSGEN count=516 interval_ns=1000002928 dev_ns=2928 phase_ns=209055 hwphase_ns=-112 trim_ppb=14 cfg=4 p_ns=-11 d_ns=0 trim_mppb=14467 lk=1 (<crate> └─ <invalid location: defmt frame-index: 18>:0)
525.329367 [INFO ] PPSGEN count=517 interval_ns=1000002960 dev_ns=2960 phase_ns=211055 hwphase_ns=-96 trim_ppb=15 cfg=4 p_ns=-10 d_ns=2 trim_mppb=15131 lk=1 (<crate> └─ <invalid location: defmt frame-index: 18>:0)
526.329370 [INFO ] PPSGEN count=518 interval_ns=1000002944 dev_ns=2944 phase_ns=200055 hwphase_ns=-80 trim_ppb=15 cfg=4 p_ns=-9 d_ns=3 trim_mppb=15693 lk=1 (<crate> └─ <invalid location: defmt frame-index: 18>:0)
527.329366 [INFO ] PPSGEN count=519 interval_ns=1000002944 dev_ns=2944 phase_ns=197055 hwphase_ns=-80 trim_ppb=16 cfg=4 p_ns=-9 d_ns=0 trim_mppb=16271 lk=1 (<crate> └─ <invalid location: defmt frame-index: 18>:0)
528.329356 [INFO ] PPSGEN count=520 interval_ns=1000002928 dev_ns=2928 phase_ns=199055 hwphase_ns=-96 trim_ppb=16 cfg=4 p_ns=-10 d_ns=-3 trim_mppb=16950 lk=1 (<crate> └─ <invalid location: defmt frame-index: 18>:0)
529.329371 [INFO ] PPSGEN count=521 interval_ns=1000002944 dev_ns=2944 phase_ns=215056 hwphase_ns=-80 trim_ppb=17 cfg=4 p_ns=-8 d_ns=5 trim_mppb=17473 lk=1 (<crate> └─ <invalid location: defmt frame-index: 18>:0)
530.329365 [INFO ] PPSGEN count=522 interval_ns=1000002960 dev_ns=2960 phase_ns=187056 hwphase_ns=-48 trim_ppb=17 cfg=4 p_ns=-5 d_ns=5 trim_mppb=17824 lk=1 (<crate> └─ <invalid location: defmt frame-index: 18>:0)
531.329382 [INFO ] PPSGEN count=523 interval_ns=1000002928 dev_ns=2928 phase_ns=211056 hwphase_ns=-64 trim_ppb=18 cfg=4 p_ns=-8 d_ns=-4 trim_mppb=18324 lk=1 (<crate> └─ <invalid location: defmt frame-index: 18>:0)
532.329354 [INFO ] PPSGEN count=524 interval_ns=1000002944 dev_ns=2944 phase_ns=190113 hwphase_ns=-48 trim_ppb=18 cfg=4 p_ns=-4 d_ns=7 trim_mppb=18605 lk=1 (<crate> └─ <invalid location: defmt frame-index: 18>:0)
533.329384 [INFO ] PPSGEN count=525 interval_ns=1000002944 dev_ns=2944 phase_ns=212057 hwphase_ns=-48 trim_ppb=19 cfg=4 p_ns=-6 d_ns=-3 trim_mppb=19003 lk=1 (<crate> └─ <invalid location: defmt frame-index: 18>:0)
534.329381 [INFO ] PPSGEN count=526 interval_ns=1000002944 dev_ns=2944 phase_ns=181057 hwphase_ns=-32 trim_ppb=19 cfg=4 p_ns=-2 d_ns=7 trim_mppb=19182 lk=1 (<crate> └─ <invalid location: defmt frame-index: 18>:0)
535.329385 [INFO ] PPSGEN count=527 interval_ns=1000002944 dev_ns=2944 phase_ns=197058 hwphase_ns=-16 trim_ppb=19 cfg=4 p_ns=-2 d_ns=0 trim_mppb=19346 lk=1 (<crate> └─ <invalid location: defmt frame-index: 18>:0)
536.329379 [INFO ] PPSGEN count=528 interval_ns=1000002928 dev_ns=2928 phase_ns=186058 hwphase_ns=-16 trim_ppb=19 cfg=4 p_ns=-1 d_ns=1 trim_mppb=19455 lk=1 (<crate> └─ <invalid location: defmt frame-index: 18>:0)
537.329363 [INFO ] PPSGEN count=529 interval_ns=1000002944 dev_ns=2944 phase_ns=169116 hwphase_ns=-16 trim_ppb=19 cfg=4 p_ns=-2 d_ns=0 trim_mppb=19580 lk=1 (<crate> └─ <invalid location: defmt frame-index: 18>:0)
538.329406 [INFO ] PPSGEN count=530 interval_ns=1000002928 dev_ns=2928 phase_ns=220058 hwphase_ns=-32 trim_ppb=19 cfg=4 p_ns=-3 d_ns=-3 trim_mppb=19814 lk=1 (<crate> └─ <invalid location: defmt frame-index: 18>:0)
539.329408 [INFO ] PPSGEN count=531 interval_ns=1000002944 dev_ns=2944 phase_ns=190058 hwphase_ns=-16 trim_ppb=19 cfg=4 p_ns=-1 d_ns=5 trim_mppb=19892 lk=1 (<crate> └─ <invalid location: defmt frame-index: 18>:0)
540.329394 [INFO ] PPSGEN count=532 interval_ns=1000002944 dev_ns=2944 phase_ns=192058 hwphase_ns=-16 trim_ppb=20 cfg=4 p_ns=-2 d_ns=-2 trim_mppb=20048 lk=1 (<crate> └─ <invalid location: defmt frame-index: 18>:0)
541.329397 [INFO ] PPSGEN count=533 interval_ns=1000002928 dev_ns=2928 phase_ns=198118 hwphase_ns=-16 trim_ppb=20 cfg=4 p_ns=-1 d_ns=2 trim_mppb=20141 lk=1 (<crate> └─ <invalid location: defmt frame-index: 18>:0)
542.329423 [INFO ] PPSGEN count=534 interval_ns=1000002944 dev_ns=2944 phase_ns=221059 hwphase_ns=-16 trim_ppb=20 cfg=4 p_ns=-2 d_ns=-1 trim_mppb=20273 lk=1 (<crate> └─ <invalid location: defmt frame-index: 18>:0)
543.329422 [INFO ] PPSGEN count=535 interval_ns=1000002928 dev_ns=2928 phase_ns=199059 hwphase_ns=-32 trim_ppb=20 cfg=4 p_ns=-3 d_ns=-3 trim_mppb=20499 lk=1 (<crate> └─ <invalid location: defmt frame-index: 18>:0)
544.329429 [INFO ] PPSGEN count=536 interval_ns=1000002944 dev_ns=2944 phase_ns=206059 hwphase_ns=-16 trim_ppb=20 cfg=4 p_ns=-1 d_ns=4 trim_mppb=20577 lk=1 (<crate> └─ <invalid location: defmt frame-index: 18>:0)
545.329432 [INFO ] PPSGEN count=537 interval_ns=1000002944 dev_ns=2944 phase_ns=202059 hwphase_ns=-16 trim_ppb=20 cfg=4 p_ns=-2 d_ns=-2 trim_mppb=20725 lk=1 (<crate> └─ <invalid location: defmt frame-index: 18>:0)
546.329394 [INFO ] PPSGEN count=538 interval_ns=1000002928 dev_ns=2928 phase_ns=178118 hwphase_ns=-32 trim_ppb=20 cfg=4 p_ns=-3 d_ns=-2 trim_mppb=20943 lk=1 (<crate> └─ <invalid location: defmt frame-index: 18>:0)
547.329430 [INFO ] PPSGEN count=539 interval_ns=1000002944 dev_ns=2944 phase_ns=207059 hwphase_ns=-32 trim_ppb=21 cfg=4 p_ns=-3 d_ns=0 trim_mppb=21153 lk=1 (<crate> └─ <invalid location: defmt frame-index: 18>:0)
548.329423 [INFO ] PPSGEN count=540 interval_ns=1000002928 dev_ns=2928 phase_ns=202059 hwphase_ns=-32 trim_ppb=21 cfg=4 p_ns=-3 d_ns=0 trim_mppb=21379 lk=1 (<crate> └─ <invalid location: defmt frame-index: 18>:0)
549.329433 [INFO ] PPSGEN count=541 interval_ns=1000002944 dev_ns=2944 phase_ns=188059 hwphase_ns=-32 trim_ppb=21 cfg=4 p_ns=-3 d_ns=0 trim_mppb=21605 lk=1 (<crate> └─ <invalid location: defmt frame-index: 18>:0)
550.329407 [INFO ] PPSGEN count=542 interval_ns=1000002928 dev_ns=2928 phase_ns=170118 hwphase_ns=-48 trim_ppb=21 cfg=4 p_ns=-5 d_ns=-4 trim_mppb=21956 lk=1 (<crate> └─ <invalid location: defmt frame-index: 18>:0)
551.329448 [INFO ] PPSGEN count=543 interval_ns=1000002944 dev_ns=2944 phase_ns=222059 hwphase_ns=-32 trim_ppb=22 cfg=4 p_ns=-2 d_ns=5 trim_mppb=22135 lk=1 (<crate> └─ <invalid location: defmt frame-index: 18>:0)
552.329448 [INFO ] PPSGEN count=544 interval_ns=1000002944 dev_ns=2944 phase_ns=198059 hwphase_ns=-32 trim_ppb=22 cfg=4 p_ns=-4 d_ns=-3 trim_mppb=22408 lk=1 (<crate> └─ <invalid location: defmt frame-index: 18>:0)
553.329441 [INFO ] PPSGEN count=545 interval_ns=1000002944 dev_ns=2944 phase_ns=202059 hwphase_ns=-32 trim_ppb=22 cfg=4 p_ns=-3 d_ns=2 trim_mppb=22603 lk=1 (<crate> └─ <invalid location: defmt frame-index: 18>:0)
