9.136791 [INFO ] PPSGEN count=1 interval_ns=999999984 dev_ns=-16 phase_ns=0 hwphase_ns=179536 trim_ppb=0 cfg=4 p_ns=22442 d_ns=0 trim_mppb=0 lk=0 (<crate> └─ <invalid location: defmt frame-index: 18>:0)
10.136932 [INFO ] PPSGEN count=2 interval_ns=999999968 dev_ns=-32 phase_ns=201280 hwphase_ns=176784 trim_ppb=0 cfg=4 p_ns=19292 d_ns=0 trim_mppb=0 lk=0 (<crate> └─ <invalid location: defmt frame-index: 18>:0)
11.136944 [INFO ] PPSGEN count=3 interval_ns=999977536 dev_ns=-22464 phase_ns=254278 hwphase_ns=151584 trim_ppb=0 cfg=4 p_ns=16536 d_ns=0 trim_mppb=0 lk=0 (<crate> └─ <invalid location: defmt frame-index: 18>:0)
12.136920 [INFO ] PPSGEN count=4 interval_ns=999983408 dev_ns=-16592 phase_ns=219278 hwphase_ns=132272 trim_ppb=0 cfg=4 p_ns=14467 d_ns=0 trim_mppb=0 lk=0 (<crate> └─ <invalid location: defmt frame-index: 18>:0)
13.136903 [INFO ] PPSGEN count=5 interval_ns=999986160 dev_ns=-13840 phase_ns=209278 hwphase_ns=115712 trim_ppb=0 cfg=4 p_ns=12655 d_ns=0 trim_mppb=0 lk=0 (<crate> └─ <invalid location: defmt frame-index: 18>:0)
14.136878 [INFO ] PPSGEN count=6 interval_ns=999988240 dev_ns=-11760 phase_ns=202277 hwphase_ns=101216 trim_ppb=0 cfg=4 p_ns=11070 d_ns=0 trim_mppb=0 lk=0 (<crate> └─ <invalid location: defmt frame-index: 18>:0)
15.136884 [INFO ] PPSGEN count=7 interval_ns=999990048 dev_ns=-9952 phase_ns=215277 hwphase_ns=88544 trim_ppb=0 cfg=4 p_ns=9684 d_ns=0 trim_mppb=0 lk=0 (<crate> └─ <invalid location: defmt frame-index: 18>:0)
16.136848 [INFO ] PPSGEN count=8 interval_ns=999991632 dev_ns=-8368 phase_ns=190555 hwphase_ns=77456 trim_ppb=0 cfg=4 p_ns=8471 d_ns=0 trim_mppb=0 lk=0 (<crate> └─ <invalid location: defmt frame-index: 18>:0)
17.136882 [INFO ] PPSGEN count=9 interval_ns=999993024 dev_ns=-6976 phase_ns=202276 hwphase_ns=67744 trim_ppb=0 cfg=4 p_ns=7409 d_ns=0 trim_mppb=0 lk=0 (<crate> └─ <invalid location: defmt frame-index: 18>:0)
18.136886 [INFO ] PPSGEN count=10 interval_ns=999994224 dev_ns=-5776 phase_ns=207276 hwphase_ns=59264 trim_ppb=0 cfg=4 p_ns=6481 d_ns=0 trim_mppb=0 lk=0 (<crate> └─ <invalid location: defmt frame-index: 18>:0)
19.136893 [INFO ] PPSGEN count=11 interval_ns=999995296 dev_ns=-4704 phase_ns=202276 hwphase_ns=51824 trim_ppb=0 cfg=4 p_ns=5667 d_ns=0 trim_mppb=0 lk=0 (<crate> └─ <invalid location: defmt frame-index: 18>:0)
20.136899 [INFO ] PPSGEN count=12 interval_ns=999996224 dev_ns=-3776 phase_ns=208276 hwphase_ns=45328 trim_ppb=0 cfg=4 p_ns=4957 d_ns=0 trim_mppb=0 lk=0 (<crate> └─ <invalid location: defmt frame-index: 18>:0)
21.136894 [INFO ] PPSGEN count=13 interval_ns=999997040 dev_ns=-2960 phase_ns=206276 hwphase_ns=39648 trim_ppb=0 cfg=4 p_ns=4336 d_ns=0 trim_mppb=0 lk=0 (<crate> └─ <invalid location: defmt frame-index: 18>:0)
22.136904 [INFO ] PPSGEN count=14 interval_ns=999997744 dev_ns=-2256 phase_ns=210276 hwphase_ns=34672 trim_ppb=0 cfg=4 p_ns=3792 d_ns=0 trim_mppb=0 lk=0 (<crate> └─ <invalid location: defmt frame-index: 18>:0)
23.136898 [INFO ] PPSGEN count=15 interval_ns=999998368 dev_ns=-1632 phase_ns=205276 hwphase_ns=30320 trim_ppb=0 cfg=4 p_ns=3316 d_ns=0 trim_mppb=0 lk=0 (<crate> └─ <invalid location: defmt frame-index: 18>:0)
24.136894 [INFO ] PPSGEN count=16 interval_ns=999998896 dev_ns=-1104 phase_ns=195277 hwphase_ns=26496 trim_ppb=0 cfg=4 p_ns=2897 d_ns=0 trim_mppb=0 lk=0 (<crate> └─ <invalid location: defmt frame-index: 18>:0)
25.136908 [INFO ] PPSGEN count=17 interval_ns=999999392 dev_ns=-608 phase_ns=215277 hwphase_ns=23168 trim_ppb=0 cfg=4 p_ns=2533 d_ns=0 trim_mppb=0 lk=0 (<crate> └─ <invalid location: defmt frame-index: 18>:0)
26.136904 [INFO ] PPSGEN count=18 interval_ns=999999808 dev_ns=-192 phase_ns=203277 hwphase_ns=20256 trim_ppb=0 cfg=4 p_ns=2215 d_ns=0 trim_mppb=0 lk=0 (<crate> └─ <invalid location: defmt frame-index: 18>:0)
27.136922 [INFO ] PPSGEN count=19 interval_ns=1000000176 dev_ns=176 phase_ns=215277 hwphase_ns=17712 trim_ppb=0 cfg=4 p_ns=1937 d_ns=0 trim_mppb=0 lk=0 (<crate> └─ <invalid location: defmt frame-index: 18>:0)
28.136913 [INFO ] PPSGEN count=20 interval_ns=1000000480 dev_ns=480 phase_ns=196277 hwphase_ns=15488 trim_ppb=0 cfg=4 p_ns=1693 d_ns=0 trim_mppb=0 lk=0 (<crate> └─ <invalid location: defmt frame-index: 18>:0)
29.136928 [INFO ] PPSGEN count=21 interval_ns=1000000768 dev_ns=768 phase_ns=214278 hwphase_ns=13552 trim_ppb=0 cfg=4 p_ns=1482 d_ns=0 trim_mppb=0 lk=0 (<crate> └─ <invalid location: defmt frame-index: 18>:0)
30.136932 [INFO ] PPSGEN count=22 interval_ns=1000001008 dev_ns=1008 phase_ns=198278 hwphase_ns=11840 trim_ppb=0 cfg=4 p_ns=1294 d_ns=0 trim_mppb=0 lk=0 (<crate> └─ <invalid location: defmt frame-index: 18>:0)
31.136937 [INFO ] PPSGEN count=23 interval_ns=1000001216 dev_ns=1216 phase_ns=203279 hwphase_ns=10368 trim_ppb=0 cfg=4 p_ns=1134 d_ns=0 trim_mppb=0 lk=0 (<crate> └─ <invalid location: defmt frame-index: 18>:0)
32.136945 [INFO ] PPSGEN count=24 interval_ns=1000001408 dev_ns=1408 phase_ns=209280 hwphase_ns=9072 trim_ppb=0 cfg=4 p_ns=992 d_ns=0 trim_mppb=0 lk=0 (<crate> └─ <invalid location: defmt frame-index: 18>:0)
33.136923 [INFO ] PPSGEN count=25 interval_ns=1000001568 dev_ns=1568 phase_ns=182280 hwphase_ns=7936 trim_ppb=0 cfg=4 p_ns=868 d_ns=0 trim_mppb=0 lk=0 (<crate> └─ <invalid location: defmt frame-index: 18>:0)
34.136940 [INFO ] PPSGEN count=26 interval_ns=1000001712 dev_ns=1712 phase_ns=194281 hwphase_ns=6944 trim_ppb=0 cfg=4 p_ns=759 d_ns=0 trim_mppb=0 lk=0 (<crate> └─ <invalid location: defmt frame-index: 18>:0)
35.136933 [INFO ] PPSGEN count=27 interval_ns=1000001824 dev_ns=1824 phase_ns=195282 hwphase_ns=6080 trim_ppb=0 cfg=4 p_ns=665 d_ns=0 trim_mppb=0 lk=0 (<crate> └─ <invalid location: defmt frame-index: 18>:0)
36.136948 [INFO ] PPSGEN count=28 interval_ns=1000001952 dev_ns=1952 phase_ns=203283 hwphase_ns=5344 trim_ppb=0 cfg=4 p_ns=584 d_ns=0 trim_mppb=0 lk=0 (<crate> └─ <invalid location: defmt frame-index: 18>:0)
37.136972 [INFO ] PPSGEN count=29 interval_ns=1000002032 dev_ns=2032 phase_ns=195283 hwphase_ns=4672 trim_ppb=-31 cfg=4 p_ns=511 d_ns=0 trim_mppb=-31937 lk=0 (<crate> └─ <invalid location: defmt frame-index: 18>:0)
38.136966 [INFO ] PPSGEN count=30 interval_ns=1000002112 dev_ns=2112 phase_ns=190284 hwphase_ns=4096 trim_ppb=-59 cfg=4 p_ns=448 d_ns=0 trim_mppb=-59944 lk=0 (<crate> └─ <invalid location: defmt frame-index: 18>:0)
39.136973 [INFO ] PPSGEN count=31 interval_ns=1000002144 dev_ns=2144 phase_ns=205285 hwphase_ns=3552 trim_ppb=-84 cfg=4 p_ns=388 d_ns=0 trim_mppb=-84194 lk=0 (<crate> └─ <invalid location: defmt frame-index: 18>:0)
40.136971 [INFO ] PPSGEN count=32 interval_ns=1000002192 dev_ns=2192 phase_ns=197286 hwphase_ns=3056 trim_ppb=-105 cfg=4 p_ns=333 d_ns=0 trim_mppb=-105037 lk=0 (<crate> └─ <invalid location: defmt frame-index: 18>:0)
41.136972 [INFO ] PPSGEN count=33 interval_ns=1000002224 dev_ns=2224 phase_ns=201286 hwphase_ns=2592 trim_ppb=-122 cfg=4 p_ns=282 d_ns=0 trim_mppb=-122685 lk=0 (<crate> └─ <invalid location: defmt frame-index: 18>:0)
42.136990 [INFO ] PPSGEN count=34 interval_ns=1000002256 dev_ns=2256 phase_ns=207287 hwphase_ns=2160 trim_ppb=-137 cfg=4 p_ns=234 d_ns=0 trim_mppb=-137356 lk=0 (<crate> └─ <invalid location: defmt frame-index: 18>:0)
43.136985 [INFO ] PPSGEN count=35 interval_ns=1000002288 dev_ns=2288 phase_ns=207288 hwphase_ns=1760 trim_ppb=-149 cfg=4 p_ns=190 d_ns=0 trim_mppb=-149277 lk=0 (<crate> └─ <invalid location: defmt frame-index: 18>:0)
44.136985 [INFO ] PPSGEN count=36 interval_ns=1000002320 dev_ns=2320 phase_ns=201289 hwphase_ns=1392 trim_ppb=-158 cfg=4 p_ns=150 d_ns=0 trim_mppb=-158667 lk=0 (<crate> └─ <invalid location: defmt frame-index: 18>:0)
45.136988 [INFO ] PPSGEN count=37 interval_ns=1000002352 dev_ns=2352 phase_ns=199290 hwphase_ns=1072 trim_ppb=-165 cfg=4 p_ns=115 d_ns=0 trim_mppb=-165870 lk=0 (<crate> └─ <invalid location: defmt frame-index: 18>:0)
46.136992 [INFO ] PPSGEN count=38 interval_ns=1000002384 dev_ns=2384 phase_ns=199291 hwphase_ns=784 trim_ppb=-171 cfg=4 p_ns=83 d_ns=0 trim_mppb=-171096 lk=0 (<crate> └─ <invalid location: defmt frame-index: 18>:0)
47.136992 [INFO ] PPSGEN count=39 interval_ns=1000002400 dev_ns=2400 phase_ns=190292 hwphase_ns=512 trim_ppb=-174 cfg=4 p_ns=53 d_ns=0 trim_mppb=-174447 lk=0 (<crate> └─ <invalid location: defmt frame-index: 18>:0)
48.136971 [INFO ] PPSGEN count=40 interval_ns=1000002432 dev_ns=2432 phase_ns=179586 hwphase_ns=256 trim_ppb=-176 cfg=4 p_ns=25 d_ns=0 trim_mppb=-176032 lk=0 (<crate> └─ <invalid location: defmt frame-index: 18>:0)
49.136989 [INFO ] PPSGEN count=41 interval_ns=1000002464 dev_ns=2464 phase_ns=195294 hwphase_ns=48 trim_ppb=-176 cfg=4 p_ns=2 d_ns=0 trim_mppb=-176211 lk=0 (<crate> └─ <invalid location: defmt frame-index: 18>:0)
50.136975 [INFO ] PPSGEN count=42 interval_ns=1000002496 dev_ns=2496 phase_ns=181591 hwphase_ns=-112 trim_ppb=-175 cfg=4 p_ns=-14 d_ns=0 trim_mppb=-175321 lk=0 (<crate> └─ <invalid location: defmt frame-index: 18>:0)
51.137016 [INFO ] PPSGEN count=43 interval_ns=1000002496 dev_ns=2496 phase_ns=200297 hwphase_ns=-288 trim_ppb=-173 cfg=4 p_ns=-34 d_ns=-40 trim_mppb=-173181 lk=1 (<crate> └─ <invalid location: defmt frame-index: 18>:0)
52.137018 [INFO ] PPSGEN count=44 interval_ns=1000002512 dev_ns=2512 phase_ns=198298 hwphase_ns=-448 trim_ppb=-170 cfg=4 p_ns=-46 d_ns=-25 trim_mppb=-170260 lk=1 (<crate> └─ <invalid location: defmt frame-index: 18>:0)
53.137028 [INFO ] PPSGEN count=45 interval_ns=1000002576 dev_ns=2576 phase_ns=205299 hwphase_ns=-528 trim_ppb=-166 cfg=4 p_ns=-57 d_ns=-20 trim_mppb=-166690 lk=1 (<crate> └─ <invalid location: defmt frame-index: 18>:0)
54.136993 [INFO ] PPSGEN count=46 interval_ns=1000002576 dev_ns=2576 phase_ns=179601 hwphase_ns=-608 trim_ppb=-162 cfg=4 p_ns=-66 d_ns=-18 trim_mppb=-162542 lk=1 (<crate> └─ <invalid location: defmt frame-index: 18>:0)
55.137029 [INFO ] PPSGEN count=47 interval_ns=1000002576 dev_ns=2576 phase_ns=208301 hwphase_ns=-704 trim_ppb=-157 cfg=4 p_ns=-77 d_ns=-22 trim_mppb=-157699 lk=1 (<crate> └─ <invalid location: defmt frame-index: 18>:0)
56.137021 [INFO ] PPSGEN count=48 interval_ns=1000002592 dev_ns=2592 phase_ns=190303 hwphase_ns=-768 trim_ppb=-152 cfg=4 p_ns=-83 d_ns=-12 trim_mppb=-152473 lk=1 (<crate> └─ <invalid location: defmt frame-index: 18>:0)
57.137022 [INFO ] PPSGEN count=49 interval_ns=1000002624 dev_ns=2624 phase_ns=192304 hwphase_ns=-784 trim_ppb=-147 cfg=4 p_ns=-86 d_ns=-5 trim_mppb=-147091 lk=1 (<crate> └─ <invalid location: defmt frame-index: 18>:0)
58.137026 [INFO ] PPSGEN count=50 interval_ns=1000002608 dev_ns=2608 phase_ns=192305 hwphase_ns=-848 trim_ppb=-141 cfg=4 p_ns=-94 d_ns=-17 trim_mppb=-141177 lk=1 (<crate> └─ <invalid location: defmt frame-index: 18>:0)
59.137031 [INFO ] PPSGEN count=51 interval_ns=1000002608 dev_ns=2608 phase_ns=204307 hwphase_ns=-880 trim_ppb=-135 cfg=4 p_ns=-96 d_ns=-3 trim_mppb=-135170 lk=1 (<crate> └─ <invalid location: defmt frame-index: 18>:0)
60.137005 [INFO ] PPSGEN count=52 interval_ns=1000002640 dev_ns=2640 phase_ns=184616 hwphase_ns=-896 trim_ppb=-128 cfg=4 p_ns=-99 d_ns=-7 trim_mppb=-128944 lk=1 (<crate> └─ <invalid location: defmt frame-index: 18>:0)
61.137043 [INFO ] PPSGEN count=53 interval_ns=1000002624 dev_ns=2624 phase_ns=203310 hwphase_ns=-912 trim_ppb=-122 cfg=4 p_ns=-100 d_ns=-2 trim_mppb=-122648 lk=1 (<crate> └─ <invalid location: defmt frame-index: 18>:0)
62.137035 [INFO ] PPSGEN count=54 interval_ns=1000002640 dev_ns=2640 phase_ns=196311 hwphase_ns=-928 trim_ppb=-116 cfg=4 p_ns=-103 d_ns=-5 trim_mppb=-116195 lk=1 (<crate> └─ <invalid location: defmt frame-index: 18>:0)
63.137032 [INFO ] PPSGEN count=55 interval_ns=1000002640 dev_ns=2640 phase_ns=194312 hwphase_ns=-928 trim_ppb=-109 cfg=4 p_ns=-102 d_ns=1 trim_mppb=-109789 lk=1 (<crate> └─ <invalid location: defmt frame-index: 18>:0)
64.137046 [INFO ] PPSGEN count=56 interval_ns=1000002656 dev_ns=2656 phase_ns=191314 hwphase_ns=-912 trim_ppb=-103 cfg=4 p_ns=-101 d_ns=2 trim_mppb=-103454 lk=1 (<crate> └─ <invalid location: defmt frame-index: 18>:0)
65.137027 [INFO ] PPSGEN count=57 interval_ns=1000002656 dev_ns=2656 phase_ns=182632 hwphase_ns=-880 trim_ppb=-97 cfg=4 p_ns=-97 d_ns=7 trim_mppb=-97353 lk=1 (<crate> └─ <invalid location: defmt frame-index: 18>:0)
66.137043 [INFO ] PPSGEN count=58 interval_ns=1000002656 dev_ns=2656 phase_ns=198317 hwphase_ns=-864 trim_ppb=-91 cfg=4 p_ns=-96 d_ns=1 trim_mppb=-91307 lk=1 (<crate> └─ <invalid location: defmt frame-index: 18>:0)
67.137037 [INFO ] PPSGEN count=59 interval_ns=1000002640 dev_ns=2640 phase_ns=190318 hwphase_ns=-864 trim_ppb=-85 cfg=4 p_ns=-96 d_ns=1 trim_mppb=-85300 lk=1 (<crate> └─ <invalid location: defmt frame-index: 18>:0)
68.137052 [INFO ] PPSGEN count=60 interval_ns=1000002656 dev_ns=2656 phase_ns=200320 hwphase_ns=-848 trim_ppb=-79 cfg=4 p_ns=-94 d_ns=4 trim_mppb=-79418 lk=1 (<crate> └─ <invalid location: defmt frame-index: 18>:0)
69.137059 [INFO ] PPSGEN count=61 interval_ns=1000002656 dev_ns=2656 phase_ns=208321 hwphase_ns=-832 trim_ppb=-73 cfg=4 p_ns=-92 d_ns=2 trim_mppb=-73622 lk=1 (<crate> └─ <invalid location: defmt frame-index: 18>:0)
70.137027 [INFO ] PPSGEN count=62 interval_ns=1000002672 dev_ns=2672 phase_ns=165323 hwphase_ns=-784 trim_ppb=-68 cfg=4 p_ns=-86 d_ns=12 trim_mppb=-68201 lk=1 (<crate> └─ <invalid location: defmt frame-index: 18>:0)
71.137067 [INFO ] PPSGEN count=63 interval_ns=1000002656 dev_ns=2656 phase_ns=211324 hwphase_ns=-768 trim_ppb=-62 cfg=4 p_ns=-86 d_ns=0 trim_mppb=-62780 lk=1 (<crate> └─ <invalid location: defmt frame-index: 18>:0)
72.137054 [INFO ] PPSGEN count=64 interval_ns=1000002656 dev_ns=2656 phase_ns=202651 hwphase_ns=-736 trim_ppb=-57 cfg=4 p_ns=-81 d_ns=11 trim_mppb=-57702 lk=1 (<crate> └─ <invalid location: defmt frame-index: 18>:0)
73.137072 [INFO ] PPSGEN count=65 interval_ns=1000002672 dev_ns=2672 phase_ns=214327 hwphase_ns=-704 trim_ppb=-52 cfg=4 p_ns=-79 d_ns=4 trim_mppb=-52749 lk=1 (<crate> └─ <invalid location: defmt frame-index: 18>:0)
74.137066 [INFO ] PPSGEN count=66 interval_ns=1000002656 dev_ns=2656 phase_ns=190328 hwphase_ns=-672 trim_ppb=-48 cfg=4 p_ns=-74 d_ns=9 trim_mppb=-48085 lk=1 (<crate> └─ <invalid location: defmt frame-index: 18>:0)
75.137081 [INFO ] PPSGEN count=67 interval_ns=1000002672 dev_ns=2672 phase_ns=210329 hwphase_ns=-640 trim_ppb=-43 cfg=4 p_ns=-71 d_ns=5 trim_mppb=-43593 lk=1 (<crate> └─ <invalid location: defmt frame-index: 18>:0)
76.137085 [INFO ] PPSGEN count=68 interval_ns=1000002672 dev_ns=2672 phase_ns=203331 hwphase_ns=-592 trim_ppb=-39 cfg=4 p_ns=-65 d_ns=12 trim_mppb=-39484 lk=1 (<crate> └─ <invalid location: defmt frame-index: 18>:0)
77.137090 [INFO ] PPSGEN count=69 interval_ns=1000002656 dev_ns=2656 phase_ns=212332 hwphase_ns=-560 trim_ppb=-35 cfg=4 p_ns=-63 d_ns=4 trim_mppb=-35524 lk=1 (<crate> └─ <invalid location: defmt frame-index: 18>:0)
78.137080 [INFO ] PPSGEN count=70 interval_ns=1000002656 dev_ns=2656 phase_ns=181333 hwphase_ns=-528 trim_ppb=-31 cfg=4 p_ns=-58 d_ns=9 trim_mppb=-31860 lk=1 (<crate> └─ <invalid location: defmt frame-index: 18>:0)
79.137219 [INFO ] PPSGEN count=71 interval_ns=1000002672 dev_ns=2672 phase_ns=341334 hwphase_ns=-480 trim_ppb=-28 cfg=4 p_ns=-53 d_ns=9 trim_mppb=-28493 lk=1 (<crate> └─ <invalid location: defmt frame-index: 18>:0)
80.137091 [INFO ] PPSGEN count=72 interval_ns=1000002656 dev_ns=2656 phase_ns=52336 hwphase_ns=-448 trim_ppb=-25 cfg=4 p_ns=-50 d_ns=6 trim_mppb=-25337 lk=1 (<crate> └─ <invalid location: defmt frame-index: 18>:0)
81.137062 [INFO ] PPSGEN count=73 interval_ns=1000002656 dev_ns=2656 phase_ns=31674 hwphase_ns=-432 trim_ppb=-22 cfg=4 p_ns=-48 d_ns=4 trim_mppb=-22306 lk=1 (<crate> └─ <invalid location: defmt frame-index: 18>:0)
82.137094 [INFO ] PPSGEN count=74 interval_ns=1000002656 dev_ns=2656 phase_ns=200338 hwphase_ns=-400 trim_ppb=-19 cfg=4 p_ns=-44 d_ns=8 trim_mppb=-19525 lk=1 (<crate> └─ <invalid location: defmt frame-index: 18>:0)
83.137094 [INFO ] PPSGEN count=75 interval_ns=1000002656 dev_ns=2656 phase_ns=196339 hwphase_ns=-368 trim_ppb=-16 cfg=4 p_ns=-41 d_ns=6 trim_mppb=-16932 lk=1 (<crate> └─ <invalid location: defmt frame-index: 18>:0)
84.137088 [INFO ] PPSGEN count=76 interval_ns=1000002640 dev_ns=2640 phase_ns=199340 hwphase_ns=-352 trim_ppb=-14 cfg=4 p_ns=-39 d_ns=3 trim_mppb=-14456 lk=1 (<crate> └─ <invalid location: defmt frame-index: 18>:0)
85.137094 [INFO ] PPSGEN count=77 interval_ns=1000002656 dev_ns=2656 phase_ns=194341 hwphase_ns=-336 trim_ppb=-12 cfg=4 p_ns=-37 d_ns=4 trim_mppb=-12113 lk=1 (<crate> └─ <invalid location: defmt frame-index: 18>:0)
86.137107 [INFO ] PPSGEN count=78 interval_ns=1000002656 dev_ns=2656 phase_ns=200342 hwphase_ns=-304 trim_ppb=-9 cfg=4 p_ns=-33 d_ns=7 trim_mppb=-9996 lk=1 (<crate> └─ <invalid location: defmt frame-index: 18>:0)
87.137112 [INFO ] PPSGEN count=79 interval_ns=1000002656 dev_ns=2656 phase_ns=206344 hwphase_ns=-256 trim_ppb=-8 cfg=4 p_ns=-28 d_ns=10 trim_mppb=-8200 lk=1 (<crate> └─ <invalid location: defmt frame-index: 18>:0)
88.137123 [INFO ] PPSGEN count=80 interval_ns=1000002640 dev_ns=2640 phase_ns=210344 hwphase_ns=-256 trim_ppb=-6 cfg=4 p_ns=-29 d_ns=-2 trim_mppb=-6341 lk=1 (<crate> └─ <invalid location: defmt frame-index: 18>:0)
89.137080 [INFO ] PPSGEN count=81 interval_ns=1000002640 dev_ns=2640 phase_ns=177690 hwphase_ns=-240 trim_ppb=-4 cfg=4 p_ns=-26 d_ns=7 trim_mppb=-4709 lk=1 (<crate> └─ <invalid location: defmt frame-index: 18>:0)
90.137112 [INFO ] PPSGEN count=82 interval_ns=1000002656 dev_ns=2656 phase_ns=199346 hwphase_ns=-208 trim_ppb=-3 cfg=4 p_ns=-23 d_ns=5 trim_mppb=-3233 lk=1 (<crate> └─ <invalid location: defmt frame-index: 18>:0)
91.137118 [INFO ] PPSGEN count=83 interval_ns=1000002640 dev_ns=2640 phase_ns=207347 hwphase_ns=-192 trim_ppb=-1 cfg=4 p_ns=-21 d_ns=3 trim_mppb=-1874 lk=1 (<crate> └─ <invalid location: defmt frame-index: 18>:0)
92.137115 [INFO ] PPSGEN count=84 interval_ns=1000002640 dev_ns=2640 phase_ns=196348 hwphase_ns=-176 trim_ppb=0 cfg=4 p_ns=-19 d_ns=4 trim_mppb=-640 lk=1 (<crate> └─ <invalid location: defmt frame-index: 18>:0)
93.137121 [INFO ] PPSGEN count=85 interval_ns=1000002640 dev_ns=2640 phase_ns=198349 hwphase_ns=-160 trim_ppb=0 cfg=4 p_ns=-18 d_ns=3 trim_mppb=492 lk=1 (<crate> └─ <invalid location: defmt frame-index: 18>:0)
94.137100 [INFO ] PPSGEN count=86 interval_ns=1000002640 dev_ns=2640 phase_ns=178699 hwphase_ns=-144 trim_ppb=1 cfg=4 p_ns=-16 d_ns=4 trim_mppb=1499 lk=1 (<crate> └─ <invalid location: defmt frame-index: 18>:0)
95.137135 [INFO ] PPSGEN count=87 interval_ns=1000002640 dev_ns=2640 phase_ns=215350 hwphase_ns=-128 trim_ppb=2 cfg=4 p_ns=-14 d_ns=3 trim_mppb=2405 lk=1 (<crate> └─ <invalid location: defmt frame-index: 18>:0)
96.137136 [INFO ] PPSGEN count=88 interval_ns=1000002640 dev_ns=2640 phase_ns=204351 hwphase_ns=-112 trim_ppb=3 cfg=4 p_ns=-12 d_ns=3 trim_mppb=3194 lk=1 (<crate> └─ <invalid location: defmt frame-index: 18>:0)
97.137126 [INFO ] PPSGEN count=89 interval_ns=1000002624 dev_ns=2624 phase_ns=196352 hwphase_ns=-128 trim_ppb=4 cfg=4 p_ns=-14 d_ns=-4 trim_mppb=4123 lk=1 (<crate> └─ <invalid location: defmt frame-index: 18>:0)
98.137133 [INFO ] PPSGEN count=90 interval_ns=1000002640 dev_ns=2640 phase_ns=205353 hwphase_ns=-96 trim_ppb=4 cfg=4 p_ns=-9 d_ns=10 trim_mppb=4732 lk=1 (<crate> └─ <invalid location: defmt frame-index: 18>:0)
99.137134 [INFO ] PPSGEN count=91 interval_ns=1000002640 dev_ns=2640 phase_ns=203354 hwphase_ns=-80 trim_ppb=5 cfg=4 p_ns=-10 d_ns=0 trim_mppb=5364 lk=1 (<crate> └─ <invalid location: defmt frame-index: 18>:0)
100.137127 [INFO ] PPSGEN count=92 interval_ns=1000002640 dev_ns=2640 phase_ns=188354 hwphase_ns=-80 trim_ppb=5 cfg=4 p_ns=-8 d_ns=2 trim_mppb=5910 lk=1 (<crate> └─ <invalid location: defmt frame-index: 18>:0)
101.137121 [INFO ] PPSGEN count=93 interval_ns=1000002624 dev_ns=2624 phase_ns=181709 hwphase_ns=-80 trim_ppb=6 cfg=4 p_ns=-9 d_ns=-1 trim_mppb=6488 lk=1 (<crate> └─ <invalid location: defmt frame-index: 18>:0)
102.137147 [INFO ] PPSGEN count=94 interval_ns=1000002640 dev_ns=2640 phase_ns=200355 hwphase_ns=-64 trim_ppb=6 cfg=4 p_ns=-6 d_ns=5 trim_mppb=6909 lk=1 (<crate> └─ <invalid location: defmt frame-index: 18>:0)
103.137149 [INFO ] PPSGEN count=95 interval_ns=1000002624 dev_ns=2624 phase_ns=209356 hwphase_ns=-48 trim_ppb=7 cfg=4 p_ns=-5 d_ns=1 trim_mppb=7276 lk=1 (<crate> └─ <invalid location: defmt frame-index: 18>:0)
104.137139 [INFO ] PPSGEN count=96 interval_ns=1000002640 dev_ns=2640 phase_ns=183357 hwphase_ns=-32 trim_ppb=7 cfg=4 p_ns=-3 d_ns=4 trim_mppb=7494 lk=1 (<crate> └─ <invalid location: defmt frame-index: 18>:0)
105.137161 [INFO ] PPSGEN count=97 interval_ns=1000002624 dev_ns=2624 phase_ns=215357 hwphase_ns=-32 trim_ppb=7 cfg=4 p_ns=-4 d_ns=-1 trim_mppb=7751 lk=1 (<crate> └─ <invalid location: defmt frame-index: 18>:0)
106.137155 [INFO ] PPSGEN count=98 interval_ns=1000002624 dev_ns=2624 phase_ns=200359 hwphase_ns=-16 trim_ppb=7 cfg=4 p_ns=-1 d_ns=5 trim_mppb=7836 lk=1 (<crate> └─ <invalid location: defmt frame-index: 18>:0)
107.137150 [INFO ] PPSGEN count=99 interval_ns=1000002624 dev_ns=2624 phase_ns=185359 hwphase_ns=-16 trim_ppb=7 cfg=4 p_ns=-2 d_ns=-2 trim_mppb=7992 lk=1 (<crate> └─ <invalid location: defmt frame-index: 18>:0)
108.137159 [INFO ] PPSGEN count=100 interval_ns=1000002624 dev_ns=2624 phase_ns=201360 hwphase_ns=-16 trim_ppb=8 cfg=4 p_ns=-1 d_ns=2 trim_mppb=8085 lk=1 (<crate> └─ <invalid location: defmt frame-index: 18>:0)
109.137162 [INFO ] PPSGEN count=101 interval_ns=1000002624 dev_ns=2624 phase_ns=201361 hwphase_ns=0 trim_ppb=8 cfg=4 p_ns=0 d_ns=2 trim_mppb=8092 lk=1 (<crate> └─ <invalid location: defmt frame-index: 18>:0)
110.137175 [INFO ] PPSGEN count=102 interval_ns=1000002624 dev_ns=2624 phase_ns=200362 hwphase_ns=16 trim_ppb=7 cfg=4 p_ns=1 d_ns=3 trim_mppb=7983 lk=1 (<crate> └─ <invalid location: defmt frame-index: 18>:0)
111.137175 [INFO ] PPSGEN count=103 interval_ns=1000002624 dev_ns=2624 phase_ns=194362 hwphase_ns=16 trim_ppb=7 cfg=4 p_ns=1 d_ns=0 trim_mppb=7890 lk=1 (<crate> └─ <invalid location: defmt frame-index: 18>:0)
112.137164 [INFO ] PPSGEN count=104 interval_ns=1000002624 dev_ns=2624 phase_ns=197363 hwphase_ns=32 trim_ppb=7 cfg=4 p_ns=3 d_ns=4 trim_mppb=7648 lk=1 (<crate> └─ <invalid location: defmt frame-index: 18>:0)
113.137187 [INFO ] PPSGEN count=105 interval_ns=1000002624 dev_ns=2624 phase_ns=205364 hwphase_ns=64 trim_ppb=7 cfg=4 p_ns=7 d_ns=6 trim_mppb=7203 lk=1 (<crate> └─ <invalid location: defmt frame-index: 18>:0)
114.137177 [INFO ] PPSGEN count=106 interval_ns=1000002624 dev_ns=2624 phase_ns=201365 hwphase_ns=80 trim_ppb=6 cfg=4 p_ns=8 d_ns=2 trim_mppb=6680 lk=1 (<crate> └─ <invalid location: defmt frame-index: 18>:0)
115.137173 [INFO ] PPSGEN count=107 interval_ns=1000002608 dev_ns=2608 phase_ns=202366 hwphase_ns=80 trim_ppb=6 cfg=4 p_ns=8 d_ns=0 trim_mppb=6134 lk=1 (<crate> └─ <invalid location: defmt frame-index: 18>:0)
116.137201 [INFO ] PPSGEN count=108 interval_ns=1000002608 dev_ns=2608 phase_ns=216367 hwphase_ns=96 trim_ppb=5 cfg=4 p_ns=11 d_ns=4 trim_mppb=5447 lk=1 (<crate> └─ <invalid location: defmt frame-index: 18>:0)
117.137184 [INFO ] PPSGEN count=109 interval_ns=1000002608 dev_ns=2608 phase_ns=186368 hwphase_ns=96 trim_ppb=4 cfg=4 p_ns=10 d_ns=-1 trim_mppb=4815 lk=1 (<crate> └─ <invalid location: defmt frame-index: 18>:0)
118.137194 [INFO ] PPSGEN count=110 interval_ns=1000002608 dev_ns=2608 phase_ns=215369 hwphase_ns=112 trim_ppb=4 cfg=4 p_ns=12 d_ns=5 trim_mppb=4011 lk=1 (<crate> └─ <invalid location: defmt frame-index: 18>:0)
119.137199 [INFO ] PPSGEN count=111 interval_ns=1000002608 dev_ns=2608 phase_ns=202371 hwphase_ns=128 trim_ppb=3 cfg=4 p_ns=13 d_ns=2 trim_mppb=3144 lk=1 (<crate> └─ <invalid location: defmt frame-index: 18>:0)
120.137204 [INFO ] PPSGEN count=112 interval_ns=1000002592 dev_ns=2592 phase_ns=208372 hwphase_ns=128 trim_ppb=2 cfg=4 p_ns=14 d_ns=0 trim_mppb=2262 lk=1 (<crate> └─ <invalid location: defmt frame-index: 18>:0)
121.137199 [INFO ] PPSGEN count=113 interval_ns=1000002592 dev_ns=2592 phase_ns=198373 hwphase_ns=128 trim_ppb=1 cfg=4 p_ns=14 d_ns=0 trim_mppb=1372 lk=1 (<crate> └─ <invalid location: defmt frame-index: 18>:0)
122.137200 [INFO ] PPSGEN count=114 interval_ns=1000002608 dev_ns=2608 phase_ns=210374 hwphase_ns=144 trim_ppb=0 cfg=4 p_ns=16 d_ns=4 trim_mppb=357 lk=1 (<crate> └─ <invalid location: defmt frame-index: 18>:0)
123.137173 [INFO ] PPSGEN count=115 interval_ns=1000002592 dev_ns=2592 phase_ns=176750 hwphase_ns=144 trim_ppb=0 cfg=4 p_ns=15 d_ns=-1 trim_mppb=-611 lk=1 (<crate> └─ <invalid location: defmt frame-index: 18>:0)
124.137211 [INFO ] PPSGEN count=116 interval_ns=1000002592 dev_ns=2592 phase_ns=213377 hwphase_ns=160 trim_ppb=-1 cfg=4 p_ns=18 d_ns=5 trim_mppb=-1751 lk=1 (<crate> └─ <invalid location: defmt frame-index: 18>:0)
125.137203 [INFO ] PPSGEN count=117 interval_ns=1000002592 dev_ns=2592 phase_ns=205378 hwphase_ns=160 trim_ppb=-2 cfg=4 p_ns=17 d_ns=-2 trim_mppb=-2821 lk=1 (<crate> └─ <invalid location: defmt frame-index: 18>:0)
126.137216 [INFO ] PPSGEN count=118 interval_ns=1000002576 dev_ns=2576 phase_ns=202379 hwphase_ns=160 trim_ppb=-3 cfg=4 p_ns=18 d_ns=2 trim_mppb=-3953 lk=1 (<crate> └─ <invalid location: defmt frame-index: 18>:0)
127.137207 [INFO ] PPSGEN count=119 interval_ns=1000002592 dev_ns=2592 phase_ns=185380 hwphase_ns=176 trim_ppb=-5 cfg=4 p_ns=19 d_ns=2 trim_mppb=-5171 lk=1 (<crate> └─ <invalid location: defmt frame-index: 18>:0)
128.137210 [INFO ] PPSGEN count=120 interval_ns=1000002576 dev_ns=2576 phase_ns=188382 hwphase_ns=176 trim_ppb=-6 cfg=4 p_ns=19 d_ns=0 trim_mppb=-6381 lk=1 (<crate> └─ <invalid location: defmt frame-index: 18>:0)
129.137215 [INFO ] PPSGEN count=121 interval_ns=1000002576 dev_ns=2576 phase_ns=197383 hwphase_ns=176 trim_ppb=-7 cfg=4 p_ns=19 d_ns=0 trim_mppb=-7607 lk=1 (<crate> └─ <invalid location: defmt frame-index: 18>:0)
130.137233 [INFO ] PPSGEN count=122 interval_ns=1000002560 dev_ns=2560 phase_ns=220384 hwphase_ns=160 trim_ppb=-8 cfg=4 p_ns=17 d_ns=-4 trim_mppb=-8708 lk=1 (<crate> └─ <invalid location: defmt frame-index: 18>:0)
131.137230 [INFO ] PPSGEN count=123 interval_ns=1000002576 dev_ns=2576 phase_ns=200386 hwphase_ns=160 trim_ppb=-9 cfg=4 p_ns=18 d_ns=1 trim_mppb=-9856 lk=1 (<crate> └─ <invalid location: defmt frame-index: 18>:0)
132.137221 [INFO ] PPSGEN count=124 interval_ns=1000002576 dev_ns=2576 phase_ns=185387 hwphase_ns=160 trim_ppb=-10 cfg=4 p_ns=17 d_ns=-1 trim_mppb=-10957 lk=1 (<crate> └─ <invalid location: defmt frame-index: 18>:0)
133.137205 [INFO ] PPSGEN count=125 interval_ns=1000002560 dev_ns=2560 phase_ns=176776 hwphase_ns=144 trim_ppb=-11 cfg=4 p_ns=16 d_ns=-3 trim_mppb=-11957 lk=1 (<crate> └─ <invalid location: defmt frame-index: 18>:0)
134.137220 [INFO ] PPSGEN count=126 interval_ns=1000002560 dev_ns=2560 phase_ns=193390 hwphase_ns=144 trim_ppb=-12 cfg=4 p_ns=16 d_ns=0 trim_mppb=-12980 lk=1 (<crate> └─ <invalid location: defmt frame-index: 18>:0)
135.137231 [INFO ] PPSGEN count=127 interval_ns=1000002576 dev_ns=2576 phase_ns=217391 hwphase_ns=144 trim_ppb=-13 cfg=4 p_ns=16 d_ns=0 trim_mppb=-13980 lk=1 (<crate> └─ <invalid location: defmt frame-index: 18>:0)
136.137230 [INFO ] PPSGEN count=128 interval_ns=1000002560 dev_ns=2560 phase_ns=200392 hwphase_ns=144 trim_ppb=-14 cfg=4 p_ns=16 d_ns=0 trim_mppb=-14980 lk=1 (<crate> └─ <invalid location: defmt frame-index: 18>:0)
137.137233 [INFO ] PPSGEN count=129 interval_ns=1000002544 dev_ns=2544 phase_ns=191393 hwphase_ns=112 trim_ppb=-15 cfg=4 p_ns=12 d_ns=-8 trim_mppb=-15730 lk=1 (<crate> └─ <invalid location: defmt frame-index: 18>:0)
138.137232 [INFO ] PPSGEN count=130 interval_ns=1000002544 dev_ns=2544 phase_ns=196395 hwphase_ns=96 trim_ppb=-16 cfg=4 p_ns=11 d_ns=-1 trim_mppb=-16448 lk=1 (<crate> └─ <invalid location: defmt frame-index: 18>:0)
139.137228 [INFO ] PPSGEN count=131 interval_ns=1000002576 dev_ns=2576 phase_ns=197396 hwphase_ns=112 trim_ppb=-17 cfg=4 p_ns=12 d_ns=2 trim_mppb=-17244 lk=1 (<crate> └─ <invalid location: defmt frame-index: 18>:0)
140.137235 [INFO ] PPSGEN count=132 interval_ns=1000002560 dev_ns=2560 phase_ns=200397 hwphase_ns=112 trim_ppb=-18 cfg=4 p_ns=12 d_ns=-1 trim_mppb=-18009 lk=1 (<crate> └─ <invalid location: defmt frame-index: 18>:0)
141.137256 [INFO ] PPSGEN count=133 interval_ns=1000002544 dev_ns=2544 phase_ns=205399 hwphase_ns=96 trim_ppb=-18 cfg=4 p_ns=10 d_ns=-3 trim_mppb=-18673 lk=1 (<crate> └─ <invalid location: defmt frame-index: 18>:0)
142.137215 [INFO ] PPSGEN count=134 interval_ns=1000002560 dev_ns=2560 phase_ns=174800 hwphase_ns=96 trim_ppb=-19 cfg=4 p_ns=11 d_ns=1 trim_mppb=-19368 lk=1 (<crate> └─ <invalid location: defmt frame-index: 18>:0)
143.137259 [INFO ] PPSGEN count=135 interval_ns=1000002560 dev_ns=2560 phase_ns=201401 hwphase_ns=96 trim_ppb=-20 cfg=4 p_ns=10 d_ns=-1 trim_mppb=-20024 lk=1 (<crate> └─ <invalid location: defmt frame-index: 18>:0)
144.137253 [INFO ] PPSGEN count=136 interval_ns=1000002544 dev_ns=2544 phase_ns=201403 hwphase_ns=80 trim_ppb=-20 cfg=4 p_ns=8 d_ns=-3 trim_mppb=-20578 lk=1 (<crate> └─ <invalid location: defmt frame-index: 18>:0)
145.137253 [INFO ] PPSGEN count=137 interval_ns=1000002544 dev_ns=2544 phase_ns=204404 hwphase_ns=64 trim_ppb=-21 cfg=4 p_ns=7 d_ns=-3 trim_mppb=-21038 lk=1 (<crate> └─ <invalid location: defmt frame-index: 18>:0)
146.137246 [INFO ] PPSGEN count=138 interval_ns=1000002560 dev_ns=2560 phase_ns=187405 hwphase_ns=64 trim_ppb=-21 cfg=4 p_ns=7 d_ns=0 trim_mppb=-21506 lk=1 (<crate> └─ <invalid location: defmt frame-index: 18>:0)
147.137271 [INFO ] PPSGEN count=139 interval_ns=1000002544 dev_ns=2544 phase_ns=208406 hwphase_ns=48 trim_ppb=-21 cfg=4 p_ns=5 d_ns=-4 trim_mppb=-21826 lk=1 (<crate> └─ <invalid location: defmt frame-index: 18>:0)
148.137265 [INFO ] PPSGEN count=140 interval_ns=1000002560 dev_ns=2560 phase_ns=197407 hwphase_ns=48 trim_ppb=-22 cfg=4 p_ns=5 d_ns=1 trim_mppb=-22193 lk=1 (<crate> └─ <invalid location: defmt frame-index: 18>:0)
149.137276 [INFO ] PPSGEN count=141 interval_ns=1000002544 dev_ns=2544 phase_ns=219408 hwphase_ns=48 trim_ppb=-22 cfg=4 p_ns=5 d_ns=-1 trim_mppb=-22521 lk=1 (<crate> └─ <invalid location: defmt frame-index: 18>:0)
150.137262 [INFO ] PPSGEN count=142 interval_ns=1000002544 dev_ns=2544 phase_ns=170410 hwphase_ns=32 trim_ppb=-22 cfg=4 p_ns=3 d_ns=-3 trim_mppb=-22739 lk=1 (<crate> └─ <invalid location: defmt frame-index: 18>:0)
151.137275 [INFO ] PPSGEN count=143 interval_ns=1000002544 dev_ns=2544 phase_ns=206410 hwphase_ns=16 trim_ppb=-22 cfg=4 p_ns=2 d_ns=-3 trim_mppb=-22864 lk=1 (<crate> └─ <invalid location: defmt frame-index: 18>:0)
152.137273 [INFO ] PPSGEN count=144 interval_ns=1000002544 dev_ns=2544 phase_ns=193412 hwphase_ns=16 trim_ppb=-22 cfg=4 p_ns=2 d_ns=0 trim_mppb=-22996 lk=1 (<crate> └─ <invalid location: defmt frame-index: 18>:0)
153.137246 [INFO ] PPSGEN count=145 interval_ns=1000002544 dev_ns=2544 phase_ns=175826 hwphase_ns=0 trim_ppb=-22 cfg=4 p_ns=0 d_ns=-4 trim_mppb=-22981 lk=1 (<crate> └─ <invalid location: defmt frame-index: 18>:0)
154.137277 [INFO ] PPSGEN count=146 interval_ns=1000002544 dev_ns=2544 phase_ns=198414 hwphase_ns=-16 trim_ppb=-22 cfg=4 p_ns=-1 d_ns=-2 trim_mppb=-22888 lk=1 (<crate> └─ <invalid location: defmt frame-index: 18>:0)
155.137279 [INFO ] PPSGEN count=147 interval_ns=1000002528 dev_ns=2528 phase_ns=200415 hwphase_ns=-32 trim_ppb=-22 cfg=4 p_ns=-3 d_ns=-4 trim_mppb=-22662 lk=1 (<crate> └─ <invalid location: defmt frame-index: 18>:0)
156.137274 [INFO ] PPSGEN count=148 interval_ns=1000002544 dev_ns=2544 phase_ns=194416 hwphase_ns=-48 trim_ppb=-22 cfg=4 p_ns=-5 d_ns=-3 trim_mppb=-22342 lk=1 (<crate> └─ <invalid location: defmt frame-index: 18>:0)
157.137292 [INFO ] PPSGEN count=149 interval_ns=1000002544 dev_ns=2544 phase_ns=217417 hwphase_ns=-48 trim_ppb=-22 cfg=4 p_ns=-5 d_ns=0 trim_mppb=-22030 lk=1 (<crate> └─ <invalid location: defmt frame-index: 18>:0)
158.137292 [INFO ] PPSGEN count=150 interval_ns=1000002544 dev_ns=2544 phase_ns=184418 hwphase_ns=-48 trim_ppb=-21 cfg=4 p_ns=-5 d_ns=0 trim_mppb=-21695 lk=1 (<crate> └─ <invalid location: defmt frame-index: 18>:0)
159.137297 [INFO ] PPSGEN count=151 interval_ns=1000002528 dev_ns=2528 phase_ns=192419 hwphase_ns=-64 trim_ppb=-21 cfg=4 p_ns=-7 d_ns=-4 trim_mppb=-21235 lk=1 (<crate> └─ <invalid location: defmt frame-index: 18>:0)
160.137297 [INFO ] PPSGEN count=152 interval_ns=1000002544 dev_ns=2544 phase_ns=207421 hwphase_ns=-64 trim_ppb=-20 cfg=4 p_ns=-6 d_ns=1 trim_mppb=-20821 lk=1 (<crate> └─ <invalid location: defmt frame-index: 18>:0)
161.137303 [INFO ] PPSGEN count=153 interval_ns=1000002544 dev_ns=2544 phase_ns=205421 hwphase_ns=-80 trim_ppb=-20 cfg=4 p_ns=-9 d_ns=-5 trim_mppb=-20236 lk=1 (<crate> └─ <invalid location: defmt frame-index: 18>:0)
162.137295 [INFO ] PPSGEN count=154 interval_ns=1000002528 dev_ns=2528 phase_ns=194422 hwphase_ns=-96 trim_ppb=-19 cfg=4 p_ns=-10 d_ns=-1 trim_mppb=-19596 lk=1 (<crate> └─ <invalid location: defmt frame-index: 18>:0)
163.137301 [INFO ] PPSGEN count=155 interval_ns=1000002544 dev_ns=2544 phase_ns=203423 hwphase_ns=-96 trim_ppb=-18 cfg=4 p_ns=-10 d_ns=0 trim_mppb=-18932 lk=1 (<crate> └─ <invalid location: defmt frame-index: 18>:0)
164.137306 [INFO ] PPSGEN count=156 interval_ns=1000002544 dev_ns=2544 phase_ns=196425 hwphase_ns=-80 trim_ppb=-18 cfg=4 p_ns=-8 d_ns=3 trim_mppb=-18386 lk=1 (<crate> └─ <invalid location: defmt frame-index: 18>:0)
165.137310 [INFO ] PPSGEN count=157 interval_ns=1000002544 dev_ns=2544 phase_ns=201426 hwphase_ns=-80 trim_ppb=-17 cfg=4 p_ns=-9 d_ns=-1 trim_mppb=-17801 lk=1 (<crate> └─ <invalid location: defmt frame-index: 18>:0)
166.137316 [INFO ] PPSGEN count=158 interval_ns=1000002528 dev_ns=2528 phase_ns=197427 hwphase_ns=-96 trim_ppb=-17 cfg=4 p_ns=-10 d_ns=-2 trim_mppb=-17130 lk=1 (<crate> └─ <invalid location: defmt frame-index: 18>:0)
167.137319 [INFO ] PPSGEN count=159 interval_ns=1000002544 dev_ns=2544 phase_ns=200428 hwphase_ns=-96 trim_ppb=-16 cfg=4 p_ns=-10 d_ns=0 trim_mppb=-16474 lk=1 (<crate> └─ <invalid location: defmt frame-index: 18>:0)
168.137323 [INFO ] PPSGEN count=160 interval_ns=1000002544 dev_ns=2544 phase_ns=201429 hwphase_ns=-80 trim_ppb=-15 cfg=4 p_ns=-8 d_ns=3 trim_mppb=-15928 lk=1 (<crate> └─ <invalid location: defmt frame-index: 18>:0)
169.137315 [INFO ] PPSGEN count=161 interval_ns=1000002544 dev_ns=2544 phase_ns=191430 hwphase_ns=-64 trim_ppb=-15 cfg=4 p_ns=-7 d_ns=2 trim_mppb=-15468 lk=1 (<crate> └─ <invalid location: defmt frame-index: 18>:0)
170.137310 [INFO ] PPSGEN count=162 interval_ns=1000002528 dev_ns=2528 phase_ns=182431 hwphase_ns=-80 trim_ppb=-14 cfg=4 p_ns=-9 d_ns=-4 trim_mppb=-14883 lk=1 (<crate> └─ <invalid location: defmt frame-index: 18>:0)
171.137321 [INFO ] PPSGEN count=163 interval_ns=1000002528 dev_ns=2528 phase_ns=197432 hwphase_ns=-80 trim_ppb=-14 cfg=4 p_ns=-8 d_ns=2 trim_mppb=-14360 lk=1 (<crate> └─ <invalid location: defmt frame-index: 18>:0)
172.137293 [INFO ] PPSGEN count=164 interval_ns=1000002544 dev_ns=2544 phase_ns=176867 hwphase_ns=-64 trim_ppb=-13 cfg=4 p_ns=-7 d_ns=2 trim_mppb=-13907 lk=1 (<crate> └─ <invalid location: defmt frame-index: 18>:0)
173.137335 [INFO ] PPSGEN count=165 interval_ns=1000002528 dev_ns=2528 phase_ns=200434 hwphase_ns=-80 trim_ppb=-13 cfg=4 p_ns=-9 d_ns=-4 trim_mppb=-13322 lk=1 (<crate> └─ <invalid location: defmt frame-index: 18>:0)
174.137328 [INFO ] PPSGEN count=166 interval_ns=1000002528 dev_ns=2528 phase_ns=195436 hwphase_ns=-80 trim_ppb=-12 cfg=4 p_ns=-8 d_ns=2 trim_mppb=-12799 lk=1 (<crate> └─ <invalid location: defmt frame-index: 18>:0)
175.137347 [INFO ] PPSGEN count=167 interval_ns=1000002528 dev_ns=2528 phase_ns=209437 hwphase_ns=-64 trim_ppb=-12 cfg=4 p_ns=-7 d_ns=2 trim_mppb=-12346 lk=1 (<crate> └─ <invalid location: defmt frame-index: 18>:0)
176.137312 [INFO ] PPSGEN count=168 interval_ns=1000002528 dev_ns=2528 phase_ns=180877 hwphase_ns=-64 trim_ppb=-11 cfg=4 p_ns=-7 d_ns=0 trim_mppb=-11886 lk=1 (<crate> └─ <invalid location: defmt frame-index: 18>:0)
177.137319 [INFO ] PPSGEN count=169 interval_ns=1000002528 dev_ns=2528 phase_ns=175439 hwphase_ns=-64 trim_ppb=-11 cfg=4 p_ns=-7 d_ns=0 trim_mppb=-11441 lk=1 (<crate> └─ <invalid location: defmt frame-index: 18>:0)
178.137349 [INFO ] PPSGEN count=170 interval_ns=1000002528 dev_ns=2528 phase_ns=203440 hwphase_ns=-64 trim_ppb=-10 cfg=4 p_ns=-7 d_ns=0 trim_mppb=-10996 lk=1 (<crate> └─ <invalid location: defmt frame-index: 18>:0)
179.137348 [INFO ] PPSGEN count=171 interval_ns=1000002528 dev_ns=2528 phase_ns=211441 hwphase_ns=-64 trim_ppb=-10 cfg=4 p_ns=-7 d_ns=0 trim_mppb=-10551 lk=1 (<crate> └─ <invalid location: defmt frame-index: 18>:0)
180.137346 [INFO ] PPSGEN count=172 interval_ns=1000002528 dev_ns=2528 phase_ns=198443 hwphase_ns=-48 trim_ppb=-10 cfg=4 p_ns=-5 d_ns=4 trim_mppb=-10231 lk=1 (<crate> └─ <invalid location: defmt frame-index: 18>:0)
181.137367 [INFO ] PPSGEN count=173 interval_ns=1000002512 dev_ns=2512 phase_ns=211444 hwphase_ns=-64 trim_ppb=-9 cfg=4 p_ns=-7 d_ns=-5 trim_mppb=-9739 lk=1 (<crate> └─ <invalid location: defmt frame-index: 18>:0)
182.137360 [INFO ] PPSGEN count=174 interval_ns=1000002528 dev_ns=2528 phase_ns=204445 hwphase_ns=-64 trim_ppb=-9 cfg=4 p_ns=-6 d_ns=2 trim_mppb=-9333 lk=1 (<crate> └─ <invalid location: defmt frame-index: 18>:0)
183.137322 [INFO ] PPSGEN count=175 interval_ns=1000002528 dev_ns=2528 phase_ns=173892 hwphase_ns=-48 trim_ppb=-8 cfg=4 p_ns=-5 d_ns=2 trim_mppb=-8990 lk=1 (<crate> └─ <invalid location: defmt frame-index: 18>:0)
184.137359 [INFO ] PPSGEN count=176 interval_ns=1000002528 dev_ns=2528 phase_ns=202447 hwphase_ns=-48 trim_ppb=-8 cfg=4 p_ns=-5 d_ns=0 trim_mppb=-8639 lk=1 (<crate> └─ <invalid location: defmt frame-index: 18>:0)
185.137364 [INFO ] PPSGEN count=177 interval_ns=1000002512 dev_ns=2512 phase_ns=200448 hwphase_ns=-64 trim_ppb=-8 cfg=4 p_ns=-7 d_ns=-3 trim_mppb=-8179 lk=1 (<crate> └─ <invalid location: defmt frame-index: 18>:0)
186.137360 [INFO ] PPSGEN count=178 interval_ns=1000002528 dev_ns=2528 phase_ns=201449 hwphase_ns=-32 trim_ppb=-8 cfg=4 p_ns=-2 d_ns=9 trim_mppb=-8008 lk=1 (<crate> └─ <invalid location: defmt frame-index: 18>:0)
187.137365 [INFO ] PPSGEN count=179 interval_ns=1000002528 dev_ns=2528 phase_ns=203450 hwphase_ns=-32 trim_ppb=-7 cfg=4 p_ns=-4 d_ns=-4 trim_mppb=-7704 lk=1 (<crate> └─ <invalid location: defmt frame-index: 18>:0)
188.137373 [INFO ] PPSGEN count=180 interval_ns=1000002512 dev_ns=2512 phase_ns=201451 hwphase_ns=-32 trim_ppb=-7 cfg=4 p_ns=-3 d_ns=3 trim_mppb=-7517 lk=1 (<crate> └─ <invalid location: defmt frame-index: 18>:0)
189.137364 [INFO ] PPSGEN count=181 interval_ns=1000002528 dev_ns=2528 phase_ns=193452 hwphase_ns=-16 trim_ppb=-7 cfg=4 p_ns=-2 d_ns=2 trim_mppb=-7392 lk=1 (<crate> └─ <invalid location: defmt frame-index: 18>:0)
190.137383 [INFO ] PPSGEN count=182 interval_ns=1000002528 dev_ns=2528 phase_ns=211453 hwphase_ns=0 trim_ppb=-7 cfg=4 p_ns=0 d_ns=4 trim_mppb=-7392 lk=1 (<crate> └─ <invalid location: defmt frame-index: 18>:0)
191.137375 [INFO ] PPSGEN count=183 interval_ns=1000002512 dev_ns=2512 phase_ns=202455 hwphase_ns=0 trim_ppb=-7 cfg=4 p_ns=0 d_ns=-1 trim_mppb=-7361 lk=1 (<crate> └─ <invalid location: defmt frame-index: 18>:0)
192.137375 [INFO ] PPSGEN count=184 interval_ns=1000002512 dev_ns=2512 phase_ns=199456 hwphase_ns=0 trim_ppb=-7 cfg=4 p_ns=0 d_ns=1 trim_mppb=-7368 lk=1 (<crate> └─ <invalid location: defmt frame-index: 18>:0)
193.137385 [INFO ] PPSGEN count=185 interval_ns=1000002512 dev_ns=2512 phase_ns=199456 hwphase_ns=-16 trim_ppb=-7 cfg=4 p_ns=-2 d_ns=-4 trim_mppb=-7236 lk=1 (<crate> └─ <invalid location: defmt frame-index: 18>:0)
194.137388 [INFO ] PPSGEN count=186 interval_ns=1000002512 dev_ns=2512 phase_ns=186457 hwphase_ns=-16 trim_ppb=-7 cfg=4 p_ns=-1 d_ns=1 trim_mppb=-7158 lk=1 (<crate> └─ <invalid location: defmt frame-index: 18>:0)
195.137399 [INFO ] PPSGEN count=187 interval_ns=1000002512 dev_ns=2512 phase_ns=212458 hwphase_ns=-16 trim_ppb=-7 cfg=4 p_ns=-2 d_ns=-1 trim_mppb=-7033 lk=1 (<crate> └─ <invalid location: defmt frame-index: 18>:0)
196.137400 [INFO ] PPSGEN count=188 interval_ns=1000002512 dev_ns=2512 phase_ns=202460 hwphase_ns=0 trim_ppb=-7 cfg=4 p_ns=0 d_ns=4 trim_mppb=-7056 lk=1 (<crate> └─ <invalid location: defmt frame-index: 18>:0)
197.137405 [INFO ] PPSGEN count=189 interval_ns=1000002512 dev_ns=2512 phase_ns=209460 hwphase_ns=0 trim_ppb=-7 cfg=4 p_ns=0 d_ns=-1 trim_mppb=-7025 lk=1 (<crate> └─ <invalid location: defmt frame-index: 18>:0)
198.137408 [INFO ] PPSGEN count=190 interval_ns=1000002512 dev_ns=2512 phase_ns=200462 hwphase_ns=16 trim_ppb=-7 cfg=4 p_ns=2 d_ns=5 trim_mppb=-7157 lk=1 (<crate> └─ <invalid location: defmt frame-index: 18>:0)
199.137373 [INFO ] PPSGEN count=191 interval_ns=1000002512 dev_ns=2512 phase_ns=167925 hwphase_ns=16 trim_ppb=-7 cfg=4 p_ns=1 d_ns=-2 trim_mppb=-7227 lk=1 (<crate> └─ <invalid location: defmt frame-index: 18>:0)
200.137393 [INFO ] PPSGEN count=192 interval_ns=1000002496 dev_ns=2496 phase_ns=199463 hwphase_ns=0 trim_ppb=-7 cfg=4 p_ns=0 d_ns=-2 trim_mppb=-7234 lk=1 (<crate> └─ <invalid location: defmt frame-index: 18>:0)
201.137409 [INFO ] PPSGEN count=193 interval_ns=1000002512 dev_ns=2512 phase_ns=209464 hwphase_ns=0 trim_ppb=-7 cfg=4 p_ns=0 d_ns=0 trim_mppb=-7249 lk=1 (<crate> └─ <invalid location: defmt frame-index: 18>:0)
202.137397 [INFO ] PPSGEN count=194 interval_ns=1000002512 dev_ns=2512 phase_ns=196465 hwphase_ns=0 trim_ppb=-7 cfg=4 p_ns=0 d_ns=0 trim_mppb=-7249 lk=1 (<crate> └─ <invalid location: defmt frame-index: 18>:0)
203.137410 [INFO ] PPSGEN count=195 interval_ns=1000002496 dev_ns=2496 phase_ns=203466 hwphase_ns=0 trim_ppb=-7 cfg=4 p_ns=0 d_ns=0 trim_mppb=-7249 lk=1 (<crate> └─ <invalid location: defmt frame-index: 18>:0)
204.137411 [INFO ] PPSGEN count=196 interval_ns=1000002512 dev_ns=2512 phase_ns=206467 hwphase_ns=0 trim_ppb=-7 cfg=4 p_ns=0 d_ns=0 trim_mppb=-7249 lk=1 (<crate> └─ <invalid location: defmt frame-index: 18>:0)
205.137425 [INFO ] PPSGEN count=197 interval_ns=1000002496 dev_ns=2496 phase_ns=211467 hwphase_ns=-16 trim_ppb=-7 cfg=4 p_ns=-2 d_ns=-4 trim_mppb=-7124 lk=1 (<crate> └─ <invalid location: defmt frame-index: 18>:0)
206.137407 [INFO ] PPSGEN count=198 interval_ns=1000002496 dev_ns=2496 phase_ns=172468 hwphase_ns=-32 trim_ppb=-6 cfg=4 p_ns=-3 d_ns=-2 trim_mppb=-6921 lk=1 (<crate> └─ <invalid location: defmt frame-index: 18>:0)
207.137426 [INFO ] PPSGEN count=199 interval_ns=1000002512 dev_ns=2512 phase_ns=207469 hwphase_ns=-16 trim_ppb=-6 cfg=4 p_ns=-1 d_ns=3 trim_mppb=-6836 lk=1 (<crate> └─ <invalid location: defmt frame-index: 18>:0)
208.137420 [INFO ] PPSGEN count=200 interval_ns=1000002496 dev_ns=2496 phase_ns=200470 hwphase_ns=-32 trim_ppb=-6 cfg=4 p_ns=-4 d_ns=-5 trim_mppb=-6571 lk=1 (<crate> └─ <invalid location: defmt frame-index: 18>:0)
209.137412 [INFO ] PPSGEN count=201 interval_ns=1000002496 dev_ns=2496 phase_ns=198470 hwphase_ns=-48 trim_ppb=-6 cfg=4 p_ns=-4 d_ns=-1 trim_mppb=-6267 lk=1 (<crate> └─ <invalid location: defmt frame-index: 18>:0)
210.137436 [INFO ] PPSGEN count=202 interval_ns=1000002512 dev_ns=2512 phase_ns=204471 hwphase_ns=-48 trim_ppb=-5 cfg=4 p_ns=-5 d_ns=-1 trim_mppb=-5932 lk=1 (<crate> └─ <invalid location: defmt frame-index: 18>:0)
211.137424 [INFO ] PPSGEN count=203 interval_ns=1000002496 dev_ns=2496 phase_ns=195472 hwphase_ns=-48 trim_ppb=-5 cfg=4 p_ns=-5 d_ns=0 trim_mppb=-5604 lk=1 (<crate> └─ <invalid location: defmt frame-index: 18>:0)
212.137431 [INFO ] PPSGEN count=204 interval_ns=1000002512 dev_ns=2512 phase_ns=204472 hwphase_ns=-48 trim_ppb=-5 cfg=4 p_ns=-5 d_ns=0 trim_mppb=-5269 lk=1 (<crate> └─ <invalid location: defmt frame-index: 18>:0)
213.137435 [INFO ] PPSGEN count=205 interval_ns=1000002496 dev_ns=2496 phase_ns=201473 hwphase_ns=-48 trim_ppb=-4 cfg=4 p_ns=-5 d_ns=0 trim_mppb=-4934 lk=1 (<crate> └─ <invalid location: defmt frame-index: 18>:0)
214.137433 [INFO ] PPSGEN count=206 interval_ns=1000002496 dev_ns=2496 phase_ns=202474 hwphase_ns=-64 trim_ppb=-4 cfg=4 p_ns=-7 d_ns=-4 trim_mppb=-4474 lk=1 (<crate> └─ <invalid location: defmt frame-index: 18>:0)
215.137435 [INFO ] PPSGEN count=207 interval_ns=1000002496 dev_ns=2496 phase_ns=199474 hwphase_ns=-80 trim_ppb=-3 cfg=4 p_ns=-8 d_ns=-2 trim_mppb=-3935 lk=1 (<crate> └─ <invalid location: defmt frame-index: 18>:0)
216.137441 [INFO ] PPSGEN count=208 interval_ns=1000002512 dev_ns=2512 phase_ns=196475 hwphase_ns=-64 trim_ppb=-3 cfg=4 p_ns=-6 d_ns=3 trim_mppb=-3514 lk=1 (<crate> └─ <invalid location: defmt frame-index: 18>:0)
217.137448 [INFO ] PPSGEN count=209 interval_ns=1000002496 dev_ns=2496 phase_ns=202476 hwphase_ns=-80 trim_ppb=-2 cfg=4 p_ns=-9 d_ns=-5 trim_mppb=-2913 lk=1 (<crate> └─ <invalid location: defmt frame-index: 18>:0)
218.137445 [INFO ] PPSGEN count=210 interval_ns=1000002496 dev_ns=2496 phase_ns=196477 hwphase_ns=-80 trim_ppb=-2 cfg=4 p_ns=-8 d_ns=2 trim_mppb=-2398 lk=1 (<crate> └─ <invalid location: defmt frame-index: 18>:0)
219.137444 [INFO ] PPSGEN count=211 interval_ns=1000002512 dev_ns=2512 phase_ns=200477 hwphase_ns=-80 trim_ppb=-1 cfg=4 p_ns=-9 d_ns=-2 trim_mppb=-1820 lk=1 (<crate> └─ <invalid location: defmt frame-index: 18>:0)
220.137448 [INFO ] PPSGEN count=212 interval_ns=1000002496 dev_ns=2496 phase_ns=197478 hwphase_ns=-80 trim_ppb=-1 cfg=4 p_ns=-8 d_ns=1 trim_mppb=-1281 lk=1 (<crate> └─ <invalid location: defmt frame-index: 18>:0)
221.137459 [INFO ] PPSGEN count=213 interval_ns=1000002512 dev_ns=2512 phase_ns=212478 hwphase_ns=-80 trim_ppb=0 cfg=4 p_ns=-9 d_ns=-1 trim_mppb=-711 lk=1 (<crate> └─ <invalid location: defmt frame-index: 18>:0)
222.137469 [INFO ] PPSGEN count=214 interval_ns=1000002496 dev_ns=2496 phase_ns=209479 hwphase_ns=-80 trim_ppb=0 cfg=4 p_ns=-8 d_ns=0 trim_mppb=-165 lk=1 (<crate> └─ <invalid location: defmt frame-index: 18>:0)
223.137458 [INFO ] PPSGEN count=215 interval_ns=1000002496 dev_ns=2496 phase_ns=201480 hwphase_ns=-80 trim_ppb=0 cfg=4 p_ns=-9 d_ns=0 trim_mppb=397 lk=1 (<crate> └─ <invalid location: defmt frame-index: 18>:0)
224.137467 [INFO ] PPSGEN count=216 interval_ns=1000002512 dev_ns=2512 phase_ns=205480 hwphase_ns=-64 trim_ppb=0 cfg=4 p_ns=-6 d_ns=4 trim_mppb=826 lk=1 (<crate> └─ <invalid location: defmt frame-index: 18>:0)
225.137459 [INFO ] PPSGEN count=217 interval_ns=1000002496 dev_ns=2496 phase_ns=192481 hwphase_ns=-64 trim_ppb=1 cfg=4 p_ns=-7 d_ns=-1 trim_mppb=1310 lk=1 (<crate> └─ <invalid location: defmt frame-index: 18>:0)
226.137475 [INFO ] PPSGEN count=218 interval_ns=1000002496 dev_ns=2496 phase_ns=208482 hwphase_ns=-64 trim_ppb=1 cfg=4 p_ns=-7 d_ns=1 trim_mppb=1747 lk=1 (<crate> └─ <invalid location: defmt frame-index: 18>:0)
227.137475 [INFO ] PPSGEN count=219 interval_ns=1000002512 dev_ns=2512 phase_ns=208483 hwphase_ns=-32 trim_ppb=1 cfg=4 p_ns=-3 d_ns=7 trim_mppb=1950 lk=1 (<crate> └─ <invalid location: defmt frame-index: 18>:0)
228.137455 [INFO ] PPSGEN count=220 interval_ns=1000002496 dev_ns=2496 phase_ns=182484 hwphase_ns=-32 trim_ppb=2 cfg=4 p_ns=-4 d_ns=-2 trim_mppb=2231 lk=1 (<crate> └─ <invalid location: defmt frame-index: 18>:0)
229.137468 [INFO ] PPSGEN count=221 interval_ns=1000002496 dev_ns=2496 phase_ns=201484 hwphase_ns=-32 trim_ppb=2 cfg=4 p_ns=-3 d_ns=2 trim_mppb=2434 lk=1 (<crate> └─ <invalid location: defmt frame-index: 18>:0)
230.137467 [INFO ] PPSGEN count=222 interval_ns=1000002496 dev_ns=2496 phase_ns=200485 hwphase_ns=-16 trim_ppb=2 cfg=4 p_ns=-1 d_ns=2 trim_mppb=2551 lk=1 (<crate> └─ <invalid location: defmt frame-index: 18>:0)
231.137477 [INFO ] PPSGEN count=223 interval_ns=1000002480 dev_ns=2480 phase_ns=199486 hwphase_ns=-32 trim_ppb=2 cfg=4 p_ns=-4 d_ns=-4 trim_mppb=2808 lk=1 (<crate> └─ <invalid location: defmt frame-index: 18>:0)
232.137479 [INFO ] PPSGEN count=224 interval_ns=1000002496 dev_ns=2496 phase_ns=200487 hwphase_ns=-16 trim_ppb=2 cfg=4 p_ns=-1 d_ns=6 trim_mppb=2870 lk=1 (<crate> └─ <invalid location: defmt frame-index: 18>:0)
233.137482 [INFO ] PPSGEN count=225 interval_ns=1000002512 dev_ns=2512 phase_ns=201488 hwphase_ns=0 trim_ppb=2 cfg=4 p_ns=0 d_ns=0 trim_mppb=2909 lk=1 (<crate> └─ <invalid location: defmt frame-index: 18>:0)
234.137490 [INFO ] PPSGEN count=226 interval_ns=1000002480 dev_ns=2480 phase_ns=208488 hwphase_ns=-16 trim_ppb=3 cfg=4 p_ns=-2 d_ns=-2 trim_mppb=3034 lk=1 (<crate> └─ <invalid location: defmt frame-index: 18>:0)
235.137493 [INFO ] PPSGEN count=227 interval_ns=1000002496 dev_ns=2496 phase_ns=195489 hwphase_ns=0 trim_ppb=3 cfg=4 p_ns=0 d_ns=5 trim_mppb=3003 lk=1 (<crate> └─ <invalid location: defmt frame-index: 18>:0)
236.137485 [INFO ] PPSGEN count=228 interval_ns=1000002496 dev_ns=2496 phase_ns=204490 hwphase_ns=0 trim_ppb=3 cfg=4 p_ns=0 d_ns=-2 trim_mppb=3042 lk=1 (<crate> └─ <invalid location: defmt frame-index: 18>:0)
237.137483 [INFO ] PPSGEN count=229 interval_ns=1000002480 dev_ns=2480 phase_ns=184491 hwphase_ns=0 trim_ppb=3 cfg=4 p_ns=0 d_ns=1 trim_mppb=3027 lk=1 (<crate> └─ <invalid location: defmt frame-index: 18>:0)
238.137505 [INFO ] PPSGEN count=230 interval_ns=1000002496 dev_ns=2496 phase_ns=212491 hwphase_ns=16 trim_ppb=2 cfg=4 p_ns=1 d_ns=3 trim_mppb=2910 lk=1 (<crate> └─ <invalid location: defmt frame-index: 18>:0)
239.137496 [INFO ] PPSGEN count=231 interval_ns=1000002480 dev_ns=2480 phase_ns=196492 hwphase_ns=16 trim_ppb=2 cfg=4 p_ns=1 d_ns=0 trim_mppb=2817 lk=1 (<crate> └─ <invalid location: defmt frame-index: 18>:0)
240.137489 [INFO ] PPSGEN count=232 interval_ns=1000002496 dev_ns=2496 phase_ns=187493 hwphase_ns=32 trim_ppb=2 cfg=4 p_ns=3 d_ns=4 trim_mppb=2575 lk=1 (<crate> └─ <invalid location: defmt frame-index: 18>:0)
241.137512 [INFO ] PPSGEN count=233 interval_ns=1000002480 dev_ns=2480 phase_ns=207494 hwphase_ns=32 trim_ppb=2 cfg=4 p_ns=3 d_ns=-1 trim_mppb=2380 lk=1 (<crate> └─ <invalid location: defmt frame-index: 18>:0)
242.137521 [INFO ] PPSGEN count=234 interval_ns=1000002496 dev_ns=2496 phase_ns=218495 hwphase_ns=48 trim_ppb=2 cfg=4 p_ns=5 d_ns=5 trim_mppb=2021 lk=1 (<crate> └─ <invalid location: defmt frame-index: 18>:0)
243.137516 [INFO ] PPSGEN count=235 interval_ns=1000002480 dev_ns=2480 phase_ns=196496 hwphase_ns=64 trim_ppb=1 cfg=4 p_ns=6 d_ns=2 trim_mppb=1600 lk=1 (<crate> └─ <invalid location: defmt frame-index: 18>:0)
244.137528 [INFO ] PPSGEN count=236 interval_ns=1000002480 dev_ns=2480 phase_ns=208497 hwphase_ns=64 trim_ppb=1 cfg=4 p_ns=7 d_ns=0 trim_mppb=1163 lk=1 (<crate> └─ <invalid location: defmt frame-index: 18>:0)
245.137525 [INFO ] PPSGEN count=237 interval_ns=1000002464 dev_ns=2464 phase_ns=207498 hwphase_ns=48 trim_ppb=0 cfg=4 p_ns=5 d_ns=-3 trim_mppb=843 lk=1 (<crate> └─ <invalid location: defmt frame-index: 18>:0)
246.137526 [INFO ] PPSGEN count=238 interval_ns=1000002480 dev_ns=2480 phase_ns=203498 hwphase_ns=48 trim_ppb=0 cfg=4 p_ns=5 d_ns=1 trim_mppb=484 lk=1 (<crate> └─ <invalid location: defmt frame-index: 18>:0)
247.137515 [INFO ] PPSGEN count=239 interval_ns=1000002480 dev_ns=2480 phase_ns=195500 hwphase_ns=64 trim_ppb=0 cfg=4 p_ns=7 d_ns=3 trim_mppb=31 lk=1 (<crate> └─ <invalid location: defmt frame-index: 18>:0)
248.137516 [INFO ] PPSGEN count=240 interval_ns=1000002480 dev_ns=2480 phase_ns=185500 hwphase_ns=64 trim_ppb=0 cfg=4 p_ns=6 d_ns=-1 trim_mppb=-390 lk=1 (<crate> └─ <invalid location: defmt frame-index: 18>:0)
249.137518 [INFO ] PPSGEN count=241 interval_ns=1000002464 dev_ns=2464 phase_ns=193501 hwphase_ns=64 trim_ppb=0 cfg=4 p_ns=7 d_ns=1 trim_mppb=-850 lk=1 (<crate> └─ <invalid location: defmt frame-index: 18>:0)
250.137518 [INFO ] PPSGEN count=242 interval_ns=1000002480 dev_ns=2480 phase_ns=202502 hwphase_ns=64 trim_ppb=-1 cfg=4 p_ns=7 d_ns=0 trim_mppb=-1287 lk=1 (<crate> └─ <invalid location: defmt frame-index: 18>:0)
251.137520 [INFO ] PPSGEN count=243 interval_ns=1000002464 dev_ns=2464 phase_ns=188503 hwphase_ns=64 trim_ppb=-1 cfg=4 p_ns=7 d_ns=0 trim_mppb=-1732 lk=1 (<crate> └─ <invalid location: defmt frame-index: 18>:0)
252.137530 [INFO ] PPSGEN count=244 interval_ns=1000002480 dev_ns=2480 phase_ns=191504 hwphase_ns=80 trim_ppb=-2 cfg=4 p_ns=9 d_ns=4 trim_mppb=-2302 lk=1 (<crate> └─ <invalid location: defmt frame-index: 18>:0)
253.137541 [INFO ] PPSGEN count=245 interval_ns=1000002464 dev_ns=2464 phase_ns=210504 hwphase_ns=64 trim_ppb=-2 cfg=4 p_ns=6 d_ns=-5 trim_mppb=-2700 lk=1 (<crate> └─ <invalid location: defmt frame-index: 18>:0)
254.137542 [INFO ] PPSGEN count=246 interval_ns=1000002464 dev_ns=2464 phase_ns=195505 hwphase_ns=48 trim_ppb=-3 cfg=4 p_ns=5 d_ns=-1 trim_mppb=-3067 lk=1 (<crate> └─ <invalid location: defmt frame-index: 18>:0)
255.137534 [INFO ] PPSGEN count=247 interval_ns=1000002464 dev_ns=2464 phase_ns=196506 hwphase_ns=48 trim_ppb=-3 cfg=4 p_ns=5 d_ns=0 trim_mppb=-3410 lk=1 (<crate> └─ <invalid location: defmt frame-index: 18>:0)
256.137536 [INFO ] PPSGEN count=248 interval_ns=1000002480 dev_ns=2480 phase_ns=205507 hwphase_ns=64 trim_ppb=-3 cfg=4 p_ns=7 d_ns=3 trim_mppb=-3870 lk=1 (<crate> └─ <invalid location: defmt frame-index: 18>:0)
257.137531 [INFO ] PPSGEN count=249 interval_ns=1000002464 dev_ns=2464 phase_ns=188508 hwphase_ns=64 trim_ppb=-4 cfg=4 p_ns=6 d_ns=-1 trim_mppb=-4291 lk=1 (<crate> └─ <invalid location: defmt frame-index: 18>:0)
258.137546 [INFO ] PPSGEN count=250 interval_ns=1000002448 dev_ns=2448 phase_ns=209509 hwphase_ns=48 trim_ppb=-4 cfg=4 p_ns=5 d_ns=-2 trim_mppb=-4626 lk=1 (<crate> └─ <invalid location: defmt frame-index: 18>:0)
259.137532 [INFO ] PPSGEN count=251 interval_ns=1000002464 dev_ns=2464 phase_ns=186509 hwphase_ns=32 trim_ppb=-4 cfg=4 p_ns=3 d_ns=-3 trim_mppb=-4852 lk=1 (<crate> └─ <invalid location: defmt frame-index: 18>:0)
260.137557 [INFO ] PPSGEN count=252 interval_ns=1000002464 dev_ns=2464 phase_ns=204510 hwphase_ns=32 trim_ppb=-5 cfg=4 p_ns=4 d_ns=0 trim_mppb=-5102 lk=1 (<crate> └─ <invalid location: defmt frame-index: 18>:0)
261.137537 [INFO ] PPSGEN count=253 interval_ns=1000002464 dev_ns=2464 phase_ns=198511 hwphase_ns=32 trim_ppb=-5 cfg=4 p_ns=3 d_ns=-1 trim_mppb=-5320 lk=1 (<crate> └─ <invalid location: defmt frame-index: 18>:0)
262.137565 [INFO ] PPSGEN count=254 interval_ns=1000002464 dev_ns=2464 phase_ns=213511 hwphase_ns=32 trim_ppb=-5 cfg=4 p_ns=3 d_ns=0 trim_mppb=-5554 lk=1 (<crate> └─ <invalid location: defmt frame-index: 18>:0)
263.137562 [INFO ] PPSGEN count=255 interval_ns=1000002464 dev_ns=2464 phase_ns=198512 hwphase_ns=32 trim_ppb=-5 cfg=4 p_ns=3 d_ns=0 trim_mppb=-5780 lk=1 (<crate> └─ <invalid location: defmt frame-index: 18>:0)
264.137560 [INFO ] PPSGEN count=256 interval_ns=1000002448 dev_ns=2448 phase_ns=204513 hwphase_ns=16 trim_ppb=-5 cfg=4 p_ns=1 d_ns=-4 trim_mppb=-5881 lk=1 (<crate> └─ <invalid location: defmt frame-index: 18>:0)
265.137560 [INFO ] PPSGEN count=257 interval_ns=1000002464 dev_ns=2464 phase_ns=197514 hwphase_ns=16 trim_ppb=-6 cfg=4 p_ns=2 d_ns=1 trim_mppb=-6029 lk=1 (<crate> └─ <invalid location: defmt frame-index: 18>:0)
266.137566 [INFO ] PPSGEN count=258 interval_ns=1000002464 dev_ns=2464 phase_ns=190514 hwphase_ns=16 trim_ppb=-6 cfg=4 p_ns=1 d_ns=-1 trim_mppb=-6130 lk=1 (<crate> └─ <invalid location: defmt frame-index: 18>:0)
267.137555 [INFO ] PPSGEN count=259 interval_ns=1000002448 dev_ns=2448 phase_ns=199515 hwphase_ns=0 trim_ppb=-6 cfg=4 p_ns=0 d_ns=-3 trim_mppb=-6130 lk=1 (<crate> └─ <invalid location: defmt frame-index: 18>:0)
268.137570 [INFO ] PPSGEN count=260 interval_ns=1000002464 dev_ns=2464 phase_ns=202516 hwphase_ns=16 trim_ppb=-6 cfg=4 p_ns=2 d_ns=4 trim_mppb=-6278 lk=1 (<crate> └─ <invalid location: defmt frame-index: 18>:0)
269.137573 [INFO ] PPSGEN count=261 interval_ns=1000002448 dev_ns=2448 phase_ns=202517 hwphase_ns=0 trim_ppb=-6 cfg=4 p_ns=0 d_ns=-6 trim_mppb=-6232 lk=1 (<crate> └─ <invalid location: defmt frame-index: 18>:0)
270.137568 [INFO ] PPSGEN count=262 interval_ns=1000002448 dev_ns=2448 phase_ns=201517 hwphase_ns=-16 trim_ppb=-6 cfg=4 p_ns=-1 d_ns=-1 trim_mppb=-6154 lk=1 (<crate> └─ <invalid location: defmt frame-index: 18>:0)
271.137573 [INFO ] PPSGEN count=263 interval_ns=1000002464 dev_ns=2464 phase_ns=199518 hwphase_ns=-16 trim_ppb=-6 cfg=4 p_ns=-1 d_ns=-1 trim_mppb=-6045 lk=1 (<crate> └─ <invalid location: defmt frame-index: 18>:0)
272.137570 [INFO ] PPSGEN count=264 interval_ns=1000002448 dev_ns=2448 phase_ns=182519 hwphase_ns=-32 trim_ppb=-5 cfg=4 p_ns=-3 d_ns=-4 trim_mppb=-5811 lk=1 (<crate> └─ <invalid location: defmt frame-index: 18>:0)
273.137582 [INFO ] PPSGEN count=265 interval_ns=1000002448 dev_ns=2448 phase_ns=205520 hwphase_ns=-32 trim_ppb=-5 cfg=4 p_ns=-3 d_ns=1 trim_mppb=-5616 lk=1 (<crate> └─ <invalid location: defmt frame-index: 18>:0)
274.137582 [INFO ] PPSGEN count=266 interval_ns=1000002448 dev_ns=2448 phase_ns=203520 hwphase_ns=-48 trim_ppb=-5 cfg=4 p_ns=-5 d_ns=-5 trim_mppb=-5257 lk=1 (<crate> └─ <invalid location: defmt frame-index: 18>:0)
275.137600 [INFO ] PPSGEN count=267 interval_ns=1000002448 dev_ns=2448 phase_ns=206521 hwphase_ns=-64 trim_ppb=-4 cfg=4 p_ns=-6 d_ns=-2 trim_mppb=-4836 lk=1 (<crate> └─ <invalid location: defmt frame-index: 18>:0)
276.137575 [INFO ] PPSGEN count=268 interval_ns=1000002464 dev_ns=2464 phase_ns=169521 hwphase_ns=-64 trim_ppb=-4 cfg=4 p_ns=-7 d_ns=0 trim_mppb=-4399 lk=1 (<crate> └─ <invalid location: defmt frame-index: 18>:0)
277.137570 [INFO ] PPSGEN count=269 interval_ns=1000002448 dev_ns=2448 phase_ns=173043 hwphase_ns=-80 trim_ppb=-3 cfg=4 p_ns=-9 d_ns=-4 trim_mppb=-3829 lk=1 (<crate> └─ <invalid location: defmt frame-index: 18>:0)
278.137601 [INFO ] PPSGEN count=270 interval_ns=1000002448 dev_ns=2448 phase_ns=202522 hwphase_ns=-96 trim_ppb=-3 cfg=4 p_ns=-10 d_ns=-2 trim_mppb=-3181 lk=1 (<crate> └─ <invalid location: defmt frame-index: 18>:0)
279.137579 [INFO ] PPSGEN count=271 interval_ns=1000002464 dev_ns=2464 phase_ns=181523 hwphase_ns=-96 trim_ppb=-2 cfg=4 p_ns=-10 d_ns=0 trim_mppb=-2525 lk=1 (<crate> └─ <invalid location: defmt frame-index: 18>:0)
280.137606 [INFO ] PPSGEN count=272 interval_ns=1000002464 dev_ns=2464 phase_ns=210523 hwphase_ns=-80 trim_ppb=-1 cfg=4 p_ns=-8 d_ns=3 trim_mppb=-1979 lk=1 (<crate> └─ <invalid location: defmt frame-index: 18>:0)
281.137569 [INFO ] PPSGEN count=273 interval_ns=1000002464 dev_ns=2464 phase_ns=179048 hwphase_ns=-80 trim_ppb=-1 cfg=4 p_ns=-9 d_ns=-1 trim_mppb=-1394 lk=1 (<crate> └─ <invalid location: defmt frame-index: 18>:0)
282.137598 [INFO ] PPSGEN count=274 interval_ns=1000002448 dev_ns=2448 phase_ns=193525 hwphase_ns=-80 trim_ppb=0 cfg=4 p_ns=-8 d_ns=1 trim_mppb=-848 lk=1 (<crate> └─ <invalid location: defmt frame-index: 18>:0)
283.137609 [INFO ] PPSGEN count=275 interval_ns=1000002448 dev_ns=2448 phase_ns=200525 hwphase_ns=-96 trim_ppb=0 cfg=4 p_ns=-11 d_ns=-4 trim_mppb=-153 lk=1 (<crate> └─ <invalid location: defmt frame-index: 18>:0)
284.137576 [INFO ] PPSGEN count=276 interval_ns=1000002464 dev_ns=2464 phase_ns=182051 hwphase_ns=-96 trim_ppb=0 cfg=4 p_ns=-10 d_ns=2 trim_mppb=479 lk=1 (<crate> └─ <invalid location: defmt frame-index: 18>:0)
285.137622 [INFO ] PPSGEN count=277 interval_ns=1000002448 dev_ns=2448 phase_ns=201526 hwphase_ns=-96 trim_ppb=1 cfg=4 p_ns=-11 d_ns=-1 trim_mppb=1166 lk=1 (<crate> └─ <invalid location: defmt frame-index: 18>:0)
286.137590 [INFO ] PPSGEN count=278 interval_ns=1000002464 dev_ns=2464 phase_ns=184053 hwphase_ns=-96 trim_ppb=1 cfg=4 p_ns=-10 d_ns=1 trim_mppb=1822 lk=1 (<crate> └─ <invalid location: defmt frame-index: 18>:0)
287.137619 [INFO ] PPSGEN count=279 interval_ns=1000002464 dev_ns=2464 phase_ns=199527 hwphase_ns=-80 trim_ppb=2 cfg=4 p_ns=-8 d_ns=3 trim_mppb=2376 lk=1 (<crate> └─ <invalid location: defmt frame-index: 18>:0)
288.137615 [INFO ] PPSGEN count=280 interval_ns=1000002448 dev_ns=2448 phase_ns=192528 hwphase_ns=-80 trim_ppb=2 cfg=4 p_ns=-9 d_ns=-1 trim_mppb=2961 lk=1 (<crate> └─ <invalid location: defmt frame-index: 18>:0)
289.137617 [INFO ] PPSGEN count=281 interval_ns=1000002448 dev_ns=2448 phase_ns=198528 hwphase_ns=-96 trim_ppb=3 cfg=4 p_ns=-10 d_ns=-2 trim_mppb=3632 lk=1 (<crate> └─ <invalid location: defmt frame-index: 18>:0)
290.137632 [INFO ] PPSGEN count=282 interval_ns=1000002464 dev_ns=2464 phase_ns=198529 hwphase_ns=-80 trim_ppb=4 cfg=4 p_ns=-8 d_ns=4 trim_mppb=4163 lk=1 (<crate> └─ <invalid location: defmt frame-index: 18>:0)
291.137623 [INFO ] PPSGEN count=283 interval_ns=1000002464 dev_ns=2464 phase_ns=201530 hwphase_ns=-64 trim_ppb=4 cfg=4 p_ns=-7 d_ns=2 trim_mppb=4631 lk=1 (<crate> └─ <invalid location: defmt frame-index: 18>:0)
292.137636 [INFO ] PPSGEN count=284 interval_ns=1000002448 dev_ns=2448 phase_ns=209530 hwphase_ns=-80 trim_ppb=5 cfg=4 p_ns=-9 d_ns=-3 trim_mppb=5216 lk=1 (<crate> └─ <invalid location: defmt frame-index: 18>:0)
293.137625 [INFO ] PPSGEN count=285 interval_ns=1000002448 dev_ns=2448 phase_ns=184531 hwphase_ns=-80 trim_ppb=5 cfg=4 p_ns=-8 d_ns=1 trim_mppb=5747 lk=1 (<crate> └─ <invalid location: defmt frame-index: 18>:0)
294.137630 [INFO ] PPSGEN count=286 interval_ns=1000002464 dev_ns=2464 phase_ns=191531 hwphase_ns=-64 trim_ppb=6 cfg=4 p_ns=-7 d_ns=2 trim_mppb=6192 lk=1 (<crate> └─ <invalid location: defmt frame-index: 18>:0)
295.137632 [INFO ] PPSGEN count=287 interval_ns=1000002448 dev_ns=2448 phase_ns=190532 hwphase_ns=-64 trim_ppb=6 cfg=4 p_ns=-7 d_ns=0 trim_mppb=6652 lk=1 (<crate> └─ <invalid location: defmt frame-index: 18>:0)
296.137630 [INFO ] PPSGEN count=288 interval_ns=1000002448 dev_ns=2448 phase_ns=198532 hwphase_ns=-80 trim_ppb=7 cfg=4 p_ns=-9 d_ns=-3 trim_mppb=7222 lk=1 (<crate> └─ <invalid location: defmt frame-index: 18>:0)
297.137645 [INFO ] PPSGEN count=289 interval_ns=1000002464 dev_ns=2464 phase_ns=197533 hwphase_ns=-64 trim_ppb=7 cfg=4 p_ns=-6 d_ns=5 trim_mppb=7628 lk=1 (<crate> └─ <invalid location: defmt frame-index: 18>:0)
298.137652 [INFO ] PPSGEN count=290 interval_ns=1000002448 dev_ns=2448 phase_ns=211533 hwphase_ns=-64 trim_ppb=8 cfg=4 p_ns=-7 d_ns=-2 trim_mppb=8120 lk=1 (<crate> └─ <invalid location: defmt frame-index: 18>:0)
299.137646 [INFO ] PPSGEN count=291 interval_ns=1000002448 dev_ns=2448 phase_ns=192534 hwphase_ns=-64 trim_ppb=8 cfg=4 p_ns=-6 d_ns=2 trim_mppb=8549 lk=1 (<crate> └─ <invalid location: defmt frame-index: 18>:0)
300.137650 [INFO ] PPSGEN count=292 interval_ns=1000002464 dev_ns=2464 phase_ns=189535 hwphase_ns=-48 trim_ppb=8 cfg=4 p_ns=-5 d_ns=2 trim_mppb=8892 lk=1 (<crate> └─ <invalid location: defmt frame-index: 18>:0)
301.137632 [INFO ] PPSGEN count=293 interval_ns=1000002448 dev_ns=2448 phase_ns=180070 hwphase_ns=-48 trim_ppb=9 cfg=4 p_ns=-5 d_ns=0 trim_mppb=9243 lk=1 (<crate> └─ <invalid location: defmt frame-index: 18>:0)
302.137668 [INFO ] PPSGEN count=294 interval_ns=1000002448 dev_ns=2448 phase_ns=209536 hwphase_ns=-48 trim_ppb=9 cfg=4 p_ns=-5 d_ns=0 trim_mppb=9578 lk=1 (<crate> └─ <invalid location: defmt frame-index: 18>:0)
303.137656 [INFO ] PPSGEN count=295 interval_ns=1000002464 dev_ns=2464 phase_ns=197536 hwphase_ns=-32 trim_ppb=9 cfg=4 p_ns=-3 d_ns=4 trim_mppb=9788 lk=1 (<crate> └─ <invalid location: defmt frame-index: 18>:0)
304.137660 [INFO ] PPSGEN count=296 interval_ns=1000002448 dev_ns=2448 phase_ns=202537 hwphase_ns=-32 trim_ppb=10 cfg=4 p_ns=-4 d_ns=-1 trim_mppb=10045 lk=1 (<crate> └─ <invalid location: defmt frame-index: 18>:0)
305.137668 [INFO ] PPSGEN count=297 interval_ns=1000002448 dev_ns=2448 phase_ns=210537 hwphase_ns=-32 trim_ppb=10 cfg=4 p_ns=-3 d_ns=1 trim_mppb=10255 lk=1 (<crate> └─ <invalid location: defmt frame-index: 18>:0)
306.137681 [INFO ] PPSGEN count=298 interval_ns=1000002448 dev_ns=2448 phase_ns=200538 hwphase_ns=-32 trim_ppb=10 cfg=4 p_ns=-3 d_ns=0 trim_mppb=10489 lk=1 (<crate> └─ <invalid location: defmt frame-index: 18>:0)
307.137679 [INFO ] PPSGEN count=299 interval_ns=1000002448 dev_ns=2448 phase_ns=196538 hwphase_ns=-32 trim_ppb=10 cfg=4 p_ns=-3 d_ns=0 trim_mppb=10715 lk=1 (<crate> └─ <invalid location: defmt frame-index: 18>:0)
308.137674 [INFO ] PPSGEN count=300 interval_ns=1000002448 dev_ns=2448 phase_ns=194538 hwphase_ns=-32 trim_ppb=10 cfg=4 p_ns=-3 d_ns=0 trim_mppb=10941 lk=1 (<crate> └─ <invalid location: defmt frame-index: 18>:0)
309.137685 [INFO ] PPSGEN count=301 interval_ns=1000002448 dev_ns=2448 phase_ns=207539 hwphase_ns=-16 trim_ppb=11 cfg=4 p_ns=-1 d_ns=4 trim_mppb=11042 lk=1 (<crate> └─ <invalid location: defmt frame-index: 18>:0)
310.137682 [INFO ] PPSGEN count=302 interval_ns=1000002448 dev_ns=2448 phase_ns=219540 hwphase_ns=-16 trim_ppb=11 cfg=4 p_ns=-2 d_ns=-1 trim_mppb=11190 lk=1 (<crate> └─ <invalid location: defmt frame-index: 18>:0)
311.137682 [INFO ] PPSGEN count=303 interval_ns=1000002448 dev_ns=2448 phase_ns=189541 hwphase_ns=0 trim_ppb=11 cfg=4 p_ns=0 d_ns=5 trim_mppb=11167 lk=1 (<crate> └─ <invalid location: defmt frame-index: 18>:0)
312.137656 [INFO ] PPSGEN count=304 interval_ns=1000002448 dev_ns=2448 phase_ns=187541 hwphase_ns=0 trim_ppb=11 cfg=4 p_ns=0 d_ns=-2 trim_mppb=11206 lk=1 (<crate> └─ <invalid location: defmt frame-index: 18>:0)
313.137655 [INFO ] PPSGEN count=305 interval_ns=1000002448 dev_ns=2448 phase_ns=182083 hwphase_ns=0 trim_ppb=11 cfg=4 p_ns=0 d_ns=1 trim_mppb=11191 lk=1 (<crate> └─ <invalid location: defmt frame-index: 18>:0)
314.137681 [INFO ] PPSGEN count=306 interval_ns=1000002448 dev_ns=2448 phase_ns=200542 hwphase_ns=16 trim_ppb=11 cfg=4 p_ns=1 d_ns=3 trim_mppb=11074 lk=1 (<crate> └─ <invalid location: defmt frame-index: 18>:0)
315.137703 [INFO ] PPSGEN count=307 interval_ns=1000002448 dev_ns=2448 phase_ns=219543 hwphase_ns=32 trim_ppb=10 cfg=4 p_ns=3 d_ns=3 trim_mppb=10856 lk=1 (<crate> └─ <invalid location: defmt frame-index: 18>:0)
316.137698 [INFO ] PPSGEN count=308 interval_ns=1000002432 dev_ns=2432 phase_ns=198544 hwphase_ns=32 trim_ppb=10 cfg=4 p_ns=3 d_ns=0 trim_mppb=10653 lk=1 (<crate> └─ <invalid location: defmt frame-index: 18>:0)
317.137699 [INFO ] PPSGEN count=309 interval_ns=1000002448 dev_ns=2448 phase_ns=204544 hwphase_ns=48 trim_ppb=10 cfg=4 p_ns=5 d_ns=4 trim_mppb=10302 lk=1 (<crate> └─ <invalid location: defmt frame-index: 18>:0)
318.137699 [INFO ] PPSGEN count=310 interval_ns=1000002448 dev_ns=2448 phase_ns=206545 hwphase_ns=48 trim_ppb=9 cfg=4 p_ns=4 d_ns=-1 trim_mppb=9998 lk=1 (<crate> └─ <invalid location: defmt frame-index: 18>:0)
319.137693 [INFO ] PPSGEN count=311 interval_ns=1000002432 dev_ns=2432 phase_ns=191546 hwphase_ns=64 trim_ppb=9 cfg=4 p_ns=7 d_ns=5 trim_mppb=9522 lk=1 (<crate> └─ <invalid location: defmt frame-index: 18>:0)
320.137689 [INFO ] PPSGEN count=312 interval_ns=1000002448 dev_ns=2448 phase_ns=185546 hwphase_ns=64 trim_ppb=9 cfg=4 p_ns=6 d_ns=-2 trim_mppb=9116 lk=1 (<crate> └─ <invalid location: defmt frame-index: 18>:0)
321.137697 [INFO ] PPSGEN count=313 interval_ns=1000002416 dev_ns=2416 phase_ns=201547 hwphase_ns=64 trim_ppb=8 cfg=4 p_ns=7 d_ns=2 trim_mppb=8648 lk=1 (<crate> └─ <invalid location: defmt frame-index: 18>:0)
322.137705 [INFO ] PPSGEN count=314 interval_ns=1000002448 dev_ns=2448 phase_ns=207547 hwphase_ns=64 trim_ppb=8 cfg=4 p_ns=6 d_ns=-1 trim_mppb=8219 lk=1 (<crate> └─ <invalid location: defmt frame-index: 18>:0)
323.137703 [INFO ] PPSGEN count=315 interval_ns=1000002432 dev_ns=2432 phase_ns=192548 hwphase_ns=64 trim_ppb=7 cfg=4 p_ns=7 d_ns=1 trim_mppb=7759 lk=1 (<crate> └─ <invalid location: defmt frame-index: 18>:0)
324.137704 [INFO ] PPSGEN count=316 interval_ns=1000002432 dev_ns=2432 phase_ns=197549 hwphase_ns=80 trim_ppb=7 cfg=4 p_ns=9 d_ns=3 trim_mppb=7197 lk=1 (<crate> └─ <invalid location: defmt frame-index: 18>:0)
325.137719 [INFO ] PPSGEN count=317 interval_ns=1000002432 dev_ns=2432 phase_ns=215550 hwphase_ns=80 trim_ppb=6 cfg=4 p_ns=8 d_ns=-1 trim_mppb=6666 lk=1 (<crate> └─ <invalid location: defmt frame-index: 18>:0)
326.137714 [INFO ] PPSGEN count=318 interval_ns=1000002416 dev_ns=2416 phase_ns=205550 hwphase_ns=64 trim_ppb=6 cfg=4 p_ns=7 d_ns=-2 trim_mppb=6221 lk=1 (<crate> └─ <invalid location: defmt frame-index: 18>:0)
327.137717 [INFO ] PPSGEN count=319 interval_ns=1000002448 dev_ns=2448 phase_ns=196551 hwphase_ns=80 trim_ppb=5 cfg=4 p_ns=9 d_ns=4 trim_mppb=5636 lk=1 (<crate> └─ <invalid location: defmt frame-index: 18>:0)
328.137723 [INFO ] PPSGEN count=320 interval_ns=1000002432 dev_ns=2432 phase_ns=201552 hwphase_ns=96 trim_ppb=4 cfg=4 p_ns=10 d_ns=2 trim_mppb=4988 lk=1 (<crate> └─ <invalid location: defmt frame-index: 18>:0)
329.137689 [INFO ] PPSGEN count=321 interval_ns=1000002416 dev_ns=2416 phase_ns=178105 hwphase_ns=80 trim_ppb=4 cfg=4 p_ns=8 d_ns=-3 trim_mppb=4457 lk=1 (<crate> └─ <invalid location: defmt frame-index: 18>:0)
330.137724 [INFO ] PPSGEN count=322 interval_ns=1000002416 dev_ns=2416 phase_ns=198553 hwphase_ns=64 trim_ppb=3 cfg=4 p_ns=7 d_ns=-2 trim_mppb=3997 lk=1 (<crate> └─ <invalid location: defmt frame-index: 18>:0)
331.137729 [INFO ] PPSGEN count=323 interval_ns=1000002432 dev_ns=2432 phase_ns=214554 hwphase_ns=80 trim_ppb=3 cfg=4 p_ns=9 d_ns=4 trim_mppb=3412 lk=1 (<crate> └─ <invalid location: defmt frame-index: 18>:0)
332.137743 [INFO ] PPSGEN count=324 interval_ns=1000002432 dev_ns=2432 phase_ns=210554 hwphase_ns=80 trim_ppb=2 cfg=4 p_ns=8 d_ns=-2 trim_mppb=2889 lk=1 (<crate> └─ <invalid location: defmt frame-index: 18>:0)
333.137717 [INFO ] PPSGEN count=325 interval_ns=1000002416 dev_ns=2416 phase_ns=180111 hwphase_ns=80 trim_ppb=2 cfg=4 p_ns=9 d_ns=1 trim_mppb=2311 lk=1 (<crate> └─ <invalid location: defmt frame-index: 18>:0)
334.137733 [INFO ] PPSGEN count=326 interval_ns=1000002416 dev_ns=2416 phase_ns=198556 hwphase_ns=64 trim_ppb=1 cfg=4 p_ns=6 d_ns=-5 trim_mppb=1890 lk=1 (<crate> └─ <invalid location: defmt frame-index: 18>:0)
335.137735 [INFO ] PPSGEN count=327 interval_ns=1000002416 dev_ns=2416 phase_ns=202557 hwphase_ns=64 trim_ppb=1 cfg=4 p_ns=7 d_ns=2 trim_mppb=1398 lk=1 (<crate> └─ <invalid location: defmt frame-index: 18>:0)
336.137729 [INFO ] PPSGEN count=328 interval_ns=1000002432 dev_ns=2432 phase_ns=192557 hwphase_ns=64 trim_ppb=0 cfg=4 p_ns=6 d_ns=-2 trim_mppb=969 lk=1 (<crate> └─ <invalid location: defmt frame-index: 18>:0)
337.137743 [INFO ] PPSGEN count=329 interval_ns=1000002400 dev_ns=2400 phase_ns=207558 hwphase_ns=48 trim_ppb=0 cfg=4 p_ns=5 d_ns=-2 trim_mppb=626 lk=1 (<crate> └─ <invalid location: defmt frame-index: 18>:0)
338.137752 [INFO ] PPSGEN count=330 interval_ns=1000002432 dev_ns=2432 phase_ns=209559 hwphase_ns=64 trim_ppb=0 cfg=4 p_ns=7 d_ns=4 trim_mppb=150 lk=1 (<crate> └─ <invalid location: defmt frame-index: 18>:0)
339.137751 [INFO ] PPSGEN count=331 interval_ns=1000002416 dev_ns=2416 phase_ns=201559 hwphase_ns=48 trim_ppb=0 cfg=4 p_ns=4 d_ns=-6 trim_mppb=-139 lk=1 (<crate> └─ <invalid location: defmt frame-index: 18>:0)
340.137750 [INFO ] PPSGEN count=332 interval_ns=1000002400 dev_ns=2400 phase_ns=201560 hwphase_ns=32 trim_ppb=0 cfg=4 p_ns=4 d_ns=0 trim_mppb=-404 lk=1 (<crate> └─ <invalid location: defmt frame-index: 18>:0)
341.137748 [INFO ] PPSGEN count=333 interval_ns=1000002432 dev_ns=2432 phase_ns=195560 hwphase_ns=48 trim_ppb=0 cfg=4 p_ns=5 d_ns=2 trim_mppb=-747 lk=1 (<crate> └─ <invalid location: defmt frame-index: 18>:0)
342.137733 [INFO ] PPSGEN count=334 interval_ns=1000002400 dev_ns=2400 phase_ns=188561 hwphase_ns=32 trim_ppb=0 cfg=4 p_ns=3 d_ns=-4 trim_mppb=-942 lk=1 (<crate> └─ <invalid location: defmt frame-index: 18>:0)
343.137770 [INFO ] PPSGEN count=335 interval_ns=1000002416 dev_ns=2416 phase_ns=217562 hwphase_ns=32 trim_ppb=-1 cfg=4 p_ns=4 d_ns=2 trim_mppb=-1199 lk=1 (<crate> └─ <invalid location: defmt frame-index: 18>:0)
344.137768 [INFO ] PPSGEN count=336 interval_ns=1000002416 dev_ns=2416 phase_ns=206563 hwphase_ns=32 trim_ppb=-1 cfg=4 p_ns=3 d_ns=-1 trim_mppb=-1402 lk=1 (<crate> └─ <invalid location: defmt frame-index: 18>:0)
345.137744 [INFO ] PPSGEN count=337 interval_ns=1000002416 dev_ns=2416 phase_ns=178563 hwphase_ns=16 trim_ppb=-1 cfg=4 p_ns=1 d_ns=-3 trim_mppb=-1511 lk=1 (<crate> └─ <invalid location: defmt frame-index: 18>:0)
346.137767 [INFO ] PPSGEN count=338 interval_ns=1000002400 dev_ns=2400 phase_ns=220564 hwphase_ns=16 trim_ppb=-1 cfg=4 p_ns=2 d_ns=1 trim_mppb=-1651 lk=1 (<crate> └─ <invalid location: defmt frame-index: 18>:0)
347.137748 [INFO ] PPSGEN count=339 interval_ns=1000002416 dev_ns=2416 phase_ns=190129 hwphase_ns=16 trim_ppb=-1 cfg=4 p_ns=1 d_ns=-1 trim_mppb=-1752 lk=1 (<crate> └─ <invalid location: defmt frame-index: 18>:0)
348.137761 [INFO ] PPSGEN count=340 interval_ns=1000002416 dev_ns=2416 phase_ns=199565 hwphase_ns=16 trim_ppb=-1 cfg=4 p_ns=2 d_ns=0 trim_mppb=-1877 lk=1 (<crate> └─ <invalid location: defmt frame-index: 18>:0)
349.137769 [INFO ] PPSGEN count=341 interval_ns=1000002400 dev_ns=2400 phase_ns=197566 hwphase_ns=16 trim_ppb=-1 cfg=4 p_ns=1 d_ns=0 trim_mppb=-1986 lk=1 (<crate> └─ <invalid location: defmt frame-index: 18>:0)
350.137764 [INFO ] PPSGEN count=342 interval_ns=1000002416 dev_ns=2416 phase_ns=193566 hwphase_ns=0 trim_ppb=-1 cfg=4 p_ns=0 d_ns=-3 trim_mppb=-1979 lk=1 (<crate> └─ <invalid location: defmt frame-index: 18>:0)
351.137780 [INFO ] PPSGEN count=343 interval_ns=1000002400 dev_ns=2400 phase_ns=206567 hwphase_ns=0 trim_ppb=-2 cfg=4 p_ns=0 d_ns=1 trim_mppb=-2002 lk=1 (<crate> └─ <invalid location: defmt frame-index: 18>:0)
352.137780 [INFO ] PPSGEN count=344 interval_ns=1000002416 dev_ns=2416 phase_ns=201568 hwphase_ns=0 trim_ppb=-1 cfg=4 p_ns=0 d_ns=-1 trim_mppb=-1995 lk=1 (<crate> └─ <invalid location: defmt frame-index: 18>:0)
353.137776 [INFO ] PPSGEN count=345 interval_ns=1000002400 dev_ns=2400 phase_ns=196568 hwphase_ns=-16 trim_ppb=-1 cfg=4 p_ns=-1 d_ns=-3 trim_mppb=-1878 lk=1 (<crate> └─ <invalid location: defmt frame-index: 18>:0)
354.137769 [INFO ] PPSGEN count=346 interval_ns=1000002416 dev_ns=2416 phase_ns=184569 hwphase_ns=0 trim_ppb=-1 cfg=4 p_ns=0 d_ns=4 trim_mppb=-1909 lk=1 (<crate> └─ <invalid location: defmt frame-index: 18>:0)
355.137756 [INFO ] PPSGEN count=347 interval_ns=1000002400 dev_ns=2400 phase_ns=177140 hwphase_ns=-16 trim_ppb=-1 cfg=4 p_ns=-2 d_ns=-6 trim_mppb=-1753 lk=1 (<crate> └─ <invalid location: defmt frame-index: 18>:0)
356.137798 [INFO ] PPSGEN count=348 interval_ns=1000002400 dev_ns=2400 phase_ns=210571 hwphase_ns=-16 trim_ppb=-1 cfg=4 p_ns=-1 d_ns=3 trim_mppb=-1691 lk=1 (<crate> └─ <invalid location: defmt frame-index: 18>:0)
357.137786 [INFO ] PPSGEN count=349 interval_ns=1000002416 dev_ns=2416 phase_ns=206571 hwphase_ns=-16 trim_ppb=-1 cfg=4 p_ns=-2 d_ns=-2 trim_mppb=-1551 lk=1 (<crate> └─ <invalid location: defmt frame-index: 18>:0)
358.137793 [INFO ] PPSGEN count=350 interval_ns=1000002400 dev_ns=2400 phase_ns=198572 hwphase_ns=-16 trim_ppb=-1 cfg=4 p_ns=-1 d_ns=1 trim_mppb=-1458 lk=1 (<crate> └─ <invalid location: defmt frame-index: 18>:0)
359.137791 [INFO ] PPSGEN count=351 interval_ns=1000002416 dev_ns=2416 phase_ns=192573 hwphase_ns=0 trim_ppb=-1 cfg=4 p_ns=0 d_ns=3 trim_mppb=-1458 lk=1 (<crate> └─ <invalid location: defmt frame-index: 18>:0)
360.137791 [INFO ] PPSGEN count=352 interval_ns=1000002400 dev_ns=2400 phase_ns=190574 hwphase_ns=0 trim_ppb=-1 cfg=4 p_ns=0 d_ns=0 trim_mppb=-1435 lk=1 (<crate> └─ <invalid location: defmt frame-index: 18>:0)
361.137793 [INFO ] PPSGEN count=353 interval_ns=1000002400 dev_ns=2400 phase_ns=208575 hwphase_ns=0 trim_ppb=-1 cfg=4 p_ns=0 d_ns=0 trim_mppb=-1435 lk=1 (<crate> └─ <invalid location: defmt frame-index: 18>:0)
362.137807 [INFO ] PPSGEN count=354 interval_ns=1000002400 dev_ns=2400 phase_ns=202575 hwphase_ns=-16 trim_ppb=-1 cfg=4 p_ns=-2 d_ns=-4 trim_mppb=-1310 lk=1 (<crate> └─ <invalid location: defmt frame-index: 18>:0)
363.137810 [INFO ] PPSGEN count=355 interval_ns=1000002400 dev_ns=2400 phase_ns=203576 hwphase_ns=-16 trim_ppb=-1 cfg=4 p_ns=-1 d_ns=1 trim_mppb=-1232 lk=1 (<crate> └─ <invalid location: defmt frame-index: 18>:0)
364.137807 [INFO ] PPSGEN count=356 interval_ns=1000002400 dev_ns=2400 phase_ns=202576 hwphase_ns=-16 trim_ppb=-1 cfg=4 p_ns=-2 d_ns=-1 trim_mppb=-1107 lk=1 (<crate> └─ <invalid location: defmt frame-index: 18>:0)
365.137816 [INFO ] PPSGEN count=357 interval_ns=1000002400 dev_ns=2400 phase_ns=193577 hwphase_ns=-32 trim_ppb=0 cfg=4 p_ns=-3 d_ns=-3 trim_mppb=-881 lk=1 (<crate> └─ <invalid location: defmt frame-index: 18>:0)
366.137813 [INFO ] PPSGEN count=358 interval_ns=1000002400 dev_ns=2400 phase_ns=203578 hwphase_ns=-16 trim_ppb=0 cfg=4 p_ns=-1 d_ns=4 trim_mppb=-803 lk=1 (<crate> └─ <invalid location: defmt frame-index: 18>:0)
367.137790 [INFO ] PPSGEN count=359 interval_ns=1000002400 dev_ns=2400 phase_ns=174156 hwphase_ns=-32 trim_ppb=0 cfg=4 p_ns=-4 d_ns=-6 trim_mppb=-530 lk=1 (<crate> └─ <invalid location: defmt frame-index: 18>:0)
368.137806 [INFO ] PPSGEN count=360 interval_ns=1000002384 dev_ns=2384 phase_ns=189579 hwphase_ns=-32 trim_ppb=0 cfg=4 p_ns=-2 d_ns=3 trim_mppb=-359 lk=1 (<crate> └─ <invalid location: defmt frame-index: 18>:0)
