# elapsed_s offset_ns  (GPS->gen during lock acquisition; nan = out of window)
1.1 nan
2.2 nan
3.2 nan
4.1 nan
5.3 nan
6.3 nan
8.1 nan
9.3 nan
11.1 nan
12.0 nan
13.2 nan
14.2 nan
16.0 nan
17.2 nan
18.1 nan
19.1 nan
20.3 nan
22.1 nan
23.1 nan
24.3 nan
25.2 nan
26.1 nan
27.0 nan
28.3 4682
30.1 3579
31.3 3066
32.2 2615
34.1 1783
35.3 1421
37.1 802
38.0 542
39.3 282
41.1 -97
42.3 -258
43.2 -418
45.1 -578
46.3 -676
48.2 -775
49.1 -817
50.3 -857
52.1 -878
53.0 -898
54.3 -897
56.1 -860
57.3 -841
58.2 -837
60.1 -797
61.3 -758
63.1 -698
64.3 -677
66.1 -599
67.1 -563
68.3 -532
69.2 -497
70.1 -458
71.1 -426
72.2 -401
73.2 -378
75.3 -317
76.2 -297
78.1 -237
79.3 -217
80.2 -198
82.0 -157
83.2 -137
84.2 -117
85.1 -101
86.3 -96
88.1 -79
89.0 -62
90.3 -53
92.1 -36
93.3 -32
94.3 -17
96.0 4
97.3 3
99.1 22
100.0 25
101.3 43
103.1 81
104.3 82
105.2 102
106.1 106
107.1 122
108.3 123
109.1 143
110.0 150
111.3 148
113.1 171
114.0 182
115.3 182
117.1 201
118.3 201
119.2 203
121.1 197
122.3 202
123.1 186
124.1 183
125.0 177
126.2 179
127.2 163
128.1 161
129.3 142
131.1 142
132.1 142
133.3 140
135.0 123
136.3 102
138.1 83
139.0 82
140.3 81
142.0 63
143.3 62
145.1 23
146.0 3
147.3 2
149.1 -17
150.3 -18
151.2 -22
153.1 -44
154.3 -52
156.1 -37
157.0 -53
158.3 -38
160.1 -34
161.0 -37
162.2 -37
163.2 -36
165.3 -37
166.2 -18
168.1 -20
169.3 -37
171.1 -17
172.0 -18
173.3 -16
175.1 -17
176.3 -17
177.2 4
179.1 4
180.3 22
182.1 27
183.0 42
184.3 41
186.1 27
187.3 43
189.1 43
190.0 44
191.2 42
192.2 43
194.3 43
196.1 28
197.0 22
198.3 7
200.1 4
201.1 2
202.3 -0
204.1 -18
205.3 -25
207.2 -30
208.1 -34
209.3 -38
211.1 -42
212.0 -37
213.3 -37
215.1 -18
216.3 -18
217.2 -17
218.1 3
219.1 2
220.3 2
221.2 8
223.1 22
224.3 41
225.2 40
226.1 42
227.0 43
228.3 43
230.1 62
231.3 82
233.1 82
234.0 98
235.3 94
236.2 82
237.1 102
238.0 103
239.2 102
240.2 103
241.1 106
242.3 107
243.2 104
244.1 102
245.1 102
246.3 85
247.2 103
248.1 96
249.0 83
250.3 82
252.1 64
253.3 62
255.1 62
256.1 45
257.3 62
259.1 43
260.0 29
261.2 22
262.2 22
263.1 3
264.3 3
266.1 -11
267.0 -18
268.2 -18
269.1 -37
270.1 -37
271.3 -37
273.1 -38
274.1 -38
275.3 -38
276.2 -36
277.1 -38
278.1 -36
