6.535478 [INFO ] PPSGEN count=1 interval_ns=1000000016 dev_ns=16 phase_ns=0 hwphase_ns=2363904 trim_ppb=0 cfg=1 p_ns=147744 d_ns=0 (pico_gnss pico-gnss-rs/src/main.rs:358)
7.535799 [INFO ] PPSGEN count=2 interval_ns=1000000032 dev_ns=32 phase_ns=2497434 hwphase_ns=2361376 trim_ppb=0 cfg=1 p_ns=147586 d_ns=0 (pico_gnss pico-gnss-rs/src/main.rs:358)
8.535624 [INFO ] PPSGEN count=3 interval_ns=999852272 dev_ns=-147728 phase_ns=2340434 hwphase_ns=2211072 trim_ppb=0 cfg=1 p_ns=138192 d_ns=0 (pico_gnss pico-gnss-rs/src/main.rs:358)
9.535527 [INFO ] PPSGEN count=4 interval_ns=999855008 dev_ns=-144992 phase_ns=2210434 hwphase_ns=2063504 trim_ppb=0 cfg=1 p_ns=128969 d_ns=0 (pico_gnss pico-gnss-rs/src/main.rs:358)
10.535342 [INFO ] PPSGEN count=5 interval_ns=999864384 dev_ns=-135616 phase_ns=2041434 hwphase_ns=1925312 trim_ppb=0 cfg=1 p_ns=120332 d_ns=0 (pico_gnss pico-gnss-rs/src/main.rs:358)
11.535187 [INFO ] PPSGEN count=6 interval_ns=999873616 dev_ns=-126384 phase_ns=1942434 hwphase_ns=1796368 trim_ppb=0 cfg=1 p_ns=112273 d_ns=0 (pico_gnss pico-gnss-rs/src/main.rs:358)
12.535079 [INFO ] PPSGEN count=7 interval_ns=999882256 dev_ns=-117744 phase_ns=1743434 hwphase_ns=1676032 trim_ppb=0 cfg=1 p_ns=104752 d_ns=0 (pico_gnss pico-gnss-rs/src/main.rs:358)
13.534995 [INFO ] PPSGEN count=8 interval_ns=999890320 dev_ns=-109680 phase_ns=1735434 hwphase_ns=1563792 trim_ppb=0 cfg=1 p_ns=97737 d_ns=0 (pico_gnss pico-gnss-rs/src/main.rs:358)
14.534883 [INFO ] PPSGEN count=9 interval_ns=999897824 dev_ns=-102176 phase_ns=1616434 hwphase_ns=1459040 trim_ppb=0 cfg=1 p_ns=91190 d_ns=0 (pico_gnss pico-gnss-rs/src/main.rs:358)
15.534902 [INFO ] PPSGEN count=10 interval_ns=999904864 dev_ns=-95136 phase_ns=1634434 hwphase_ns=1361344 trim_ppb=0 cfg=1 p_ns=85084 d_ns=0 (pico_gnss pico-gnss-rs/src/main.rs:358)
16.534901 [INFO ] PPSGEN count=11 interval_ns=999911392 dev_ns=-88608 phase_ns=1625433 hwphase_ns=1270144 trim_ppb=0 cfg=1 p_ns=79384 d_ns=0 (pico_gnss pico-gnss-rs/src/main.rs:358)
17.534939 [INFO ] PPSGEN count=12 interval_ns=999917504 dev_ns=-82496 phase_ns=1653432 hwphase_ns=1185072 trim_ppb=0 cfg=1 p_ns=74067 d_ns=0 (pico_gnss pico-gnss-rs/src/main.rs:358)
18.534904 [INFO ] PPSGEN count=13 interval_ns=999923216 dev_ns=-76784 phase_ns=1613432 hwphase_ns=1105712 trim_ppb=0 cfg=1 p_ns=69107 d_ns=0 (pico_gnss pico-gnss-rs/src/main.rs:358)
19.534940 [INFO ] PPSGEN count=14 interval_ns=999928512 dev_ns=-71488 phase_ns=1661432 hwphase_ns=1031648 trim_ppb=0 cfg=1 p_ns=64478 d_ns=0 (pico_gnss pico-gnss-rs/src/main.rs:358)
20.534919 [INFO ] PPSGEN count=15 interval_ns=999933488 dev_ns=-66512 phase_ns=1646431 hwphase_ns=962560 trim_ppb=0 cfg=1 p_ns=60160 d_ns=0 (pico_gnss pico-gnss-rs/src/main.rs:358)
21.534953 [INFO ] PPSGEN count=16 interval_ns=999938112 dev_ns=-61888 phase_ns=1652431 hwphase_ns=898096 trim_ppb=0 cfg=1 p_ns=56131 d_ns=0 (pico_gnss pico-gnss-rs/src/main.rs:358)
22.534940 [INFO ] PPSGEN count=17 interval_ns=999942432 dev_ns=-57568 phase_ns=1645431 hwphase_ns=837952 trim_ppb=0 cfg=1 p_ns=52372 d_ns=0 (pico_gnss pico-gnss-rs/src/main.rs:358)
23.534952 [INFO ] PPSGEN count=18 interval_ns=999946464 dev_ns=-53536 phase_ns=1613430 hwphase_ns=781840 trim_ppb=0 cfg=1 p_ns=48865 d_ns=0 (pico_gnss pico-gnss-rs/src/main.rs:358)
24.534937 [INFO ] PPSGEN count=19 interval_ns=999950224 dev_ns=-49776 phase_ns=1635430 hwphase_ns=729504 trim_ppb=0 cfg=1 p_ns=45594 d_ns=0 (pico_gnss pico-gnss-rs/src/main.rs:358)
25.534917 [INFO ] PPSGEN count=20 interval_ns=999953728 dev_ns=-46272 phase_ns=1603430 hwphase_ns=680656 trim_ppb=0 cfg=1 p_ns=42541 d_ns=0 (pico_gnss pico-gnss-rs/src/main.rs:358)
26.534944 [INFO ] PPSGEN count=21 interval_ns=999956992 dev_ns=-43008 phase_ns=1644430 hwphase_ns=635072 trim_ppb=0 cfg=1 p_ns=39692 d_ns=0 (pico_gnss pico-gnss-rs/src/main.rs:358)
27.534981 [INFO ] PPSGEN count=22 interval_ns=999960064 dev_ns=-39936 phase_ns=1665429 hwphase_ns=592560 trim_ppb=0 cfg=1 p_ns=37035 d_ns=0 (pico_gnss pico-gnss-rs/src/main.rs:358)
28.534961 [INFO ] PPSGEN count=23 interval_ns=999962896 dev_ns=-37104 phase_ns=1638429 hwphase_ns=552880 trim_ppb=0 cfg=1 p_ns=34555 d_ns=0 (pico_gnss pico-gnss-rs/src/main.rs:358)
29.534967 [INFO ] PPSGEN count=24 interval_ns=999965552 dev_ns=-34448 phase_ns=1635429 hwphase_ns=515856 trim_ppb=0 cfg=1 p_ns=32241 d_ns=0 (pico_gnss pico-gnss-rs/src/main.rs:358)
30.534972 [INFO ] PPSGEN count=25 interval_ns=999968048 dev_ns=-31952 phase_ns=1649429 hwphase_ns=481328 trim_ppb=0 cfg=1 p_ns=30083 d_ns=0 (pico_gnss pico-gnss-rs/src/main.rs:358)
31.534941 [INFO ] PPSGEN count=26 interval_ns=999970352 dev_ns=-29648 phase_ns=1616429 hwphase_ns=449120 trim_ppb=0 cfg=1 p_ns=28070 d_ns=0 (pico_gnss pico-gnss-rs/src/main.rs:358)
32.534961 [INFO ] PPSGEN count=27 interval_ns=999972512 dev_ns=-27488 phase_ns=1629429 hwphase_ns=419056 trim_ppb=0 cfg=1 p_ns=26191 d_ns=0 (pico_gnss pico-gnss-rs/src/main.rs:358)
33.534976 [INFO ] PPSGEN count=28 interval_ns=999974528 dev_ns=-25472 phase_ns=1647429 hwphase_ns=391024 trim_ppb=0 cfg=1 p_ns=24439 d_ns=0 (pico_gnss pico-gnss-rs/src/main.rs:358)
34.534960 [INFO ] PPSGEN count=29 interval_ns=999976400 dev_ns=-23600 phase_ns=1634428 hwphase_ns=364832 trim_ppb=0 cfg=1 p_ns=22802 d_ns=0 (pico_gnss pico-gnss-rs/src/main.rs:358)
35.534988 [INFO ] PPSGEN count=30 interval_ns=999978160 dev_ns=-21840 phase_ns=1630428 hwphase_ns=340432 trim_ppb=0 cfg=1 p_ns=21277 d_ns=0 (pico_gnss pico-gnss-rs/src/main.rs:358)
36.534955 [INFO ] PPSGEN count=31 interval_ns=999979792 dev_ns=-20208 phase_ns=1646428 hwphase_ns=317648 trim_ppb=0 cfg=1 p_ns=19853 d_ns=0 (pico_gnss pico-gnss-rs/src/main.rs:358)
37.535003 [INFO ] PPSGEN count=32 interval_ns=999981328 dev_ns=-18672 phase_ns=1652427 hwphase_ns=296384 trim_ppb=0 cfg=1 p_ns=18524 d_ns=0 (pico_gnss pico-gnss-rs/src/main.rs:358)
38.535019 [INFO ] PPSGEN count=33 interval_ns=999982736 dev_ns=-17264 phase_ns=1729427 hwphase_ns=276544 trim_ppb=0 cfg=1 p_ns=17284 d_ns=0 (pico_gnss pico-gnss-rs/src/main.rs:358)
39.535017 [INFO ] PPSGEN count=34 interval_ns=999984080 dev_ns=-15920 phase_ns=1621427 hwphase_ns=258064 trim_ppb=0 cfg=1 p_ns=16129 d_ns=0 (pico_gnss pico-gnss-rs/src/main.rs:358)
40.535013 [INFO ] PPSGEN count=35 interval_ns=999985312 dev_ns=-14688 phase_ns=1566858 hwphase_ns=240800 trim_ppb=0 cfg=1 p_ns=15050 d_ns=0 (pico_gnss pico-gnss-rs/src/main.rs:358)
41.535075 [INFO ] PPSGEN count=36 interval_ns=999986464 dev_ns=-13536 phase_ns=1746426 hwphase_ns=224672 trim_ppb=0 cfg=1 p_ns=14042 d_ns=0 (pico_gnss pico-gnss-rs/src/main.rs:358)
42.534999 [INFO ] PPSGEN count=37 interval_ns=999987536 dev_ns=-12464 phase_ns=1646857 hwphase_ns=209648 trim_ppb=0 cfg=1 p_ns=13103 d_ns=0 (pico_gnss pico-gnss-rs/src/main.rs:358)
43.535052 [INFO ] PPSGEN count=38 interval_ns=999988560 dev_ns=-11440 phase_ns=1683426 hwphase_ns=195632 trim_ppb=0 cfg=1 p_ns=12227 d_ns=0 (pico_gnss pico-gnss-rs/src/main.rs:358)
44.533653 [INFO ] PPSGEN count=39 interval_ns=999989504 dev_ns=-10496 phase_ns=299430 hwphase_ns=185136 trim_ppb=0 cfg=1 p_ns=0 d_ns=0 (pico_gnss pico-gnss-rs/src/main.rs:358)
45.533645 [INFO ] PPSGEN count=40 interval_ns=999990368 dev_ns=-9632 phase_ns=-1774565 hwphase_ns=172928 trim_ppb=0 cfg=1 p_ns=10808 d_ns=0 (pico_gnss pico-gnss-rs/src/main.rs:358)
46.533640 [INFO ] PPSGEN count=41 interval_ns=1000002592 dev_ns=2592 phase_ns=-1936565 hwphase_ns=172944 trim_ppb=0 cfg=1 p_ns=10809 d_ns=0 (pico_gnss pico-gnss-rs/src/main.rs:358)
47.533662 [INFO ] PPSGEN count=42 interval_ns=999991776 dev_ns=-8224 phase_ns=-1822565 hwphase_ns=162144 trim_ppb=0 cfg=1 p_ns=10134 d_ns=0 (pico_gnss pico-gnss-rs/src/main.rs:358)
48.533670 [INFO ] PPSGEN count=43 interval_ns=999991792 dev_ns=-8208 phase_ns=-1929565 hwphase_ns=151344 trim_ppb=0 cfg=1 p_ns=9459 d_ns=0 (pico_gnss pico-gnss-rs/src/main.rs:358)
49.534313 [INFO ] PPSGEN count=44 interval_ns=999992464 dev_ns=-7536 phase_ns=-1261567 hwphase_ns=141248 trim_ppb=0 cfg=1 p_ns=8828 d_ns=0 (pico_gnss pico-gnss-rs/src/main.rs:358)
50.533641 [INFO ] PPSGEN count=45 interval_ns=999993136 dev_ns=-6864 phase_ns=-2597564 hwphase_ns=131808 trim_ppb=0 cfg=1 p_ns=8238 d_ns=0 (pico_gnss pico-gnss-rs/src/main.rs:358)
51.533920 [INFO ] PPSGEN count=46 interval_ns=999993776 dev_ns=-6224 phase_ns=-1656567 hwphase_ns=122992 trim_ppb=0 cfg=1 p_ns=7687 d_ns=0 (pico_gnss pico-gnss-rs/src/main.rs:358)
52.533652 [INFO ] PPSGEN count=47 interval_ns=999994368 dev_ns=-5632 phase_ns=-2190565 hwphase_ns=114800 trim_ppb=0 cfg=1 p_ns=7175 d_ns=0 (pico_gnss pico-gnss-rs/src/main.rs:358)
53.533677 [INFO ] PPSGEN count=48 interval_ns=999994912 dev_ns=-5088 phase_ns=-1883566 hwphase_ns=107136 trim_ppb=0 cfg=1 p_ns=6696 d_ns=0 (pico_gnss pico-gnss-rs/src/main.rs:358)
54.534166 [INFO ] PPSGEN count=49 interval_ns=999995424 dev_ns=-4576 phase_ns=-1430568 hwphase_ns=99968 trim_ppb=0 cfg=1 p_ns=6248 d_ns=0 (pico_gnss pico-gnss-rs/src/main.rs:358)
55.533671 [INFO ] PPSGEN count=50 interval_ns=999995904 dev_ns=-4096 phase_ns=-2416565 hwphase_ns=93312 trim_ppb=0 cfg=1 p_ns=5832 d_ns=0 (pico_gnss pico-gnss-rs/src/main.rs:358)
56.533684 [INFO ] PPSGEN count=51 interval_ns=999996352 dev_ns=-3648 phase_ns=-1876566 hwphase_ns=87088 trim_ppb=0 cfg=1 p_ns=5443 d_ns=0 (pico_gnss pico-gnss-rs/src/main.rs:358)
57.533669 [INFO ] PPSGEN count=52 interval_ns=999996752 dev_ns=-3248 phase_ns=-1933566 hwphase_ns=81264 trim_ppb=0 cfg=1 p_ns=5079 d_ns=0 (pico_gnss pico-gnss-rs/src/main.rs:358)
58.533661 [INFO ] PPSGEN count=53 interval_ns=999997168 dev_ns=-2832 phase_ns=-1907566 hwphase_ns=75856 trim_ppb=0 cfg=1 p_ns=4741 d_ns=0 (pico_gnss pico-gnss-rs/src/main.rs:358)
59.533800 [INFO ] PPSGEN count=54 interval_ns=999997520 dev_ns=-2480 phase_ns=-1754567 hwphase_ns=70800 trim_ppb=0 cfg=1 p_ns=4425 d_ns=0 (pico_gnss pico-gnss-rs/src/main.rs:358)
60.533655 [INFO ] PPSGEN count=55 interval_ns=999997856 dev_ns=-2144 phase_ns=-2041566 hwphase_ns=66080 trim_ppb=0 cfg=1 p_ns=4130 d_ns=0 (pico_gnss pico-gnss-rs/src/main.rs:358)
61.533679 [INFO ] PPSGEN count=56 interval_ns=999998176 dev_ns=-1824 phase_ns=-1874566 hwphase_ns=61696 trim_ppb=0 cfg=1 p_ns=3856 d_ns=0 (pico_gnss pico-gnss-rs/src/main.rs:358)
62.533692 [INFO ] PPSGEN count=57 interval_ns=999998464 dev_ns=-1536 phase_ns=-1897567 hwphase_ns=57584 trim_ppb=0 cfg=1 p_ns=3599 d_ns=0 (pico_gnss pico-gnss-rs/src/main.rs:358)
63.534057 [INFO ] PPSGEN count=58 interval_ns=999998736 dev_ns=-1264 phase_ns=-1496568 hwphase_ns=53744 trim_ppb=0 cfg=1 p_ns=3359 d_ns=0 (pico_gnss pico-gnss-rs/src/main.rs:358)
64.533708 [INFO ] PPSGEN count=59 interval_ns=999999008 dev_ns=-992 phase_ns=-2259566 hwphase_ns=50176 trim_ppb=0 cfg=1 p_ns=3136 d_ns=0 (pico_gnss pico-gnss-rs/src/main.rs:358)
65.533695 [INFO ] PPSGEN count=60 interval_ns=999999248 dev_ns=-752 phase_ns=-1895567 hwphase_ns=46848 trim_ppb=0 cfg=1 p_ns=2928 d_ns=0 (pico_gnss pico-gnss-rs/src/main.rs:358)
66.533696 [INFO ] PPSGEN count=61 interval_ns=999999456 dev_ns=-544 phase_ns=-1913567 hwphase_ns=43728 trim_ppb=0 cfg=1 p_ns=2733 d_ns=0 (pico_gnss pico-gnss-rs/src/main.rs:358)
67.533715 [INFO ] PPSGEN count=62 interval_ns=999999664 dev_ns=-336 phase_ns=-1916567 hwphase_ns=40816 trim_ppb=0 cfg=1 p_ns=2551 d_ns=0 (pico_gnss pico-gnss-rs/src/main.rs:358)
68.533704 [INFO ] PPSGEN count=63 interval_ns=999999872 dev_ns=-128 phase_ns=-1922567 hwphase_ns=38112 trim_ppb=0 cfg=1 p_ns=2382 d_ns=0 (pico_gnss pico-gnss-rs/src/main.rs:358)
69.533720 [INFO ] PPSGEN count=64 interval_ns=1000000048 dev_ns=48 phase_ns=-1918567 hwphase_ns=35584 trim_ppb=0 cfg=1 p_ns=2224 d_ns=0 (pico_gnss pico-gnss-rs/src/main.rs:358)
70.533720 [INFO ] PPSGEN count=65 interval_ns=1000000224 dev_ns=224 phase_ns=-1844568 hwphase_ns=33216 trim_ppb=0 cfg=1 p_ns=2076 d_ns=0 (pico_gnss pico-gnss-rs/src/main.rs:358)
71.533767 [INFO ] PPSGEN count=66 interval_ns=1000000368 dev_ns=368 phase_ns=-1760568 hwphase_ns=31024 trim_ppb=0 cfg=1 p_ns=1939 d_ns=0 (pico_gnss pico-gnss-rs/src/main.rs:358)
72.533731 [INFO ] PPSGEN count=67 interval_ns=1000000528 dev_ns=528 phase_ns=-1839568 hwphase_ns=28960 trim_ppb=0 cfg=1 p_ns=1810 d_ns=0 (pico_gnss pico-gnss-rs/src/main.rs:358)
73.533714 [INFO ] PPSGEN count=68 interval_ns=1000000656 dev_ns=656 phase_ns=-1843568 hwphase_ns=27056 trim_ppb=0 cfg=1 p_ns=1691 d_ns=0 (pico_gnss pico-gnss-rs/src/main.rs:358)
74.533753 [INFO ] PPSGEN count=69 interval_ns=1000000784 dev_ns=784 phase_ns=-1804569 hwphase_ns=25248 trim_ppb=0 cfg=1 p_ns=1578 d_ns=0 (pico_gnss pico-gnss-rs/src/main.rs:358)
75.533706 [INFO ] PPSGEN count=70 interval_ns=1000000912 dev_ns=912 phase_ns=-1871568 hwphase_ns=23600 trim_ppb=0 cfg=1 p_ns=1475 d_ns=0 (pico_gnss pico-gnss-rs/src/main.rs:358)
76.533729 [INFO ] PPSGEN count=71 interval_ns=1000001024 dev_ns=1024 phase_ns=-1842569 hwphase_ns=22032 trim_ppb=0 cfg=1 p_ns=1377 d_ns=0 (pico_gnss pico-gnss-rs/src/main.rs:358)
77.533739 [INFO ] PPSGEN count=72 interval_ns=1000001120 dev_ns=1120 phase_ns=-1822568 hwphase_ns=20592 trim_ppb=0 cfg=1 p_ns=1287 d_ns=0 (pico_gnss pico-gnss-rs/src/main.rs:358)
78.533698 [INFO ] PPSGEN count=73 interval_ns=1000001232 dev_ns=1232 phase_ns=-1872569 hwphase_ns=19232 trim_ppb=0 cfg=1 p_ns=1202 d_ns=0 (pico_gnss pico-gnss-rs/src/main.rs:358)
79.533726 [INFO ] PPSGEN count=74 interval_ns=1000001312 dev_ns=1312 phase_ns=-1812569 hwphase_ns=17968 trim_ppb=0 cfg=1 p_ns=1123 d_ns=0 (pico_gnss pico-gnss-rs/src/main.rs:358)
80.533707 [INFO ] PPSGEN count=75 interval_ns=1000001392 dev_ns=1392 phase_ns=-1863569 hwphase_ns=16768 trim_ppb=0 cfg=1 p_ns=1048 d_ns=0 (pico_gnss pico-gnss-rs/src/main.rs:358)
81.533697 [INFO ] PPSGEN count=76 interval_ns=1000001488 dev_ns=1488 phase_ns=-1844569 hwphase_ns=15696 trim_ppb=0 cfg=1 p_ns=981 d_ns=0 (pico_gnss pico-gnss-rs/src/main.rs:358)
82.533724 [INFO ] PPSGEN count=77 interval_ns=1000001552 dev_ns=1552 phase_ns=-1835569 hwphase_ns=14656 trim_ppb=0 cfg=1 p_ns=916 d_ns=0 (pico_gnss pico-gnss-rs/src/main.rs:358)
83.533682 [INFO ] PPSGEN count=78 interval_ns=1000001616 dev_ns=1616 phase_ns=-1875569 hwphase_ns=13696 trim_ppb=0 cfg=1 p_ns=856 d_ns=0 (pico_gnss pico-gnss-rs/src/main.rs:358)
84.533702 [INFO ] PPSGEN count=79 interval_ns=1000001696 dev_ns=1696 phase_ns=-1825570 hwphase_ns=12816 trim_ppb=0 cfg=1 p_ns=801 d_ns=0 (pico_gnss pico-gnss-rs/src/main.rs:358)
85.533855 [INFO ] PPSGEN count=80 interval_ns=1000001744 dev_ns=1744 phase_ns=-1696570 hwphase_ns=11968 trim_ppb=0 cfg=1 p_ns=748 d_ns=0 (pico_gnss pico-gnss-rs/src/main.rs:358)
86.533711 [INFO ] PPSGEN count=81 interval_ns=1000001792 dev_ns=1792 phase_ns=-2001569 hwphase_ns=11200 trim_ppb=0 cfg=1 p_ns=700 d_ns=0 (pico_gnss pico-gnss-rs/src/main.rs:358)
87.533727 [INFO ] PPSGEN count=82 interval_ns=1000001856 dev_ns=1856 phase_ns=-1796570 hwphase_ns=10464 trim_ppb=0 cfg=1 p_ns=654 d_ns=0 (pico_gnss pico-gnss-rs/src/main.rs:358)
88.533721 [INFO ] PPSGEN count=83 interval_ns=1000001904 dev_ns=1904 phase_ns=-1840570 hwphase_ns=9792 trim_ppb=0 cfg=1 p_ns=612 d_ns=0 (pico_gnss pico-gnss-rs/src/main.rs:358)
89.533722 [INFO ] PPSGEN count=84 interval_ns=1000001952 dev_ns=1952 phase_ns=-1852570 hwphase_ns=9168 trim_ppb=0 cfg=1 p_ns=573 d_ns=0 (pico_gnss pico-gnss-rs/src/main.rs:358)
90.533722 [INFO ] PPSGEN count=85 interval_ns=1000001984 dev_ns=1984 phase_ns=-1842571 hwphase_ns=8560 trim_ppb=0 cfg=1 p_ns=535 d_ns=0 (pico_gnss pico-gnss-rs/src/main.rs:358)
91.533731 [INFO ] PPSGEN count=86 interval_ns=1000002032 dev_ns=2032 phase_ns=-1837571 hwphase_ns=8016 trim_ppb=0 cfg=1 p_ns=501 d_ns=0 (pico_gnss pico-gnss-rs/src/main.rs:358)
92.533726 [INFO ] PPSGEN count=87 interval_ns=1000002080 dev_ns=2080 phase_ns=-1870571 hwphase_ns=7504 trim_ppb=0 cfg=1 p_ns=469 d_ns=0 (pico_gnss pico-gnss-rs/src/main.rs:358)
93.533751 [INFO ] PPSGEN count=88 interval_ns=1000002096 dev_ns=2096 phase_ns=-1858571 hwphase_ns=7024 trim_ppb=0 cfg=1 p_ns=439 d_ns=0 (pico_gnss pico-gnss-rs/src/main.rs:358)
94.533719 [INFO ] PPSGEN count=89 interval_ns=1000002144 dev_ns=2144 phase_ns=-1882571 hwphase_ns=6592 trim_ppb=0 cfg=1 p_ns=412 d_ns=0 (pico_gnss pico-gnss-rs/src/main.rs:358)
95.533749 [INFO ] PPSGEN count=90 interval_ns=1000002160 dev_ns=2160 phase_ns=-1851571 hwphase_ns=6176 trim_ppb=0 cfg=1 p_ns=386 d_ns=0 (pico_gnss pico-gnss-rs/src/main.rs:358)
96.533743 [INFO ] PPSGEN count=91 interval_ns=1000002192 dev_ns=2192 phase_ns=-1870572 hwphase_ns=5776 trim_ppb=0 cfg=1 p_ns=361 d_ns=0 (pico_gnss pico-gnss-rs/src/main.rs:358)
97.533761 [INFO ] PPSGEN count=92 interval_ns=1000002224 dev_ns=2224 phase_ns=-1843572 hwphase_ns=5424 trim_ppb=0 cfg=1 p_ns=339 d_ns=0 (pico_gnss pico-gnss-rs/src/main.rs:358)
98.533711 [INFO ] PPSGEN count=93 interval_ns=1000002240 dev_ns=2240 phase_ns=-1904571 hwphase_ns=5088 trim_ppb=0 cfg=1 p_ns=318 d_ns=0 (pico_gnss pico-gnss-rs/src/main.rs:358)
99.533741 [INFO ] PPSGEN count=94 interval_ns=1000002256 dev_ns=2256 phase_ns=-1816572 hwphase_ns=4768 trim_ppb=0 cfg=1 p_ns=298 d_ns=0 (pico_gnss pico-gnss-rs/src/main.rs:358)
100.533746 [INFO ] PPSGEN count=95 interval_ns=1000002288 dev_ns=2288 phase_ns=-1817572 hwphase_ns=4464 trim_ppb=0 cfg=1 p_ns=279 d_ns=0 (pico_gnss pico-gnss-rs/src/main.rs:358)
101.533772 [INFO ] PPSGEN count=96 interval_ns=1000002304 dev_ns=2304 phase_ns=-1841572 hwphase_ns=4192 trim_ppb=0 cfg=1 p_ns=262 d_ns=0 (pico_gnss pico-gnss-rs/src/main.rs:358)
102.533750 [INFO ] PPSGEN count=97 interval_ns=1000002336 dev_ns=2336 phase_ns=-1854572 hwphase_ns=3952 trim_ppb=0 cfg=1 p_ns=247 d_ns=0 (pico_gnss pico-gnss-rs/src/main.rs:358)
103.533760 [INFO ] PPSGEN count=98 interval_ns=1000002352 dev_ns=2352 phase_ns=-1824572 hwphase_ns=3728 trim_ppb=0 cfg=1 p_ns=233 d_ns=0 (pico_gnss pico-gnss-rs/src/main.rs:358)
104.533760 [INFO ] PPSGEN count=99 interval_ns=1000002352 dev_ns=2352 phase_ns=-1839572 hwphase_ns=3504 trim_ppb=0 cfg=1 p_ns=219 d_ns=0 (pico_gnss pico-gnss-rs/src/main.rs:358)
105.533773 [INFO ] PPSGEN count=100 interval_ns=1000002368 dev_ns=2368 phase_ns=-1842572 hwphase_ns=3296 trim_ppb=0 cfg=1 p_ns=206 d_ns=0 (pico_gnss pico-gnss-rs/src/main.rs:358)
106.533772 [INFO ] PPSGEN count=101 interval_ns=1000002384 dev_ns=2384 phase_ns=-1845572 hwphase_ns=3104 trim_ppb=0 cfg=1 p_ns=194 d_ns=0 (pico_gnss pico-gnss-rs/src/main.rs:358)
107.533775 [INFO ] PPSGEN count=102 interval_ns=1000002400 dev_ns=2400 phase_ns=-1833572 hwphase_ns=2928 trim_ppb=0 cfg=1 p_ns=183 d_ns=0 (pico_gnss pico-gnss-rs/src/main.rs:358)
108.533778 [INFO ] PPSGEN count=103 interval_ns=1000002416 dev_ns=2416 phase_ns=-1831572 hwphase_ns=2768 trim_ppb=0 cfg=1 p_ns=173 d_ns=0 (pico_gnss pico-gnss-rs/src/main.rs:358)
109.533773 [INFO ] PPSGEN count=104 interval_ns=1000002416 dev_ns=2416 phase_ns=-1847572 hwphase_ns=2608 trim_ppb=0 cfg=1 p_ns=163 d_ns=0 (pico_gnss pico-gnss-rs/src/main.rs:358)
110.533812 [INFO ] PPSGEN count=105 interval_ns=1000002432 dev_ns=2432 phase_ns=-1775572 hwphase_ns=2464 trim_ppb=0 cfg=1 p_ns=154 d_ns=0 (pico_gnss pico-gnss-rs/src/main.rs:358)
111.533894 [INFO ] PPSGEN count=106 interval_ns=1000002448 dev_ns=2448 phase_ns=-1702573 hwphase_ns=2320 trim_ppb=0 cfg=1 p_ns=145 d_ns=0 (pico_gnss pico-gnss-rs/src/main.rs:358)
112.533780 [INFO ] PPSGEN count=107 interval_ns=1000002448 dev_ns=2448 phase_ns=-1989571 hwphase_ns=2208 trim_ppb=0 cfg=1 p_ns=138 d_ns=0 (pico_gnss pico-gnss-rs/src/main.rs:358)
113.533776 [INFO ] PPSGEN count=108 interval_ns=1000002464 dev_ns=2464 phase_ns=-1819572 hwphase_ns=2096 trim_ppb=0 cfg=1 p_ns=131 d_ns=0 (pico_gnss pico-gnss-rs/src/main.rs:358)
114.534220 [INFO ] PPSGEN count=109 interval_ns=1000002464 dev_ns=2464 phase_ns=-1389573 hwphase_ns=1984 trim_ppb=0 cfg=1 p_ns=124 d_ns=0 (pico_gnss pico-gnss-rs/src/main.rs:358)
115.533789 [INFO ] PPSGEN count=110 interval_ns=1000002464 dev_ns=2464 phase_ns=-2280570 hwphase_ns=1872 trim_ppb=0 cfg=1 p_ns=117 d_ns=0 (pico_gnss pico-gnss-rs/src/main.rs:358)
116.533793 [INFO ] PPSGEN count=111 interval_ns=1000002480 dev_ns=2480 phase_ns=-1841572 hwphase_ns=1760 trim_ppb=0 cfg=1 p_ns=110 d_ns=0 (pico_gnss pico-gnss-rs/src/main.rs:358)
117.533821 [INFO ] PPSGEN count=112 interval_ns=1000002496 dev_ns=2496 phase_ns=-1827572 hwphase_ns=1696 trim_ppb=0 cfg=1 p_ns=106 d_ns=0 (pico_gnss pico-gnss-rs/src/main.rs:358)
118.533805 [INFO ] PPSGEN count=113 interval_ns=1000002496 dev_ns=2496 phase_ns=-1870572 hwphase_ns=1600 trim_ppb=0 cfg=1 p_ns=100 d_ns=0 (pico_gnss pico-gnss-rs/src/main.rs:358)
119.533815 [INFO ] PPSGEN count=114 interval_ns=1000002496 dev_ns=2496 phase_ns=-1837572 hwphase_ns=1520 trim_ppb=0 cfg=1 p_ns=95 d_ns=0 (pico_gnss pico-gnss-rs/src/main.rs:358)
120.533808 [INFO ] PPSGEN count=115 interval_ns=1000002512 dev_ns=2512 phase_ns=-1854572 hwphase_ns=1456 trim_ppb=0 cfg=1 p_ns=91 d_ns=0 (pico_gnss pico-gnss-rs/src/main.rs:358)
121.533806 [INFO ] PPSGEN count=116 interval_ns=1000002512 dev_ns=2512 phase_ns=-1841572 hwphase_ns=1376 trim_ppb=0 cfg=1 p_ns=86 d_ns=0 (pico_gnss pico-gnss-rs/src/main.rs:358)
122.533829 [INFO ] PPSGEN count=117 interval_ns=1000002512 dev_ns=2512 phase_ns=-1824573 hwphase_ns=1296 trim_ppb=0 cfg=1 p_ns=81 d_ns=0 (pico_gnss pico-gnss-rs/src/main.rs:358)
123.533826 [INFO ] PPSGEN count=118 interval_ns=1000002512 dev_ns=2512 phase_ns=-1838573 hwphase_ns=1232 trim_ppb=0 cfg=1 p_ns=77 d_ns=0 (pico_gnss pico-gnss-rs/src/main.rs:358)
124.533813 [INFO ] PPSGEN count=119 interval_ns=1000002528 dev_ns=2528 phase_ns=-1853573 hwphase_ns=1168 trim_ppb=0 cfg=1 p_ns=73 d_ns=0 (pico_gnss pico-gnss-rs/src/main.rs:358)
125.533826 [INFO ] PPSGEN count=120 interval_ns=1000002528 dev_ns=2528 phase_ns=-1841573 hwphase_ns=1120 trim_ppb=0 cfg=1 p_ns=70 d_ns=0 (pico_gnss pico-gnss-rs/src/main.rs:358)
126.533837 [INFO ] PPSGEN count=121 interval_ns=1000002528 dev_ns=2528 phase_ns=-1827574 hwphase_ns=1056 trim_ppb=0 cfg=1 p_ns=66 d_ns=0 (pico_gnss pico-gnss-rs/src/main.rs:358)
127.533831 [INFO ] PPSGEN count=122 interval_ns=1000002544 dev_ns=2544 phase_ns=-1836573 hwphase_ns=1024 trim_ppb=0 cfg=1 p_ns=64 d_ns=0 (pico_gnss pico-gnss-rs/src/main.rs:358)
128.533799 [INFO ] PPSGEN count=123 interval_ns=1000002544 dev_ns=2544 phase_ns=-1848574 hwphase_ns=976 trim_ppb=0 cfg=1 p_ns=61 d_ns=0 (pico_gnss pico-gnss-rs/src/main.rs:358)
129.533835 [INFO ] PPSGEN count=124 interval_ns=1000002528 dev_ns=2528 phase_ns=-1809574 hwphase_ns=912 trim_ppb=0 cfg=1 p_ns=57 d_ns=0 (pico_gnss pico-gnss-rs/src/main.rs:358)
130.533841 [INFO ] PPSGEN count=125 interval_ns=1000002544 dev_ns=2544 phase_ns=-1843574 hwphase_ns=880 trim_ppb=0 cfg=1 p_ns=55 d_ns=0 (pico_gnss pico-gnss-rs/src/main.rs:358)
131.533830 [INFO ] PPSGEN count=126 interval_ns=1000002560 dev_ns=2560 phase_ns=-1883574 hwphase_ns=848 trim_ppb=0 cfg=1 p_ns=53 d_ns=0 (pico_gnss pico-gnss-rs/src/main.rs:358)
132.533846 [INFO ] PPSGEN count=127 interval_ns=1000002544 dev_ns=2544 phase_ns=-1826574 hwphase_ns=816 trim_ppb=0 cfg=1 p_ns=51 d_ns=0 (pico_gnss pico-gnss-rs/src/main.rs:358)
133.533864 [INFO ] PPSGEN count=128 interval_ns=1000002560 dev_ns=2560 phase_ns=-1861575 hwphase_ns=784 trim_ppb=0 cfg=1 p_ns=49 d_ns=-8 (pico_gnss pico-gnss-rs/src/main.rs:358)
134.533864 [INFO ] PPSGEN count=129 interval_ns=1000002560 dev_ns=2560 phase_ns=-1907574 hwphase_ns=768 trim_ppb=0 cfg=1 p_ns=48 d_ns=-4 (pico_gnss pico-gnss-rs/src/main.rs:358)
135.533860 [INFO ] PPSGEN count=130 interval_ns=1000002560 dev_ns=2560 phase_ns=-1898575 hwphase_ns=736 trim_ppb=0 cfg=1 p_ns=46 d_ns=-8 (pico_gnss pico-gnss-rs/src/main.rs:358)
136.533864 [INFO ] PPSGEN count=131 interval_ns=1000002560 dev_ns=2560 phase_ns=-1899575 hwphase_ns=720 trim_ppb=0 cfg=1 p_ns=45 d_ns=-4 (pico_gnss pico-gnss-rs/src/main.rs:358)
137.533886 [INFO ] PPSGEN count=132 interval_ns=1000002576 dev_ns=2576 phase_ns=-1907575 hwphase_ns=720 trim_ppb=0 cfg=1 p_ns=45 d_ns=0 (pico_gnss pico-gnss-rs/src/main.rs:358)
138.533861 [INFO ] PPSGEN count=133 interval_ns=1000002560 dev_ns=2560 phase_ns=-1900575 hwphase_ns=704 trim_ppb=0 cfg=1 p_ns=44 d_ns=-4 (pico_gnss pico-gnss-rs/src/main.rs:358)
139.533897 [INFO ] PPSGEN count=134 interval_ns=1000002560 dev_ns=2560 phase_ns=-1828575 hwphase_ns=672 trim_ppb=0 cfg=1 p_ns=42 d_ns=-8 (pico_gnss pico-gnss-rs/src/main.rs:358)
140.533859 [INFO ] PPSGEN count=135 interval_ns=1000002560 dev_ns=2560 phase_ns=-1964575 hwphase_ns=640 trim_ppb=0 cfg=1 p_ns=40 d_ns=-8 (pico_gnss pico-gnss-rs/src/main.rs:358)
141.533896 [INFO ] PPSGEN count=136 interval_ns=1000002576 dev_ns=2576 phase_ns=-1896575 hwphase_ns=640 trim_ppb=0 cfg=1 p_ns=40 d_ns=0 (pico_gnss pico-gnss-rs/src/main.rs:358)
142.533887 [INFO ] PPSGEN count=137 interval_ns=1000002576 dev_ns=2576 phase_ns=-1858576 hwphase_ns=624 trim_ppb=0 cfg=1 p_ns=39 d_ns=-4 (pico_gnss pico-gnss-rs/src/main.rs:358)
143.533877 [INFO ] PPSGEN count=138 interval_ns=1000002560 dev_ns=2560 phase_ns=-1951576 hwphase_ns=592 trim_ppb=0 cfg=1 p_ns=37 d_ns=-8 (pico_gnss pico-gnss-rs/src/main.rs:358)
144.533896 [INFO ] PPSGEN count=139 interval_ns=1000002576 dev_ns=2576 phase_ns=-1877576 hwphase_ns=592 trim_ppb=0 cfg=1 p_ns=37 d_ns=0 (pico_gnss pico-gnss-rs/src/main.rs:358)
145.533888 [INFO ] PPSGEN count=140 interval_ns=1000002576 dev_ns=2576 phase_ns=-1858576 hwphase_ns=576 trim_ppb=0 cfg=1 p_ns=36 d_ns=-4 (pico_gnss pico-gnss-rs/src/main.rs:358)
146.533903 [INFO ] PPSGEN count=141 interval_ns=1000002576 dev_ns=2576 phase_ns=-1916576 hwphase_ns=560 trim_ppb=0 cfg=1 p_ns=35 d_ns=-4 (pico_gnss pico-gnss-rs/src/main.rs:358)
147.533908 [INFO ] PPSGEN count=142 interval_ns=1000002576 dev_ns=2576 phase_ns=-1938577 hwphase_ns=544 trim_ppb=0 cfg=1 p_ns=34 d_ns=-4 (pico_gnss pico-gnss-rs/src/main.rs:358)
148.533898 [INFO ] PPSGEN count=143 interval_ns=1000002576 dev_ns=2576 phase_ns=-1944577 hwphase_ns=528 trim_ppb=0 cfg=1 p_ns=33 d_ns=-4 (pico_gnss pico-gnss-rs/src/main.rs:358)
149.533916 [INFO ] PPSGEN count=144 interval_ns=1000002592 dev_ns=2592 phase_ns=-1919577 hwphase_ns=528 trim_ppb=0 cfg=1 p_ns=33 d_ns=0 (pico_gnss pico-gnss-rs/src/main.rs:358)
150.533898 [INFO ] PPSGEN count=145 interval_ns=1000002576 dev_ns=2576 phase_ns=-1882578 hwphase_ns=496 trim_ppb=0 cfg=1 p_ns=31 d_ns=-8 (pico_gnss pico-gnss-rs/src/main.rs:358)
151.533898 [INFO ] PPSGEN count=146 interval_ns=1000002576 dev_ns=2576 phase_ns=-1914578 hwphase_ns=480 trim_ppb=0 cfg=1 p_ns=30 d_ns=-4 (pico_gnss pico-gnss-rs/src/main.rs:358)
152.533907 [INFO ] PPSGEN count=147 interval_ns=1000002592 dev_ns=2592 phase_ns=-1930579 hwphase_ns=464 trim_ppb=0 cfg=1 p_ns=29 d_ns=-4 (pico_gnss pico-gnss-rs/src/main.rs:358)
153.533905 [INFO ] PPSGEN count=148 interval_ns=1000002576 dev_ns=2576 phase_ns=-1923579 hwphase_ns=448 trim_ppb=0 cfg=1 p_ns=28 d_ns=-4 (pico_gnss pico-gnss-rs/src/main.rs:358)
154.533930 [INFO ] PPSGEN count=149 interval_ns=1000002592 dev_ns=2592 phase_ns=-1901580 hwphase_ns=448 trim_ppb=0 cfg=1 p_ns=28 d_ns=0 (pico_gnss pico-gnss-rs/src/main.rs:358)
155.533904 [INFO ] PPSGEN count=150 interval_ns=1000002576 dev_ns=2576 phase_ns=-1874580 hwphase_ns=432 trim_ppb=0 cfg=1 p_ns=27 d_ns=-4 (pico_gnss pico-gnss-rs/src/main.rs:358)
156.533914 [INFO ] PPSGEN count=151 interval_ns=1000002592 dev_ns=2592 phase_ns=-1907580 hwphase_ns=432 trim_ppb=0 cfg=1 p_ns=27 d_ns=0 (pico_gnss pico-gnss-rs/src/main.rs:358)
157.533914 [INFO ] PPSGEN count=152 interval_ns=1000002592 dev_ns=2592 phase_ns=-1853581 hwphase_ns=416 trim_ppb=0 cfg=1 p_ns=26 d_ns=-4 (pico_gnss pico-gnss-rs/src/main.rs:358)
158.533923 [INFO ] PPSGEN count=153 interval_ns=1000002592 dev_ns=2592 phase_ns=-1953580 hwphase_ns=432 trim_ppb=0 cfg=1 p_ns=27 d_ns=4 (pico_gnss pico-gnss-rs/src/main.rs:358)
159.533944 [INFO ] PPSGEN count=154 interval_ns=1000002592 dev_ns=2592 phase_ns=-1865581 hwphase_ns=416 trim_ppb=0 cfg=1 p_ns=26 d_ns=-4 (pico_gnss pico-gnss-rs/src/main.rs:358)
160.533907 [INFO ] PPSGEN count=155 interval_ns=1000002576 dev_ns=2576 phase_ns=-1937581 hwphase_ns=400 trim_ppb=0 cfg=1 p_ns=25 d_ns=-4 (pico_gnss pico-gnss-rs/src/main.rs:358)
161.533940 [INFO ] PPSGEN count=156 interval_ns=1000002592 dev_ns=2592 phase_ns=-1897581 hwphase_ns=400 trim_ppb=0 cfg=1 p_ns=25 d_ns=0 (pico_gnss pico-gnss-rs/src/main.rs:358)
162.533922 [INFO ] PPSGEN count=157 interval_ns=1000002608 dev_ns=2608 phase_ns=-1864582 hwphase_ns=400 trim_ppb=0 cfg=1 p_ns=25 d_ns=0 (pico_gnss pico-gnss-rs/src/main.rs:358)
163.533939 [INFO ] PPSGEN count=158 interval_ns=1000002576 dev_ns=2576 phase_ns=-1849583 hwphase_ns=368 trim_ppb=0 cfg=1 p_ns=23 d_ns=-8 (pico_gnss pico-gnss-rs/src/main.rs:358)
164.533925 [INFO ] PPSGEN count=159 interval_ns=1000002592 dev_ns=2592 phase_ns=-1922583 hwphase_ns=368 trim_ppb=0 cfg=1 p_ns=23 d_ns=0 (pico_gnss pico-gnss-rs/src/main.rs:358)
165.533926 [INFO ] PPSGEN count=160 interval_ns=1000002608 dev_ns=2608 phase_ns=-1831583 hwphase_ns=384 trim_ppb=0 cfg=1 p_ns=24 d_ns=4 (pico_gnss pico-gnss-rs/src/main.rs:358)
166.533944 [INFO ] PPSGEN count=161 interval_ns=1000002592 dev_ns=2592 phase_ns=-1862583 hwphase_ns=384 trim_ppb=0 cfg=1 p_ns=24 d_ns=0 (pico_gnss pico-gnss-rs/src/main.rs:358)
167.533952 [INFO ] PPSGEN count=162 interval_ns=1000002592 dev_ns=2592 phase_ns=-1846584 hwphase_ns=368 trim_ppb=0 cfg=1 p_ns=23 d_ns=-4 (pico_gnss pico-gnss-rs/src/main.rs:358)
168.533958 [INFO ] PPSGEN count=163 interval_ns=1000002592 dev_ns=2592 phase_ns=-1874584 hwphase_ns=352 trim_ppb=0 cfg=1 p_ns=22 d_ns=-4 (pico_gnss pico-gnss-rs/src/main.rs:358)
169.533957 [INFO ] PPSGEN count=164 interval_ns=1000002592 dev_ns=2592 phase_ns=-1947584 hwphase_ns=352 trim_ppb=0 cfg=1 p_ns=22 d_ns=0 (pico_gnss pico-gnss-rs/src/main.rs:358)
170.534126 [INFO ] PPSGEN count=165 interval_ns=1000002592 dev_ns=2592 phase_ns=-1714585 hwphase_ns=336 trim_ppb=0 cfg=1 p_ns=21 d_ns=-4 (pico_gnss pico-gnss-rs/src/main.rs:358)
171.534171 [INFO ] PPSGEN count=166 interval_ns=1000002608 dev_ns=2608 phase_ns=-1865585 hwphase_ns=352 trim_ppb=0 cfg=1 p_ns=22 d_ns=4 (pico_gnss pico-gnss-rs/src/main.rs:358)
172.533960 [INFO ] PPSGEN count=167 interval_ns=1000002592 dev_ns=2592 phase_ns=-2065585 hwphase_ns=352 trim_ppb=0 cfg=1 p_ns=22 d_ns=0 (pico_gnss pico-gnss-rs/src/main.rs:358)
173.533973 [INFO ] PPSGEN count=168 interval_ns=1000002592 dev_ns=2592 phase_ns=-1849585 hwphase_ns=352 trim_ppb=0 cfg=1 p_ns=22 d_ns=0 (pico_gnss pico-gnss-rs/src/main.rs:358)
174.533964 [INFO ] PPSGEN count=169 interval_ns=1000002592 dev_ns=2592 phase_ns=-1868585 hwphase_ns=352 trim_ppb=0 cfg=1 p_ns=22 d_ns=0 (pico_gnss pico-gnss-rs/src/main.rs:358)
175.533961 [INFO ] PPSGEN count=170 interval_ns=1000002608 dev_ns=2608 phase_ns=-1844585 hwphase_ns=368 trim_ppb=0 cfg=1 p_ns=23 d_ns=4 (pico_gnss pico-gnss-rs/src/main.rs:358)
176.533976 [INFO ] PPSGEN count=171 interval_ns=1000002592 dev_ns=2592 phase_ns=-1854586 hwphase_ns=352 trim_ppb=0 cfg=1 p_ns=22 d_ns=-4 (pico_gnss pico-gnss-rs/src/main.rs:358)
177.533963 [INFO ] PPSGEN count=172 interval_ns=1000002592 dev_ns=2592 phase_ns=-1946586 hwphase_ns=352 trim_ppb=0 cfg=1 p_ns=22 d_ns=0 (pico_gnss pico-gnss-rs/src/main.rs:358)
178.533975 [INFO ] PPSGEN count=173 interval_ns=1000002592 dev_ns=2592 phase_ns=-1836586 hwphase_ns=336 trim_ppb=0 cfg=1 p_ns=21 d_ns=-4 (pico_gnss pico-gnss-rs/src/main.rs:358)
179.533972 [INFO ] PPSGEN count=174 interval_ns=1000002608 dev_ns=2608 phase_ns=-1930586 hwphase_ns=352 trim_ppb=0 cfg=1 p_ns=22 d_ns=4 (pico_gnss pico-gnss-rs/src/main.rs:358)
180.533977 [INFO ] PPSGEN count=175 interval_ns=1000002592 dev_ns=2592 phase_ns=-1853586 hwphase_ns=352 trim_ppb=0 cfg=1 p_ns=22 d_ns=0 (pico_gnss pico-gnss-rs/src/main.rs:358)
181.533982 [INFO ] PPSGEN count=176 interval_ns=1000002592 dev_ns=2592 phase_ns=-1848587 hwphase_ns=320 trim_ppb=0 cfg=1 p_ns=20 d_ns=-8 (pico_gnss pico-gnss-rs/src/main.rs:358)
182.533991 [INFO ] PPSGEN count=177 interval_ns=1000002608 dev_ns=2608 phase_ns=-1947587 hwphase_ns=336 trim_ppb=0 cfg=1 p_ns=21 d_ns=4 (pico_gnss pico-gnss-rs/src/main.rs:358)
183.533986 [INFO ] PPSGEN count=178 interval_ns=1000002608 dev_ns=2608 phase_ns=-1894588 hwphase_ns=336 trim_ppb=0 cfg=1 p_ns=21 d_ns=0 (pico_gnss pico-gnss-rs/src/main.rs:358)
184.533969 [INFO ] PPSGEN count=179 interval_ns=1000002592 dev_ns=2592 phase_ns=-1863588 hwphase_ns=320 trim_ppb=0 cfg=1 p_ns=20 d_ns=-4 (pico_gnss pico-gnss-rs/src/main.rs:358)
185.533995 [INFO ] PPSGEN count=180 interval_ns=1000002592 dev_ns=2592 phase_ns=-1892589 hwphase_ns=304 trim_ppb=0 cfg=1 p_ns=19 d_ns=-4 (pico_gnss pico-gnss-rs/src/main.rs:358)
186.533994 [INFO ] PPSGEN count=181 interval_ns=1000002608 dev_ns=2608 phase_ns=-1929588 hwphase_ns=320 trim_ppb=0 cfg=1 p_ns=20 d_ns=4 (pico_gnss pico-gnss-rs/src/main.rs:358)
187.533972 [INFO ] PPSGEN count=182 interval_ns=1000002608 dev_ns=2608 phase_ns=-1892589 hwphase_ns=320 trim_ppb=0 cfg=1 p_ns=20 d_ns=0 (pico_gnss pico-gnss-rs/src/main.rs:358)
188.534001 [INFO ] PPSGEN count=183 interval_ns=1000002592 dev_ns=2592 phase_ns=-1830589 hwphase_ns=320 trim_ppb=0 cfg=1 p_ns=20 d_ns=0 (pico_gnss pico-gnss-rs/src/main.rs:358)
189.533996 [INFO ] PPSGEN count=184 interval_ns=1000002608 dev_ns=2608 phase_ns=-1892589 hwphase_ns=320 trim_ppb=0 cfg=1 p_ns=20 d_ns=0 (pico_gnss pico-gnss-rs/src/main.rs:358)
190.534025 [INFO ] PPSGEN count=185 interval_ns=1000002608 dev_ns=2608 phase_ns=-1834589 hwphase_ns=336 trim_ppb=0 cfg=1 p_ns=21 d_ns=4 (pico_gnss pico-gnss-rs/src/main.rs:358)
191.534023 [INFO ] PPSGEN count=186 interval_ns=1000002592 dev_ns=2592 phase_ns=-1887590 hwphase_ns=320 trim_ppb=0 cfg=1 p_ns=20 d_ns=-4 (pico_gnss pico-gnss-rs/src/main.rs:358)
192.534005 [INFO ] PPSGEN count=187 interval_ns=1000002592 dev_ns=2592 phase_ns=-1968589 hwphase_ns=320 trim_ppb=0 cfg=1 p_ns=20 d_ns=0 (pico_gnss pico-gnss-rs/src/main.rs:358)
193.534014 [INFO ] PPSGEN count=188 interval_ns=1000002608 dev_ns=2608 phase_ns=-1845590 hwphase_ns=320 trim_ppb=0 cfg=1 p_ns=20 d_ns=0 (pico_gnss pico-gnss-rs/src/main.rs:358)
194.534020 [INFO ] PPSGEN count=189 interval_ns=1000002608 dev_ns=2608 phase_ns=-1864590 hwphase_ns=336 trim_ppb=0 cfg=1 p_ns=21 d_ns=4 (pico_gnss pico-gnss-rs/src/main.rs:358)
195.533997 [INFO ] PPSGEN count=190 interval_ns=1000002608 dev_ns=2608 phase_ns=-1868590 hwphase_ns=336 trim_ppb=0 cfg=1 p_ns=21 d_ns=0 (pico_gnss pico-gnss-rs/src/main.rs:358)
196.534023 [INFO ] PPSGEN count=191 interval_ns=1000002592 dev_ns=2592 phase_ns=-1830591 hwphase_ns=320 trim_ppb=0 cfg=1 p_ns=20 d_ns=-4 (pico_gnss pico-gnss-rs/src/main.rs:358)
197.534011 [INFO ] PPSGEN count=192 interval_ns=1000002592 dev_ns=2592 phase_ns=-1953590 hwphase_ns=320 trim_ppb=0 cfg=1 p_ns=20 d_ns=0 (pico_gnss pico-gnss-rs/src/main.rs:358)
198.534018 [INFO ] PPSGEN count=193 interval_ns=1000002608 dev_ns=2608 phase_ns=-1869590 hwphase_ns=336 trim_ppb=0 cfg=1 p_ns=21 d_ns=4 (pico_gnss pico-gnss-rs/src/main.rs:358)
199.534017 [INFO ] PPSGEN count=194 interval_ns=1000002608 dev_ns=2608 phase_ns=-1863591 hwphase_ns=336 trim_ppb=0 cfg=1 p_ns=21 d_ns=0 (pico_gnss pico-gnss-rs/src/main.rs:358)
200.534023 [INFO ] PPSGEN count=195 interval_ns=1000002592 dev_ns=2592 phase_ns=-1846591 hwphase_ns=320 trim_ppb=0 cfg=1 p_ns=20 d_ns=-4 (pico_gnss pico-gnss-rs/src/main.rs:358)
201.534232 [INFO ] PPSGEN count=196 interval_ns=1000002608 dev_ns=2608 phase_ns=-1720591 hwphase_ns=336 trim_ppb=0 cfg=1 p_ns=21 d_ns=4 (pico_gnss pico-gnss-rs/src/main.rs:358)
202.534041 [INFO ] PPSGEN count=197 interval_ns=1000002608 dev_ns=2608 phase_ns=-1995591 hwphase_ns=352 trim_ppb=0 cfg=1 p_ns=22 d_ns=4 (pico_gnss pico-gnss-rs/src/main.rs:358)
203.534044 [INFO ] PPSGEN count=198 interval_ns=1000002592 dev_ns=2592 phase_ns=-1902591 hwphase_ns=336 trim_ppb=0 cfg=1 p_ns=21 d_ns=-4 (pico_gnss pico-gnss-rs/src/main.rs:358)
204.534039 [INFO ] PPSGEN count=199 interval_ns=1000002592 dev_ns=2592 phase_ns=-1941591 hwphase_ns=320 trim_ppb=0 cfg=1 p_ns=20 d_ns=-4 (pico_gnss pico-gnss-rs/src/main.rs:358)
205.534038 [INFO ] PPSGEN count=200 interval_ns=1000002608 dev_ns=2608 phase_ns=-1919591 hwphase_ns=336 trim_ppb=0 cfg=1 p_ns=21 d_ns=4 (pico_gnss pico-gnss-rs/src/main.rs:358)
206.534042 [INFO ] PPSGEN count=201 interval_ns=1000002592 dev_ns=2592 phase_ns=-1849592 hwphase_ns=320 trim_ppb=0 cfg=1 p_ns=20 d_ns=-4 (pico_gnss pico-gnss-rs/src/main.rs:358)
207.534045 [INFO ] PPSGEN count=202 interval_ns=1000002608 dev_ns=2608 phase_ns=-1929592 hwphase_ns=320 trim_ppb=0 cfg=1 p_ns=20 d_ns=0 (pico_gnss pico-gnss-rs/src/main.rs:358)
208.534080 [INFO ] PPSGEN count=203 interval_ns=1000002608 dev_ns=2608 phase_ns=-1799592 hwphase_ns=336 trim_ppb=0 cfg=1 p_ns=21 d_ns=4 (pico_gnss pico-gnss-rs/src/main.rs:358)
209.534045 [INFO ] PPSGEN count=204 interval_ns=1000002592 dev_ns=2592 phase_ns=-1919592 hwphase_ns=320 trim_ppb=0 cfg=1 p_ns=20 d_ns=-4 (pico_gnss pico-gnss-rs/src/main.rs:358)
210.534077 [INFO ] PPSGEN count=205 interval_ns=1000002608 dev_ns=2608 phase_ns=-1914593 hwphase_ns=320 trim_ppb=0 cfg=1 p_ns=20 d_ns=0 (pico_gnss pico-gnss-rs/src/main.rs:358)
211.534069 [INFO ] PPSGEN count=206 interval_ns=1000002608 dev_ns=2608 phase_ns=-1876593 hwphase_ns=320 trim_ppb=0 cfg=1 p_ns=20 d_ns=0 (pico_gnss pico-gnss-rs/src/main.rs:358)
212.534058 [INFO ] PPSGEN count=207 interval_ns=1000002592 dev_ns=2592 phase_ns=-1854593 hwphase_ns=320 trim_ppb=0 cfg=1 p_ns=20 d_ns=0 (pico_gnss pico-gnss-rs/src/main.rs:358)
213.534443 [INFO ] PPSGEN count=208 interval_ns=1000002608 dev_ns=2608 phase_ns=-1479595 hwphase_ns=304 trim_ppb=0 cfg=1 p_ns=19 d_ns=-4 (pico_gnss pico-gnss-rs/src/main.rs:358)
214.534080 [INFO ] PPSGEN count=209 interval_ns=1000002608 dev_ns=2608 phase_ns=-2299592 hwphase_ns=320 trim_ppb=0 cfg=1 p_ns=20 d_ns=4 (pico_gnss pico-gnss-rs/src/main.rs:358)
215.534092 [INFO ] PPSGEN count=210 interval_ns=1000002624 dev_ns=2624 phase_ns=-1854594 hwphase_ns=336 trim_ppb=0 cfg=1 p_ns=21 d_ns=4 (pico_gnss pico-gnss-rs/src/main.rs:358)
216.534068 [INFO ] PPSGEN count=211 interval_ns=1000002592 dev_ns=2592 phase_ns=-1872594 hwphase_ns=320 trim_ppb=0 cfg=1 p_ns=20 d_ns=-4 (pico_gnss pico-gnss-rs/src/main.rs:358)
217.534097 [INFO ] PPSGEN count=212 interval_ns=1000002608 dev_ns=2608 phase_ns=-1924594 hwphase_ns=320 trim_ppb=0 cfg=1 p_ns=20 d_ns=0 (pico_gnss pico-gnss-rs/src/main.rs:358)
218.534088 [INFO ] PPSGEN count=213 interval_ns=1000002592 dev_ns=2592 phase_ns=-1879594 hwphase_ns=304 trim_ppb=0 cfg=1 p_ns=19 d_ns=-4 (pico_gnss pico-gnss-rs/src/main.rs:358)
219.534080 [INFO ] PPSGEN count=214 interval_ns=1000002608 dev_ns=2608 phase_ns=-1950595 hwphase_ns=304 trim_ppb=0 cfg=1 p_ns=19 d_ns=0 (pico_gnss pico-gnss-rs/src/main.rs:358)
220.534087 [INFO ] PPSGEN count=215 interval_ns=1000002624 dev_ns=2624 phase_ns=-1831595 hwphase_ns=336 trim_ppb=0 cfg=1 p_ns=21 d_ns=8 (pico_gnss pico-gnss-rs/src/main.rs:358)
221.534087 [INFO ] PPSGEN count=216 interval_ns=1000002608 dev_ns=2608 phase_ns=-1837595 hwphase_ns=336 trim_ppb=0 cfg=1 p_ns=21 d_ns=0 (pico_gnss pico-gnss-rs/src/main.rs:358)
222.534090 [INFO ] PPSGEN count=217 interval_ns=1000002592 dev_ns=2592 phase_ns=-1846595 hwphase_ns=320 trim_ppb=0 cfg=1 p_ns=20 d_ns=-4 (pico_gnss pico-gnss-rs/src/main.rs:358)
223.534094 [INFO ] PPSGEN count=218 interval_ns=1000002608 dev_ns=2608 phase_ns=-1878195 hwphase_ns=336 trim_ppb=0 cfg=1 p_ns=21 d_ns=4 (pico_gnss pico-gnss-rs/src/main.rs:358)
224.534092 [INFO ] PPSGEN count=219 interval_ns=1000002608 dev_ns=2608 phase_ns=-1895595 hwphase_ns=336 trim_ppb=0 cfg=1 p_ns=21 d_ns=0 (pico_gnss pico-gnss-rs/src/main.rs:358)
225.534151 [INFO ] PPSGEN count=220 interval_ns=1000002608 dev_ns=2608 phase_ns=-1862595 hwphase_ns=352 trim_ppb=0 cfg=1 p_ns=22 d_ns=4 (pico_gnss pico-gnss-rs/src/main.rs:358)
226.534099 [INFO ] PPSGEN count=221 interval_ns=1000002608 dev_ns=2608 phase_ns=-1925595 hwphase_ns=352 trim_ppb=0 cfg=1 p_ns=22 d_ns=0 (pico_gnss pico-gnss-rs/src/main.rs:358)
227.534111 [INFO ] PPSGEN count=222 interval_ns=1000002592 dev_ns=2592 phase_ns=-1839595 hwphase_ns=336 trim_ppb=0 cfg=1 p_ns=21 d_ns=-4 (pico_gnss pico-gnss-rs/src/main.rs:358)
228.534076 [INFO ] PPSGEN count=223 interval_ns=1000002608 dev_ns=2608 phase_ns=-1971595 hwphase_ns=352 trim_ppb=0 cfg=1 p_ns=22 d_ns=4 (pico_gnss pico-gnss-rs/src/main.rs:358)
229.534138 [INFO ] PPSGEN count=224 interval_ns=1000002624 dev_ns=2624 phase_ns=-1780595 hwphase_ns=368 trim_ppb=0 cfg=1 p_ns=23 d_ns=4 (pico_gnss pico-gnss-rs/src/main.rs:358)
230.534157 [INFO ] PPSGEN count=225 interval_ns=1000002592 dev_ns=2592 phase_ns=-1813595 hwphase_ns=368 trim_ppb=0 cfg=1 p_ns=23 d_ns=0 (pico_gnss pico-gnss-rs/src/main.rs:358)
231.534120 [INFO ] PPSGEN count=226 interval_ns=1000002608 dev_ns=2608 phase_ns=-1928595 hwphase_ns=368 trim_ppb=0 cfg=1 p_ns=23 d_ns=0 (pico_gnss pico-gnss-rs/src/main.rs:358)
232.534104 [INFO ] PPSGEN count=227 interval_ns=1000002608 dev_ns=2608 phase_ns=-1868595 hwphase_ns=368 trim_ppb=0 cfg=1 p_ns=23 d_ns=0 (pico_gnss pico-gnss-rs/src/main.rs:358)
233.534107 [INFO ] PPSGEN count=228 interval_ns=1000002608 dev_ns=2608 phase_ns=-1836596 hwphase_ns=368 trim_ppb=0 cfg=1 p_ns=23 d_ns=0 (pico_gnss pico-gnss-rs/src/main.rs:358)
234.534120 [INFO ] PPSGEN count=229 interval_ns=1000002608 dev_ns=2608 phase_ns=-1852596 hwphase_ns=368 trim_ppb=0 cfg=1 p_ns=23 d_ns=0 (pico_gnss pico-gnss-rs/src/main.rs:358)
235.534116 [INFO ] PPSGEN count=230 interval_ns=1000002608 dev_ns=2608 phase_ns=-1843596 hwphase_ns=368 trim_ppb=0 cfg=1 p_ns=23 d_ns=0 (pico_gnss pico-gnss-rs/src/main.rs:358)
236.534139 [INFO ] PPSGEN count=231 interval_ns=1000002608 dev_ns=2608 phase_ns=-1823596 hwphase_ns=384 trim_ppb=0 cfg=1 p_ns=24 d_ns=4 (pico_gnss pico-gnss-rs/src/main.rs:358)
237.534141 [INFO ] PPSGEN count=232 interval_ns=1000002608 dev_ns=2608 phase_ns=-1871596 hwphase_ns=384 trim_ppb=0 cfg=1 p_ns=24 d_ns=0 (pico_gnss pico-gnss-rs/src/main.rs:358)
238.534129 [INFO ] PPSGEN count=233 interval_ns=1000002592 dev_ns=2592 phase_ns=-1863596 hwphase_ns=368 trim_ppb=0 cfg=1 p_ns=23 d_ns=-4 (pico_gnss pico-gnss-rs/src/main.rs:358)
239.534135 [INFO ] PPSGEN count=234 interval_ns=1000002608 dev_ns=2608 phase_ns=-1926596 hwphase_ns=368 trim_ppb=0 cfg=1 p_ns=23 d_ns=0 (pico_gnss pico-gnss-rs/src/main.rs:358)
240.534154 [INFO ] PPSGEN count=235 interval_ns=1000002608 dev_ns=2608 phase_ns=-1831597 hwphase_ns=368 trim_ppb=0 cfg=1 p_ns=23 d_ns=0 (pico_gnss pico-gnss-rs/src/main.rs:358)
241.534137 [INFO ] PPSGEN count=236 interval_ns=1000002608 dev_ns=2608 phase_ns=-1883596 hwphase_ns=384 trim_ppb=0 cfg=1 p_ns=24 d_ns=4 (pico_gnss pico-gnss-rs/src/main.rs:358)
242.534154 [INFO ] PPSGEN count=237 interval_ns=1000002608 dev_ns=2608 phase_ns=-1878596 hwphase_ns=384 trim_ppb=0 cfg=1 p_ns=24 d_ns=0 (pico_gnss pico-gnss-rs/src/main.rs:358)
243.534147 [INFO ] PPSGEN count=238 interval_ns=1000002608 dev_ns=2608 phase_ns=-1891597 hwphase_ns=384 trim_ppb=0 cfg=1 p_ns=24 d_ns=0 (pico_gnss pico-gnss-rs/src/main.rs:358)
244.534156 [INFO ] PPSGEN count=239 interval_ns=1000002608 dev_ns=2608 phase_ns=-1887597 hwphase_ns=384 trim_ppb=0 cfg=1 p_ns=24 d_ns=0 (pico_gnss pico-gnss-rs/src/main.rs:358)
245.534156 [INFO ] PPSGEN count=240 interval_ns=1000002592 dev_ns=2592 phase_ns=-1871597 hwphase_ns=368 trim_ppb=0 cfg=1 p_ns=23 d_ns=-4 (pico_gnss pico-gnss-rs/src/main.rs:358)
246.534141 [INFO ] PPSGEN count=241 interval_ns=1000002608 dev_ns=2608 phase_ns=-1928597 hwphase_ns=384 trim_ppb=0 cfg=1 p_ns=24 d_ns=4 (pico_gnss pico-gnss-rs/src/main.rs:358)
247.534146 [INFO ] PPSGEN count=242 interval_ns=1000002608 dev_ns=2608 phase_ns=-1875597 hwphase_ns=368 trim_ppb=0 cfg=1 p_ns=23 d_ns=-4 (pico_gnss pico-gnss-rs/src/main.rs:358)
248.534165 [INFO ] PPSGEN count=243 interval_ns=1000002608 dev_ns=2608 phase_ns=-1916597 hwphase_ns=368 trim_ppb=0 cfg=1 p_ns=23 d_ns=0 (pico_gnss pico-gnss-rs/src/main.rs:358)
249.534168 [INFO ] PPSGEN count=244 interval_ns=1000002608 dev_ns=2608 phase_ns=-1844597 hwphase_ns=384 trim_ppb=0 cfg=1 p_ns=24 d_ns=4 (pico_gnss pico-gnss-rs/src/main.rs:358)
250.534166 [INFO ] PPSGEN count=245 interval_ns=1000002608 dev_ns=2608 phase_ns=-1880597 hwphase_ns=384 trim_ppb=0 cfg=1 p_ns=24 d_ns=0 (pico_gnss pico-gnss-rs/src/main.rs:358)
251.534167 [INFO ] PPSGEN count=246 interval_ns=1000002608 dev_ns=2608 phase_ns=-1860598 hwphase_ns=384 trim_ppb=0 cfg=1 p_ns=24 d_ns=0 (pico_gnss pico-gnss-rs/src/main.rs:358)
252.534175 [INFO ] PPSGEN count=247 interval_ns=1000002592 dev_ns=2592 phase_ns=-1859598 hwphase_ns=368 trim_ppb=0 cfg=1 p_ns=23 d_ns=-4 (pico_gnss pico-gnss-rs/src/main.rs:358)
253.534173 [INFO ] PPSGEN count=248 interval_ns=1000002608 dev_ns=2608 phase_ns=-1946598 hwphase_ns=368 trim_ppb=0 cfg=1 p_ns=23 d_ns=0 (pico_gnss pico-gnss-rs/src/main.rs:358)
254.534178 [INFO ] PPSGEN count=249 interval_ns=1000002608 dev_ns=2608 phase_ns=-1898598 hwphase_ns=368 trim_ppb=0 cfg=1 p_ns=23 d_ns=0 (pico_gnss pico-gnss-rs/src/main.rs:358)
255.534207 [INFO ] PPSGEN count=250 interval_ns=1000002608 dev_ns=2608 phase_ns=-1854598 hwphase_ns=384 trim_ppb=0 cfg=1 p_ns=24 d_ns=4 (pico_gnss pico-gnss-rs/src/main.rs:358)
256.534214 [INFO ] PPSGEN count=251 interval_ns=1000002624 dev_ns=2624 phase_ns=-1844598 hwphase_ns=400 trim_ppb=0 cfg=1 p_ns=25 d_ns=4 (pico_gnss pico-gnss-rs/src/main.rs:358)
257.534223 [INFO ] PPSGEN count=252 interval_ns=1000002592 dev_ns=2592 phase_ns=-1827598 hwphase_ns=384 trim_ppb=0 cfg=1 p_ns=24 d_ns=-4 (pico_gnss pico-gnss-rs/src/main.rs:358)
258.534179 [INFO ] PPSGEN count=253 interval_ns=1000002608 dev_ns=2608 phase_ns=-1976598 hwphase_ns=384 trim_ppb=0 cfg=1 p_ns=24 d_ns=0 (pico_gnss pico-gnss-rs/src/main.rs:358)
259.534191 [INFO ] PPSGEN count=254 interval_ns=1000002608 dev_ns=2608 phase_ns=-1860598 hwphase_ns=384 trim_ppb=0 cfg=1 p_ns=24 d_ns=0 (pico_gnss pico-gnss-rs/src/main.rs:358)
260.534199 [INFO ] PPSGEN count=255 interval_ns=1000002608 dev_ns=2608 phase_ns=-1845598 hwphase_ns=384 trim_ppb=0 cfg=1 p_ns=24 d_ns=0 (pico_gnss pico-gnss-rs/src/main.rs:358)
261.534188 [INFO ] PPSGEN count=256 interval_ns=1000002608 dev_ns=2608 phase_ns=-1851599 hwphase_ns=384 trim_ppb=0 cfg=1 p_ns=24 d_ns=0 (pico_gnss pico-gnss-rs/src/main.rs:358)
262.534187 [INFO ] PPSGEN count=257 interval_ns=1000002592 dev_ns=2592 phase_ns=-1844599 hwphase_ns=368 trim_ppb=0 cfg=1 p_ns=23 d_ns=-4 (pico_gnss pico-gnss-rs/src/main.rs:358)
263.534198 [INFO ] PPSGEN count=258 interval_ns=1000002608 dev_ns=2608 phase_ns=-1940598 hwphase_ns=384 trim_ppb=0 cfg=1 p_ns=24 d_ns=4 (pico_gnss pico-gnss-rs/src/main.rs:358)
264.534195 [INFO ] PPSGEN count=259 interval_ns=1000002608 dev_ns=2608 phase_ns=-1880598 hwphase_ns=384 trim_ppb=0 cfg=1 p_ns=24 d_ns=0 (pico_gnss pico-gnss-rs/src/main.rs:358)
265.534213 [INFO ] PPSGEN count=260 interval_ns=1000002608 dev_ns=2608 phase_ns=-1855599 hwphase_ns=368 trim_ppb=0 cfg=1 p_ns=23 d_ns=-4 (pico_gnss pico-gnss-rs/src/main.rs:358)
266.534198 [INFO ] PPSGEN count=261 interval_ns=1000002608 dev_ns=2608 phase_ns=-1949598 hwphase_ns=384 trim_ppb=0 cfg=1 p_ns=24 d_ns=4 (pico_gnss pico-gnss-rs/src/main.rs:358)
267.534206 [INFO ] PPSGEN count=262 interval_ns=1000002608 dev_ns=2608 phase_ns=-1877599 hwphase_ns=384 trim_ppb=0 cfg=1 p_ns=24 d_ns=0 (pico_gnss pico-gnss-rs/src/main.rs:358)
268.534230 [INFO ] PPSGEN count=263 interval_ns=1000002608 dev_ns=2608 phase_ns=-1856599 hwphase_ns=384 trim_ppb=0 cfg=1 p_ns=24 d_ns=0 (pico_gnss pico-gnss-rs/src/main.rs:358)
269.534215 [INFO ] PPSGEN count=264 interval_ns=1000002608 dev_ns=2608 phase_ns=-1887599 hwphase_ns=384 trim_ppb=0 cfg=1 p_ns=24 d_ns=0 (pico_gnss pico-gnss-rs/src/main.rs:358)
270.534240 [INFO ] PPSGEN count=265 interval_ns=1000002592 dev_ns=2592 phase_ns=-1832599 hwphase_ns=368 trim_ppb=0 cfg=1 p_ns=23 d_ns=-4 (pico_gnss pico-gnss-rs/src/main.rs:358)
271.534222 [INFO ] PPSGEN count=266 interval_ns=1000002608 dev_ns=2608 phase_ns=-1961598 hwphase_ns=384 trim_ppb=0 cfg=1 p_ns=24 d_ns=4 (pico_gnss pico-gnss-rs/src/main.rs:358)
272.534215 [INFO ] PPSGEN count=267 interval_ns=1000002608 dev_ns=2608 phase_ns=-1904599 hwphase_ns=384 trim_ppb=0 cfg=1 p_ns=24 d_ns=0 (pico_gnss pico-gnss-rs/src/main.rs:358)
273.534227 [INFO ] PPSGEN count=268 interval_ns=1000002608 dev_ns=2608 phase_ns=-1875599 hwphase_ns=384 trim_ppb=0 cfg=1 p_ns=24 d_ns=0 (pico_gnss pico-gnss-rs/src/main.rs:358)
274.534228 [INFO ] PPSGEN count=269 interval_ns=1000002608 dev_ns=2608 phase_ns=-1864599 hwphase_ns=384 trim_ppb=0 cfg=1 p_ns=24 d_ns=0 (pico_gnss pico-gnss-rs/src/main.rs:358)
275.534220 [INFO ] PPSGEN count=270 interval_ns=1000002592 dev_ns=2592 phase_ns=-1873599 hwphase_ns=368 trim_ppb=0 cfg=1 p_ns=23 d_ns=-4 (pico_gnss pico-gnss-rs/src/main.rs:358)
276.534225 [INFO ] PPSGEN count=271 interval_ns=1000002608 dev_ns=2608 phase_ns=-1916599 hwphase_ns=368 trim_ppb=0 cfg=1 p_ns=23 d_ns=0 (pico_gnss pico-gnss-rs/src/main.rs:358)
277.534225 [INFO ] PPSGEN count=272 interval_ns=1000002608 dev_ns=2608 phase_ns=-1866599 hwphase_ns=384 trim_ppb=0 cfg=1 p_ns=24 d_ns=4 (pico_gnss pico-gnss-rs/src/main.rs:358)
278.534249 [INFO ] PPSGEN count=273 interval_ns=1000002608 dev_ns=2608 phase_ns=-1858599 hwphase_ns=384 trim_ppb=0 cfg=1 p_ns=24 d_ns=0 (pico_gnss pico-gnss-rs/src/main.rs:358)
279.534235 [INFO ] PPSGEN count=274 interval_ns=1000002608 dev_ns=2608 phase_ns=-1884599 hwphase_ns=384 trim_ppb=0 cfg=1 p_ns=24 d_ns=0 (pico_gnss pico-gnss-rs/src/main.rs:358)
280.534252 [INFO ] PPSGEN count=275 interval_ns=1000002608 dev_ns=2608 phase_ns=-1867599 hwphase_ns=384 trim_ppb=0 cfg=1 p_ns=24 d_ns=0 (pico_gnss pico-gnss-rs/src/main.rs:358)
281.534218 [INFO ] PPSGEN count=276 interval_ns=1000002608 dev_ns=2608 phase_ns=-1877599 hwphase_ns=400 trim_ppb=0 cfg=1 p_ns=25 d_ns=4 (pico_gnss pico-gnss-rs/src/main.rs:358)
282.534244 [INFO ] PPSGEN count=277 interval_ns=1000002608 dev_ns=2608 phase_ns=-1868599 hwphase_ns=400 trim_ppb=0 cfg=1 p_ns=25 d_ns=0 (pico_gnss pico-gnss-rs/src/main.rs:358)
283.534261 [INFO ] PPSGEN count=278 interval_ns=1000002592 dev_ns=2592 phase_ns=-1863599 hwphase_ns=384 trim_ppb=0 cfg=1 p_ns=24 d_ns=-4 (pico_gnss pico-gnss-rs/src/main.rs:358)
284.534253 [INFO ] PPSGEN count=279 interval_ns=1000002608 dev_ns=2608 phase_ns=-1944598 hwphase_ns=400 trim_ppb=0 cfg=1 p_ns=25 d_ns=4 (pico_gnss pico-gnss-rs/src/main.rs:358)
285.534246 [INFO ] PPSGEN count=280 interval_ns=1000002608 dev_ns=2608 phase_ns=-1888599 hwphase_ns=400 trim_ppb=0 cfg=1 p_ns=25 d_ns=0 (pico_gnss pico-gnss-rs/src/main.rs:358)
286.534282 [INFO ] PPSGEN count=281 interval_ns=1000002608 dev_ns=2608 phase_ns=-1837599 hwphase_ns=416 trim_ppb=0 cfg=1 p_ns=26 d_ns=4 (pico_gnss pico-gnss-rs/src/main.rs:358)
287.534246 [INFO ] PPSGEN count=282 interval_ns=1000002608 dev_ns=2608 phase_ns=-1916598 hwphase_ns=416 trim_ppb=0 cfg=1 p_ns=26 d_ns=0 (pico_gnss pico-gnss-rs/src/main.rs:358)
288.534287 [INFO ] PPSGEN count=283 interval_ns=1000002608 dev_ns=2608 phase_ns=-1852599 hwphase_ns=416 trim_ppb=0 cfg=1 p_ns=26 d_ns=0 (pico_gnss pico-gnss-rs/src/main.rs:358)
289.534242 [INFO ] PPSGEN count=284 interval_ns=1000002592 dev_ns=2592 phase_ns=-1904598 hwphase_ns=416 trim_ppb=0 cfg=1 p_ns=26 d_ns=0 (pico_gnss pico-gnss-rs/src/main.rs:358)
290.534257 [INFO ] PPSGEN count=285 interval_ns=1000002608 dev_ns=2608 phase_ns=-1830599 hwphase_ns=416 trim_ppb=0 cfg=1 p_ns=26 d_ns=0 (pico_gnss pico-gnss-rs/src/main.rs:358)
291.534275 [INFO ] PPSGEN count=286 interval_ns=1000002608 dev_ns=2608 phase_ns=-1853598 hwphase_ns=432 trim_ppb=0 cfg=1 p_ns=27 d_ns=4 (pico_gnss pico-gnss-rs/src/main.rs:358)
292.534304 [INFO ] PPSGEN count=287 interval_ns=1000002608 dev_ns=2608 phase_ns=-1816598 hwphase_ns=432 trim_ppb=0 cfg=1 p_ns=27 d_ns=0 (pico_gnss pico-gnss-rs/src/main.rs:358)
293.534289 [INFO ] PPSGEN count=288 interval_ns=1000002592 dev_ns=2592 phase_ns=-1913598 hwphase_ns=416 trim_ppb=0 cfg=1 p_ns=26 d_ns=-4 (pico_gnss pico-gnss-rs/src/main.rs:358)
294.534268 [INFO ] PPSGEN count=289 interval_ns=1000002608 dev_ns=2608 phase_ns=-1955598 hwphase_ns=416 trim_ppb=0 cfg=1 p_ns=26 d_ns=0 (pico_gnss pico-gnss-rs/src/main.rs:358)
295.534286 [INFO ] PPSGEN count=290 interval_ns=1000002608 dev_ns=2608 phase_ns=-1842598 hwphase_ns=432 trim_ppb=0 cfg=1 p_ns=27 d_ns=4 (pico_gnss pico-gnss-rs/src/main.rs:358)
296.534279 [INFO ] PPSGEN count=291 interval_ns=1000002608 dev_ns=2608 phase_ns=-1871599 hwphase_ns=416 trim_ppb=0 cfg=1 p_ns=26 d_ns=-4 (pico_gnss pico-gnss-rs/src/main.rs:358)
297.534298 [INFO ] PPSGEN count=292 interval_ns=1000002608 dev_ns=2608 phase_ns=-1935598 hwphase_ns=432 trim_ppb=0 cfg=1 p_ns=27 d_ns=4 (pico_gnss pico-gnss-rs/src/main.rs:358)
298.534277 [INFO ] PPSGEN count=293 interval_ns=1000002608 dev_ns=2608 phase_ns=-1899599 hwphase_ns=416 trim_ppb=0 cfg=1 p_ns=26 d_ns=-4 (pico_gnss pico-gnss-rs/src/main.rs:358)
299.534300 [INFO ] PPSGEN count=294 interval_ns=1000002608 dev_ns=2608 phase_ns=-1909599 hwphase_ns=416 trim_ppb=0 cfg=1 p_ns=26 d_ns=0 (pico_gnss pico-gnss-rs/src/main.rs:358)
300.534303 [INFO ] PPSGEN count=295 interval_ns=1000002608 dev_ns=2608 phase_ns=-1862599 hwphase_ns=416 trim_ppb=0 cfg=1 p_ns=26 d_ns=0 (pico_gnss pico-gnss-rs/src/main.rs:358)
301.534297 [INFO ] PPSGEN count=296 interval_ns=1000002608 dev_ns=2608 phase_ns=-1888599 hwphase_ns=416 trim_ppb=0 cfg=1 p_ns=26 d_ns=0 (pico_gnss pico-gnss-rs/src/main.rs:358)
302.534310 [INFO ] PPSGEN count=297 interval_ns=1000002592 dev_ns=2592 phase_ns=-1861599 hwphase_ns=400 trim_ppb=0 cfg=1 p_ns=25 d_ns=-4 (pico_gnss pico-gnss-rs/src/main.rs:358)
303.534309 [INFO ] PPSGEN count=298 interval_ns=1000002608 dev_ns=2608 phase_ns=-1933599 hwphase_ns=416 trim_ppb=0 cfg=1 p_ns=26 d_ns=4 (pico_gnss pico-gnss-rs/src/main.rs:358)
304.534306 [INFO ] PPSGEN count=299 interval_ns=1000002624 dev_ns=2624 phase_ns=-1873599 hwphase_ns=432 trim_ppb=0 cfg=1 p_ns=27 d_ns=4 (pico_gnss pico-gnss-rs/src/main.rs:358)
305.534313 [INFO ] PPSGEN count=300 interval_ns=1000002592 dev_ns=2592 phase_ns=-1862600 hwphase_ns=400 trim_ppb=0 cfg=1 p_ns=25 d_ns=-8 (pico_gnss pico-gnss-rs/src/main.rs:358)
306.534307 [INFO ] PPSGEN count=301 interval_ns=1000002608 dev_ns=2608 phase_ns=-1927599 hwphase_ns=416 trim_ppb=0 cfg=1 p_ns=26 d_ns=4 (pico_gnss pico-gnss-rs/src/main.rs:358)
307.534312 [INFO ] PPSGEN count=302 interval_ns=1000002608 dev_ns=2608 phase_ns=-1882599 hwphase_ns=416 trim_ppb=0 cfg=1 p_ns=26 d_ns=0 (pico_gnss pico-gnss-rs/src/main.rs:358)
308.534323 [INFO ] PPSGEN count=303 interval_ns=1000002608 dev_ns=2608 phase_ns=-1876600 hwphase_ns=400 trim_ppb=0 cfg=1 p_ns=25 d_ns=-4 (pico_gnss pico-gnss-rs/src/main.rs:358)
309.534303 [INFO ] PPSGEN count=304 interval_ns=1000002608 dev_ns=2608 phase_ns=-1945600 hwphase_ns=400 trim_ppb=0 cfg=1 p_ns=25 d_ns=0 (pico_gnss pico-gnss-rs/src/main.rs:358)
310.534324 [INFO ] PPSGEN count=305 interval_ns=1000002608 dev_ns=2608 phase_ns=-1827600 hwphase_ns=400 trim_ppb=0 cfg=1 p_ns=25 d_ns=0 (pico_gnss pico-gnss-rs/src/main.rs:358)
311.534327 [INFO ] PPSGEN count=306 interval_ns=1000002608 dev_ns=2608 phase_ns=-1848601 hwphase_ns=384 trim_ppb=0 cfg=1 p_ns=24 d_ns=-4 (pico_gnss pico-gnss-rs/src/main.rs:358)
312.534349 [INFO ] PPSGEN count=307 interval_ns=1000002608 dev_ns=2608 phase_ns=-1939601 hwphase_ns=384 trim_ppb=0 cfg=1 p_ns=24 d_ns=0 (pico_gnss pico-gnss-rs/src/main.rs:358)
313.534338 [INFO ] PPSGEN count=308 interval_ns=1000002608 dev_ns=2608 phase_ns=-1898601 hwphase_ns=368 trim_ppb=0 cfg=1 p_ns=23 d_ns=-4 (pico_gnss pico-gnss-rs/src/main.rs:358)
314.534352 [INFO ] PPSGEN count=309 interval_ns=1000002608 dev_ns=2608 phase_ns=-1948602 hwphase_ns=352 trim_ppb=0 cfg=1 p_ns=22 d_ns=-4 (pico_gnss pico-gnss-rs/src/main.rs:358)
315.534339 [INFO ] PPSGEN count=310 interval_ns=1000002624 dev_ns=2624 phase_ns=-1962602 hwphase_ns=368 trim_ppb=0 cfg=1 p_ns=23 d_ns=4 (pico_gnss pico-gnss-rs/src/main.rs:358)
