6.205809 [INFO ] PPSGEN count=1 interval_ns=1000000016 dev_ns=16 phase_ns=0 hwphase_ns=2354736 trim_ppb=0 cfg=3 p_ns=147171 d_ns=0 (pico_gnss pico-gnss-rs/src/main.rs:358)
7.206138 [INFO ] PPSGEN count=2 interval_ns=1000000032 dev_ns=32 phase_ns=2469562 hwphase_ns=2352336 trim_ppb=0 cfg=3 p_ns=147021 d_ns=0 (pico_gnss pico-gnss-rs/src/main.rs:358)
8.205982 [INFO ] PPSGEN count=3 interval_ns=999852848 dev_ns=-147152 phase_ns=2357562 hwphase_ns=2202720 trim_ppb=0 cfg=3 p_ns=137670 d_ns=0 (pico_gnss pico-gnss-rs/src/main.rs:358)
9.205871 [INFO ] PPSGEN count=4 interval_ns=999855440 dev_ns=-144560 phase_ns=2202562 hwphase_ns=2055728 trim_ppb=0 cfg=3 p_ns=128483 d_ns=0 (pico_gnss pico-gnss-rs/src/main.rs:358)
10.205691 [INFO ] PPSGEN count=5 interval_ns=999864800 dev_ns=-135200 phase_ns=2050562 hwphase_ns=1918080 trim_ppb=0 cfg=3 p_ns=119880 d_ns=0 (pico_gnss pico-gnss-rs/src/main.rs:358)
11.205552 [INFO ] PPSGEN count=6 interval_ns=999873968 dev_ns=-126032 phase_ns=1938562 hwphase_ns=1789616 trim_ppb=0 cfg=3 p_ns=111851 d_ns=0 (pico_gnss pico-gnss-rs/src/main.rs:358)
12.205466 [INFO ] PPSGEN count=7 interval_ns=999882576 dev_ns=-117424 phase_ns=1809562 hwphase_ns=1669744 trim_ppb=0 cfg=3 p_ns=104359 d_ns=0 (pico_gnss pico-gnss-rs/src/main.rs:358)
13.205304 [INFO ] PPSGEN count=8 interval_ns=999890608 dev_ns=-109392 phase_ns=1698562 hwphase_ns=1557904 trim_ppb=0 cfg=3 p_ns=97369 d_ns=0 (pico_gnss pico-gnss-rs/src/main.rs:358)
14.205246 [INFO ] PPSGEN count=9 interval_ns=999898112 dev_ns=-101888 phase_ns=1555562 hwphase_ns=1453584 trim_ppb=0 cfg=3 p_ns=90849 d_ns=0 (pico_gnss pico-gnss-rs/src/main.rs:358)
15.205398 [INFO ] PPSGEN count=10 interval_ns=999905088 dev_ns=-94912 phase_ns=1758562 hwphase_ns=1356240 trim_ppb=0 cfg=3 p_ns=84765 d_ns=0 (pico_gnss pico-gnss-rs/src/main.rs:358)
16.205257 [INFO ] PPSGEN count=11 interval_ns=999911616 dev_ns=-88384 phase_ns=1446563 hwphase_ns=1265424 trim_ppb=0 cfg=3 p_ns=79089 d_ns=0 (pico_gnss pico-gnss-rs/src/main.rs:358)
17.205272 [INFO ] PPSGEN count=12 interval_ns=999917696 dev_ns=-82304 phase_ns=1655562 hwphase_ns=1180672 trim_ppb=0 cfg=3 p_ns=73792 d_ns=0 (pico_gnss pico-gnss-rs/src/main.rs:358)
18.205280 [INFO ] PPSGEN count=13 interval_ns=999923360 dev_ns=-76640 phase_ns=1628562 hwphase_ns=1101600 trim_ppb=0 cfg=3 p_ns=68850 d_ns=0 (pico_gnss pico-gnss-rs/src/main.rs:358)
19.205269 [INFO ] PPSGEN count=14 interval_ns=999928672 dev_ns=-71328 phase_ns=1658562 hwphase_ns=1027840 trim_ppb=0 cfg=3 p_ns=64240 d_ns=0 (pico_gnss pico-gnss-rs/src/main.rs:358)
20.205307 [INFO ] PPSGEN count=15 interval_ns=999933616 dev_ns=-66384 phase_ns=1596562 hwphase_ns=959024 trim_ppb=0 cfg=3 p_ns=59939 d_ns=0 (pico_gnss pico-gnss-rs/src/main.rs:358)
21.205324 [INFO ] PPSGEN count=16 interval_ns=999938208 dev_ns=-61792 phase_ns=1657562 hwphase_ns=894800 trim_ppb=0 cfg=3 p_ns=55925 d_ns=0 (pico_gnss pico-gnss-rs/src/main.rs:358)
22.205290 [INFO ] PPSGEN count=17 interval_ns=999942528 dev_ns=-57472 phase_ns=1626562 hwphase_ns=834896 trim_ppb=0 cfg=3 p_ns=52181 d_ns=0 (pico_gnss pico-gnss-rs/src/main.rs:358)
23.205279 [INFO ] PPSGEN count=18 interval_ns=999946544 dev_ns=-53456 phase_ns=1636562 hwphase_ns=778992 trim_ppb=0 cfg=3 p_ns=48687 d_ns=0 (pico_gnss pico-gnss-rs/src/main.rs:358)
24.205289 [INFO ] PPSGEN count=19 interval_ns=999950272 dev_ns=-49728 phase_ns=1614563 hwphase_ns=726848 trim_ppb=0 cfg=3 p_ns=45428 d_ns=0 (pico_gnss pico-gnss-rs/src/main.rs:358)
25.205299 [INFO ] PPSGEN count=20 interval_ns=999953776 dev_ns=-46224 phase_ns=1645562 hwphase_ns=678176 trim_ppb=0 cfg=3 p_ns=42386 d_ns=0 (pico_gnss pico-gnss-rs/src/main.rs:358)
26.205317 [INFO ] PPSGEN count=21 interval_ns=999957040 dev_ns=-42960 phase_ns=1650563 hwphase_ns=632800 trim_ppb=0 cfg=3 p_ns=39550 d_ns=0 (pico_gnss pico-gnss-rs/src/main.rs:358)
27.205322 [INFO ] PPSGEN count=22 interval_ns=999960080 dev_ns=-39920 phase_ns=1671562 hwphase_ns=590432 trim_ppb=0 cfg=3 p_ns=36902 d_ns=0 (pico_gnss pico-gnss-rs/src/main.rs:358)
28.205303 [INFO ] PPSGEN count=23 interval_ns=999962912 dev_ns=-37088 phase_ns=1635563 hwphase_ns=550928 trim_ppb=0 cfg=3 p_ns=34433 d_ns=0 (pico_gnss pico-gnss-rs/src/main.rs:358)
29.205312 [INFO ] PPSGEN count=24 interval_ns=999965552 dev_ns=-34448 phase_ns=1639562 hwphase_ns=514032 trim_ppb=0 cfg=3 p_ns=32127 d_ns=0 (pico_gnss pico-gnss-rs/src/main.rs:358)
30.205321 [INFO ] PPSGEN count=25 interval_ns=999968032 dev_ns=-31968 phase_ns=1643563 hwphase_ns=479648 trim_ppb=0 cfg=3 p_ns=29978 d_ns=0 (pico_gnss pico-gnss-rs/src/main.rs:358)
31.205312 [INFO ] PPSGEN count=26 interval_ns=999970336 dev_ns=-29664 phase_ns=1633563 hwphase_ns=447552 trim_ppb=0 cfg=3 p_ns=27972 d_ns=0 (pico_gnss pico-gnss-rs/src/main.rs:358)
32.205334 [INFO ] PPSGEN count=27 interval_ns=999972480 dev_ns=-27520 phase_ns=1649563 hwphase_ns=417600 trim_ppb=0 cfg=3 p_ns=26100 d_ns=0 (pico_gnss pico-gnss-rs/src/main.rs:358)
33.205298 [INFO ] PPSGEN count=28 interval_ns=999974496 dev_ns=-25504 phase_ns=1613563 hwphase_ns=389664 trim_ppb=0 cfg=3 p_ns=24354 d_ns=0 (pico_gnss pico-gnss-rs/src/main.rs:358)
34.205299 [INFO ] PPSGEN count=29 interval_ns=999976368 dev_ns=-23632 phase_ns=1627563 hwphase_ns=363600 trim_ppb=0 cfg=3 p_ns=22725 d_ns=0 (pico_gnss pico-gnss-rs/src/main.rs:358)
35.205294 [INFO ] PPSGEN count=30 interval_ns=999978096 dev_ns=-21904 phase_ns=1633563 hwphase_ns=339264 trim_ppb=0 cfg=3 p_ns=21204 d_ns=0 (pico_gnss pico-gnss-rs/src/main.rs:358)
36.205342 [INFO ] PPSGEN count=31 interval_ns=999979744 dev_ns=-20256 phase_ns=1648563 hwphase_ns=316576 trim_ppb=0 cfg=3 p_ns=19786 d_ns=0 (pico_gnss pico-gnss-rs/src/main.rs:358)
37.205303 [INFO ] PPSGEN count=32 interval_ns=999981248 dev_ns=-18752 phase_ns=1630563 hwphase_ns=295392 trim_ppb=0 cfg=3 p_ns=18462 d_ns=0 (pico_gnss pico-gnss-rs/src/main.rs:358)
38.205333 [INFO ] PPSGEN count=33 interval_ns=999982672 dev_ns=-17328 phase_ns=1645563 hwphase_ns=275632 trim_ppb=0 cfg=3 p_ns=17227 d_ns=0 (pico_gnss pico-gnss-rs/src/main.rs:358)
39.205321 [INFO ] PPSGEN count=34 interval_ns=999984000 dev_ns=-16000 phase_ns=1635563 hwphase_ns=257200 trim_ppb=0 cfg=3 p_ns=16075 d_ns=0 (pico_gnss pico-gnss-rs/src/main.rs:358)
40.205337 [INFO ] PPSGEN count=35 interval_ns=999985232 dev_ns=-14768 phase_ns=1660563 hwphase_ns=240000 trim_ppb=0 cfg=3 p_ns=15000 d_ns=0 (pico_gnss pico-gnss-rs/src/main.rs:358)
41.205308 [INFO ] PPSGEN count=36 interval_ns=999986384 dev_ns=-13616 phase_ns=1611563 hwphase_ns=223952 trim_ppb=0 cfg=3 p_ns=13997 d_ns=0 (pico_gnss pico-gnss-rs/src/main.rs:358)
42.205298 [INFO ] PPSGEN count=37 interval_ns=999987472 dev_ns=-12528 phase_ns=1611563 hwphase_ns=208992 trim_ppb=0 cfg=3 p_ns=13062 d_ns=0 (pico_gnss pico-gnss-rs/src/main.rs:358)
43.205336 [INFO ] PPSGEN count=38 interval_ns=999988464 dev_ns=-11536 phase_ns=1633563 hwphase_ns=195024 trim_ppb=0 cfg=3 p_ns=12189 d_ns=0 (pico_gnss pico-gnss-rs/src/main.rs:358)
44.203909 [INFO ] PPSGEN count=39 interval_ns=999989392 dev_ns=-10608 phase_ns=258567 hwphase_ns=184416 trim_ppb=0 cfg=3 p_ns=0 d_ns=0 (pico_gnss pico-gnss-rs/src/main.rs:358)
45.203965 [INFO ] PPSGEN count=40 interval_ns=999990272 dev_ns=-9728 phase_ns=-1753429 hwphase_ns=172240 trim_ppb=0 cfg=3 p_ns=10765 d_ns=0 (pico_gnss pico-gnss-rs/src/main.rs:358)
46.203982 [INFO ] PPSGEN count=41 interval_ns=1000002464 dev_ns=2464 phase_ns=-1874428 hwphase_ns=172272 trim_ppb=0 cfg=3 p_ns=10767 d_ns=0 (pico_gnss pico-gnss-rs/src/main.rs:358)
47.203994 [INFO ] PPSGEN count=42 interval_ns=999991696 dev_ns=-8304 phase_ns=-1842429 hwphase_ns=161520 trim_ppb=0 cfg=3 p_ns=10095 d_ns=0 (pico_gnss pico-gnss-rs/src/main.rs:358)
48.203974 [INFO ] PPSGEN count=43 interval_ns=999991696 dev_ns=-8304 phase_ns=-1911429 hwphase_ns=150784 trim_ppb=0 cfg=3 p_ns=9424 d_ns=0 (pico_gnss pico-gnss-rs/src/main.rs:358)
49.203989 [INFO ] PPSGEN count=44 interval_ns=999992368 dev_ns=-7632 phase_ns=-1878429 hwphase_ns=140704 trim_ppb=0 cfg=3 p_ns=8794 d_ns=0 (pico_gnss pico-gnss-rs/src/main.rs:358)
50.203977 [INFO ] PPSGEN count=45 interval_ns=999993040 dev_ns=-6960 phase_ns=-1914429 hwphase_ns=131312 trim_ppb=0 cfg=3 p_ns=8207 d_ns=0 (pico_gnss pico-gnss-rs/src/main.rs:358)
51.203995 [INFO ] PPSGEN count=46 interval_ns=999993664 dev_ns=-6336 phase_ns=-1895429 hwphase_ns=122544 trim_ppb=0 cfg=3 p_ns=7659 d_ns=0 (pico_gnss pico-gnss-rs/src/main.rs:358)
52.204010 [INFO ] PPSGEN count=47 interval_ns=999994256 dev_ns=-5744 phase_ns=-1892429 hwphase_ns=114368 trim_ppb=0 cfg=3 p_ns=7148 d_ns=0 (pico_gnss pico-gnss-rs/src/main.rs:358)
53.204003 [INFO ] PPSGEN count=48 interval_ns=999994800 dev_ns=-5200 phase_ns=-1921429 hwphase_ns=106736 trim_ppb=0 cfg=3 p_ns=6671 d_ns=0 (pico_gnss pico-gnss-rs/src/main.rs:358)
54.203983 [INFO ] PPSGEN count=49 interval_ns=999995312 dev_ns=-4688 phase_ns=-1923429 hwphase_ns=99616 trim_ppb=0 cfg=3 p_ns=6226 d_ns=0 (pico_gnss pico-gnss-rs/src/main.rs:358)
55.204013 [INFO ] PPSGEN count=50 interval_ns=999995792 dev_ns=-4208 phase_ns=-1871428 hwphase_ns=92992 trim_ppb=0 cfg=3 p_ns=5812 d_ns=0 (pico_gnss pico-gnss-rs/src/main.rs:358)
56.203996 [INFO ] PPSGEN count=51 interval_ns=999996240 dev_ns=-3760 phase_ns=-1906429 hwphase_ns=86784 trim_ppb=0 cfg=3 p_ns=5424 d_ns=0 (pico_gnss pico-gnss-rs/src/main.rs:358)
57.204012 [INFO ] PPSGEN count=52 interval_ns=999996656 dev_ns=-3344 phase_ns=-1878428 hwphase_ns=81024 trim_ppb=0 cfg=3 p_ns=5064 d_ns=0 (pico_gnss pico-gnss-rs/src/main.rs:358)
58.204008 [INFO ] PPSGEN count=53 interval_ns=999997024 dev_ns=-2976 phase_ns=-1925428 hwphase_ns=75616 trim_ppb=0 cfg=3 p_ns=4726 d_ns=0 (pico_gnss pico-gnss-rs/src/main.rs:358)
59.204007 [INFO ] PPSGEN count=54 interval_ns=999997392 dev_ns=-2608 phase_ns=-1903428 hwphase_ns=70576 trim_ppb=0 cfg=3 p_ns=4411 d_ns=0 (pico_gnss pico-gnss-rs/src/main.rs:358)
60.204014 [INFO ] PPSGEN count=55 interval_ns=999997744 dev_ns=-2256 phase_ns=-1909428 hwphase_ns=65904 trim_ppb=0 cfg=3 p_ns=4119 d_ns=0 (pico_gnss pico-gnss-rs/src/main.rs:358)
61.204015 [INFO ] PPSGEN count=56 interval_ns=999998048 dev_ns=-1952 phase_ns=-1905428 hwphase_ns=61520 trim_ppb=0 cfg=3 p_ns=3845 d_ns=0 (pico_gnss pico-gnss-rs/src/main.rs:358)
62.204022 [INFO ] PPSGEN count=57 interval_ns=999998336 dev_ns=-1664 phase_ns=-1907427 hwphase_ns=57440 trim_ppb=0 cfg=3 p_ns=3590 d_ns=0 (pico_gnss pico-gnss-rs/src/main.rs:358)
63.204014 [INFO ] PPSGEN count=58 interval_ns=999998624 dev_ns=-1376 phase_ns=-1908427 hwphase_ns=53632 trim_ppb=0 cfg=3 p_ns=3352 d_ns=0 (pico_gnss pico-gnss-rs/src/main.rs:358)
64.204044 [INFO ] PPSGEN count=59 interval_ns=999998864 dev_ns=-1136 phase_ns=-1876427 hwphase_ns=50064 trim_ppb=0 cfg=3 p_ns=3129 d_ns=0 (pico_gnss pico-gnss-rs/src/main.rs:358)
65.204048 [INFO ] PPSGEN count=60 interval_ns=999999104 dev_ns=-896 phase_ns=-1923426 hwphase_ns=46752 trim_ppb=0 cfg=3 p_ns=2922 d_ns=0 (pico_gnss pico-gnss-rs/src/main.rs:358)
66.204022 [INFO ] PPSGEN count=61 interval_ns=999999328 dev_ns=-672 phase_ns=-1919426 hwphase_ns=43648 trim_ppb=0 cfg=3 p_ns=2728 d_ns=0 (pico_gnss pico-gnss-rs/src/main.rs:358)
67.204047 [INFO ] PPSGEN count=62 interval_ns=999999536 dev_ns=-464 phase_ns=-1883426 hwphase_ns=40768 trim_ppb=0 cfg=3 p_ns=2548 d_ns=0 (pico_gnss pico-gnss-rs/src/main.rs:358)
68.204049 [INFO ] PPSGEN count=63 interval_ns=999999728 dev_ns=-272 phase_ns=-1890427 hwphase_ns=38048 trim_ppb=0 cfg=3 p_ns=2378 d_ns=0 (pico_gnss pico-gnss-rs/src/main.rs:358)
69.204058 [INFO ] PPSGEN count=64 interval_ns=999999904 dev_ns=-96 phase_ns=-1906426 hwphase_ns=35536 trim_ppb=0 cfg=3 p_ns=2221 d_ns=0 (pico_gnss pico-gnss-rs/src/main.rs:358)
70.204052 [INFO ] PPSGEN count=65 interval_ns=1000000080 dev_ns=80 phase_ns=-1918426 hwphase_ns=33184 trim_ppb=0 cfg=3 p_ns=2074 d_ns=0 (pico_gnss pico-gnss-rs/src/main.rs:358)
71.204040 [INFO ] PPSGEN count=66 interval_ns=1000000240 dev_ns=240 phase_ns=-1838426 hwphase_ns=31008 trim_ppb=0 cfg=3 p_ns=1938 d_ns=0 (pico_gnss pico-gnss-rs/src/main.rs:358)
72.204043 [INFO ] PPSGEN count=67 interval_ns=1000000384 dev_ns=384 phase_ns=-1837426 hwphase_ns=28960 trim_ppb=0 cfg=3 p_ns=1810 d_ns=0 (pico_gnss pico-gnss-rs/src/main.rs:358)
73.204052 [INFO ] PPSGEN count=68 interval_ns=1000000528 dev_ns=528 phase_ns=-1848425 hwphase_ns=27072 trim_ppb=0 cfg=3 p_ns=1692 d_ns=0 (pico_gnss pico-gnss-rs/src/main.rs:358)
74.204056 [INFO ] PPSGEN count=69 interval_ns=1000000640 dev_ns=640 phase_ns=-1850425 hwphase_ns=25280 trim_ppb=0 cfg=3 p_ns=1580 d_ns=0 (pico_gnss pico-gnss-rs/src/main.rs:358)
75.204059 [INFO ] PPSGEN count=70 interval_ns=1000000768 dev_ns=768 phase_ns=-1860425 hwphase_ns=23616 trim_ppb=0 cfg=3 p_ns=1476 d_ns=0 (pico_gnss pico-gnss-rs/src/main.rs:358)
76.204049 [INFO ] PPSGEN count=71 interval_ns=1000000880 dev_ns=880 phase_ns=-1830425 hwphase_ns=22080 trim_ppb=0 cfg=3 p_ns=1380 d_ns=0 (pico_gnss pico-gnss-rs/src/main.rs:358)
77.204072 [INFO ] PPSGEN count=72 interval_ns=1000000976 dev_ns=976 phase_ns=-1776425 hwphase_ns=20640 trim_ppb=0 cfg=3 p_ns=1290 d_ns=0 (pico_gnss pico-gnss-rs/src/main.rs:358)
78.204047 [INFO ] PPSGEN count=73 interval_ns=1000001088 dev_ns=1088 phase_ns=-1851424 hwphase_ns=19312 trim_ppb=0 cfg=3 p_ns=1207 d_ns=0 (pico_gnss pico-gnss-rs/src/main.rs:358)
79.204064 [INFO ] PPSGEN count=74 interval_ns=1000001168 dev_ns=1168 phase_ns=-1826424 hwphase_ns=18048 trim_ppb=0 cfg=3 p_ns=1128 d_ns=0 (pico_gnss pico-gnss-rs/src/main.rs:358)
80.204067 [INFO ] PPSGEN count=75 interval_ns=1000001248 dev_ns=1248 phase_ns=-1835424 hwphase_ns=16864 trim_ppb=0 cfg=3 p_ns=1054 d_ns=0 (pico_gnss pico-gnss-rs/src/main.rs:358)
81.204085 [INFO ] PPSGEN count=76 interval_ns=1000001328 dev_ns=1328 phase_ns=-1846424 hwphase_ns=15776 trim_ppb=0 cfg=3 p_ns=986 d_ns=0 (pico_gnss pico-gnss-rs/src/main.rs:358)
82.204057 [INFO ] PPSGEN count=77 interval_ns=1000001392 dev_ns=1392 phase_ns=-1878423 hwphase_ns=14752 trim_ppb=0 cfg=3 p_ns=922 d_ns=0 (pico_gnss pico-gnss-rs/src/main.rs:358)
83.204044 [INFO ] PPSGEN count=78 interval_ns=1000001472 dev_ns=1472 phase_ns=-1851423 hwphase_ns=13808 trim_ppb=0 cfg=3 p_ns=863 d_ns=0 (pico_gnss pico-gnss-rs/src/main.rs:358)
84.204043 [INFO ] PPSGEN count=79 interval_ns=1000001536 dev_ns=1536 phase_ns=-1831423 hwphase_ns=12928 trim_ppb=0 cfg=3 p_ns=808 d_ns=0 (pico_gnss pico-gnss-rs/src/main.rs:358)
85.204041 [INFO ] PPSGEN count=80 interval_ns=1000001600 dev_ns=1600 phase_ns=-1835423 hwphase_ns=12096 trim_ppb=0 cfg=3 p_ns=756 d_ns=0 (pico_gnss pico-gnss-rs/src/main.rs:358)
86.204036 [INFO ] PPSGEN count=81 interval_ns=1000001648 dev_ns=1648 phase_ns=-1842422 hwphase_ns=11328 trim_ppb=0 cfg=3 p_ns=708 d_ns=0 (pico_gnss pico-gnss-rs/src/main.rs:358)
87.204053 [INFO ] PPSGEN count=82 interval_ns=1000001696 dev_ns=1696 phase_ns=-1828422 hwphase_ns=10608 trim_ppb=0 cfg=3 p_ns=663 d_ns=0 (pico_gnss pico-gnss-rs/src/main.rs:358)
88.204027 [INFO ] PPSGEN count=83 interval_ns=1000001744 dev_ns=1744 phase_ns=-1859422 hwphase_ns=9936 trim_ppb=0 cfg=3 p_ns=621 d_ns=0 (pico_gnss pico-gnss-rs/src/main.rs:358)
89.204075 [INFO ] PPSGEN count=84 interval_ns=1000001792 dev_ns=1792 phase_ns=-1811422 hwphase_ns=9312 trim_ppb=0 cfg=3 p_ns=582 d_ns=0 (pico_gnss pico-gnss-rs/src/main.rs:358)
90.204060 [INFO ] PPSGEN count=85 interval_ns=1000001840 dev_ns=1840 phase_ns=-1829422 hwphase_ns=8720 trim_ppb=0 cfg=3 p_ns=545 d_ns=0 (pico_gnss pico-gnss-rs/src/main.rs:358)
91.204055 [INFO ] PPSGEN count=86 interval_ns=1000001872 dev_ns=1872 phase_ns=-1846421 hwphase_ns=8192 trim_ppb=0 cfg=3 p_ns=512 d_ns=0 (pico_gnss pico-gnss-rs/src/main.rs:358)
92.204063 [INFO ] PPSGEN count=87 interval_ns=1000001904 dev_ns=1904 phase_ns=-1807421 hwphase_ns=7664 trim_ppb=0 cfg=3 p_ns=479 d_ns=0 (pico_gnss pico-gnss-rs/src/main.rs:358)
93.204055 [INFO ] PPSGEN count=88 interval_ns=1000001936 dev_ns=1936 phase_ns=-1844420 hwphase_ns=7200 trim_ppb=0 cfg=3 p_ns=450 d_ns=0 (pico_gnss pico-gnss-rs/src/main.rs:358)
94.204077 [INFO ] PPSGEN count=89 interval_ns=1000001984 dev_ns=1984 phase_ns=-1835420 hwphase_ns=6768 trim_ppb=0 cfg=3 p_ns=423 d_ns=0 (pico_gnss pico-gnss-rs/src/main.rs:358)
95.204075 [INFO ] PPSGEN count=90 interval_ns=1000002000 dev_ns=2000 phase_ns=-1829420 hwphase_ns=6352 trim_ppb=0 cfg=3 p_ns=397 d_ns=0 (pico_gnss pico-gnss-rs/src/main.rs:358)
96.204095 [INFO ] PPSGEN count=91 interval_ns=1000002032 dev_ns=2032 phase_ns=-1813420 hwphase_ns=5952 trim_ppb=0 cfg=3 p_ns=372 d_ns=0 (pico_gnss pico-gnss-rs/src/main.rs:358)
97.204091 [INFO ] PPSGEN count=92 interval_ns=1000002064 dev_ns=2064 phase_ns=-1874419 hwphase_ns=5616 trim_ppb=0 cfg=3 p_ns=351 d_ns=0 (pico_gnss pico-gnss-rs/src/main.rs:358)
98.204104 [INFO ] PPSGEN count=93 interval_ns=1000002080 dev_ns=2080 phase_ns=-1874419 hwphase_ns=5264 trim_ppb=0 cfg=3 p_ns=329 d_ns=0 (pico_gnss pico-gnss-rs/src/main.rs:358)
99.204096 [INFO ] PPSGEN count=94 interval_ns=1000002096 dev_ns=2096 phase_ns=-1823419 hwphase_ns=4944 trim_ppb=0 cfg=3 p_ns=309 d_ns=0 (pico_gnss pico-gnss-rs/src/main.rs:358)
100.204104 [INFO ] PPSGEN count=95 interval_ns=1000002128 dev_ns=2128 phase_ns=-1822419 hwphase_ns=4656 trim_ppb=0 cfg=3 p_ns=291 d_ns=0 (pico_gnss pico-gnss-rs/src/main.rs:358)
101.204088 [INFO ] PPSGEN count=96 interval_ns=1000002144 dev_ns=2144 phase_ns=-1893418 hwphase_ns=4384 trim_ppb=0 cfg=3 p_ns=274 d_ns=0 (pico_gnss pico-gnss-rs/src/main.rs:358)
102.204458 [INFO ] PPSGEN count=97 interval_ns=1000002160 dev_ns=2160 phase_ns=-1463419 hwphase_ns=4128 trim_ppb=0 cfg=3 p_ns=258 d_ns=0 (pico_gnss pico-gnss-rs/src/main.rs:358)
103.204098 [INFO ] PPSGEN count=98 interval_ns=1000002176 dev_ns=2176 phase_ns=-2202417 hwphase_ns=3888 trim_ppb=0 cfg=3 p_ns=243 d_ns=0 (pico_gnss pico-gnss-rs/src/main.rs:358)
104.204101 [INFO ] PPSGEN count=99 interval_ns=1000002192 dev_ns=2192 phase_ns=-1837418 hwphase_ns=3664 trim_ppb=0 cfg=3 p_ns=229 d_ns=0 (pico_gnss pico-gnss-rs/src/main.rs:358)
105.204106 [INFO ] PPSGEN count=100 interval_ns=1000002208 dev_ns=2208 phase_ns=-1821418 hwphase_ns=3456 trim_ppb=0 cfg=3 p_ns=216 d_ns=0 (pico_gnss pico-gnss-rs/src/main.rs:358)
106.204117 [INFO ] PPSGEN count=101 interval_ns=1000002208 dev_ns=2208 phase_ns=-1847418 hwphase_ns=3232 trim_ppb=0 cfg=3 p_ns=202 d_ns=0 (pico_gnss pico-gnss-rs/src/main.rs:358)
107.204109 [INFO ] PPSGEN count=102 interval_ns=1000002240 dev_ns=2240 phase_ns=-1881417 hwphase_ns=3072 trim_ppb=0 cfg=3 p_ns=192 d_ns=0 (pico_gnss pico-gnss-rs/src/main.rs:358)
108.204095 [INFO ] PPSGEN count=103 interval_ns=1000002240 dev_ns=2240 phase_ns=-1852418 hwphase_ns=2880 trim_ppb=0 cfg=3 p_ns=180 d_ns=0 (pico_gnss pico-gnss-rs/src/main.rs:358)
109.204116 [INFO ] PPSGEN count=104 interval_ns=1000002256 dev_ns=2256 phase_ns=-1814417 hwphase_ns=2736 trim_ppb=0 cfg=3 p_ns=171 d_ns=0 (pico_gnss pico-gnss-rs/src/main.rs:358)
110.204096 [INFO ] PPSGEN count=105 interval_ns=1000002272 dev_ns=2272 phase_ns=-1855417 hwphase_ns=2592 trim_ppb=0 cfg=3 p_ns=162 d_ns=0 (pico_gnss pico-gnss-rs/src/main.rs:358)
111.204122 [INFO ] PPSGEN count=106 interval_ns=1000002288 dev_ns=2288 phase_ns=-1836417 hwphase_ns=2464 trim_ppb=0 cfg=3 p_ns=154 d_ns=0 (pico_gnss pico-gnss-rs/src/main.rs:358)
112.204120 [INFO ] PPSGEN count=107 interval_ns=1000002272 dev_ns=2272 phase_ns=-1861416 hwphase_ns=2320 trim_ppb=0 cfg=3 p_ns=145 d_ns=0 (pico_gnss pico-gnss-rs/src/main.rs:358)
113.204127 [INFO ] PPSGEN count=108 interval_ns=1000002304 dev_ns=2304 phase_ns=-1836416 hwphase_ns=2208 trim_ppb=0 cfg=3 p_ns=138 d_ns=0 (pico_gnss pico-gnss-rs/src/main.rs:358)
114.204105 [INFO ] PPSGEN count=109 interval_ns=1000002304 dev_ns=2304 phase_ns=-1831416 hwphase_ns=2112 trim_ppb=0 cfg=3 p_ns=132 d_ns=0 (pico_gnss pico-gnss-rs/src/main.rs:358)
115.204119 [INFO ] PPSGEN count=110 interval_ns=1000002304 dev_ns=2304 phase_ns=-1812416 hwphase_ns=1984 trim_ppb=0 cfg=3 p_ns=124 d_ns=0 (pico_gnss pico-gnss-rs/src/main.rs:358)
116.204108 [INFO ] PPSGEN count=111 interval_ns=1000002320 dev_ns=2320 phase_ns=-1817415 hwphase_ns=1904 trim_ppb=0 cfg=3 p_ns=119 d_ns=0 (pico_gnss pico-gnss-rs/src/main.rs:358)
117.204143 [INFO ] PPSGEN count=112 interval_ns=1000002320 dev_ns=2320 phase_ns=-1817415 hwphase_ns=1808 trim_ppb=0 cfg=3 p_ns=113 d_ns=0 (pico_gnss pico-gnss-rs/src/main.rs:358)
118.204148 [INFO ] PPSGEN count=113 interval_ns=1000002336 dev_ns=2336 phase_ns=-1834415 hwphase_ns=1728 trim_ppb=0 cfg=3 p_ns=108 d_ns=0 (pico_gnss pico-gnss-rs/src/main.rs:358)
119.204151 [INFO ] PPSGEN count=114 interval_ns=1000002320 dev_ns=2320 phase_ns=-1808415 hwphase_ns=1632 trim_ppb=0 cfg=3 p_ns=102 d_ns=0 (pico_gnss pico-gnss-rs/src/main.rs:358)
120.204137 [INFO ] PPSGEN count=115 interval_ns=1000002352 dev_ns=2352 phase_ns=-1839414 hwphase_ns=1584 trim_ppb=0 cfg=3 p_ns=99 d_ns=0 (pico_gnss pico-gnss-rs/src/main.rs:358)
121.204145 [INFO ] PPSGEN count=116 interval_ns=1000002336 dev_ns=2336 phase_ns=-1837415 hwphase_ns=1488 trim_ppb=0 cfg=3 p_ns=93 d_ns=0 (pico_gnss pico-gnss-rs/src/main.rs:358)
122.204131 [INFO ] PPSGEN count=117 interval_ns=1000002352 dev_ns=2352 phase_ns=-1834415 hwphase_ns=1424 trim_ppb=0 cfg=3 p_ns=89 d_ns=0 (pico_gnss pico-gnss-rs/src/main.rs:358)
123.204142 [INFO ] PPSGEN count=118 interval_ns=1000002352 dev_ns=2352 phase_ns=-1828414 hwphase_ns=1360 trim_ppb=0 cfg=3 p_ns=85 d_ns=0 (pico_gnss pico-gnss-rs/src/main.rs:358)
124.204146 [INFO ] PPSGEN count=119 interval_ns=1000002368 dev_ns=2368 phase_ns=-1837414 hwphase_ns=1328 trim_ppb=0 cfg=3 p_ns=83 d_ns=0 (pico_gnss pico-gnss-rs/src/main.rs:358)
125.204141 [INFO ] PPSGEN count=120 interval_ns=1000002352 dev_ns=2352 phase_ns=-1832414 hwphase_ns=1248 trim_ppb=0 cfg=3 p_ns=78 d_ns=0 (pico_gnss pico-gnss-rs/src/main.rs:358)
126.204174 [INFO ] PPSGEN count=121 interval_ns=1000002368 dev_ns=2368 phase_ns=-1778414 hwphase_ns=1216 trim_ppb=0 cfg=3 p_ns=76 d_ns=0 (pico_gnss pico-gnss-rs/src/main.rs:358)
127.204151 [INFO ] PPSGEN count=122 interval_ns=1000002368 dev_ns=2368 phase_ns=-1803414 hwphase_ns=1152 trim_ppb=0 cfg=3 p_ns=72 d_ns=0 (pico_gnss pico-gnss-rs/src/main.rs:358)
128.204156 [INFO ] PPSGEN count=123 interval_ns=1000002368 dev_ns=2368 phase_ns=-1843413 hwphase_ns=1120 trim_ppb=0 cfg=3 p_ns=70 d_ns=0 (pico_gnss pico-gnss-rs/src/main.rs:358)
129.204139 [INFO ] PPSGEN count=124 interval_ns=1000002368 dev_ns=2368 phase_ns=-1842413 hwphase_ns=1072 trim_ppb=0 cfg=3 p_ns=67 d_ns=0 (pico_gnss pico-gnss-rs/src/main.rs:358)
130.204163 [INFO ] PPSGEN count=125 interval_ns=1000002384 dev_ns=2384 phase_ns=-1820413 hwphase_ns=1040 trim_ppb=0 cfg=3 p_ns=65 d_ns=0 (pico_gnss pico-gnss-rs/src/main.rs:358)
131.204144 [INFO ] PPSGEN count=126 interval_ns=1000002384 dev_ns=2384 phase_ns=-1834414 hwphase_ns=992 trim_ppb=0 cfg=3 p_ns=62 d_ns=0 (pico_gnss pico-gnss-rs/src/main.rs:358)
132.204182 [INFO ] PPSGEN count=127 interval_ns=1000002368 dev_ns=2368 phase_ns=-1830413 hwphase_ns=960 trim_ppb=0 cfg=3 p_ns=60 d_ns=0 (pico_gnss pico-gnss-rs/src/main.rs:358)
133.204187 [INFO ] PPSGEN count=128 interval_ns=1000002400 dev_ns=2400 phase_ns=-1816414 hwphase_ns=928 trim_ppb=0 cfg=3 p_ns=58 d_ns=0 (pico_gnss pico-gnss-rs/src/main.rs:358)
134.204167 [INFO ] PPSGEN count=129 interval_ns=1000002384 dev_ns=2384 phase_ns=-1846413 hwphase_ns=912 trim_ppb=0 cfg=3 p_ns=57 d_ns=0 (pico_gnss pico-gnss-rs/src/main.rs:358)
135.204188 [INFO ] PPSGEN count=130 interval_ns=1000002384 dev_ns=2384 phase_ns=-1829413 hwphase_ns=864 trim_ppb=0 cfg=3 p_ns=54 d_ns=0 (pico_gnss pico-gnss-rs/src/main.rs:358)
136.204243 [INFO ] PPSGEN count=131 interval_ns=1000002384 dev_ns=2384 phase_ns=-1857413 hwphase_ns=832 trim_ppb=-6 cfg=3 p_ns=52 d_ns=-8 (pico_gnss pico-gnss-rs/src/main.rs:358)
137.204227 [INFO ] PPSGEN count=132 interval_ns=1000002400 dev_ns=2400 phase_ns=-1901831 hwphase_ns=816 trim_ppb=-12 cfg=3 p_ns=51 d_ns=-4 (pico_gnss pico-gnss-rs/src/main.rs:358)
138.204248 [INFO ] PPSGEN count=133 interval_ns=1000002384 dev_ns=2384 phase_ns=-2077413 hwphase_ns=784 trim_ppb=-19 cfg=3 p_ns=49 d_ns=-8 (pico_gnss pico-gnss-rs/src/main.rs:358)
139.204328 [INFO ] PPSGEN count=134 interval_ns=1000002384 dev_ns=2384 phase_ns=-2041413 hwphase_ns=752 trim_ppb=-24 cfg=3 p_ns=47 d_ns=-8 (pico_gnss pico-gnss-rs/src/main.rs:358)
140.204279 [INFO ] PPSGEN count=135 interval_ns=1000002384 dev_ns=2384 phase_ns=-2096412 hwphase_ns=720 trim_ppb=-30 cfg=3 p_ns=45 d_ns=-8 (pico_gnss pico-gnss-rs/src/main.rs:358)
141.204261 [INFO ] PPSGEN count=136 interval_ns=1000002384 dev_ns=2384 phase_ns=-2034413 hwphase_ns=688 trim_ppb=-35 cfg=3 p_ns=43 d_ns=-8 (pico_gnss pico-gnss-rs/src/main.rs:358)
142.204234 [INFO ] PPSGEN count=137 interval_ns=1000002384 dev_ns=2384 phase_ns=-2065412 hwphase_ns=656 trim_ppb=-41 cfg=3 p_ns=41 d_ns=-8 (pico_gnss pico-gnss-rs/src/main.rs:358)
143.204266 [INFO ] PPSGEN count=138 interval_ns=1000002368 dev_ns=2368 phase_ns=-2041412 hwphase_ns=608 trim_ppb=-45 cfg=3 p_ns=38 d_ns=-12 (pico_gnss pico-gnss-rs/src/main.rs:358)
144.204240 [INFO ] PPSGEN count=139 interval_ns=1000002368 dev_ns=2368 phase_ns=-2093412 hwphase_ns=560 trim_ppb=-50 cfg=3 p_ns=35 d_ns=-12 (pico_gnss pico-gnss-rs/src/main.rs:358)
145.204272 [INFO ] PPSGEN count=140 interval_ns=1000002384 dev_ns=2384 phase_ns=-2030412 hwphase_ns=528 trim_ppb=-54 cfg=3 p_ns=33 d_ns=-8 (pico_gnss pico-gnss-rs/src/main.rs:358)
