6.882221 [INFO ] PPSGEN count=1 interval_ns=1000000016 dev_ns=16 phase_ns=0 hwphase_ns=2381312 trim_ppb=0 cfg=2 p_ns=148832 d_ns=0 (pico_gnss pico-gnss-rs/src/main.rs:358)
7.882551 [INFO ] PPSGEN count=2 interval_ns=1000000032 dev_ns=32 phase_ns=2516562 hwphase_ns=2378912 trim_ppb=0 cfg=2 p_ns=148682 d_ns=0 (pico_gnss pico-gnss-rs/src/main.rs:358)
8.882394 [INFO ] PPSGEN count=3 interval_ns=999851184 dev_ns=-148816 phase_ns=2386562 hwphase_ns=2227648 trim_ppb=0 cfg=2 p_ns=139228 d_ns=0 (pico_gnss pico-gnss-rs/src/main.rs:358)
9.882256 [INFO ] PPSGEN count=4 interval_ns=999853776 dev_ns=-146224 phase_ns=2206563 hwphase_ns=2078992 trim_ppb=0 cfg=2 p_ns=129937 d_ns=0 (pico_gnss pico-gnss-rs/src/main.rs:358)
10.882123 [INFO ] PPSGEN count=5 interval_ns=999863232 dev_ns=-136768 phase_ns=2078562 hwphase_ns=1939776 trim_ppb=0 cfg=2 p_ns=121236 d_ns=0 (pico_gnss pico-gnss-rs/src/main.rs:358)
11.881967 [INFO ] PPSGEN count=6 interval_ns=999872528 dev_ns=-127472 phase_ns=1945563 hwphase_ns=1809888 trim_ppb=0 cfg=2 p_ns=113118 d_ns=0 (pico_gnss pico-gnss-rs/src/main.rs:358)
12.881845 [INFO ] PPSGEN count=7 interval_ns=999881216 dev_ns=-118784 phase_ns=1844563 hwphase_ns=1688656 trim_ppb=0 cfg=2 p_ns=105541 d_ns=0 (pico_gnss pico-gnss-rs/src/main.rs:358)
13.881718 [INFO ] PPSGEN count=8 interval_ns=999889344 dev_ns=-110656 phase_ns=1716563 hwphase_ns=1575568 trim_ppb=0 cfg=2 p_ns=98473 d_ns=0 (pico_gnss pico-gnss-rs/src/main.rs:358)
14.881611 [INFO ] PPSGEN count=9 interval_ns=999896928 dev_ns=-103072 phase_ns=1621563 hwphase_ns=1470048 trim_ppb=0 cfg=2 p_ns=91878 d_ns=0 (pico_gnss pico-gnss-rs/src/main.rs:358)
15.881625 [INFO ] PPSGEN count=10 interval_ns=999903984 dev_ns=-96016 phase_ns=1634564 hwphase_ns=1371616 trim_ppb=0 cfg=2 p_ns=85726 d_ns=0 (pico_gnss pico-gnss-rs/src/main.rs:358)
16.881658 [INFO ] PPSGEN count=11 interval_ns=999910576 dev_ns=-89424 phase_ns=1633563 hwphase_ns=1279744 trim_ppb=0 cfg=2 p_ns=79984 d_ns=0 (pico_gnss pico-gnss-rs/src/main.rs:358)
17.881644 [INFO ] PPSGEN count=12 interval_ns=999916736 dev_ns=-83264 phase_ns=1608564 hwphase_ns=1194064 trim_ppb=0 cfg=2 p_ns=74629 d_ns=0 (pico_gnss pico-gnss-rs/src/main.rs:358)
18.881647 [INFO ] PPSGEN count=13 interval_ns=999922480 dev_ns=-77520 phase_ns=1641564 hwphase_ns=1114112 trim_ppb=0 cfg=2 p_ns=69632 d_ns=0 (pico_gnss pico-gnss-rs/src/main.rs:358)
19.881626 [INFO ] PPSGEN count=14 interval_ns=999927840 dev_ns=-72160 phase_ns=1623564 hwphase_ns=1039520 trim_ppb=0 cfg=2 p_ns=64970 d_ns=0 (pico_gnss pico-gnss-rs/src/main.rs:358)
20.881618 [INFO ] PPSGEN count=15 interval_ns=999932816 dev_ns=-67184 phase_ns=1611564 hwphase_ns=969904 trim_ppb=0 cfg=2 p_ns=60619 d_ns=0 (pico_gnss pico-gnss-rs/src/main.rs:358)
21.881652 [INFO ] PPSGEN count=16 interval_ns=999937488 dev_ns=-62512 phase_ns=1626564 hwphase_ns=904960 trim_ppb=0 cfg=2 p_ns=56560 d_ns=0 (pico_gnss pico-gnss-rs/src/main.rs:358)
22.881658 [INFO ] PPSGEN count=17 interval_ns=999941840 dev_ns=-58160 phase_ns=1638564 hwphase_ns=844368 trim_ppb=0 cfg=2 p_ns=52773 d_ns=0 (pico_gnss pico-gnss-rs/src/main.rs:358)
23.881625 [INFO ] PPSGEN count=18 interval_ns=999945904 dev_ns=-54096 phase_ns=1604564 hwphase_ns=787840 trim_ppb=0 cfg=2 p_ns=49240 d_ns=0 (pico_gnss pico-gnss-rs/src/main.rs:358)
24.881681 [INFO ] PPSGEN count=19 interval_ns=999949680 dev_ns=-50320 phase_ns=1652564 hwphase_ns=735104 trim_ppb=0 cfg=2 p_ns=45944 d_ns=0 (pico_gnss pico-gnss-rs/src/main.rs:358)
25.881677 [INFO ] PPSGEN count=20 interval_ns=999953216 dev_ns=-46784 phase_ns=1625564 hwphase_ns=685888 trim_ppb=0 cfg=2 p_ns=42868 d_ns=0 (pico_gnss pico-gnss-rs/src/main.rs:358)
26.881687 [INFO ] PPSGEN count=21 interval_ns=999956512 dev_ns=-43488 phase_ns=1650564 hwphase_ns=639968 trim_ppb=0 cfg=2 p_ns=39998 d_ns=0 (pico_gnss pico-gnss-rs/src/main.rs:358)
27.881658 [INFO ] PPSGEN count=22 interval_ns=999959600 dev_ns=-40400 phase_ns=1632565 hwphase_ns=597152 trim_ppb=0 cfg=2 p_ns=37322 d_ns=0 (pico_gnss pico-gnss-rs/src/main.rs:358)
28.881663 [INFO ] PPSGEN count=23 interval_ns=999962464 dev_ns=-37536 phase_ns=1620565 hwphase_ns=557184 trim_ppb=0 cfg=2 p_ns=34824 d_ns=0 (pico_gnss pico-gnss-rs/src/main.rs:358)
29.881638 [INFO ] PPSGEN count=24 interval_ns=999965136 dev_ns=-34864 phase_ns=1616565 hwphase_ns=519888 trim_ppb=0 cfg=2 p_ns=32493 d_ns=0 (pico_gnss pico-gnss-rs/src/main.rs:358)
30.881677 [INFO ] PPSGEN count=25 interval_ns=999967632 dev_ns=-32368 phase_ns=1635565 hwphase_ns=485088 trim_ppb=0 cfg=2 p_ns=30318 d_ns=0 (pico_gnss pico-gnss-rs/src/main.rs:358)
31.881682 [INFO ] PPSGEN count=26 interval_ns=999969968 dev_ns=-30032 phase_ns=1626565 hwphase_ns=452624 trim_ppb=0 cfg=2 p_ns=28289 d_ns=0 (pico_gnss pico-gnss-rs/src/main.rs:358)
32.881693 [INFO ] PPSGEN count=27 interval_ns=999972144 dev_ns=-27856 phase_ns=1639565 hwphase_ns=422336 trim_ppb=0 cfg=2 p_ns=26396 d_ns=0 (pico_gnss pico-gnss-rs/src/main.rs:358)
33.881672 [INFO ] PPSGEN count=28 interval_ns=999974160 dev_ns=-25840 phase_ns=1629565 hwphase_ns=394080 trim_ppb=0 cfg=2 p_ns=24630 d_ns=0 (pico_gnss pico-gnss-rs/src/main.rs:358)
34.881688 [INFO ] PPSGEN count=29 interval_ns=999976064 dev_ns=-23936 phase_ns=1655566 hwphase_ns=367728 trim_ppb=0 cfg=2 p_ns=22983 d_ns=0 (pico_gnss pico-gnss-rs/src/main.rs:358)
35.881657 [INFO ] PPSGEN count=30 interval_ns=999977840 dev_ns=-22160 phase_ns=1615566 hwphase_ns=343136 trim_ppb=0 cfg=2 p_ns=21446 d_ns=0 (pico_gnss pico-gnss-rs/src/main.rs:358)
36.881689 [INFO ] PPSGEN count=31 interval_ns=999979472 dev_ns=-20528 phase_ns=1622566 hwphase_ns=320192 trim_ppb=0 cfg=2 p_ns=20012 d_ns=0 (pico_gnss pico-gnss-rs/src/main.rs:358)
37.881733 [INFO ] PPSGEN count=32 interval_ns=999981024 dev_ns=-18976 phase_ns=1672567 hwphase_ns=298800 trim_ppb=0 cfg=2 p_ns=18675 d_ns=0 (pico_gnss pico-gnss-rs/src/main.rs:358)
38.881735 [INFO ] PPSGEN count=33 interval_ns=999982448 dev_ns=-17552 phase_ns=1681567 hwphase_ns=278816 trim_ppb=0 cfg=2 p_ns=17426 d_ns=0 (pico_gnss pico-gnss-rs/src/main.rs:358)
39.881723 [INFO ] PPSGEN count=34 interval_ns=999983776 dev_ns=-16224 phase_ns=1654567 hwphase_ns=260176 trim_ppb=0 cfg=2 p_ns=16261 d_ns=0 (pico_gnss pico-gnss-rs/src/main.rs:358)
40.881717 [INFO ] PPSGEN count=35 interval_ns=999985024 dev_ns=-14976 phase_ns=1656567 hwphase_ns=242768 trim_ppb=0 cfg=2 p_ns=15173 d_ns=0 (pico_gnss pico-gnss-rs/src/main.rs:358)
41.881730 [INFO ] PPSGEN count=36 interval_ns=999986208 dev_ns=-13792 phase_ns=1648567 hwphase_ns=226560 trim_ppb=0 cfg=2 p_ns=14160 d_ns=0 (pico_gnss pico-gnss-rs/src/main.rs:358)
42.881711 [INFO ] PPSGEN count=37 interval_ns=999987280 dev_ns=-12720 phase_ns=1616568 hwphase_ns=211424 trim_ppb=0 cfg=2 p_ns=13214 d_ns=0 (pico_gnss pico-gnss-rs/src/main.rs:358)
43.881691 [INFO ] PPSGEN count=38 interval_ns=999988288 dev_ns=-11712 phase_ns=1622568 hwphase_ns=197280 trim_ppb=0 cfg=2 p_ns=12330 d_ns=0 (pico_gnss pico-gnss-rs/src/main.rs:358)
44.881727 [INFO ] PPSGEN count=39 interval_ns=999989248 dev_ns=-10752 phase_ns=1644568 hwphase_ns=184112 trim_ppb=0 cfg=2 p_ns=11507 d_ns=0 (pico_gnss pico-gnss-rs/src/main.rs:358)
45.880973 [INFO ] PPSGEN count=40 interval_ns=999990128 dev_ns=-9872 phase_ns=964570 hwphase_ns=174240 trim_ppb=0 cfg=2 p_ns=0 d_ns=0 (pico_gnss pico-gnss-rs/src/main.rs:358)
46.880372 [INFO ] PPSGEN count=41 interval_ns=999990944 dev_ns=-9056 phase_ns=-2431422 hwphase_ns=162752 trim_ppb=0 cfg=2 p_ns=10172 d_ns=0 (pico_gnss pico-gnss-rs/src/main.rs:358)
47.880363 [INFO ] PPSGEN count=42 interval_ns=1000002448 dev_ns=2448 phase_ns=-1934423 hwphase_ns=162784 trim_ppb=0 cfg=2 p_ns=10174 d_ns=0 (pico_gnss pico-gnss-rs/src/main.rs:358)
48.880393 [INFO ] PPSGEN count=43 interval_ns=999992288 dev_ns=-7712 phase_ns=-1834423 hwphase_ns=152656 trim_ppb=0 cfg=2 p_ns=9541 d_ns=0 (pico_gnss pico-gnss-rs/src/main.rs:358)
49.880358 [INFO ] PPSGEN count=44 interval_ns=999992288 dev_ns=-7712 phase_ns=-1951422 hwphase_ns=142528 trim_ppb=0 cfg=2 p_ns=8908 d_ns=0 (pico_gnss pico-gnss-rs/src/main.rs:358)
50.880402 [INFO ] PPSGEN count=45 interval_ns=999992912 dev_ns=-7088 phase_ns=-1880422 hwphase_ns=133008 trim_ppb=0 cfg=2 p_ns=8313 d_ns=0 (pico_gnss pico-gnss-rs/src/main.rs:358)
51.880392 [INFO ] PPSGEN count=46 interval_ns=999993552 dev_ns=-6448 phase_ns=-1931422 hwphase_ns=124144 trim_ppb=0 cfg=2 p_ns=7759 d_ns=0 (pico_gnss pico-gnss-rs/src/main.rs:358)
52.880399 [INFO ] PPSGEN count=47 interval_ns=999994144 dev_ns=-5856 phase_ns=-1932422 hwphase_ns=115872 trim_ppb=0 cfg=2 p_ns=7242 d_ns=0 (pico_gnss pico-gnss-rs/src/main.rs:358)
53.880401 [INFO ] PPSGEN count=48 interval_ns=999994688 dev_ns=-5312 phase_ns=-1869421 hwphase_ns=108144 trim_ppb=0 cfg=2 p_ns=6759 d_ns=0 (pico_gnss pico-gnss-rs/src/main.rs:358)
54.880399 [INFO ] PPSGEN count=49 interval_ns=999995216 dev_ns=-4784 phase_ns=-1885421 hwphase_ns=100944 trim_ppb=0 cfg=2 p_ns=6309 d_ns=0 (pico_gnss pico-gnss-rs/src/main.rs:358)
55.880396 [INFO ] PPSGEN count=50 interval_ns=999995696 dev_ns=-4304 phase_ns=-1895421 hwphase_ns=94224 trim_ppb=0 cfg=2 p_ns=5889 d_ns=0 (pico_gnss pico-gnss-rs/src/main.rs:358)
56.880412 [INFO ] PPSGEN count=51 interval_ns=999996144 dev_ns=-3856 phase_ns=-1902420 hwphase_ns=87952 trim_ppb=0 cfg=2 p_ns=5497 d_ns=0 (pico_gnss pico-gnss-rs/src/main.rs:358)
57.880399 [INFO ] PPSGEN count=52 interval_ns=999996560 dev_ns=-3440 phase_ns=-1909420 hwphase_ns=82096 trim_ppb=0 cfg=2 p_ns=5131 d_ns=0 (pico_gnss pico-gnss-rs/src/main.rs:358)
58.880393 [INFO ] PPSGEN count=53 interval_ns=999996960 dev_ns=-3040 phase_ns=-1921420 hwphase_ns=76640 trim_ppb=0 cfg=2 p_ns=4790 d_ns=0 (pico_gnss pico-gnss-rs/src/main.rs:358)
59.880403 [INFO ] PPSGEN count=54 interval_ns=999997328 dev_ns=-2672 phase_ns=-1893420 hwphase_ns=71552 trim_ppb=0 cfg=2 p_ns=4472 d_ns=0 (pico_gnss pico-gnss-rs/src/main.rs:358)
60.880400 [INFO ] PPSGEN count=55 interval_ns=999997664 dev_ns=-2336 phase_ns=-1921419 hwphase_ns=66800 trim_ppb=0 cfg=2 p_ns=4175 d_ns=0 (pico_gnss pico-gnss-rs/src/main.rs:358)
61.880418 [INFO ] PPSGEN count=56 interval_ns=999997968 dev_ns=-2032 phase_ns=-1905419 hwphase_ns=62368 trim_ppb=0 cfg=2 p_ns=3898 d_ns=0 (pico_gnss pico-gnss-rs/src/main.rs:358)
62.880416 [INFO ] PPSGEN count=57 interval_ns=999998288 dev_ns=-1712 phase_ns=-1906419 hwphase_ns=58224 trim_ppb=0 cfg=2 p_ns=3639 d_ns=0 (pico_gnss pico-gnss-rs/src/main.rs:358)
63.880411 [INFO ] PPSGEN count=58 interval_ns=999998544 dev_ns=-1456 phase_ns=-1921418 hwphase_ns=54368 trim_ppb=0 cfg=2 p_ns=3398 d_ns=0 (pico_gnss pico-gnss-rs/src/main.rs:358)
64.880427 [INFO ] PPSGEN count=59 interval_ns=999998816 dev_ns=-1184 phase_ns=-1882418 hwphase_ns=50752 trim_ppb=0 cfg=2 p_ns=3172 d_ns=0 (pico_gnss pico-gnss-rs/src/main.rs:358)
65.880405 [INFO ] PPSGEN count=60 interval_ns=999999056 dev_ns=-944 phase_ns=-1920418 hwphase_ns=47408 trim_ppb=0 cfg=2 p_ns=2963 d_ns=0 (pico_gnss pico-gnss-rs/src/main.rs:358)
66.880403 [INFO ] PPSGEN count=61 interval_ns=999999280 dev_ns=-720 phase_ns=-1879417 hwphase_ns=44272 trim_ppb=0 cfg=2 p_ns=2767 d_ns=0 (pico_gnss pico-gnss-rs/src/main.rs:358)
67.880412 [INFO ] PPSGEN count=62 interval_ns=999999488 dev_ns=-512 phase_ns=-1889417 hwphase_ns=41344 trim_ppb=0 cfg=2 p_ns=2584 d_ns=0 (pico_gnss pico-gnss-rs/src/main.rs:358)
68.880416 [INFO ] PPSGEN count=63 interval_ns=999999680 dev_ns=-320 phase_ns=-1887417 hwphase_ns=38608 trim_ppb=0 cfg=2 p_ns=2413 d_ns=0 (pico_gnss pico-gnss-rs/src/main.rs:358)
69.880403 [INFO ] PPSGEN count=64 interval_ns=999999856 dev_ns=-144 phase_ns=-1878417 hwphase_ns=36048 trim_ppb=0 cfg=2 p_ns=2253 d_ns=0 (pico_gnss pico-gnss-rs/src/main.rs:358)
70.880421 [INFO ] PPSGEN count=65 interval_ns=1000000048 dev_ns=48 phase_ns=-1899417 hwphase_ns=33680 trim_ppb=0 cfg=2 p_ns=2105 d_ns=0 (pico_gnss pico-gnss-rs/src/main.rs:358)
71.880431 [INFO ] PPSGEN count=66 interval_ns=1000000192 dev_ns=192 phase_ns=-1817417 hwphase_ns=31456 trim_ppb=0 cfg=2 p_ns=1966 d_ns=0 (pico_gnss pico-gnss-rs/src/main.rs:358)
72.880415 [INFO ] PPSGEN count=67 interval_ns=1000000336 dev_ns=336 phase_ns=-1847416 hwphase_ns=29376 trim_ppb=0 cfg=2 p_ns=1836 d_ns=0 (pico_gnss pico-gnss-rs/src/main.rs:358)
73.880427 [INFO ] PPSGEN count=68 interval_ns=1000000496 dev_ns=496 phase_ns=-1829416 hwphase_ns=27456 trim_ppb=0 cfg=2 p_ns=1716 d_ns=0 (pico_gnss pico-gnss-rs/src/main.rs:358)
74.880437 [INFO ] PPSGEN count=69 interval_ns=1000000608 dev_ns=608 phase_ns=-1840416 hwphase_ns=25648 trim_ppb=0 cfg=2 p_ns=1603 d_ns=0 (pico_gnss pico-gnss-rs/src/main.rs:358)
75.880426 [INFO ] PPSGEN count=70 interval_ns=1000000736 dev_ns=736 phase_ns=-1849416 hwphase_ns=23952 trim_ppb=0 cfg=2 p_ns=1497 d_ns=0 (pico_gnss pico-gnss-rs/src/main.rs:358)
76.880440 [INFO ] PPSGEN count=71 interval_ns=1000000848 dev_ns=848 phase_ns=-1842416 hwphase_ns=22384 trim_ppb=0 cfg=2 p_ns=1399 d_ns=0 (pico_gnss pico-gnss-rs/src/main.rs:358)
77.880432 [INFO ] PPSGEN count=72 interval_ns=1000000944 dev_ns=944 phase_ns=-1844417 hwphase_ns=20896 trim_ppb=0 cfg=2 p_ns=1306 d_ns=0 (pico_gnss pico-gnss-rs/src/main.rs:358)
78.880438 [INFO ] PPSGEN count=73 interval_ns=1000001056 dev_ns=1056 phase_ns=-1819416 hwphase_ns=19536 trim_ppb=0 cfg=2 p_ns=1221 d_ns=0 (pico_gnss pico-gnss-rs/src/main.rs:358)
79.880447 [INFO ] PPSGEN count=74 interval_ns=1000001136 dev_ns=1136 phase_ns=-1837416 hwphase_ns=18256 trim_ppb=0 cfg=2 p_ns=1141 d_ns=0 (pico_gnss pico-gnss-rs/src/main.rs:358)
80.880443 [INFO ] PPSGEN count=75 interval_ns=1000001232 dev_ns=1232 phase_ns=-1857417 hwphase_ns=17056 trim_ppb=0 cfg=2 p_ns=1066 d_ns=0 (pico_gnss pico-gnss-rs/src/main.rs:358)
81.880429 [INFO ] PPSGEN count=76 interval_ns=1000001312 dev_ns=1312 phase_ns=-1825416 hwphase_ns=15952 trim_ppb=0 cfg=2 p_ns=997 d_ns=0 (pico_gnss pico-gnss-rs/src/main.rs:358)
82.880429 [INFO ] PPSGEN count=77 interval_ns=1000001376 dev_ns=1376 phase_ns=-1837417 hwphase_ns=14896 trim_ppb=0 cfg=2 p_ns=931 d_ns=0 (pico_gnss pico-gnss-rs/src/main.rs:358)
83.880429 [INFO ] PPSGEN count=78 interval_ns=1000001456 dev_ns=1456 phase_ns=-1835417 hwphase_ns=13920 trim_ppb=0 cfg=2 p_ns=870 d_ns=0 (pico_gnss pico-gnss-rs/src/main.rs:358)
84.880425 [INFO ] PPSGEN count=79 interval_ns=1000001520 dev_ns=1520 phase_ns=-1839417 hwphase_ns=13008 trim_ppb=0 cfg=2 p_ns=813 d_ns=0 (pico_gnss pico-gnss-rs/src/main.rs:358)
85.880433 [INFO ] PPSGEN count=80 interval_ns=1000001584 dev_ns=1584 phase_ns=-1827417 hwphase_ns=12176 trim_ppb=0 cfg=2 p_ns=761 d_ns=0 (pico_gnss pico-gnss-rs/src/main.rs:358)
86.880444 [INFO ] PPSGEN count=81 interval_ns=1000001632 dev_ns=1632 phase_ns=-1827418 hwphase_ns=11376 trim_ppb=0 cfg=2 p_ns=711 d_ns=0 (pico_gnss pico-gnss-rs/src/main.rs:358)
87.880429 [INFO ] PPSGEN count=82 interval_ns=1000001696 dev_ns=1696 phase_ns=-1859417 hwphase_ns=10656 trim_ppb=0 cfg=2 p_ns=666 d_ns=0 (pico_gnss pico-gnss-rs/src/main.rs:358)
88.880431 [INFO ] PPSGEN count=83 interval_ns=1000001728 dev_ns=1728 phase_ns=-1838418 hwphase_ns=9952 trim_ppb=0 cfg=2 p_ns=622 d_ns=0 (pico_gnss pico-gnss-rs/src/main.rs:358)
89.880421 [INFO ] PPSGEN count=84 interval_ns=1000001792 dev_ns=1792 phase_ns=-1840418 hwphase_ns=9312 trim_ppb=0 cfg=2 p_ns=582 d_ns=0 (pico_gnss pico-gnss-rs/src/main.rs:358)
90.880439 [INFO ] PPSGEN count=85 interval_ns=1000001824 dev_ns=1824 phase_ns=-1816418 hwphase_ns=8704 trim_ppb=0 cfg=2 p_ns=544 d_ns=0 (pico_gnss pico-gnss-rs/src/main.rs:358)
91.880460 [INFO ] PPSGEN count=86 interval_ns=1000001872 dev_ns=1872 phase_ns=-1815418 hwphase_ns=8160 trim_ppb=0 cfg=2 p_ns=510 d_ns=0 (pico_gnss pico-gnss-rs/src/main.rs:358)
92.880461 [INFO ] PPSGEN count=87 interval_ns=1000001904 dev_ns=1904 phase_ns=-1845418 hwphase_ns=7632 trim_ppb=0 cfg=2 p_ns=477 d_ns=0 (pico_gnss pico-gnss-rs/src/main.rs:358)
93.880450 [INFO ] PPSGEN count=88 interval_ns=1000001952 dev_ns=1952 phase_ns=-1857418 hwphase_ns=7152 trim_ppb=0 cfg=2 p_ns=447 d_ns=0 (pico_gnss pico-gnss-rs/src/main.rs:358)
94.880432 [INFO ] PPSGEN count=89 interval_ns=1000001968 dev_ns=1968 phase_ns=-1853418 hwphase_ns=6704 trim_ppb=0 cfg=2 p_ns=419 d_ns=0 (pico_gnss pico-gnss-rs/src/main.rs:358)
95.880458 [INFO ] PPSGEN count=90 interval_ns=1000002000 dev_ns=2000 phase_ns=-1825419 hwphase_ns=6272 trim_ppb=0 cfg=2 p_ns=392 d_ns=0 (pico_gnss pico-gnss-rs/src/main.rs:358)
96.880426 [INFO ] PPSGEN count=91 interval_ns=1000002032 dev_ns=2032 phase_ns=-1857419 hwphase_ns=5872 trim_ppb=0 cfg=2 p_ns=367 d_ns=0 (pico_gnss pico-gnss-rs/src/main.rs:358)
97.880458 [INFO ] PPSGEN count=92 interval_ns=1000002064 dev_ns=2064 phase_ns=-1780419 hwphase_ns=5520 trim_ppb=0 cfg=2 p_ns=345 d_ns=0 (pico_gnss pico-gnss-rs/src/main.rs:358)
98.880467 [INFO ] PPSGEN count=93 interval_ns=1000002080 dev_ns=2080 phase_ns=-1833419 hwphase_ns=5168 trim_ppb=0 cfg=2 p_ns=323 d_ns=0 (pico_gnss pico-gnss-rs/src/main.rs:358)
99.880456 [INFO ] PPSGEN count=94 interval_ns=1000002112 dev_ns=2112 phase_ns=-1848419 hwphase_ns=4848 trim_ppb=0 cfg=2 p_ns=303 d_ns=0 (pico_gnss pico-gnss-rs/src/main.rs:358)
100.880466 [INFO ] PPSGEN count=95 interval_ns=1000002128 dev_ns=2128 phase_ns=-1811419 hwphase_ns=4544 trim_ppb=0 cfg=2 p_ns=284 d_ns=0 (pico_gnss pico-gnss-rs/src/main.rs:358)
101.880454 [INFO ] PPSGEN count=96 interval_ns=1000002144 dev_ns=2144 phase_ns=-1837420 hwphase_ns=4256 trim_ppb=0 cfg=2 p_ns=266 d_ns=0 (pico_gnss pico-gnss-rs/src/main.rs:358)
102.880461 [INFO ] PPSGEN count=97 interval_ns=1000002176 dev_ns=2176 phase_ns=-1835419 hwphase_ns=4016 trim_ppb=0 cfg=2 p_ns=251 d_ns=0 (pico_gnss pico-gnss-rs/src/main.rs:358)
103.880468 [INFO ] PPSGEN count=98 interval_ns=1000002176 dev_ns=2176 phase_ns=-1822420 hwphase_ns=3760 trim_ppb=0 cfg=2 p_ns=235 d_ns=0 (pico_gnss pico-gnss-rs/src/main.rs:358)
104.880458 [INFO ] PPSGEN count=99 interval_ns=1000002208 dev_ns=2208 phase_ns=-1827419 hwphase_ns=3552 trim_ppb=0 cfg=2 p_ns=222 d_ns=0 (pico_gnss pico-gnss-rs/src/main.rs:358)
105.880485 [INFO ] PPSGEN count=100 interval_ns=1000002208 dev_ns=2208 phase_ns=-1819420 hwphase_ns=3328 trim_ppb=0 cfg=2 p_ns=208 d_ns=0 (pico_gnss pico-gnss-rs/src/main.rs:358)
106.880483 [INFO ] PPSGEN count=101 interval_ns=1000002240 dev_ns=2240 phase_ns=-1853420 hwphase_ns=3136 trim_ppb=0 cfg=2 p_ns=196 d_ns=0 (pico_gnss pico-gnss-rs/src/main.rs:358)
107.880477 [INFO ] PPSGEN count=102 interval_ns=1000002240 dev_ns=2240 phase_ns=-1858420 hwphase_ns=2944 trim_ppb=0 cfg=2 p_ns=184 d_ns=0 (pico_gnss pico-gnss-rs/src/main.rs:358)
108.880494 [INFO ] PPSGEN count=103 interval_ns=1000002256 dev_ns=2256 phase_ns=-1837421 hwphase_ns=2752 trim_ppb=0 cfg=2 p_ns=172 d_ns=0 (pico_gnss pico-gnss-rs/src/main.rs:358)
109.880495 [INFO ] PPSGEN count=104 interval_ns=1000002272 dev_ns=2272 phase_ns=-1862421 hwphase_ns=2592 trim_ppb=0 cfg=2 p_ns=162 d_ns=0 (pico_gnss pico-gnss-rs/src/main.rs:358)
110.880497 [INFO ] PPSGEN count=105 interval_ns=1000002272 dev_ns=2272 phase_ns=-1828421 hwphase_ns=2432 trim_ppb=0 cfg=2 p_ns=152 d_ns=0 (pico_gnss pico-gnss-rs/src/main.rs:358)
111.880477 [INFO ] PPSGEN count=106 interval_ns=1000002288 dev_ns=2288 phase_ns=-1836421 hwphase_ns=2288 trim_ppb=0 cfg=2 p_ns=143 d_ns=0 (pico_gnss pico-gnss-rs/src/main.rs:358)
112.880487 [INFO ] PPSGEN count=107 interval_ns=1000002304 dev_ns=2304 phase_ns=-1826421 hwphase_ns=2176 trim_ppb=0 cfg=2 p_ns=136 d_ns=0 (pico_gnss pico-gnss-rs/src/main.rs:358)
113.880482 [INFO ] PPSGEN count=108 interval_ns=1000002320 dev_ns=2320 phase_ns=-1805421 hwphase_ns=2064 trim_ppb=0 cfg=2 p_ns=129 d_ns=0 (pico_gnss pico-gnss-rs/src/main.rs:358)
114.880507 [INFO ] PPSGEN count=109 interval_ns=1000002304 dev_ns=2304 phase_ns=-1810421 hwphase_ns=1936 trim_ppb=0 cfg=2 p_ns=121 d_ns=0 (pico_gnss pico-gnss-rs/src/main.rs:358)
115.880511 [INFO ] PPSGEN count=110 interval_ns=1000002320 dev_ns=2320 phase_ns=-1810421 hwphase_ns=1840 trim_ppb=0 cfg=2 p_ns=115 d_ns=0 (pico_gnss pico-gnss-rs/src/main.rs:358)
116.880525 [INFO ] PPSGEN count=111 interval_ns=1000002336 dev_ns=2336 phase_ns=-1808847 hwphase_ns=1744 trim_ppb=0 cfg=2 p_ns=109 d_ns=0 (pico_gnss pico-gnss-rs/src/main.rs:358)
117.880540 [INFO ] PPSGEN count=112 interval_ns=1000002336 dev_ns=2336 phase_ns=-1848421 hwphase_ns=1648 trim_ppb=0 cfg=2 p_ns=103 d_ns=0 (pico_gnss pico-gnss-rs/src/main.rs:358)
118.880585 [INFO ] PPSGEN count=113 interval_ns=1000002352 dev_ns=2352 phase_ns=-1846422 hwphase_ns=1568 trim_ppb=0 cfg=2 p_ns=98 d_ns=0 (pico_gnss pico-gnss-rs/src/main.rs:358)
119.880506 [INFO ] PPSGEN count=114 interval_ns=1000002352 dev_ns=2352 phase_ns=-1916421 hwphase_ns=1504 trim_ppb=0 cfg=2 p_ns=94 d_ns=0 (pico_gnss pico-gnss-rs/src/main.rs:358)
120.880501 [INFO ] PPSGEN count=115 interval_ns=1000002352 dev_ns=2352 phase_ns=-1837421 hwphase_ns=1424 trim_ppb=0 cfg=2 p_ns=89 d_ns=0 (pico_gnss pico-gnss-rs/src/main.rs:358)
121.880525 [INFO ] PPSGEN count=116 interval_ns=1000002368 dev_ns=2368 phase_ns=-1814421 hwphase_ns=1376 trim_ppb=0 cfg=2 p_ns=86 d_ns=0 (pico_gnss pico-gnss-rs/src/main.rs:358)
122.880523 [INFO ] PPSGEN count=117 interval_ns=1000002352 dev_ns=2352 phase_ns=-1831421 hwphase_ns=1296 trim_ppb=0 cfg=2 p_ns=81 d_ns=0 (pico_gnss pico-gnss-rs/src/main.rs:358)
123.880516 [INFO ] PPSGEN count=118 interval_ns=1000002368 dev_ns=2368 phase_ns=-1827421 hwphase_ns=1232 trim_ppb=0 cfg=2 p_ns=77 d_ns=0 (pico_gnss pico-gnss-rs/src/main.rs:358)
124.880523 [INFO ] PPSGEN count=119 interval_ns=1000002368 dev_ns=2368 phase_ns=-1829421 hwphase_ns=1184 trim_ppb=0 cfg=2 p_ns=74 d_ns=0 (pico_gnss pico-gnss-rs/src/main.rs:358)
125.880529 [INFO ] PPSGEN count=120 interval_ns=1000002384 dev_ns=2384 phase_ns=-1814421 hwphase_ns=1136 trim_ppb=0 cfg=2 p_ns=71 d_ns=0 (pico_gnss pico-gnss-rs/src/main.rs:358)
126.880537 [INFO ] PPSGEN count=121 interval_ns=1000002384 dev_ns=2384 phase_ns=-1832421 hwphase_ns=1104 trim_ppb=0 cfg=2 p_ns=69 d_ns=0 (pico_gnss pico-gnss-rs/src/main.rs:358)
127.880520 [INFO ] PPSGEN count=122 interval_ns=1000002384 dev_ns=2384 phase_ns=-1858421 hwphase_ns=1056 trim_ppb=0 cfg=2 p_ns=66 d_ns=0 (pico_gnss pico-gnss-rs/src/main.rs:358)
128.880553 [INFO ] PPSGEN count=123 interval_ns=1000002384 dev_ns=2384 phase_ns=-1836421 hwphase_ns=1008 trim_ppb=0 cfg=2 p_ns=63 d_ns=0 (pico_gnss pico-gnss-rs/src/main.rs:358)
129.880563 [INFO ] PPSGEN count=124 interval_ns=1000002384 dev_ns=2384 phase_ns=-1859421 hwphase_ns=976 trim_ppb=0 cfg=2 p_ns=61 d_ns=0 (pico_gnss pico-gnss-rs/src/main.rs:358)
130.880553 [INFO ] PPSGEN count=125 interval_ns=1000002400 dev_ns=2400 phase_ns=-1864421 hwphase_ns=960 trim_ppb=0 cfg=2 p_ns=60 d_ns=0 (pico_gnss pico-gnss-rs/src/main.rs:358)
131.880575 [INFO ] PPSGEN count=126 interval_ns=1000002384 dev_ns=2384 phase_ns=-1798421 hwphase_ns=912 trim_ppb=0 cfg=2 p_ns=57 d_ns=0 (pico_gnss pico-gnss-rs/src/main.rs:358)
132.880547 [INFO ] PPSGEN count=127 interval_ns=1000002400 dev_ns=2400 phase_ns=-1849421 hwphase_ns=896 trim_ppb=0 cfg=2 p_ns=56 d_ns=0 (pico_gnss pico-gnss-rs/src/main.rs:358)
133.880546 [INFO ] PPSGEN count=128 interval_ns=1000002400 dev_ns=2400 phase_ns=-1828421 hwphase_ns=864 trim_ppb=0 cfg=2 p_ns=54 d_ns=0 (pico_gnss pico-gnss-rs/src/main.rs:358)
134.880609 [INFO ] PPSGEN count=129 interval_ns=1000002384 dev_ns=2384 phase_ns=-1843421 hwphase_ns=816 trim_ppb=-6 cfg=2 p_ns=51 d_ns=0 (pico_gnss pico-gnss-rs/src/main.rs:358)
135.880613 [INFO ] PPSGEN count=130 interval_ns=1000002400 dev_ns=2400 phase_ns=-1965420 hwphase_ns=800 trim_ppb=-12 cfg=2 p_ns=50 d_ns=0 (pico_gnss pico-gnss-rs/src/main.rs:358)
136.881070 [INFO ] PPSGEN count=131 interval_ns=1000002400 dev_ns=2400 phase_ns=-1510422 hwphase_ns=768 trim_ppb=-18 cfg=2 p_ns=48 d_ns=0 (pico_gnss pico-gnss-rs/src/main.rs:358)
137.880613 [INFO ] PPSGEN count=132 interval_ns=1000002384 dev_ns=2384 phase_ns=-2433419 hwphase_ns=736 trim_ppb=-24 cfg=2 p_ns=46 d_ns=0 (pico_gnss pico-gnss-rs/src/main.rs:358)
138.880625 [INFO ] PPSGEN count=133 interval_ns=1000002384 dev_ns=2384 phase_ns=-1932421 hwphase_ns=688 trim_ppb=-29 cfg=2 p_ns=43 d_ns=0 (pico_gnss pico-gnss-rs/src/main.rs:358)
139.880637 [INFO ] PPSGEN count=134 interval_ns=1000002384 dev_ns=2384 phase_ns=-1962420 hwphase_ns=656 trim_ppb=-34 cfg=2 p_ns=41 d_ns=0 (pico_gnss pico-gnss-rs/src/main.rs:358)
140.880610 [INFO ] PPSGEN count=135 interval_ns=1000002384 dev_ns=2384 phase_ns=-2004420 hwphase_ns=608 trim_ppb=-39 cfg=2 p_ns=38 d_ns=0 (pico_gnss pico-gnss-rs/src/main.rs:358)
141.880611 [INFO ] PPSGEN count=136 interval_ns=1000002368 dev_ns=2368 phase_ns=-1950420 hwphase_ns=560 trim_ppb=-44 cfg=2 p_ns=35 d_ns=0 (pico_gnss pico-gnss-rs/src/main.rs:358)
142.880616 [INFO ] PPSGEN count=137 interval_ns=1000002384 dev_ns=2384 phase_ns=-1959420 hwphase_ns=512 trim_ppb=-48 cfg=2 p_ns=32 d_ns=0 (pico_gnss pico-gnss-rs/src/main.rs:358)
143.880613 [INFO ] PPSGEN count=138 interval_ns=1000002368 dev_ns=2368 phase_ns=-1972420 hwphase_ns=464 trim_ppb=-51 cfg=2 p_ns=29 d_ns=0 (pico_gnss pico-gnss-rs/src/main.rs:358)
144.880639 [INFO ] PPSGEN count=139 interval_ns=1000002368 dev_ns=2368 phase_ns=-1993420 hwphase_ns=416 trim_ppb=-54 cfg=2 p_ns=26 d_ns=0 (pico_gnss pico-gnss-rs/src/main.rs:358)
145.880628 [INFO ] PPSGEN count=140 interval_ns=1000002384 dev_ns=2384 phase_ns=-1992420 hwphase_ns=368 trim_ppb=-57 cfg=2 p_ns=23 d_ns=0 (pico_gnss pico-gnss-rs/src/main.rs:358)
