6.445535 [INFO ] PPSGEN count=1 interval_ns=1000000016 dev_ns=16 phase_ns=0 hwphase_ns=2366800 trim_ppb=0 cfg=4 p_ns=295850 d_ns=0 (pico_gnss pico-gnss-rs/src/main.rs:358)
7.445878 [INFO ] PPSGEN count=2 interval_ns=1000000032 dev_ns=32 phase_ns=2517338 hwphase_ns=2364176 trim_ppb=0 cfg=4 p_ns=258540 d_ns=0 (pico_gnss pico-gnss-rs/src/main.rs:358)
8.445580 [INFO ] PPSGEN count=3 interval_ns=999704176 dev_ns=-295824 phase_ns=2227339 hwphase_ns=2065712 trim_ppb=0 cfg=4 p_ns=225896 d_ns=0 (pico_gnss pico-gnss-rs/src/main.rs:358)
9.445330 [INFO ] PPSGEN count=4 interval_ns=999744144 dev_ns=-255856 phase_ns=1949340 hwphase_ns=1807200 trim_ppb=0 cfg=4 p_ns=197663 d_ns=0 (pico_gnss pico-gnss-rs/src/main.rs:358)
10.445091 [INFO ] PPSGEN count=5 interval_ns=999776784 dev_ns=-223216 phase_ns=1719340 hwphase_ns=1581328 trim_ppb=0 cfg=4 p_ns=172958 d_ns=0 (pico_gnss pico-gnss-rs/src/main.rs:358)
11.444972 [INFO ] PPSGEN count=6 interval_ns=999805024 dev_ns=-194976 phase_ns=1644341 hwphase_ns=1383712 trim_ppb=0 cfg=4 p_ns=151344 d_ns=0 (pico_gnss pico-gnss-rs/src/main.rs:358)
12.444976 [INFO ] PPSGEN count=7 interval_ns=999829728 dev_ns=-170272 phase_ns=1633342 hwphase_ns=1210800 trim_ppb=0 cfg=4 p_ns=132432 d_ns=0 (pico_gnss pico-gnss-rs/src/main.rs:358)
13.444974 [INFO ] PPSGEN count=8 interval_ns=999851328 dev_ns=-148672 phase_ns=1630342 hwphase_ns=1059472 trim_ppb=0 cfg=4 p_ns=115880 d_ns=0 (pico_gnss pico-gnss-rs/src/main.rs:358)
14.444993 [INFO ] PPSGEN count=9 interval_ns=999870240 dev_ns=-129760 phase_ns=1632342 hwphase_ns=927072 trim_ppb=0 cfg=4 p_ns=101399 d_ns=0 (pico_gnss pico-gnss-rs/src/main.rs:358)
15.445203 [INFO ] PPSGEN count=10 interval_ns=999886800 dev_ns=-113200 phase_ns=1824341 hwphase_ns=811216 trim_ppb=0 cfg=4 p_ns=88727 d_ns=0 (pico_gnss pico-gnss-rs/src/main.rs:358)
16.444993 [INFO ] PPSGEN count=11 interval_ns=999901296 dev_ns=-98704 phase_ns=1632342 hwphase_ns=709856 trim_ppb=0 cfg=4 p_ns=77641 d_ns=0 (pico_gnss pico-gnss-rs/src/main.rs:358)
17.445014 [INFO ] PPSGEN count=12 interval_ns=999913952 dev_ns=-86048 phase_ns=1685342 hwphase_ns=621168 trim_ppb=0 cfg=4 p_ns=67940 d_ns=0 (pico_gnss pico-gnss-rs/src/main.rs:358)
18.445001 [INFO ] PPSGEN count=13 interval_ns=999925040 dev_ns=-74960 phase_ns=1637342 hwphase_ns=543552 trim_ppb=0 cfg=4 p_ns=59451 d_ns=0 (pico_gnss pico-gnss-rs/src/main.rs:358)
19.445018 [INFO ] PPSGEN count=14 interval_ns=999934736 dev_ns=-65264 phase_ns=1654342 hwphase_ns=475632 trim_ppb=0 cfg=4 p_ns=52022 d_ns=0 (pico_gnss pico-gnss-rs/src/main.rs:358)
20.445364 [INFO ] PPSGEN count=15 interval_ns=999943232 dev_ns=-56768 phase_ns=1981341 hwphase_ns=416208 trim_ppb=0 cfg=4 p_ns=45523 d_ns=0 (pico_gnss pico-gnss-rs/src/main.rs:358)
21.445010 [INFO ] PPSGEN count=16 interval_ns=999950672 dev_ns=-49328 phase_ns=1656343 hwphase_ns=364240 trim_ppb=0 cfg=4 p_ns=39839 d_ns=0 (pico_gnss pico-gnss-rs/src/main.rs:358)
22.445023 [INFO ] PPSGEN count=17 interval_ns=999957152 dev_ns=-42848 phase_ns=1659343 hwphase_ns=318752 trim_ppb=0 cfg=4 p_ns=34864 d_ns=0 (pico_gnss pico-gnss-rs/src/main.rs:358)
23.445038 [INFO ] PPSGEN count=18 interval_ns=999962848 dev_ns=-37152 phase_ns=1647343 hwphase_ns=278944 trim_ppb=0 cfg=4 p_ns=30510 d_ns=0 (pico_gnss pico-gnss-rs/src/main.rs:358)
24.445027 [INFO ] PPSGEN count=19 interval_ns=999967808 dev_ns=-32192 phase_ns=1630343 hwphase_ns=244112 trim_ppb=0 cfg=4 p_ns=26700 d_ns=0 (pico_gnss pico-gnss-rs/src/main.rs:358)
25.445032 [INFO ] PPSGEN count=20 interval_ns=999972176 dev_ns=-27824 phase_ns=1652344 hwphase_ns=213648 trim_ppb=0 cfg=4 p_ns=23368 d_ns=0 (pico_gnss pico-gnss-rs/src/main.rs:358)
26.445025 [INFO ] PPSGEN count=21 interval_ns=999975984 dev_ns=-24016 phase_ns=1625344 hwphase_ns=186976 trim_ppb=0 cfg=4 p_ns=20451 d_ns=0 (pico_gnss pico-gnss-rs/src/main.rs:358)
27.443606 [INFO ] PPSGEN count=22 interval_ns=999979312 dev_ns=-20688 phase_ns=271347 hwphase_ns=166288 trim_ppb=0 cfg=4 p_ns=0 d_ns=0 (pico_gnss pico-gnss-rs/src/main.rs:358)
28.443679 [INFO ] PPSGEN count=23 interval_ns=999982224 dev_ns=-17776 phase_ns=-1811647 hwphase_ns=145872 trim_ppb=0 cfg=4 p_ns=18234 d_ns=0 (pico_gnss pico-gnss-rs/src/main.rs:358)
29.443685 [INFO ] PPSGEN count=24 interval_ns=1000002672 dev_ns=2672 phase_ns=-1950646 hwphase_ns=145904 trim_ppb=0 cfg=4 p_ns=15958 d_ns=0 (pico_gnss pico-gnss-rs/src/main.rs:358)
30.443685 [INFO ] PPSGEN count=25 interval_ns=999984448 dev_ns=-15552 phase_ns=-1903646 hwphase_ns=127712 trim_ppb=0 cfg=4 p_ns=13969 d_ns=0 (pico_gnss pico-gnss-rs/src/main.rs:358)
31.443713 [INFO ] PPSGEN count=26 interval_ns=999986720 dev_ns=-13280 phase_ns=-1918645 hwphase_ns=111792 trim_ppb=0 cfg=4 p_ns=12227 d_ns=0 (pico_gnss pico-gnss-rs/src/main.rs:358)
32.443700 [INFO ] PPSGEN count=27 interval_ns=999988704 dev_ns=-11296 phase_ns=-1947645 hwphase_ns=97872 trim_ppb=0 cfg=4 p_ns=10705 d_ns=0 (pico_gnss pico-gnss-rs/src/main.rs:358)
33.443685 [INFO ] PPSGEN count=28 interval_ns=999990464 dev_ns=-9536 phase_ns=-1942645 hwphase_ns=85680 trim_ppb=0 cfg=4 p_ns=9371 d_ns=0 (pico_gnss pico-gnss-rs/src/main.rs:358)
34.443693 [INFO ] PPSGEN count=29 interval_ns=999991968 dev_ns=-8032 phase_ns=-1945644 hwphase_ns=75024 trim_ppb=0 cfg=4 p_ns=8206 d_ns=0 (pico_gnss pico-gnss-rs/src/main.rs:358)
35.443703 [INFO ] PPSGEN count=30 interval_ns=999993296 dev_ns=-6704 phase_ns=-1962644 hwphase_ns=65680 trim_ppb=0 cfg=4 p_ns=7184 d_ns=0 (pico_gnss pico-gnss-rs/src/main.rs:358)
36.443706 [INFO ] PPSGEN count=31 interval_ns=999994480 dev_ns=-5520 phase_ns=-1952643 hwphase_ns=57520 trim_ppb=0 cfg=4 p_ns=6292 d_ns=0 (pico_gnss pico-gnss-rs/src/main.rs:358)
37.443689 [INFO ] PPSGEN count=32 interval_ns=999995488 dev_ns=-4512 phase_ns=-1959643 hwphase_ns=50368 trim_ppb=0 cfg=4 p_ns=5509 d_ns=0 (pico_gnss pico-gnss-rs/src/main.rs:358)
38.443707 [INFO ] PPSGEN count=33 interval_ns=999996384 dev_ns=-3616 phase_ns=-1917643 hwphase_ns=44096 trim_ppb=0 cfg=4 p_ns=4823 d_ns=0 (pico_gnss pico-gnss-rs/src/main.rs:358)
39.443699 [INFO ] PPSGEN count=34 interval_ns=999997168 dev_ns=-2832 phase_ns=-1942643 hwphase_ns=38624 trim_ppb=0 cfg=4 p_ns=4225 d_ns=0 (pico_gnss pico-gnss-rs/src/main.rs:358)
40.443715 [INFO ] PPSGEN count=35 interval_ns=999997856 dev_ns=-2144 phase_ns=-1909643 hwphase_ns=33840 trim_ppb=0 cfg=4 p_ns=3701 d_ns=0 (pico_gnss pico-gnss-rs/src/main.rs:358)
41.443691 [INFO ] PPSGEN count=36 interval_ns=999998448 dev_ns=-1552 phase_ns=-1944642 hwphase_ns=29648 trim_ppb=0 cfg=4 p_ns=3243 d_ns=0 (pico_gnss pico-gnss-rs/src/main.rs:358)
42.443715 [INFO ] PPSGEN count=37 interval_ns=999998976 dev_ns=-1024 phase_ns=-1924642 hwphase_ns=25984 trim_ppb=0 cfg=4 p_ns=2842 d_ns=0 (pico_gnss pico-gnss-rs/src/main.rs:358)
43.444088 [INFO ] PPSGEN count=38 interval_ns=999999440 dev_ns=-560 phase_ns=-1528643 hwphase_ns=22784 trim_ppb=0 cfg=4 p_ns=2492 d_ns=0 (pico_gnss pico-gnss-rs/src/main.rs:358)
44.443735 [INFO ] PPSGEN count=39 interval_ns=999999824 dev_ns=-176 phase_ns=-2251641 hwphase_ns=19968 trim_ppb=0 cfg=4 p_ns=2184 d_ns=0 (pico_gnss pico-gnss-rs/src/main.rs:358)
45.443728 [INFO ] PPSGEN count=40 interval_ns=1000000192 dev_ns=192 phase_ns=-1931642 hwphase_ns=17520 trim_ppb=0 cfg=4 p_ns=1917 d_ns=0 (pico_gnss pico-gnss-rs/src/main.rs:358)
46.443698 [INFO ] PPSGEN count=41 interval_ns=1000000480 dev_ns=480 phase_ns=-1899641 hwphase_ns=15360 trim_ppb=0 cfg=4 p_ns=1680 d_ns=0 (pico_gnss pico-gnss-rs/src/main.rs:358)
47.443679 [INFO ] PPSGEN count=42 interval_ns=1000000768 dev_ns=768 phase_ns=-1854641 hwphase_ns=13504 trim_ppb=0 cfg=4 p_ns=1478 d_ns=0 (pico_gnss pico-gnss-rs/src/main.rs:358)
48.443712 [INFO ] PPSGEN count=43 interval_ns=1000000992 dev_ns=992 phase_ns=-1819641 hwphase_ns=11856 trim_ppb=0 cfg=4 p_ns=1297 d_ns=0 (pico_gnss pico-gnss-rs/src/main.rs:358)
49.443687 [INFO ] PPSGEN count=44 interval_ns=1000001184 dev_ns=1184 phase_ns=-1892640 hwphase_ns=10400 trim_ppb=0 cfg=4 p_ns=1137 d_ns=0 (pico_gnss pico-gnss-rs/src/main.rs:358)
50.443719 [INFO ] PPSGEN count=45 interval_ns=1000001376 dev_ns=1376 phase_ns=-1877640 hwphase_ns=9152 trim_ppb=0 cfg=4 p_ns=1001 d_ns=0 (pico_gnss pico-gnss-rs/src/main.rs:358)
51.443693 [INFO ] PPSGEN count=46 interval_ns=1000001536 dev_ns=1536 phase_ns=-1888639 hwphase_ns=8048 trim_ppb=0 cfg=4 p_ns=880 d_ns=0 (pico_gnss pico-gnss-rs/src/main.rs:358)
52.443703 [INFO ] PPSGEN count=47 interval_ns=1000001664 dev_ns=1664 phase_ns=-1853639 hwphase_ns=7072 trim_ppb=0 cfg=4 p_ns=774 d_ns=0 (pico_gnss pico-gnss-rs/src/main.rs:358)
53.443706 [INFO ] PPSGEN count=48 interval_ns=1000001792 dev_ns=1792 phase_ns=-1876639 hwphase_ns=6240 trim_ppb=0 cfg=4 p_ns=683 d_ns=0 (pico_gnss pico-gnss-rs/src/main.rs:358)
54.443696 [INFO ] PPSGEN count=49 interval_ns=1000001904 dev_ns=1904 phase_ns=-1860639 hwphase_ns=5504 trim_ppb=0 cfg=4 p_ns=602 d_ns=0 (pico_gnss pico-gnss-rs/src/main.rs:358)
55.443713 [INFO ] PPSGEN count=50 interval_ns=1000001984 dev_ns=1984 phase_ns=-1830638 hwphase_ns=4864 trim_ppb=0 cfg=4 p_ns=532 d_ns=0 (pico_gnss pico-gnss-rs/src/main.rs:358)
56.443698 [INFO ] PPSGEN count=51 interval_ns=1000002080 dev_ns=2080 phase_ns=-1861638 hwphase_ns=4304 trim_ppb=0 cfg=4 p_ns=471 d_ns=0 (pico_gnss pico-gnss-rs/src/main.rs:358)
57.443722 [INFO ] PPSGEN count=52 interval_ns=1000002128 dev_ns=2128 phase_ns=-1854637 hwphase_ns=3808 trim_ppb=0 cfg=4 p_ns=417 d_ns=0 (pico_gnss pico-gnss-rs/src/main.rs:358)
58.443717 [INFO ] PPSGEN count=53 interval_ns=1000002208 dev_ns=2208 phase_ns=-1886637 hwphase_ns=3376 trim_ppb=0 cfg=4 p_ns=369 d_ns=0 (pico_gnss pico-gnss-rs/src/main.rs:358)
59.443748 [INFO ] PPSGEN count=54 interval_ns=1000002256 dev_ns=2256 phase_ns=-1871637 hwphase_ns=3008 trim_ppb=0 cfg=4 p_ns=329 d_ns=0 (pico_gnss pico-gnss-rs/src/main.rs:358)
60.443733 [INFO ] PPSGEN count=55 interval_ns=1000002288 dev_ns=2288 phase_ns=-1882636 hwphase_ns=2656 trim_ppb=0 cfg=4 p_ns=290 d_ns=0 (pico_gnss pico-gnss-rs/src/main.rs:358)
61.443731 [INFO ] PPSGEN count=56 interval_ns=1000002336 dev_ns=2336 phase_ns=-1845637 hwphase_ns=2352 trim_ppb=0 cfg=4 p_ns=257 d_ns=0 (pico_gnss pico-gnss-rs/src/main.rs:358)
62.443746 [INFO ] PPSGEN count=57 interval_ns=1000002384 dev_ns=2384 phase_ns=-1862636 hwphase_ns=2096 trim_ppb=0 cfg=4 p_ns=229 d_ns=0 (pico_gnss pico-gnss-rs/src/main.rs:358)
63.443724 [INFO ] PPSGEN count=58 interval_ns=1000002416 dev_ns=2416 phase_ns=-1873636 hwphase_ns=1872 trim_ppb=0 cfg=4 p_ns=205 d_ns=0 (pico_gnss pico-gnss-rs/src/main.rs:358)
64.443740 [INFO ] PPSGEN count=59 interval_ns=1000002432 dev_ns=2432 phase_ns=-1840636 hwphase_ns=1664 trim_ppb=0 cfg=4 p_ns=182 d_ns=0 (pico_gnss pico-gnss-rs/src/main.rs:358)
65.443726 [INFO ] PPSGEN count=60 interval_ns=1000002464 dev_ns=2464 phase_ns=-1871636 hwphase_ns=1488 trim_ppb=0 cfg=4 p_ns=163 d_ns=0 (pico_gnss pico-gnss-rs/src/main.rs:358)
66.443740 [INFO ] PPSGEN count=61 interval_ns=1000002496 dev_ns=2496 phase_ns=-1871636 hwphase_ns=1344 trim_ppb=0 cfg=4 p_ns=147 d_ns=0 (pico_gnss pico-gnss-rs/src/main.rs:358)
67.443754 [INFO ] PPSGEN count=62 interval_ns=1000002512 dev_ns=2512 phase_ns=-1846636 hwphase_ns=1216 trim_ppb=0 cfg=4 p_ns=133 d_ns=0 (pico_gnss pico-gnss-rs/src/main.rs:358)
68.443855 [INFO ] PPSGEN count=63 interval_ns=1000002512 dev_ns=2512 phase_ns=-1763636 hwphase_ns=1088 trim_ppb=0 cfg=4 p_ns=119 d_ns=0 (pico_gnss pico-gnss-rs/src/main.rs:358)
69.443739 [INFO ] PPSGEN count=64 interval_ns=1000002528 dev_ns=2528 phase_ns=-1967636 hwphase_ns=976 trim_ppb=0 cfg=4 p_ns=107 d_ns=0 (pico_gnss pico-gnss-rs/src/main.rs:358)
70.443762 [INFO ] PPSGEN count=65 interval_ns=1000002560 dev_ns=2560 phase_ns=-1839636 hwphase_ns=896 trim_ppb=0 cfg=4 p_ns=98 d_ns=0 (pico_gnss pico-gnss-rs/src/main.rs:358)
71.443787 [INFO ] PPSGEN count=66 interval_ns=1000002560 dev_ns=2560 phase_ns=-1861636 hwphase_ns=816 trim_ppb=0 cfg=4 p_ns=89 d_ns=0 (pico_gnss pico-gnss-rs/src/main.rs:358)
72.443771 [INFO ] PPSGEN count=67 interval_ns=1000002576 dev_ns=2576 phase_ns=-1855636 hwphase_ns=752 trim_ppb=0 cfg=4 p_ns=82 d_ns=0 (pico_gnss pico-gnss-rs/src/main.rs:358)
73.443779 [INFO ] PPSGEN count=68 interval_ns=1000002576 dev_ns=2576 phase_ns=-1856636 hwphase_ns=672 trim_ppb=0 cfg=4 p_ns=73 d_ns=0 (pico_gnss pico-gnss-rs/src/main.rs:358)
74.443832 [INFO ] PPSGEN count=69 interval_ns=1000002576 dev_ns=2576 phase_ns=-1867636 hwphase_ns=608 trim_ppb=-4 cfg=4 p_ns=66 d_ns=-13 (pico_gnss pico-gnss-rs/src/main.rs:358)
75.443824 [INFO ] PPSGEN count=70 interval_ns=1000002592 dev_ns=2592 phase_ns=-2098636 hwphase_ns=560 trim_ppb=-8 cfg=4 p_ns=63 d_ns=-7 (pico_gnss pico-gnss-rs/src/main.rs:358)
76.443856 [INFO ] PPSGEN count=71 interval_ns=1000002624 dev_ns=2624 phase_ns=-2044636 hwphase_ns=544 trim_ppb=-11 cfg=4 p_ns=61 d_ns=-4 (pico_gnss pico-gnss-rs/src/main.rs:358)
77.443843 [INFO ] PPSGEN count=72 interval_ns=1000002592 dev_ns=2592 phase_ns=-2086636 hwphase_ns=496 trim_ppb=-15 cfg=4 p_ns=54 d_ns=-12 (pico_gnss pico-gnss-rs/src/main.rs:358)
78.443835 [INFO ] PPSGEN count=73 interval_ns=1000002608 dev_ns=2608 phase_ns=-2088636 hwphase_ns=448 trim_ppb=-18 cfg=4 p_ns=50 d_ns=-8 (pico_gnss pico-gnss-rs/src/main.rs:358)
79.443834 [INFO ] PPSGEN count=74 interval_ns=1000002608 dev_ns=2608 phase_ns=-2062636 hwphase_ns=432 trim_ppb=-21 cfg=4 p_ns=48 d_ns=-4 (pico_gnss pico-gnss-rs/src/main.rs:358)
80.443878 [INFO ] PPSGEN count=75 interval_ns=1000002608 dev_ns=2608 phase_ns=-2043636 hwphase_ns=384 trim_ppb=-24 cfg=4 p_ns=42 d_ns=-12 (pico_gnss pico-gnss-rs/src/main.rs:358)
81.443866 [INFO ] PPSGEN count=76 interval_ns=1000002608 dev_ns=2608 phase_ns=-2085636 hwphase_ns=352 trim_ppb=-26 cfg=4 p_ns=40 d_ns=-4 (pico_gnss pico-gnss-rs/src/main.rs:358)
82.443849 [INFO ] PPSGEN count=77 interval_ns=1000002608 dev_ns=2608 phase_ns=-2119636 hwphase_ns=320 trim_ppb=-28 cfg=4 p_ns=35 d_ns=-9 (pico_gnss pico-gnss-rs/src/main.rs:358)
83.443853 [INFO ] PPSGEN count=78 interval_ns=1000002608 dev_ns=2608 phase_ns=-2074636 hwphase_ns=288 trim_ppb=-31 cfg=4 p_ns=32 d_ns=-5 (pico_gnss pico-gnss-rs/src/main.rs:358)
84.443860 [INFO ] PPSGEN count=79 interval_ns=1000002624 dev_ns=2624 phase_ns=-2071636 hwphase_ns=272 trim_ppb=-32 cfg=4 p_ns=30 d_ns=-4 (pico_gnss pico-gnss-rs/src/main.rs:358)
85.443869 [INFO ] PPSGEN count=80 interval_ns=1000002608 dev_ns=2608 phase_ns=-2077636 hwphase_ns=240 trim_ppb=-34 cfg=4 p_ns=26 d_ns=-7 (pico_gnss pico-gnss-rs/src/main.rs:358)
86.443877 [INFO ] PPSGEN count=81 interval_ns=1000002608 dev_ns=2608 phase_ns=-2073636 hwphase_ns=208 trim_ppb=-36 cfg=4 p_ns=23 d_ns=-6 (pico_gnss pico-gnss-rs/src/main.rs:358)
87.443841 [INFO ] PPSGEN count=82 interval_ns=1000002608 dev_ns=2608 phase_ns=-2114635 hwphase_ns=176 trim_ppb=-37 cfg=4 p_ns=19 d_ns=-7 (pico_gnss pico-gnss-rs/src/main.rs:358)
88.443871 [INFO ] PPSGEN count=83 interval_ns=1000002624 dev_ns=2624 phase_ns=-2065636 hwphase_ns=160 trim_ppb=-38 cfg=4 p_ns=18 d_ns=-2 (pico_gnss pico-gnss-rs/src/main.rs:358)
89.443849 [INFO ] PPSGEN count=84 interval_ns=1000002608 dev_ns=2608 phase_ns=-2084635 hwphase_ns=128 trim_ppb=-39 cfg=4 p_ns=14 d_ns=-9 (pico_gnss pico-gnss-rs/src/main.rs:358)
90.443877 [INFO ] PPSGEN count=85 interval_ns=1000002624 dev_ns=2624 phase_ns=-2065635 hwphase_ns=112 trim_ppb=-40 cfg=4 p_ns=13 d_ns=-1 (pico_gnss pico-gnss-rs/src/main.rs:358)
91.443861 [INFO ] PPSGEN count=86 interval_ns=1000002624 dev_ns=2624 phase_ns=-2083635 hwphase_ns=96 trim_ppb=-40 cfg=4 p_ns=10 d_ns=-5 (pico_gnss pico-gnss-rs/src/main.rs:358)
92.444004 [INFO ] PPSGEN count=87 interval_ns=1000002608 dev_ns=2608 phase_ns=-1927636 hwphase_ns=64 trim_ppb=-41 cfg=4 p_ns=7 d_ns=-6 (pico_gnss pico-gnss-rs/src/main.rs:358)
93.443884 [INFO ] PPSGEN count=88 interval_ns=1000002624 dev_ns=2624 phase_ns=-2186635 hwphase_ns=48 trim_ppb=-41 cfg=4 p_ns=5 d_ns=-3 (pico_gnss pico-gnss-rs/src/main.rs:358)
94.443876 [INFO ] PPSGEN count=89 interval_ns=1000002624 dev_ns=2624 phase_ns=-2100635 hwphase_ns=32 trim_ppb=-41 cfg=4 p_ns=3 d_ns=-4 (pico_gnss pico-gnss-rs/src/main.rs:358)
95.443885 [INFO ] PPSGEN count=90 interval_ns=1000002624 dev_ns=2624 phase_ns=-2059635 hwphase_ns=16 trim_ppb=-42 cfg=4 p_ns=2 d_ns=-3 (pico_gnss pico-gnss-rs/src/main.rs:358)
96.443893 [INFO ] PPSGEN count=91 interval_ns=1000002624 dev_ns=2624 phase_ns=-2079635 hwphase_ns=16 trim_ppb=-42 cfg=4 p_ns=2 d_ns=0 (pico_gnss pico-gnss-rs/src/main.rs:358)
97.443882 [INFO ] PPSGEN count=92 interval_ns=1000002624 dev_ns=2624 phase_ns=-2017635 hwphase_ns=0 trim_ppb=-42 cfg=4 p_ns=0 d_ns=-4 (pico_gnss pico-gnss-rs/src/main.rs:358)
98.443866 [INFO ] PPSGEN count=93 interval_ns=1000002624 dev_ns=2624 phase_ns=-2067635 hwphase_ns=-16 trim_ppb=-42 cfg=4 p_ns=-1 d_ns=-2 (pico_gnss pico-gnss-rs/src/main.rs:358)
99.443908 [INFO ] PPSGEN count=94 interval_ns=1000002624 dev_ns=2624 phase_ns=-2186634 hwphase_ns=-32 trim_ppb=-41 cfg=4 p_ns=-3 d_ns=-4 (pico_gnss pico-gnss-rs/src/main.rs:358)
100.443914 [INFO ] PPSGEN count=95 interval_ns=1000002624 dev_ns=2624 phase_ns=-2206634 hwphase_ns=-32 trim_ppb=-41 cfg=4 p_ns=-3 d_ns=1 (pico_gnss pico-gnss-rs/src/main.rs:358)
101.443895 [INFO ] PPSGEN count=96 interval_ns=1000002624 dev_ns=2624 phase_ns=-2175634 hwphase_ns=-48 trim_ppb=-41 cfg=4 p_ns=-5 d_ns=-5 (pico_gnss pico-gnss-rs/src/main.rs:358)
102.443895 [INFO ] PPSGEN count=97 interval_ns=1000002624 dev_ns=2624 phase_ns=-2215634 hwphase_ns=-64 trim_ppb=-40 cfg=4 p_ns=-6 d_ns=-2 (pico_gnss pico-gnss-rs/src/main.rs:358)
103.443915 [INFO ] PPSGEN count=98 interval_ns=1000002624 dev_ns=2624 phase_ns=-2182634 hwphase_ns=-80 trim_ppb=-40 cfg=4 p_ns=-9 d_ns=-4 (pico_gnss pico-gnss-rs/src/main.rs:358)
104.443918 [INFO ] PPSGEN count=99 interval_ns=1000002640 dev_ns=2640 phase_ns=-2229634 hwphase_ns=-80 trim_ppb=-39 cfg=4 p_ns=-8 d_ns=1 (pico_gnss pico-gnss-rs/src/main.rs:358)
105.443907 [INFO ] PPSGEN count=100 interval_ns=1000002624 dev_ns=2624 phase_ns=-2188633 hwphase_ns=-80 trim_ppb=-39 cfg=4 p_ns=-9 d_ns=-1 (pico_gnss pico-gnss-rs/src/main.rs:358)
106.443917 [INFO ] PPSGEN count=101 interval_ns=1000002624 dev_ns=2624 phase_ns=-2213633 hwphase_ns=-80 trim_ppb=-38 cfg=4 p_ns=-8 d_ns=0 (pico_gnss pico-gnss-rs/src/main.rs:358)
107.443913 [INFO ] PPSGEN count=102 interval_ns=1000002640 dev_ns=2640 phase_ns=-2156633 hwphase_ns=-80 trim_ppb=-38 cfg=4 p_ns=-9 d_ns=0 (pico_gnss pico-gnss-rs/src/main.rs:358)
108.443918 [INFO ] PPSGEN count=103 interval_ns=1000002624 dev_ns=2624 phase_ns=-2159633 hwphase_ns=-96 trim_ppb=-37 cfg=4 p_ns=-10 d_ns=-3 (pico_gnss pico-gnss-rs/src/main.rs:358)
109.443932 [INFO ] PPSGEN count=104 interval_ns=1000002640 dev_ns=2640 phase_ns=-2214633 hwphase_ns=-96 trim_ppb=-36 cfg=4 p_ns=-10 d_ns=1 (pico_gnss pico-gnss-rs/src/main.rs:358)
110.444118 [INFO ] PPSGEN count=105 interval_ns=1000002624 dev_ns=2624 phase_ns=-1950633 hwphase_ns=-96 trim_ppb=-36 cfg=4 p_ns=-10 d_ns=-1 (pico_gnss pico-gnss-rs/src/main.rs:358)
111.443910 [INFO ] PPSGEN count=106 interval_ns=1000002640 dev_ns=2640 phase_ns=-2394632 hwphase_ns=-96 trim_ppb=-35 cfg=4 p_ns=-10 d_ns=0 (pico_gnss pico-gnss-rs/src/main.rs:358)
112.443953 [INFO ] PPSGEN count=107 interval_ns=1000002640 dev_ns=2640 phase_ns=-2114633 hwphase_ns=-96 trim_ppb=-34 cfg=4 p_ns=-10 d_ns=0 (pico_gnss pico-gnss-rs/src/main.rs:358)
113.443936 [INFO ] PPSGEN count=108 interval_ns=1000002624 dev_ns=2624 phase_ns=-2182633 hwphase_ns=-112 trim_ppb=-33 cfg=4 p_ns=-12 d_ns=-4 (pico_gnss pico-gnss-rs/src/main.rs:358)
114.443929 [INFO ] PPSGEN count=109 interval_ns=1000002640 dev_ns=2640 phase_ns=-2240632 hwphase_ns=-96 trim_ppb=-33 cfg=4 p_ns=-10 d_ns=5 (pico_gnss pico-gnss-rs/src/main.rs:358)
115.443926 [INFO ] PPSGEN count=110 interval_ns=1000002640 dev_ns=2640 phase_ns=-2173632 hwphase_ns=-96 trim_ppb=-32 cfg=4 p_ns=-11 d_ns=-2 (pico_gnss pico-gnss-rs/src/main.rs:358)
116.443929 [INFO ] PPSGEN count=111 interval_ns=1000002640 dev_ns=2640 phase_ns=-2191632 hwphase_ns=-96 trim_ppb=-31 cfg=4 p_ns=-10 d_ns=2 (pico_gnss pico-gnss-rs/src/main.rs:358)
117.443954 [INFO ] PPSGEN count=112 interval_ns=1000002624 dev_ns=2624 phase_ns=-2144632 hwphase_ns=-112 trim_ppb=-31 cfg=4 p_ns=-13 d_ns=-5 (pico_gnss pico-gnss-rs/src/main.rs:358)
118.443943 [INFO ] PPSGEN count=113 interval_ns=1000002640 dev_ns=2640 phase_ns=-2228632 hwphase_ns=-112 trim_ppb=-30 cfg=4 p_ns=-11 d_ns=2 (pico_gnss pico-gnss-rs/src/main.rs:358)
119.444604 [INFO ] PPSGEN count=114 interval_ns=1000002656 dev_ns=2656 phase_ns=-1480634 hwphase_ns=-96 trim_ppb=-29 cfg=4 p_ns=-10 d_ns=1 (pico_gnss pico-gnss-rs/src/main.rs:358)
120.443951 [INFO ] PPSGEN count=115 interval_ns=1000002640 dev_ns=2640 phase_ns=-2795631 hwphase_ns=-96 trim_ppb=-29 cfg=4 p_ns=-10 d_ns=0 (pico_gnss pico-gnss-rs/src/main.rs:358)
121.443954 [INFO ] PPSGEN count=116 interval_ns=1000002640 dev_ns=2640 phase_ns=-2119633 hwphase_ns=-96 trim_ppb=-28 cfg=4 p_ns=-10 d_ns=0 (pico_gnss pico-gnss-rs/src/main.rs:358)
122.443960 [INFO ] PPSGEN count=117 interval_ns=1000002640 dev_ns=2640 phase_ns=-2119633 hwphase_ns=-96 trim_ppb=-27 cfg=4 p_ns=-10 d_ns=0 (pico_gnss pico-gnss-rs/src/main.rs:358)
123.443949 [INFO ] PPSGEN count=118 interval_ns=1000002640 dev_ns=2640 phase_ns=-2142633 hwphase_ns=-96 trim_ppb=-27 cfg=4 p_ns=-10 d_ns=0 (pico_gnss pico-gnss-rs/src/main.rs:358)
124.444066 [INFO ] PPSGEN count=119 interval_ns=1000002640 dev_ns=2640 phase_ns=-2065633 hwphase_ns=-96 trim_ppb=-26 cfg=4 p_ns=-10 d_ns=0 (pico_gnss pico-gnss-rs/src/main.rs:358)
125.443949 [INFO ] PPSGEN count=120 interval_ns=1000002656 dev_ns=2656 phase_ns=-2161272 hwphase_ns=-96 trim_ppb=-25 cfg=4 p_ns=-10 d_ns=0 (pico_gnss pico-gnss-rs/src/main.rs:358)
126.443986 [INFO ] PPSGEN count=121 interval_ns=1000002640 dev_ns=2640 phase_ns=-2099633 hwphase_ns=-96 trim_ppb=-25 cfg=4 p_ns=-10 d_ns=0 (pico_gnss pico-gnss-rs/src/main.rs:358)
127.443963 [INFO ] PPSGEN count=122 interval_ns=1000002640 dev_ns=2640 phase_ns=-2161633 hwphase_ns=-96 trim_ppb=-24 cfg=4 p_ns=-10 d_ns=0 (pico_gnss pico-gnss-rs/src/main.rs:358)
128.443976 [INFO ] PPSGEN count=123 interval_ns=1000002656 dev_ns=2656 phase_ns=-2135633 hwphase_ns=-80 trim_ppb=-23 cfg=4 p_ns=-8 d_ns=4 (pico_gnss pico-gnss-rs/src/main.rs:358)
129.443980 [INFO ] PPSGEN count=124 interval_ns=1000002640 dev_ns=2640 phase_ns=-2166633 hwphase_ns=-80 trim_ppb=-23 cfg=4 p_ns=-9 d_ns=-1 (pico_gnss pico-gnss-rs/src/main.rs:358)
130.443994 [INFO ] PPSGEN count=125 interval_ns=1000002640 dev_ns=2640 phase_ns=-2196633 hwphase_ns=-80 trim_ppb=-22 cfg=4 p_ns=-8 d_ns=1 (pico_gnss pico-gnss-rs/src/main.rs:358)
131.443980 [INFO ] PPSGEN count=126 interval_ns=1000002640 dev_ns=2640 phase_ns=-2162633 hwphase_ns=-80 trim_ppb=-22 cfg=4 p_ns=-9 d_ns=0 (pico_gnss pico-gnss-rs/src/main.rs:358)
132.444001 [INFO ] PPSGEN count=127 interval_ns=1000002640 dev_ns=2640 phase_ns=-2132633 hwphase_ns=-80 trim_ppb=-21 cfg=4 p_ns=-8 d_ns=0 (pico_gnss pico-gnss-rs/src/main.rs:358)
133.444005 [INFO ] PPSGEN count=128 interval_ns=1000002656 dev_ns=2656 phase_ns=-2177633 hwphase_ns=-64 trim_ppb=-21 cfg=4 p_ns=-7 d_ns=3 (pico_gnss pico-gnss-rs/src/main.rs:358)
134.444031 [INFO ] PPSGEN count=129 interval_ns=1000002656 dev_ns=2656 phase_ns=-2180633 hwphase_ns=-48 trim_ppb=-20 cfg=4 p_ns=-5 d_ns=3 (pico_gnss pico-gnss-rs/src/main.rs:358)
135.444001 [INFO ] PPSGEN count=130 interval_ns=1000002640 dev_ns=2640 phase_ns=-2129633 hwphase_ns=-48 trim_ppb=-20 cfg=4 p_ns=-5 d_ns=0 (pico_gnss pico-gnss-rs/src/main.rs:358)
136.443997 [INFO ] PPSGEN count=131 interval_ns=1000002640 dev_ns=2640 phase_ns=-2099633 hwphase_ns=-48 trim_ppb=-20 cfg=4 p_ns=-5 d_ns=0 (pico_gnss pico-gnss-rs/src/main.rs:358)
137.443996 [INFO ] PPSGEN count=132 interval_ns=1000002640 dev_ns=2640 phase_ns=-2073634 hwphase_ns=-48 trim_ppb=-19 cfg=4 p_ns=-5 d_ns=0 (pico_gnss pico-gnss-rs/src/main.rs:358)
138.444015 [INFO ] PPSGEN count=133 interval_ns=1000002640 dev_ns=2640 phase_ns=-2053634 hwphase_ns=-48 trim_ppb=-19 cfg=4 p_ns=-5 d_ns=0 (pico_gnss pico-gnss-rs/src/main.rs:358)
139.444019 [INFO ] PPSGEN count=134 interval_ns=1000002640 dev_ns=2640 phase_ns=-2090634 hwphase_ns=-48 trim_ppb=-19 cfg=4 p_ns=-5 d_ns=0 (pico_gnss pico-gnss-rs/src/main.rs:358)
140.444022 [INFO ] PPSGEN count=135 interval_ns=1000002640 dev_ns=2640 phase_ns=-2072634 hwphase_ns=-48 trim_ppb=-18 cfg=4 p_ns=-5 d_ns=0 (pico_gnss pico-gnss-rs/src/main.rs:358)
141.444993 [INFO ] PPSGEN count=136 interval_ns=1000002656 dev_ns=2656 phase_ns=-1135277 hwphase_ns=-48 trim_ppb=-18 cfg=4 p_ns=-5 d_ns=0 (pico_gnss pico-gnss-rs/src/main.rs:358)
142.444021 [INFO ] PPSGEN count=137 interval_ns=1000002640 dev_ns=2640 phase_ns=-2145273 hwphase_ns=-32 trim_ppb=-18 cfg=4 p_ns=-3 d_ns=4 (pico_gnss pico-gnss-rs/src/main.rs:358)
143.444058 [INFO ] PPSGEN count=138 interval_ns=1000002640 dev_ns=2640 phase_ns=-2160633 hwphase_ns=-32 trim_ppb=-17 cfg=4 p_ns=-4 d_ns=-1 (pico_gnss pico-gnss-rs/src/main.rs:358)
144.444020 [INFO ] PPSGEN count=139 interval_ns=1000002656 dev_ns=2656 phase_ns=-2191633 hwphase_ns=-16 trim_ppb=-17 cfg=4 p_ns=-1 d_ns=5 (pico_gnss pico-gnss-rs/src/main.rs:358)
145.444048 [INFO ] PPSGEN count=140 interval_ns=1000002640 dev_ns=2640 phase_ns=-2072633 hwphase_ns=0 trim_ppb=-17 cfg=4 p_ns=0 d_ns=1 (pico_gnss pico-gnss-rs/src/main.rs:358)
146.444013 [INFO ] PPSGEN count=141 interval_ns=1000002640 dev_ns=2640 phase_ns=-1960633 hwphase_ns=0 trim_ppb=-17 cfg=4 p_ns=0 d_ns=0 (pico_gnss pico-gnss-rs/src/main.rs:358)
147.444019 [INFO ] PPSGEN count=142 interval_ns=1000002656 dev_ns=2656 phase_ns=-2026273 hwphase_ns=16 trim_ppb=-17 cfg=4 p_ns=2 d_ns=4 (pico_gnss pico-gnss-rs/src/main.rs:358)
148.444017 [INFO ] PPSGEN count=143 interval_ns=1000002640 dev_ns=2640 phase_ns=-1996633 hwphase_ns=16 trim_ppb=-18 cfg=4 p_ns=1 d_ns=-1 (pico_gnss pico-gnss-rs/src/main.rs:358)
149.444044 [INFO ] PPSGEN count=144 interval_ns=1000002640 dev_ns=2640 phase_ns=-2047633 hwphase_ns=32 trim_ppb=-18 cfg=4 p_ns=4 d_ns=5 (pico_gnss pico-gnss-rs/src/main.rs:358)
150.444025 [INFO ] PPSGEN count=145 interval_ns=1000002656 dev_ns=2656 phase_ns=-2021633 hwphase_ns=48 trim_ppb=-18 cfg=4 p_ns=4 d_ns=1 (pico_gnss pico-gnss-rs/src/main.rs:358)
151.444039 [INFO ] PPSGEN count=146 interval_ns=1000002640 dev_ns=2640 phase_ns=-1999633 hwphase_ns=48 trim_ppb=-18 cfg=4 p_ns=5 d_ns=1 (pico_gnss pico-gnss-rs/src/main.rs:358)
152.444034 [INFO ] PPSGEN count=147 interval_ns=1000002640 dev_ns=2640 phase_ns=-2012633 hwphase_ns=48 trim_ppb=-19 cfg=4 p_ns=5 d_ns=0 (pico_gnss pico-gnss-rs/src/main.rs:358)
153.444129 [INFO ] PPSGEN count=148 interval_ns=1000002640 dev_ns=2640 phase_ns=-1960633 hwphase_ns=64 trim_ppb=-19 cfg=4 p_ns=7 d_ns=4 (pico_gnss pico-gnss-rs/src/main.rs:358)
154.444027 [INFO ] PPSGEN count=149 interval_ns=1000002640 dev_ns=2640 phase_ns=-2018271 hwphase_ns=64 trim_ppb=-20 cfg=4 p_ns=6 d_ns=-1 (pico_gnss pico-gnss-rs/src/main.rs:358)
155.444037 [INFO ] PPSGEN count=150 interval_ns=1000002640 dev_ns=2640 phase_ns=-2084632 hwphase_ns=64 trim_ppb=-20 cfg=4 p_ns=7 d_ns=1 (pico_gnss pico-gnss-rs/src/main.rs:358)
156.444067 [INFO ] PPSGEN count=151 interval_ns=1000002640 dev_ns=2640 phase_ns=-1984632 hwphase_ns=80 trim_ppb=-21 cfg=4 p_ns=9 d_ns=3 (pico_gnss pico-gnss-rs/src/main.rs:358)
157.444039 [INFO ] PPSGEN count=152 interval_ns=1000002640 dev_ns=2640 phase_ns=-2013632 hwphase_ns=80 trim_ppb=-21 cfg=4 p_ns=8 d_ns=-1 (pico_gnss pico-gnss-rs/src/main.rs:358)
158.444082 [INFO ] PPSGEN count=153 interval_ns=1000002624 dev_ns=2624 phase_ns=-2044632 hwphase_ns=64 trim_ppb=-22 cfg=4 p_ns=7 d_ns=-2 (pico_gnss pico-gnss-rs/src/main.rs:358)
159.444046 [INFO ] PPSGEN count=154 interval_ns=1000002640 dev_ns=2640 phase_ns=-2091632 hwphase_ns=64 trim_ppb=-22 cfg=4 p_ns=7 d_ns=0 (pico_gnss pico-gnss-rs/src/main.rs:358)
160.444044 [INFO ] PPSGEN count=155 interval_ns=1000002640 dev_ns=2640 phase_ns=-1989633 hwphase_ns=64 trim_ppb=-23 cfg=4 p_ns=7 d_ns=0 (pico_gnss pico-gnss-rs/src/main.rs:358)
161.444077 [INFO ] PPSGEN count=156 interval_ns=1000002640 dev_ns=2640 phase_ns=-1982632 hwphase_ns=80 trim_ppb=-23 cfg=4 p_ns=9 d_ns=4 (pico_gnss pico-gnss-rs/src/main.rs:358)
162.444154 [INFO ] PPSGEN count=157 interval_ns=1000002640 dev_ns=2640 phase_ns=-1963633 hwphase_ns=64 trim_ppb=-24 cfg=4 p_ns=6 d_ns=-5 (pico_gnss pico-gnss-rs/src/main.rs:358)
163.444059 [INFO ] PPSGEN count=158 interval_ns=1000002640 dev_ns=2640 phase_ns=-2180632 hwphase_ns=80 trim_ppb=-24 cfg=4 p_ns=9 d_ns=7 (pico_gnss pico-gnss-rs/src/main.rs:358)
164.444054 [INFO ] PPSGEN count=159 interval_ns=1000002624 dev_ns=2624 phase_ns=-2048632 hwphase_ns=64 trim_ppb=-24 cfg=4 p_ns=6 d_ns=-7 (pico_gnss pico-gnss-rs/src/main.rs:358)
165.444061 [INFO ] PPSGEN count=160 interval_ns=1000002624 dev_ns=2624 phase_ns=-2085632 hwphase_ns=48 trim_ppb=-25 cfg=4 p_ns=6 d_ns=0 (pico_gnss pico-gnss-rs/src/main.rs:358)
166.444151 [INFO ] PPSGEN count=161 interval_ns=1000002640 dev_ns=2640 phase_ns=-1954632 hwphase_ns=48 trim_ppb=-25 cfg=4 p_ns=5 d_ns=-1 (pico_gnss pico-gnss-rs/src/main.rs:358)
167.444089 [INFO ] PPSGEN count=162 interval_ns=1000002640 dev_ns=2640 phase_ns=-2135633 hwphase_ns=32 trim_ppb=-25 cfg=4 p_ns=3 d_ns=-3 (pico_gnss pico-gnss-rs/src/main.rs:358)
168.444066 [INFO ] PPSGEN count=163 interval_ns=1000002640 dev_ns=2640 phase_ns=-2076633 hwphase_ns=32 trim_ppb=-26 cfg=4 p_ns=4 d_ns=1 (pico_gnss pico-gnss-rs/src/main.rs:358)
169.444081 [INFO ] PPSGEN count=164 interval_ns=1000002624 dev_ns=2624 phase_ns=-1938633 hwphase_ns=32 trim_ppb=-26 cfg=4 p_ns=3 d_ns=-1 (pico_gnss pico-gnss-rs/src/main.rs:358)
170.444061 [INFO ] PPSGEN count=165 interval_ns=1000002640 dev_ns=2640 phase_ns=-1997272 hwphase_ns=16 trim_ppb=-26 cfg=4 p_ns=1 d_ns=-3 (pico_gnss pico-gnss-rs/src/main.rs:358)
171.444077 [INFO ] PPSGEN count=166 interval_ns=1000002640 dev_ns=2640 phase_ns=-2050633 hwphase_ns=16 trim_ppb=-26 cfg=4 p_ns=2 d_ns=1 (pico_gnss pico-gnss-rs/src/main.rs:358)
172.444101 [INFO ] PPSGEN count=167 interval_ns=1000002640 dev_ns=2640 phase_ns=-1997633 hwphase_ns=16 trim_ppb=-26 cfg=4 p_ns=1 d_ns=-1 (pico_gnss pico-gnss-rs/src/main.rs:358)
173.444096 [INFO ] PPSGEN count=168 interval_ns=1000002624 dev_ns=2624 phase_ns=-2087633 hwphase_ns=-16 trim_ppb=-26 cfg=4 p_ns=-2 d_ns=-7 (pico_gnss pico-gnss-rs/src/main.rs:358)
174.444072 [INFO ] PPSGEN count=169 interval_ns=1000002640 dev_ns=2640 phase_ns=-2204633 hwphase_ns=-16 trim_ppb=-26 cfg=4 p_ns=0 d_ns=2 (pico_gnss pico-gnss-rs/src/main.rs:358)
175.444172 [INFO ] PPSGEN count=170 interval_ns=1000002656 dev_ns=2656 phase_ns=-2013634 hwphase_ns=0 trim_ppb=-26 cfg=4 p_ns=0 d_ns=1 (pico_gnss pico-gnss-rs/src/main.rs:358)
176.444103 [INFO ] PPSGEN count=171 interval_ns=1000002624 dev_ns=2624 phase_ns=-2071273 hwphase_ns=-16 trim_ppb=-26 cfg=4 p_ns=-2 d_ns=-3 (pico_gnss pico-gnss-rs/src/main.rs:358)
177.444096 [INFO ] PPSGEN count=172 interval_ns=1000002640 dev_ns=2640 phase_ns=-2224634 hwphase_ns=-32 trim_ppb=-26 cfg=4 p_ns=-3 d_ns=-2 (pico_gnss pico-gnss-rs/src/main.rs:358)
178.444093 [INFO ] PPSGEN count=173 interval_ns=1000002640 dev_ns=2640 phase_ns=-2212633 hwphase_ns=-16 trim_ppb=-26 cfg=4 p_ns=-1 d_ns=4 (pico_gnss pico-gnss-rs/src/main.rs:358)
179.444111 [INFO ] PPSGEN count=174 interval_ns=1000002640 dev_ns=2640 phase_ns=-2170634 hwphase_ns=-32 trim_ppb=-25 cfg=4 p_ns=-4 d_ns=-6 (pico_gnss pico-gnss-rs/src/main.rs:358)
180.444105 [INFO ] PPSGEN count=175 interval_ns=1000002640 dev_ns=2640 phase_ns=-2245633 hwphase_ns=-16 trim_ppb=-25 cfg=4 p_ns=0 d_ns=7 (pico_gnss pico-gnss-rs/src/main.rs:358)
181.444113 [INFO ] PPSGEN count=176 interval_ns=1000002640 dev_ns=2640 phase_ns=-2077634 hwphase_ns=-16 trim_ppb=-25 cfg=4 p_ns=-2 d_ns=-4 (pico_gnss pico-gnss-rs/src/main.rs:358)
182.444117 [INFO ] PPSGEN count=177 interval_ns=1000002640 dev_ns=2640 phase_ns=-2205634 hwphase_ns=-32 trim_ppb=-25 cfg=4 p_ns=-3 d_ns=0 (pico_gnss pico-gnss-rs/src/main.rs:358)
183.444118 [INFO ] PPSGEN count=178 interval_ns=1000002640 dev_ns=2640 phase_ns=-2137633 hwphase_ns=-16 trim_ppb=-25 cfg=4 p_ns=-1 d_ns=3 (pico_gnss pico-gnss-rs/src/main.rs:358)
184.444122 [INFO ] PPSGEN count=179 interval_ns=1000002640 dev_ns=2640 phase_ns=-2159634 hwphase_ns=-32 trim_ppb=-25 cfg=4 p_ns=-4 d_ns=-5 (pico_gnss pico-gnss-rs/src/main.rs:358)
185.444105 [INFO ] PPSGEN count=180 interval_ns=1000002624 dev_ns=2624 phase_ns=-2198634 hwphase_ns=-48 trim_ppb=-24 cfg=4 p_ns=-4 d_ns=-1 (pico_gnss pico-gnss-rs/src/main.rs:358)
186.444129 [INFO ] PPSGEN count=181 interval_ns=1000002656 dev_ns=2656 phase_ns=-2212634 hwphase_ns=-32 trim_ppb=-24 cfg=4 p_ns=-3 d_ns=3 (pico_gnss pico-gnss-rs/src/main.rs:358)
187.444129 [INFO ] PPSGEN count=182 interval_ns=1000002640 dev_ns=2640 phase_ns=-2167634 hwphase_ns=-32 trim_ppb=-24 cfg=4 p_ns=-4 d_ns=-1 (pico_gnss pico-gnss-rs/src/main.rs:358)
188.444124 [INFO ] PPSGEN count=183 interval_ns=1000002640 dev_ns=2640 phase_ns=-2238633 hwphase_ns=-16 trim_ppb=-24 cfg=4 p_ns=-1 d_ns=5 (pico_gnss pico-gnss-rs/src/main.rs:358)
189.444131 [INFO ] PPSGEN count=184 interval_ns=1000002640 dev_ns=2640 phase_ns=-2151633 hwphase_ns=-16 trim_ppb=-24 cfg=4 p_ns=-2 d_ns=-2 (pico_gnss pico-gnss-rs/src/main.rs:358)
190.444138 [INFO ] PPSGEN count=185 interval_ns=1000002640 dev_ns=2640 phase_ns=-2189634 hwphase_ns=-32 trim_ppb=-23 cfg=4 p_ns=-3 d_ns=-2 (pico_gnss pico-gnss-rs/src/main.rs:358)
191.444140 [INFO ] PPSGEN count=186 interval_ns=1000002640 dev_ns=2640 phase_ns=-2224634 hwphase_ns=-32 trim_ppb=-23 cfg=4 p_ns=-3 d_ns=0 (pico_gnss pico-gnss-rs/src/main.rs:358)
192.444204 [INFO ] PPSGEN count=187 interval_ns=1000002640 dev_ns=2640 phase_ns=-2120634 hwphase_ns=-32 trim_ppb=-23 cfg=4 p_ns=-3 d_ns=0 (pico_gnss pico-gnss-rs/src/main.rs:358)
193.444114 [INFO ] PPSGEN count=188 interval_ns=1000002640 dev_ns=2640 phase_ns=-2184274 hwphase_ns=-32 trim_ppb=-23 cfg=4 p_ns=-3 d_ns=0 (pico_gnss pico-gnss-rs/src/main.rs:358)
194.444153 [INFO ] PPSGEN count=189 interval_ns=1000002640 dev_ns=2640 phase_ns=-2123634 hwphase_ns=-32 trim_ppb=-22 cfg=4 p_ns=-3 d_ns=0 (pico_gnss pico-gnss-rs/src/main.rs:358)
195.444163 [INFO ] PPSGEN count=190 interval_ns=1000002640 dev_ns=2640 phase_ns=-2151634 hwphase_ns=-32 trim_ppb=-22 cfg=4 p_ns=-3 d_ns=0 (pico_gnss pico-gnss-rs/src/main.rs:358)
196.444141 [INFO ] PPSGEN count=191 interval_ns=1000002640 dev_ns=2640 phase_ns=-2168634 hwphase_ns=-32 trim_ppb=-22 cfg=4 p_ns=-3 d_ns=0 (pico_gnss pico-gnss-rs/src/main.rs:358)
197.444150 [INFO ] PPSGEN count=192 interval_ns=1000002640 dev_ns=2640 phase_ns=-2117634 hwphase_ns=-32 trim_ppb=-22 cfg=4 p_ns=-3 d_ns=0 (pico_gnss pico-gnss-rs/src/main.rs:358)
198.444153 [INFO ] PPSGEN count=193 interval_ns=1000002640 dev_ns=2640 phase_ns=-2152634 hwphase_ns=-48 trim_ppb=-21 cfg=4 p_ns=-5 d_ns=-4 (pico_gnss pico-gnss-rs/src/main.rs:358)
199.444162 [INFO ] PPSGEN count=194 interval_ns=1000002640 dev_ns=2640 phase_ns=-2208634 hwphase_ns=-48 trim_ppb=-21 cfg=4 p_ns=-4 d_ns=1 (pico_gnss pico-gnss-rs/src/main.rs:358)
200.444175 [INFO ] PPSGEN count=195 interval_ns=1000002656 dev_ns=2656 phase_ns=-2163635 hwphase_ns=-48 trim_ppb=-21 cfg=4 p_ns=-5 d_ns=-1 (pico_gnss pico-gnss-rs/src/main.rs:358)
201.444165 [INFO ] PPSGEN count=196 interval_ns=1000002640 dev_ns=2640 phase_ns=-2234635 hwphase_ns=-48 trim_ppb=-20 cfg=4 p_ns=-5 d_ns=0 (pico_gnss pico-gnss-rs/src/main.rs:358)
202.444899 [INFO ] PPSGEN count=197 interval_ns=1000002640 dev_ns=2640 phase_ns=-1372637 hwphase_ns=-64 trim_ppb=-20 cfg=4 p_ns=-7 d_ns=-4 (pico_gnss pico-gnss-rs/src/main.rs:358)
203.444175 [INFO ] PPSGEN count=198 interval_ns=1000002656 dev_ns=2656 phase_ns=-2927633 hwphase_ns=-48 trim_ppb=-20 cfg=4 p_ns=-4 d_ns=5 (pico_gnss pico-gnss-rs/src/main.rs:358)
204.444174 [INFO ] PPSGEN count=199 interval_ns=1000002640 dev_ns=2640 phase_ns=-2157635 hwphase_ns=-48 trim_ppb=-19 cfg=4 p_ns=-6 d_ns=-3 (pico_gnss pico-gnss-rs/src/main.rs:358)
205.444181 [INFO ] PPSGEN count=200 interval_ns=1000002656 dev_ns=2656 phase_ns=-2216635 hwphase_ns=-32 trim_ppb=-19 cfg=4 p_ns=-2 d_ns=6 (pico_gnss pico-gnss-rs/src/main.rs:358)
206.444258 [INFO ] PPSGEN count=201 interval_ns=1000002640 dev_ns=2640 phase_ns=-2117636 hwphase_ns=-48 trim_ppb=-19 cfg=4 p_ns=-6 d_ns=-7 (pico_gnss pico-gnss-rs/src/main.rs:358)
207.444146 [INFO ] PPSGEN count=202 interval_ns=1000002640 dev_ns=2640 phase_ns=-2189277 hwphase_ns=-48 trim_ppb=-18 cfg=4 p_ns=-4 d_ns=4 (pico_gnss pico-gnss-rs/src/main.rs:358)
208.444179 [INFO ] PPSGEN count=203 interval_ns=1000002656 dev_ns=2656 phase_ns=-2127636 hwphase_ns=-32 trim_ppb=-18 cfg=4 p_ns=-4 d_ns=0 (pico_gnss pico-gnss-rs/src/main.rs:358)
209.444187 [INFO ] PPSGEN count=204 interval_ns=1000002656 dev_ns=2656 phase_ns=-2115636 hwphase_ns=-16 trim_ppb=-18 cfg=4 p_ns=-1 d_ns=5 (pico_gnss pico-gnss-rs/src/main.rs:358)
210.444204 [INFO ] PPSGEN count=205 interval_ns=1000002640 dev_ns=2640 phase_ns=-2176636 hwphase_ns=-32 trim_ppb=-18 cfg=4 p_ns=-4 d_ns=-6 (pico_gnss pico-gnss-rs/src/main.rs:358)
211.444192 [INFO ] PPSGEN count=206 interval_ns=1000002656 dev_ns=2656 phase_ns=-2214636 hwphase_ns=-16 trim_ppb=-18 cfg=4 p_ns=0 d_ns=7 (pico_gnss pico-gnss-rs/src/main.rs:358)
212.444177 [INFO ] PPSGEN count=207 interval_ns=1000002656 dev_ns=2656 phase_ns=-2066636 hwphase_ns=-16 trim_ppb=-18 cfg=4 p_ns=-2 d_ns=-4 (pico_gnss pico-gnss-rs/src/main.rs:358)
213.444261 [INFO ] PPSGEN count=208 interval_ns=1000002640 dev_ns=2640 phase_ns=-2161636 hwphase_ns=-16 trim_ppb=-18 cfg=4 p_ns=-1 d_ns=3 (pico_gnss pico-gnss-rs/src/main.rs:358)
214.444203 [INFO ] PPSGEN count=209 interval_ns=1000002656 dev_ns=2656 phase_ns=-2173279 hwphase_ns=-16 trim_ppb=-17 cfg=4 p_ns=-2 d_ns=-2 (pico_gnss pico-gnss-rs/src/main.rs:358)
215.444210 [INFO ] PPSGEN count=210 interval_ns=1000002640 dev_ns=2640 phase_ns=-2215636 hwphase_ns=-16 trim_ppb=-17 cfg=4 p_ns=-1 d_ns=1 (pico_gnss pico-gnss-rs/src/main.rs:358)
216.444275 [INFO ] PPSGEN count=211 interval_ns=1000002656 dev_ns=2656 phase_ns=-2112637 hwphase_ns=0 trim_ppb=-17 cfg=4 p_ns=0 d_ns=3 (pico_gnss pico-gnss-rs/src/main.rs:358)
217.444186 [INFO ] PPSGEN count=212 interval_ns=1000002640 dev_ns=2640 phase_ns=-2172280 hwphase_ns=-16 trim_ppb=-17 cfg=4 p_ns=-2 d_ns=-4 (pico_gnss pico-gnss-rs/src/main.rs:358)
218.444209 [INFO ] PPSGEN count=213 interval_ns=1000002656 dev_ns=2656 phase_ns=-2175637 hwphase_ns=0 trim_ppb=-17 cfg=4 p_ns=0 d_ns=6 (pico_gnss pico-gnss-rs/src/main.rs:358)
219.444224 [INFO ] PPSGEN count=214 interval_ns=1000002640 dev_ns=2640 phase_ns=-1979638 hwphase_ns=-16 trim_ppb=-17 cfg=4 p_ns=-2 d_ns=-7 (pico_gnss pico-gnss-rs/src/main.rs:358)
220.444211 [INFO ] PPSGEN count=215 interval_ns=1000002656 dev_ns=2656 phase_ns=-2218637 hwphase_ns=-16 trim_ppb=-17 cfg=4 p_ns=0 d_ns=3 (pico_gnss pico-gnss-rs/src/main.rs:358)
221.444215 [INFO ] PPSGEN count=216 interval_ns=1000002656 dev_ns=2656 phase_ns=-2077638 hwphase_ns=0 trim_ppb=-17 cfg=4 p_ns=0 d_ns=1 (pico_gnss pico-gnss-rs/src/main.rs:358)
222.444236 [INFO ] PPSGEN count=217 interval_ns=1000002656 dev_ns=2656 phase_ns=-1963638 hwphase_ns=0 trim_ppb=-17 cfg=4 p_ns=0 d_ns=0 (pico_gnss pico-gnss-rs/src/main.rs:358)
223.444228 [INFO ] PPSGEN count=218 interval_ns=1000002640 dev_ns=2640 phase_ns=-1994639 hwphase_ns=-16 trim_ppb=-17 cfg=4 p_ns=-2 d_ns=-3 (pico_gnss pico-gnss-rs/src/main.rs:358)
224.444237 [INFO ] PPSGEN count=219 interval_ns=1000002656 dev_ns=2656 phase_ns=-2198638 hwphase_ns=-16 trim_ppb=-17 cfg=4 p_ns=-1 d_ns=1 (pico_gnss pico-gnss-rs/src/main.rs:358)
225.444225 [INFO ] PPSGEN count=220 interval_ns=1000002656 dev_ns=2656 phase_ns=-2174639 hwphase_ns=-16 trim_ppb=-17 cfg=4 p_ns=-2 d_ns=-1 (pico_gnss pico-gnss-rs/src/main.rs:358)
226.444230 [INFO ] PPSGEN count=221 interval_ns=1000002656 dev_ns=2656 phase_ns=-2228639 hwphase_ns=0 trim_ppb=-17 cfg=4 p_ns=0 d_ns=4 (pico_gnss pico-gnss-rs/src/main.rs:358)
227.444248 [INFO ] PPSGEN count=222 interval_ns=1000002640 dev_ns=2640 phase_ns=-1991640 hwphase_ns=-16 trim_ppb=-16 cfg=4 p_ns=-2 d_ns=-5 (pico_gnss pico-gnss-rs/src/main.rs:358)
228.444247 [INFO ] PPSGEN count=223 interval_ns=1000002656 dev_ns=2656 phase_ns=-2206639 hwphase_ns=-16 trim_ppb=-16 cfg=4 p_ns=-1 d_ns=2 (pico_gnss pico-gnss-rs/src/main.rs:358)
229.444248 [INFO ] PPSGEN count=224 interval_ns=1000002656 dev_ns=2656 phase_ns=-2137640 hwphase_ns=-16 trim_ppb=-16 cfg=4 p_ns=-2 d_ns=-2 (pico_gnss pico-gnss-rs/src/main.rs:358)
230.444256 [INFO ] PPSGEN count=225 interval_ns=1000002656 dev_ns=2656 phase_ns=-2208640 hwphase_ns=-16 trim_ppb=-16 cfg=4 p_ns=-1 d_ns=1 (pico_gnss pico-gnss-rs/src/main.rs:358)
231.444239 [INFO ] PPSGEN count=226 interval_ns=1000002640 dev_ns=2640 phase_ns=-2169640 hwphase_ns=-16 trim_ppb=-16 cfg=4 p_ns=-2 d_ns=-1 (pico_gnss pico-gnss-rs/src/main.rs:358)
232.444278 [INFO ] PPSGEN count=227 interval_ns=1000002656 dev_ns=2656 phase_ns=-2208640 hwphase_ns=-16 trim_ppb=-16 cfg=4 p_ns=-1 d_ns=0 (pico_gnss pico-gnss-rs/src/main.rs:358)
233.444268 [INFO ] PPSGEN count=228 interval_ns=1000002656 dev_ns=2656 phase_ns=-2105641 hwphase_ns=-16 trim_ppb=-16 cfg=4 p_ns=-1 d_ns=0 (pico_gnss pico-gnss-rs/src/main.rs:358)
234.444234 [INFO ] PPSGEN count=229 interval_ns=1000002656 dev_ns=2656 phase_ns=-2177287 hwphase_ns=0 trim_ppb=-16 cfg=4 p_ns=0 d_ns=4 (pico_gnss pico-gnss-rs/src/main.rs:358)
235.444255 [INFO ] PPSGEN count=230 interval_ns=1000002656 dev_ns=2656 phase_ns=-1971642 hwphase_ns=-16 trim_ppb=-16 cfg=4 p_ns=-2 d_ns=-5 (pico_gnss pico-gnss-rs/src/main.rs:358)
236.444270 [INFO ] PPSGEN count=231 interval_ns=1000002656 dev_ns=2656 phase_ns=-2210641 hwphase_ns=0 trim_ppb=-16 cfg=4 p_ns=0 d_ns=6 (pico_gnss pico-gnss-rs/src/main.rs:358)
237.444262 [INFO ] PPSGEN count=232 interval_ns=1000002656 dev_ns=2656 phase_ns=-2037641 hwphase_ns=0 trim_ppb=-16 cfg=4 p_ns=0 d_ns=-3 (pico_gnss pico-gnss-rs/src/main.rs:358)
238.444256 [INFO ] PPSGEN count=233 interval_ns=1000002656 dev_ns=2656 phase_ns=-2048642 hwphase_ns=0 trim_ppb=-16 cfg=4 p_ns=0 d_ns=2 (pico_gnss pico-gnss-rs/src/main.rs:358)
239.444248 [INFO ] PPSGEN count=234 interval_ns=1000002656 dev_ns=2656 phase_ns=-2011642 hwphase_ns=0 trim_ppb=-16 cfg=4 p_ns=0 d_ns=-1 (pico_gnss pico-gnss-rs/src/main.rs:358)
240.444274 [INFO ] PPSGEN count=235 interval_ns=1000002640 dev_ns=2640 phase_ns=-2047643 hwphase_ns=-32 trim_ppb=-15 cfg=4 p_ns=-3 d_ns=-7 (pico_gnss pico-gnss-rs/src/main.rs:358)
241.444258 [INFO ] PPSGEN count=236 interval_ns=1000002656 dev_ns=2656 phase_ns=-2212642 hwphase_ns=-16 trim_ppb=-15 cfg=4 p_ns=0 d_ns=6 (pico_gnss pico-gnss-rs/src/main.rs:358)
242.444360 [INFO ] PPSGEN count=237 interval_ns=1000002672 dev_ns=2672 phase_ns=-2018643 hwphase_ns=-16 trim_ppb=-15 cfg=4 p_ns=-2 d_ns=-4 (pico_gnss pico-gnss-rs/src/main.rs:358)
243.444264 [INFO ] PPSGEN count=238 interval_ns=1000002656 dev_ns=2656 phase_ns=-2065292 hwphase_ns=0 trim_ppb=-15 cfg=4 p_ns=0 d_ns=7 (pico_gnss pico-gnss-rs/src/main.rs:358)
244.444294 [INFO ] PPSGEN count=239 interval_ns=1000002656 dev_ns=2656 phase_ns=-1966643 hwphase_ns=0 trim_ppb=-15 cfg=4 p_ns=0 d_ns=-3 (pico_gnss pico-gnss-rs/src/main.rs:358)
245.444289 [INFO ] PPSGEN count=240 interval_ns=1000002656 dev_ns=2656 phase_ns=-2054643 hwphase_ns=0 trim_ppb=-15 cfg=4 p_ns=0 d_ns=2 (pico_gnss pico-gnss-rs/src/main.rs:358)
246.444280 [INFO ] PPSGEN count=241 interval_ns=1000002656 dev_ns=2656 phase_ns=-2011644 hwphase_ns=0 trim_ppb=-15 cfg=4 p_ns=0 d_ns=-1 (pico_gnss pico-gnss-rs/src/main.rs:358)
247.444421 [INFO ] PPSGEN count=242 interval_ns=1000002656 dev_ns=2656 phase_ns=-1901644 hwphase_ns=0 trim_ppb=-15 cfg=4 p_ns=0 d_ns=0 (pico_gnss pico-gnss-rs/src/main.rs:358)
248.444282 [INFO ] PPSGEN count=243 interval_ns=1000002656 dev_ns=2656 phase_ns=-2051294 hwphase_ns=0 trim_ppb=-15 cfg=4 p_ns=0 d_ns=0 (pico_gnss pico-gnss-rs/src/main.rs:358)
249.444279 [INFO ] PPSGEN count=244 interval_ns=1000002672 dev_ns=2672 phase_ns=-1974644 hwphase_ns=16 trim_ppb=-15 cfg=4 p_ns=2 d_ns=4 (pico_gnss pico-gnss-rs/src/main.rs:358)
250.444318 [INFO ] PPSGEN count=245 interval_ns=1000002656 dev_ns=2656 phase_ns=-1988644 hwphase_ns=16 trim_ppb=-15 cfg=4 p_ns=1 d_ns=-1 (pico_gnss pico-gnss-rs/src/main.rs:358)
251.444404 [INFO ] PPSGEN count=246 interval_ns=1000002656 dev_ns=2656 phase_ns=-2003644 hwphase_ns=32 trim_ppb=-16 cfg=4 p_ns=4 d_ns=5 (pico_gnss pico-gnss-rs/src/main.rs:358)
252.444292 [INFO ] PPSGEN count=247 interval_ns=1000002656 dev_ns=2656 phase_ns=-2127644 hwphase_ns=16 trim_ppb=-16 cfg=4 p_ns=0 d_ns=-6 (pico_gnss pico-gnss-rs/src/main.rs:358)
253.444394 [INFO ] PPSGEN count=248 interval_ns=1000002656 dev_ns=2656 phase_ns=-2001645 hwphase_ns=16 trim_ppb=-16 cfg=4 p_ns=2 d_ns=3 (pico_gnss pico-gnss-rs/src/main.rs:358)
254.444300 [INFO ] PPSGEN count=249 interval_ns=1000002656 dev_ns=2656 phase_ns=-2062296 hwphase_ns=16 trim_ppb=-16 cfg=4 p_ns=1 d_ns=-2 (pico_gnss pico-gnss-rs/src/main.rs:358)
255.444327 [INFO ] PPSGEN count=250 interval_ns=1000002656 dev_ns=2656 phase_ns=-2065646 hwphase_ns=0 trim_ppb=-16 cfg=4 p_ns=0 d_ns=-2 (pico_gnss pico-gnss-rs/src/main.rs:358)
256.444320 [INFO ] PPSGEN count=251 interval_ns=1000002656 dev_ns=2656 phase_ns=-2064646 hwphase_ns=0 trim_ppb=-16 cfg=4 p_ns=0 d_ns=0 (pico_gnss pico-gnss-rs/src/main.rs:358)
257.444284 [INFO ] PPSGEN count=252 interval_ns=1000002656 dev_ns=2656 phase_ns=-2009646 hwphase_ns=0 trim_ppb=-16 cfg=4 p_ns=0 d_ns=0 (pico_gnss pico-gnss-rs/src/main.rs:358)
258.444377 [INFO ] PPSGEN count=253 interval_ns=1000002672 dev_ns=2672 phase_ns=-1901647 hwphase_ns=0 trim_ppb=-16 cfg=4 p_ns=0 d_ns=0 (pico_gnss pico-gnss-rs/src/main.rs:358)
259.444516 [INFO ] PPSGEN count=254 interval_ns=1000002656 dev_ns=2656 phase_ns=-1805648 hwphase_ns=-16 trim_ppb=-16 cfg=4 p_ns=-2 d_ns=-4 (pico_gnss pico-gnss-rs/src/main.rs:358)
260.444309 [INFO ] PPSGEN count=255 interval_ns=1000002656 dev_ns=2656 phase_ns=-2048300 hwphase_ns=-16 trim_ppb=-16 cfg=4 p_ns=-1 d_ns=1 (pico_gnss pico-gnss-rs/src/main.rs:358)
261.444330 [INFO ] PPSGEN count=256 interval_ns=1000002656 dev_ns=2656 phase_ns=-2115648 hwphase_ns=-32 trim_ppb=-16 cfg=4 p_ns=-4 d_ns=-5 (pico_gnss pico-gnss-rs/src/main.rs:358)
262.444385 [INFO ] PPSGEN count=257 interval_ns=1000002672 dev_ns=2672 phase_ns=-2188648 hwphase_ns=-16 trim_ppb=-16 cfg=4 p_ns=0 d_ns=6 (pico_gnss pico-gnss-rs/src/main.rs:358)
263.444306 [INFO ] PPSGEN count=258 interval_ns=1000002656 dev_ns=2656 phase_ns=-2228302 hwphase_ns=-32 trim_ppb=-15 cfg=4 p_ns=-4 d_ns=-7 (pico_gnss pico-gnss-rs/src/main.rs:358)
264.444357 [INFO ] PPSGEN count=259 interval_ns=1000002672 dev_ns=2672 phase_ns=-2181648 hwphase_ns=-16 trim_ppb=-15 cfg=4 p_ns=0 d_ns=8 (pico_gnss pico-gnss-rs/src/main.rs:358)
265.444338 [INFO ] PPSGEN count=260 interval_ns=1000002672 dev_ns=2672 phase_ns=-2118648 hwphase_ns=0 trim_ppb=-15 cfg=4 p_ns=-1 d_ns=0 (pico_gnss pico-gnss-rs/src/main.rs:358)
266.444366 [INFO ] PPSGEN count=261 interval_ns=1000002656 dev_ns=2656 phase_ns=-2054649 hwphase_ns=0 trim_ppb=-15 cfg=4 p_ns=0 d_ns=2 (pico_gnss pico-gnss-rs/src/main.rs:358)
267.444347 [INFO ] PPSGEN count=262 interval_ns=1000002656 dev_ns=2656 phase_ns=-2046649 hwphase_ns=-16 trim_ppb=-15 cfg=4 p_ns=-2 d_ns=-4 (pico_gnss pico-gnss-rs/src/main.rs:358)
268.444332 [INFO ] PPSGEN count=263 interval_ns=1000002656 dev_ns=2656 phase_ns=-2256648 hwphase_ns=0 trim_ppb=-15 cfg=4 p_ns=0 d_ns=6 (pico_gnss pico-gnss-rs/src/main.rs:358)
269.444360 [INFO ] PPSGEN count=264 interval_ns=1000002672 dev_ns=2672 phase_ns=-1955649 hwphase_ns=0 trim_ppb=-15 cfg=4 p_ns=0 d_ns=-3 (pico_gnss pico-gnss-rs/src/main.rs:358)
270.444337 [INFO ] PPSGEN count=265 interval_ns=1000002656 dev_ns=2656 phase_ns=-2092649 hwphase_ns=0 trim_ppb=-15 cfg=4 p_ns=0 d_ns=2 (pico_gnss pico-gnss-rs/src/main.rs:358)
271.444384 [INFO ] PPSGEN count=266 interval_ns=1000002672 dev_ns=2672 phase_ns=-1982650 hwphase_ns=0 trim_ppb=-15 cfg=4 p_ns=0 d_ns=-1 (pico_gnss pico-gnss-rs/src/main.rs:358)
272.444337 [INFO ] PPSGEN count=267 interval_ns=1000002656 dev_ns=2656 phase_ns=-2115650 hwphase_ns=0 trim_ppb=-15 cfg=4 p_ns=0 d_ns=0 (pico_gnss pico-gnss-rs/src/main.rs:358)
273.444346 [INFO ] PPSGEN count=268 interval_ns=1000002672 dev_ns=2672 phase_ns=-1976650 hwphase_ns=0 trim_ppb=-15 cfg=4 p_ns=0 d_ns=0 (pico_gnss pico-gnss-rs/src/main.rs:358)
274.444344 [INFO ] PPSGEN count=269 interval_ns=1000002656 dev_ns=2656 phase_ns=-1971650 hwphase_ns=0 trim_ppb=-15 cfg=4 p_ns=0 d_ns=0 (pico_gnss pico-gnss-rs/src/main.rs:358)
275.444350 [INFO ] PPSGEN count=270 interval_ns=1000002656 dev_ns=2656 phase_ns=-1965650 hwphase_ns=0 trim_ppb=-15 cfg=4 p_ns=0 d_ns=0 (pico_gnss pico-gnss-rs/src/main.rs:358)
276.444358 [INFO ] PPSGEN count=271 interval_ns=1000002672 dev_ns=2672 phase_ns=-2002650 hwphase_ns=16 trim_ppb=-15 cfg=4 p_ns=2 d_ns=4 (pico_gnss pico-gnss-rs/src/main.rs:358)
277.444376 [INFO ] PPSGEN count=272 interval_ns=1000002656 dev_ns=2656 phase_ns=-2001651 hwphase_ns=0 trim_ppb=-15 cfg=4 p_ns=0 d_ns=-5 (pico_gnss pico-gnss-rs/src/main.rs:358)
278.444383 [INFO ] PPSGEN count=273 interval_ns=1000002672 dev_ns=2672 phase_ns=-2045651 hwphase_ns=0 trim_ppb=-15 cfg=4 p_ns=0 d_ns=2 (pico_gnss pico-gnss-rs/src/main.rs:358)
279.444606 [INFO ] PPSGEN count=274 interval_ns=1000002672 dev_ns=2672 phase_ns=-1794652 hwphase_ns=16 trim_ppb=-15 cfg=4 p_ns=1 d_ns=2 (pico_gnss pico-gnss-rs/src/main.rs:358)
280.444430 [INFO ] PPSGEN count=275 interval_ns=1000002656 dev_ns=2656 phase_ns=-2210651 hwphase_ns=0 trim_ppb=-15 cfg=4 p_ns=0 d_ns=-4 (pico_gnss pico-gnss-rs/src/main.rs:358)
281.444388 [INFO ] PPSGEN count=276 interval_ns=1000002672 dev_ns=2672 phase_ns=-2110651 hwphase_ns=16 trim_ppb=-15 cfg=4 p_ns=2 d_ns=5 (pico_gnss pico-gnss-rs/src/main.rs:358)
282.444400 [INFO ] PPSGEN count=277 interval_ns=1000002656 dev_ns=2656 phase_ns=-2034652 hwphase_ns=0 trim_ppb=-15 cfg=4 p_ns=0 d_ns=-6 (pico_gnss pico-gnss-rs/src/main.rs:358)
283.444387 [INFO ] PPSGEN count=278 interval_ns=1000002672 dev_ns=2672 phase_ns=-2097652 hwphase_ns=0 trim_ppb=-15 cfg=4 p_ns=0 d_ns=3 (pico_gnss pico-gnss-rs/src/main.rs:358)
284.444402 [INFO ] PPSGEN count=279 interval_ns=1000002672 dev_ns=2672 phase_ns=-2009653 hwphase_ns=16 trim_ppb=-15 cfg=4 p_ns=1 d_ns=1 (pico_gnss pico-gnss-rs/src/main.rs:358)
285.444421 [INFO ] PPSGEN count=280 interval_ns=1000002656 dev_ns=2656 phase_ns=-2052653 hwphase_ns=0 trim_ppb=-15 cfg=4 p_ns=0 d_ns=-3 (pico_gnss pico-gnss-rs/src/main.rs:358)
286.444404 [INFO ] PPSGEN count=281 interval_ns=1000002672 dev_ns=2672 phase_ns=-2110653 hwphase_ns=16 trim_ppb=-16 cfg=4 p_ns=2 d_ns=5 (pico_gnss pico-gnss-rs/src/main.rs:358)
287.444389 [INFO ] PPSGEN count=282 interval_ns=1000002672 dev_ns=2672 phase_ns=-2040653 hwphase_ns=32 trim_ppb=-16 cfg=4 p_ns=3 d_ns=1 (pico_gnss pico-gnss-rs/src/main.rs:358)
288.444401 [INFO ] PPSGEN count=283 interval_ns=1000002656 dev_ns=2656 phase_ns=-2001653 hwphase_ns=16 trim_ppb=-16 cfg=4 p_ns=1 d_ns=-3 (pico_gnss pico-gnss-rs/src/main.rs:358)
289.444392 [INFO ] PPSGEN count=284 interval_ns=1000002672 dev_ns=2672 phase_ns=-2098653 hwphase_ns=16 trim_ppb=-16 cfg=4 p_ns=2 d_ns=1 (pico_gnss pico-gnss-rs/src/main.rs:358)
290.444399 [INFO ] PPSGEN count=285 interval_ns=1000002672 dev_ns=2672 phase_ns=-2015653 hwphase_ns=32 trim_ppb=-16 cfg=4 p_ns=3 d_ns=2 (pico_gnss pico-gnss-rs/src/main.rs:358)
291.444396 [INFO ] PPSGEN count=286 interval_ns=1000002656 dev_ns=2656 phase_ns=-2011654 hwphase_ns=16 trim_ppb=-16 cfg=4 p_ns=1 d_ns=-4 (pico_gnss pico-gnss-rs/src/main.rs:358)
292.444426 [INFO ] PPSGEN count=287 interval_ns=1000002672 dev_ns=2672 phase_ns=-2059654 hwphase_ns=32 trim_ppb=-17 cfg=4 p_ns=4 d_ns=6 (pico_gnss pico-gnss-rs/src/main.rs:358)
293.444415 [INFO ] PPSGEN count=288 interval_ns=1000002672 dev_ns=2672 phase_ns=-2058654 hwphase_ns=32 trim_ppb=-17 cfg=4 p_ns=2 d_ns=-3 (pico_gnss pico-gnss-rs/src/main.rs:358)
294.444415 [INFO ] PPSGEN count=289 interval_ns=1000002656 dev_ns=2656 phase_ns=-2074654 hwphase_ns=32 trim_ppb=-17 cfg=4 p_ns=4 d_ns=2 (pico_gnss pico-gnss-rs/src/main.rs:358)
295.444428 [INFO ] PPSGEN count=290 interval_ns=1000002672 dev_ns=2672 phase_ns=-1990654 hwphase_ns=32 trim_ppb=-17 cfg=4 p_ns=3 d_ns=-1 (pico_gnss pico-gnss-rs/src/main.rs:358)
296.444434 [INFO ] PPSGEN count=291 interval_ns=1000002656 dev_ns=2656 phase_ns=-2078655 hwphase_ns=16 trim_ppb=-17 cfg=4 p_ns=1 d_ns=-3 (pico_gnss pico-gnss-rs/src/main.rs:358)
297.444406 [INFO ] PPSGEN count=292 interval_ns=1000002672 dev_ns=2672 phase_ns=-2126655 hwphase_ns=16 trim_ppb=-17 cfg=4 p_ns=2 d_ns=1 (pico_gnss pico-gnss-rs/src/main.rs:358)
298.444421 [INFO ] PPSGEN count=293 interval_ns=1000002672 dev_ns=2672 phase_ns=-2007655 hwphase_ns=16 trim_ppb=-18 cfg=4 p_ns=1 d_ns=-1 (pico_gnss pico-gnss-rs/src/main.rs:358)
299.444413 [INFO ] PPSGEN count=294 interval_ns=1000002656 dev_ns=2656 phase_ns=-2073656 hwphase_ns=0 trim_ppb=-18 cfg=4 p_ns=0 d_ns=-3 (pico_gnss pico-gnss-rs/src/main.rs:358)
300.444430 [INFO ] PPSGEN count=295 interval_ns=1000002672 dev_ns=2672 phase_ns=-2043656 hwphase_ns=16 trim_ppb=-18 cfg=4 p_ns=2 d_ns=4 (pico_gnss pico-gnss-rs/src/main.rs:358)
301.444501 [INFO ] PPSGEN count=296 interval_ns=1000002672 dev_ns=2672 phase_ns=-1990656 hwphase_ns=16 trim_ppb=-18 cfg=4 p_ns=1 d_ns=-2 (pico_gnss pico-gnss-rs/src/main.rs:358)
302.444421 [INFO ] PPSGEN count=297 interval_ns=1000002656 dev_ns=2656 phase_ns=-2042318 hwphase_ns=0 trim_ppb=-18 cfg=4 p_ns=0 d_ns=-2 (pico_gnss pico-gnss-rs/src/main.rs:358)
303.444445 [INFO ] PPSGEN count=298 interval_ns=1000002672 dev_ns=2672 phase_ns=-2023657 hwphase_ns=0 trim_ppb=-18 cfg=4 p_ns=0 d_ns=0 (pico_gnss pico-gnss-rs/src/main.rs:358)
304.444433 [INFO ] PPSGEN count=299 interval_ns=1000002672 dev_ns=2672 phase_ns=-1973657 hwphase_ns=0 trim_ppb=-18 cfg=4 p_ns=0 d_ns=0 (pico_gnss pico-gnss-rs/src/main.rs:358)
305.444422 [INFO ] PPSGEN count=300 interval_ns=1000002656 dev_ns=2656 phase_ns=-1957657 hwphase_ns=0 trim_ppb=-18 cfg=4 p_ns=0 d_ns=0 (pico_gnss pico-gnss-rs/src/main.rs:358)
306.444439 [INFO ] PPSGEN count=301 interval_ns=1000002672 dev_ns=2672 phase_ns=-1975657 hwphase_ns=0 trim_ppb=-18 cfg=4 p_ns=0 d_ns=0 (pico_gnss pico-gnss-rs/src/main.rs:358)
307.444443 [INFO ] PPSGEN count=302 interval_ns=1000002672 dev_ns=2672 phase_ns=-2006657 hwphase_ns=0 trim_ppb=-18 cfg=4 p_ns=0 d_ns=0 (pico_gnss pico-gnss-rs/src/main.rs:358)
308.444440 [INFO ] PPSGEN count=303 interval_ns=1000002672 dev_ns=2672 phase_ns=-2007657 hwphase_ns=16 trim_ppb=-18 cfg=4 p_ns=2 d_ns=4 (pico_gnss pico-gnss-rs/src/main.rs:358)
309.444455 [INFO ] PPSGEN count=304 interval_ns=1000002672 dev_ns=2672 phase_ns=-1999657 hwphase_ns=32 trim_ppb=-18 cfg=4 p_ns=3 d_ns=2 (pico_gnss pico-gnss-rs/src/main.rs:358)
310.444472 [INFO ] PPSGEN count=305 interval_ns=1000002656 dev_ns=2656 phase_ns=-1998657 hwphase_ns=16 trim_ppb=-18 cfg=4 p_ns=1 d_ns=-3 (pico_gnss pico-gnss-rs/src/main.rs:358)
311.444452 [INFO ] PPSGEN count=306 interval_ns=1000002672 dev_ns=2672 phase_ns=-2092657 hwphase_ns=16 trim_ppb=-18 cfg=4 p_ns=2 d_ns=1 (pico_gnss pico-gnss-rs/src/main.rs:358)
312.444474 [INFO ] PPSGEN count=307 interval_ns=1000002672 dev_ns=2672 phase_ns=-2037657 hwphase_ns=48 trim_ppb=-19 cfg=4 p_ns=5 d_ns=6 (pico_gnss pico-gnss-rs/src/main.rs:358)
313.444471 [INFO ] PPSGEN count=308 interval_ns=1000002672 dev_ns=2672 phase_ns=-2025657 hwphase_ns=48 trim_ppb=-19 cfg=4 p_ns=4 d_ns=-2 (pico_gnss pico-gnss-rs/src/main.rs:358)
314.444461 [INFO ] PPSGEN count=309 interval_ns=1000002656 dev_ns=2656 phase_ns=-2086657 hwphase_ns=48 trim_ppb=-19 cfg=4 p_ns=5 d_ns=2 (pico_gnss pico-gnss-rs/src/main.rs:358)
315.444553 [INFO ] PPSGEN count=310 interval_ns=1000002672 dev_ns=2672 phase_ns=-1980657 hwphase_ns=64 trim_ppb=-20 cfg=4 p_ns=7 d_ns=2 (pico_gnss pico-gnss-rs/src/main.rs:358)
