# GPS->gen 1PPS phase delta [ns], one rising-edge pair per single-shot
-136.6
-136.3
-137.0
-136.0
-117.9
-117.3
-116.5
-102.1
-92.0
-77.5
-76.2
-59.7
-61.9
-67.6
-37.4
-40.2
-37.6
-16.1
-15.9
-17.8
-16.0
-17.7
-16.9
-17.5
-15.7
-17.3
-28.3
-54.2
-57.1
-62.2
-77.2
-77.8
-117.6
-136.6
-136.5
-137.7
-156.8
-157.4
-173.7
-177.3
-157.4
-155.2
-154.6
-150.5
-137.9
-119.3
-116.3
-97.8
-96.7
-77.0
-77.8
-59.3
-75.4
-77.2
-76.8
-56.6
-56.0
-37.7
-37.6
-22.4
-36.3
-37.3
-16.0
20.2
23.9
41.5
62.4
76.2
82.7
85.9
102.9
121.6
121.8
139.4
142.9
142.3
141.8
162.2
142.3
161.9
161.5
162.6
143.4
155.5
161.7
163.0
143.1
145.2
158.5
142.7
153.9
142.4
142.9
142.8
141.8
141.9
140.9
122.0
122.7
106.6
