# GPS->gen 1PPS phase delta [ns], one rising-edge pair per single-shot
262.4
261.4
242.3
242.7
240.7
222.3
221.9
198.7
182.9
181.4
181.7
162.3
162.9
161.9
161.5
161.9
161.6
159.3
144.8
142.7
144.6
157.4
162.3
143.5
163.2
182.9
181.0
183.1
182.2
182.1
181.7
181.0
161.6
147.2
142.7
159.1
162.9
162.2
161.7
180.7
198.2
202.7
202.4
207.9
222.0
243.5
263.1
267.3
300.8
301.9
301.7
341.7
337.6
342.9
342.5
362.4
362.2
360.8
362.7
361.2
365.4
361.6
358.2
342.4
343.5
322.8
321.0
301.3
282.3
291.8
296.6
281.8
283.2
285.7
281.9
282.5
281.8
263.0
279.8
262.5
261.6
261.8
244.9
242.4
223.7
222.2
221.7
202.4
182.7
166.7
162.0
159.3
142.0
142.9
159.5
143.1
162.7
161.5
166.0
180.7
