6.838278 [INFO ] PPSGEN count=1 interval_ns=1000000016 dev_ns=16 phase_ns=0 hwphase_ns=2385792 trim_ppb=0 cfg=2 p_ns=149112 d_ns=0 (pico_gnss pico-gnss-rs/src/main.rs:358)
7.838276 [INFO ] PPSGEN count=2 interval_ns=1000000032 dev_ns=32 phase_ns=0 hwphase_ns=2383184 trim_ppb=0 cfg=2 p_ns=148949 d_ns=0 (pico_gnss pico-gnss-rs/src/main.rs:358)
8.838453 [INFO ] PPSGEN count=3 interval_ns=999850912 dev_ns=-149088 phase_ns=2416354 hwphase_ns=2231456 trim_ppb=0 cfg=2 p_ns=139466 d_ns=0 (pico_gnss pico-gnss-rs/src/main.rs:358)
9.838280 [INFO ] PPSGEN count=4 interval_ns=999853712 dev_ns=-146288 phase_ns=2255716 hwphase_ns=2082544 trim_ppb=0 cfg=2 p_ns=130159 d_ns=0 (pico_gnss pico-gnss-rs/src/main.rs:358)
10.838152 [INFO ] PPSGEN count=5 interval_ns=999863200 dev_ns=-136800 phase_ns=2094356 hwphase_ns=1943120 trim_ppb=0 cfg=2 p_ns=121445 d_ns=0 (pico_gnss pico-gnss-rs/src/main.rs:358)
11.837945 [INFO ] PPSGEN count=6 interval_ns=999872512 dev_ns=-127488 phase_ns=1933356 hwphase_ns=1812992 trim_ppb=0 cfg=2 p_ns=113312 d_ns=0 (pico_gnss pico-gnss-rs/src/main.rs:358)
12.837875 [INFO ] PPSGEN count=7 interval_ns=999881216 dev_ns=-118784 phase_ns=1824720 hwphase_ns=1691600 trim_ppb=0 cfg=2 p_ns=105725 d_ns=0 (pico_gnss pico-gnss-rs/src/main.rs:358)
13.837787 [INFO ] PPSGEN count=8 interval_ns=999889360 dev_ns=-110640 phase_ns=1736358 hwphase_ns=1578320 trim_ppb=0 cfg=2 p_ns=98645 d_ns=0 (pico_gnss pico-gnss-rs/src/main.rs:358)
14.837806 [INFO ] PPSGEN count=9 interval_ns=999896944 dev_ns=-103056 phase_ns=1769358 hwphase_ns=1472640 trim_ppb=0 cfg=2 p_ns=92040 d_ns=0 (pico_gnss pico-gnss-rs/src/main.rs:358)
15.837705 [INFO ] PPSGEN count=10 interval_ns=999904016 dev_ns=-95984 phase_ns=1680359 hwphase_ns=1374032 trim_ppb=0 cfg=2 p_ns=85877 d_ns=0 (pico_gnss pico-gnss-rs/src/main.rs:358)
16.837691 [INFO ] PPSGEN count=11 interval_ns=999910624 dev_ns=-89376 phase_ns=1538360 hwphase_ns=1282032 trim_ppb=0 cfg=2 p_ns=80127 d_ns=0 (pico_gnss pico-gnss-rs/src/main.rs:358)
17.837737 [INFO ] PPSGEN count=12 interval_ns=999916784 dev_ns=-83216 phase_ns=1697360 hwphase_ns=1196208 trim_ppb=0 cfg=2 p_ns=74763 d_ns=0 (pico_gnss pico-gnss-rs/src/main.rs:358)
18.837712 [INFO ] PPSGEN count=13 interval_ns=999922544 dev_ns=-77456 phase_ns=1657361 hwphase_ns=1116128 trim_ppb=0 cfg=2 p_ns=69758 d_ns=0 (pico_gnss pico-gnss-rs/src/main.rs:358)
19.837674 [INFO ] PPSGEN count=14 interval_ns=999927904 dev_ns=-72096 phase_ns=1609361 hwphase_ns=1041408 trim_ppb=0 cfg=2 p_ns=65088 d_ns=0 (pico_gnss pico-gnss-rs/src/main.rs:358)
20.837683 [INFO ] PPSGEN count=15 interval_ns=999932912 dev_ns=-67088 phase_ns=1632361 hwphase_ns=971696 trim_ppb=0 cfg=2 p_ns=60731 d_ns=0 (pico_gnss pico-gnss-rs/src/main.rs:358)
21.837713 [INFO ] PPSGEN count=16 interval_ns=999937568 dev_ns=-62432 phase_ns=1665362 hwphase_ns=906656 trim_ppb=0 cfg=2 p_ns=56666 d_ns=0 (pico_gnss pico-gnss-rs/src/main.rs:358)
22.837718 [INFO ] PPSGEN count=17 interval_ns=999941936 dev_ns=-58064 phase_ns=1655362 hwphase_ns=845968 trim_ppb=0 cfg=2 p_ns=52873 d_ns=0 (pico_gnss pico-gnss-rs/src/main.rs:358)
23.837676 [INFO ] PPSGEN count=18 interval_ns=999945984 dev_ns=-54016 phase_ns=1617363 hwphase_ns=789344 trim_ppb=0 cfg=2 p_ns=49334 d_ns=0 (pico_gnss pico-gnss-rs/src/main.rs:358)
24.837761 [INFO ] PPSGEN count=19 interval_ns=999949792 dev_ns=-50208 phase_ns=1712364 hwphase_ns=736528 trim_ppb=0 cfg=2 p_ns=46033 d_ns=0 (pico_gnss pico-gnss-rs/src/main.rs:358)
25.837767 [INFO ] PPSGEN count=20 interval_ns=999953328 dev_ns=-46672 phase_ns=1709364 hwphase_ns=687232 trim_ppb=0 cfg=2 p_ns=42952 d_ns=0 (pico_gnss pico-gnss-rs/src/main.rs:358)
26.837704 [INFO ] PPSGEN count=21 interval_ns=999956624 dev_ns=-43376 phase_ns=1508365 hwphase_ns=641248 trim_ppb=0 cfg=2 p_ns=40078 d_ns=0 (pico_gnss pico-gnss-rs/src/main.rs:358)
27.837693 [INFO ] PPSGEN count=22 interval_ns=999959696 dev_ns=-40304 phase_ns=1638365 hwphase_ns=598320 trim_ppb=0 cfg=2 p_ns=37395 d_ns=0 (pico_gnss pico-gnss-rs/src/main.rs:358)
28.837727 [INFO ] PPSGEN count=23 interval_ns=999962592 dev_ns=-37408 phase_ns=1670366 hwphase_ns=558304 trim_ppb=0 cfg=2 p_ns=34894 d_ns=0 (pico_gnss pico-gnss-rs/src/main.rs:358)
29.837718 [INFO ] PPSGEN count=24 interval_ns=999965264 dev_ns=-34736 phase_ns=1643367 hwphase_ns=520960 trim_ppb=0 cfg=2 p_ns=32560 d_ns=0 (pico_gnss pico-gnss-rs/src/main.rs:358)
30.837773 [INFO ] PPSGEN count=25 interval_ns=999967760 dev_ns=-32240 phase_ns=1733367 hwphase_ns=486112 trim_ppb=0 cfg=2 p_ns=30382 d_ns=0 (pico_gnss pico-gnss-rs/src/main.rs:358)
31.837750 [INFO ] PPSGEN count=26 interval_ns=999970096 dev_ns=-29904 phase_ns=1607368 hwphase_ns=453600 trim_ppb=0 cfg=2 p_ns=28350 d_ns=0 (pico_gnss pico-gnss-rs/src/main.rs:358)
32.838053 [INFO ] PPSGEN count=27 interval_ns=999972272 dev_ns=-27728 phase_ns=1959368 hwphase_ns=423264 trim_ppb=0 cfg=2 p_ns=26454 d_ns=0 (pico_gnss pico-gnss-rs/src/main.rs:358)
33.837727 [INFO ] PPSGEN count=28 interval_ns=999974304 dev_ns=-25696 phase_ns=1676369 hwphase_ns=394960 trim_ppb=0 cfg=2 p_ns=24685 d_ns=0 (pico_gnss pico-gnss-rs/src/main.rs:358)
34.837783 [INFO ] PPSGEN count=29 interval_ns=999976208 dev_ns=-23792 phase_ns=1634370 hwphase_ns=368560 trim_ppb=0 cfg=2 p_ns=23035 d_ns=0 (pico_gnss pico-gnss-rs/src/main.rs:358)
35.837744 [INFO ] PPSGEN count=30 interval_ns=999977968 dev_ns=-22032 phase_ns=1666370 hwphase_ns=343920 trim_ppb=0 cfg=2 p_ns=21495 d_ns=0 (pico_gnss pico-gnss-rs/src/main.rs:358)
36.837733 [INFO ] PPSGEN count=31 interval_ns=999979632 dev_ns=-20368 phase_ns=1645747 hwphase_ns=320960 trim_ppb=0 cfg=2 p_ns=20060 d_ns=0 (pico_gnss pico-gnss-rs/src/main.rs:358)
37.837859 [INFO ] PPSGEN count=32 interval_ns=999981152 dev_ns=-18848 phase_ns=1765372 hwphase_ns=299504 trim_ppb=0 cfg=2 p_ns=18719 d_ns=0 (pico_gnss pico-gnss-rs/src/main.rs:358)
38.837782 [INFO ] PPSGEN count=33 interval_ns=999982592 dev_ns=-17408 phase_ns=1689372 hwphase_ns=279488 trim_ppb=0 cfg=2 p_ns=17468 d_ns=0 (pico_gnss pico-gnss-rs/src/main.rs:358)
39.838068 [INFO ] PPSGEN count=34 interval_ns=999983936 dev_ns=-16064 phase_ns=1907749 hwphase_ns=260816 trim_ppb=0 cfg=2 p_ns=16301 d_ns=0 (pico_gnss pico-gnss-rs/src/main.rs:358)
40.837839 [INFO ] PPSGEN count=35 interval_ns=999985184 dev_ns=-14816 phase_ns=1734373 hwphase_ns=243392 trim_ppb=0 cfg=2 p_ns=15212 d_ns=0 (pico_gnss pico-gnss-rs/src/main.rs:358)
41.836367 [INFO ] PPSGEN count=36 interval_ns=999986352 dev_ns=-13648 phase_ns=308377 hwphase_ns=229744 trim_ppb=0 cfg=2 p_ns=0 d_ns=0 (pico_gnss pico-gnss-rs/src/main.rs:358)
42.837724 [INFO ] PPSGEN count=37 interval_ns=999987440 dev_ns=-12560 phase_ns=1570753 hwphase_ns=211968 trim_ppb=0 cfg=2 p_ns=13248 d_ns=0 (pico_gnss pico-gnss-rs/src/main.rs:358)
43.837768 [INFO ] PPSGEN count=38 interval_ns=1000002656 dev_ns=2656 phase_ns=1675375 hwphase_ns=212032 trim_ppb=0 cfg=2 p_ns=13252 d_ns=0 (pico_gnss pico-gnss-rs/src/main.rs:358)
44.837773 [INFO ] PPSGEN count=39 interval_ns=999989392 dev_ns=-10608 phase_ns=1669375 hwphase_ns=198800 trim_ppb=0 cfg=2 p_ns=12425 d_ns=0 (pico_gnss pico-gnss-rs/src/main.rs:358)
45.836428 [INFO ] PPSGEN count=40 interval_ns=999989392 dev_ns=-10608 phase_ns=320379 hwphase_ns=188192 trim_ppb=0 cfg=2 p_ns=0 d_ns=0 (pico_gnss pico-gnss-rs/src/main.rs:358)
46.836711 [INFO ] PPSGEN count=41 interval_ns=999990224 dev_ns=-9776 phase_ns=-1533616 hwphase_ns=175824 trim_ppb=0 cfg=2 p_ns=10989 d_ns=0 (pico_gnss pico-gnss-rs/src/main.rs:358)
47.837744 [INFO ] PPSGEN count=42 interval_ns=1000002640 dev_ns=2640 phase_ns=-528237 hwphase_ns=173248 trim_ppb=0 cfg=2 p_ns=10828 d_ns=0 (pico_gnss pico-gnss-rs/src/main.rs:358)
48.836438 [INFO ] PPSGEN count=43 interval_ns=999991664 dev_ns=-8336 phase_ns=309380 hwphase_ns=164912 trim_ppb=0 cfg=2 p_ns=0 d_ns=0 (pico_gnss pico-gnss-rs/src/main.rs:358)
49.836546 [INFO ] PPSGEN count=44 interval_ns=999991824 dev_ns=-8176 phase_ns=-1683614 hwphase_ns=154128 trim_ppb=0 cfg=2 p_ns=9633 d_ns=0 (pico_gnss pico-gnss-rs/src/main.rs:358)
50.836408 [INFO ] PPSGEN count=45 interval_ns=1000002640 dev_ns=2640 phase_ns=-2009613 hwphase_ns=154160 trim_ppb=0 cfg=2 p_ns=9635 d_ns=0 (pico_gnss pico-gnss-rs/src/main.rs:358)
51.836457 [INFO ] PPSGEN count=46 interval_ns=999993008 dev_ns=-6992 phase_ns=-1774613 hwphase_ns=144560 trim_ppb=0 cfg=2 p_ns=9035 d_ns=0 (pico_gnss pico-gnss-rs/src/main.rs:358)
52.836430 [INFO ] PPSGEN count=47 interval_ns=999993008 dev_ns=-6992 phase_ns=-1896613 hwphase_ns=134960 trim_ppb=0 cfg=2 p_ns=8435 d_ns=0 (pico_gnss pico-gnss-rs/src/main.rs:358)
53.836412 [INFO ] PPSGEN count=48 interval_ns=999993616 dev_ns=-6384 phase_ns=-1926612 hwphase_ns=125968 trim_ppb=0 cfg=2 p_ns=7873 d_ns=0 (pico_gnss pico-gnss-rs/src/main.rs:358)
54.836414 [INFO ] PPSGEN count=49 interval_ns=999994208 dev_ns=-5792 phase_ns=-1909612 hwphase_ns=117568 trim_ppb=0 cfg=2 p_ns=7348 d_ns=0 (pico_gnss pico-gnss-rs/src/main.rs:358)
55.836449 [INFO ] PPSGEN count=50 interval_ns=999994768 dev_ns=-5232 phase_ns=-1887611 hwphase_ns=109744 trim_ppb=0 cfg=2 p_ns=6859 d_ns=0 (pico_gnss pico-gnss-rs/src/main.rs:358)
56.836414 [INFO ] PPSGEN count=51 interval_ns=999995296 dev_ns=-4704 phase_ns=-1971611 hwphase_ns=102416 trim_ppb=0 cfg=2 p_ns=6401 d_ns=0 (pico_gnss pico-gnss-rs/src/main.rs:358)
57.836426 [INFO ] PPSGEN count=52 interval_ns=999995792 dev_ns=-4208 phase_ns=-1912611 hwphase_ns=95616 trim_ppb=0 cfg=2 p_ns=5976 d_ns=0 (pico_gnss pico-gnss-rs/src/main.rs:358)
58.836450 [INFO ] PPSGEN count=53 interval_ns=999996240 dev_ns=-3760 phase_ns=-1895610 hwphase_ns=89248 trim_ppb=0 cfg=2 p_ns=5578 d_ns=0 (pico_gnss pico-gnss-rs/src/main.rs:358)
59.836456 [INFO ] PPSGEN count=54 interval_ns=999996656 dev_ns=-3344 phase_ns=-1902610 hwphase_ns=83296 trim_ppb=0 cfg=2 p_ns=5206 d_ns=0 (pico_gnss pico-gnss-rs/src/main.rs:358)
60.836448 [INFO ] PPSGEN count=55 interval_ns=999997072 dev_ns=-2928 phase_ns=-1875610 hwphase_ns=77760 trim_ppb=0 cfg=2 p_ns=4860 d_ns=0 (pico_gnss pico-gnss-rs/src/main.rs:358)
61.836433 [INFO ] PPSGEN count=56 interval_ns=999997440 dev_ns=-2560 phase_ns=-1931610 hwphase_ns=72592 trim_ppb=0 cfg=2 p_ns=4537 d_ns=0 (pico_gnss pico-gnss-rs/src/main.rs:358)
62.836597 [INFO ] PPSGEN count=57 interval_ns=999997776 dev_ns=-2224 phase_ns=-1772224 hwphase_ns=67776 trim_ppb=0 cfg=2 p_ns=4236 d_ns=0 (pico_gnss pico-gnss-rs/src/main.rs:358)
63.836523 [INFO ] PPSGEN count=58 interval_ns=999998112 dev_ns=-1888 phase_ns=-2047608 hwphase_ns=63280 trim_ppb=0 cfg=2 p_ns=3955 d_ns=0 (pico_gnss pico-gnss-rs/src/main.rs:358)
64.836470 [INFO ] PPSGEN count=59 interval_ns=999998400 dev_ns=-1600 phase_ns=-2064222 hwphase_ns=59072 trim_ppb=0 cfg=2 p_ns=3692 d_ns=0 (pico_gnss pico-gnss-rs/src/main.rs:358)
65.836484 [INFO ] PPSGEN count=60 interval_ns=999998688 dev_ns=-1312 phase_ns=-1922608 hwphase_ns=55152 trim_ppb=0 cfg=2 p_ns=3447 d_ns=0 (pico_gnss pico-gnss-rs/src/main.rs:358)
66.836471 [INFO ] PPSGEN count=61 interval_ns=999998944 dev_ns=-1056 phase_ns=-1934608 hwphase_ns=51488 trim_ppb=0 cfg=2 p_ns=3218 d_ns=0 (pico_gnss pico-gnss-rs/src/main.rs:358)
67.836482 [INFO ] PPSGEN count=62 interval_ns=999999200 dev_ns=-800 phase_ns=-1908608 hwphase_ns=48080 trim_ppb=0 cfg=2 p_ns=3005 d_ns=0 (pico_gnss pico-gnss-rs/src/main.rs:358)
68.836489 [INFO ] PPSGEN count=63 interval_ns=999999424 dev_ns=-576 phase_ns=-1915607 hwphase_ns=44912 trim_ppb=0 cfg=2 p_ns=2807 d_ns=0 (pico_gnss pico-gnss-rs/src/main.rs:358)
69.836481 [INFO ] PPSGEN count=64 interval_ns=999999632 dev_ns=-368 phase_ns=-1915607 hwphase_ns=41936 trim_ppb=0 cfg=2 p_ns=2621 d_ns=0 (pico_gnss pico-gnss-rs/src/main.rs:358)
70.836479 [INFO ] PPSGEN count=65 interval_ns=999999840 dev_ns=-160 phase_ns=-1925607 hwphase_ns=39168 trim_ppb=0 cfg=2 p_ns=2448 d_ns=0 (pico_gnss pico-gnss-rs/src/main.rs:358)
71.836460 [INFO ] PPSGEN count=66 interval_ns=1000000016 dev_ns=16 phase_ns=-1921606 hwphase_ns=36592 trim_ppb=0 cfg=2 p_ns=2287 d_ns=0 (pico_gnss pico-gnss-rs/src/main.rs:358)
72.836532 [INFO ] PPSGEN count=67 interval_ns=1000000192 dev_ns=192 phase_ns=-1781607 hwphase_ns=34176 trim_ppb=0 cfg=2 p_ns=2136 d_ns=0 (pico_gnss pico-gnss-rs/src/main.rs:358)
73.836447 [INFO ] PPSGEN count=68 interval_ns=1000000352 dev_ns=352 phase_ns=-1929606 hwphase_ns=31936 trim_ppb=0 cfg=2 p_ns=1996 d_ns=0 (pico_gnss pico-gnss-rs/src/main.rs:358)
74.836471 [INFO ] PPSGEN count=69 interval_ns=1000000496 dev_ns=496 phase_ns=-1831606 hwphase_ns=29824 trim_ppb=0 cfg=2 p_ns=1864 d_ns=0 (pico_gnss pico-gnss-rs/src/main.rs:358)
75.836474 [INFO ] PPSGEN count=70 interval_ns=1000000656 dev_ns=656 phase_ns=-1850605 hwphase_ns=27888 trim_ppb=0 cfg=2 p_ns=1743 d_ns=0 (pico_gnss pico-gnss-rs/src/main.rs:358)
76.836483 [INFO ] PPSGEN count=71 interval_ns=1000000768 dev_ns=768 phase_ns=-1823605 hwphase_ns=26048 trim_ppb=0 cfg=2 p_ns=1628 d_ns=0 (pico_gnss pico-gnss-rs/src/main.rs:358)
77.836502 [INFO ] PPSGEN count=72 interval_ns=1000000896 dev_ns=896 phase_ns=-1772605 hwphase_ns=24336 trim_ppb=0 cfg=2 p_ns=1521 d_ns=0 (pico_gnss pico-gnss-rs/src/main.rs:358)
78.836495 [INFO ] PPSGEN count=73 interval_ns=1000001008 dev_ns=1008 phase_ns=-1870604 hwphase_ns=22752 trim_ppb=0 cfg=2 p_ns=1422 d_ns=0 (pico_gnss pico-gnss-rs/src/main.rs:358)
79.836489 [INFO ] PPSGEN count=74 interval_ns=1000001120 dev_ns=1120 phase_ns=-1870604 hwphase_ns=21264 trim_ppb=0 cfg=2 p_ns=1329 d_ns=0 (pico_gnss pico-gnss-rs/src/main.rs:358)
80.836497 [INFO ] PPSGEN count=75 interval_ns=1000001216 dev_ns=1216 phase_ns=-1828604 hwphase_ns=19872 trim_ppb=0 cfg=2 p_ns=1242 d_ns=0 (pico_gnss pico-gnss-rs/src/main.rs:358)
81.836683 [INFO ] PPSGEN count=76 interval_ns=1000001296 dev_ns=1296 phase_ns=-1694605 hwphase_ns=18560 trim_ppb=0 cfg=2 p_ns=1160 d_ns=0 (pico_gnss pico-gnss-rs/src/main.rs:358)
82.836482 [INFO ] PPSGEN count=77 interval_ns=1000001392 dev_ns=1392 phase_ns=-2054604 hwphase_ns=17344 trim_ppb=0 cfg=2 p_ns=1084 d_ns=0 (pico_gnss pico-gnss-rs/src/main.rs:358)
83.836504 [INFO ] PPSGEN count=78 interval_ns=1000001488 dev_ns=1488 phase_ns=-1838604 hwphase_ns=16224 trim_ppb=0 cfg=2 p_ns=1014 d_ns=0 (pico_gnss pico-gnss-rs/src/main.rs:358)
84.836488 [INFO ] PPSGEN count=79 interval_ns=1000001552 dev_ns=1552 phase_ns=-1861604 hwphase_ns=15168 trim_ppb=0 cfg=2 p_ns=948 d_ns=0 (pico_gnss pico-gnss-rs/src/main.rs:358)
85.836446 [INFO ] PPSGEN count=80 interval_ns=1000001616 dev_ns=1616 phase_ns=-1859604 hwphase_ns=14176 trim_ppb=0 cfg=2 p_ns=886 d_ns=0 (pico_gnss pico-gnss-rs/src/main.rs:358)
86.836500 [INFO ] PPSGEN count=81 interval_ns=1000001696 dev_ns=1696 phase_ns=-1770604 hwphase_ns=13264 trim_ppb=0 cfg=2 p_ns=829 d_ns=0 (pico_gnss pico-gnss-rs/src/main.rs:358)
87.836467 [INFO ] PPSGEN count=82 interval_ns=1000001744 dev_ns=1744 phase_ns=-1891604 hwphase_ns=12400 trim_ppb=0 cfg=2 p_ns=775 d_ns=0 (pico_gnss pico-gnss-rs/src/main.rs:358)
88.836934 [INFO ] PPSGEN count=83 interval_ns=1000001808 dev_ns=1808 phase_ns=-1380605 hwphase_ns=11600 trim_ppb=0 cfg=2 p_ns=725 d_ns=0 (pico_gnss pico-gnss-rs/src/main.rs:358)
89.836467 [INFO ] PPSGEN count=84 interval_ns=1000001872 dev_ns=1872 phase_ns=-2324603 hwphase_ns=10848 trim_ppb=0 cfg=2 p_ns=678 d_ns=0 (pico_gnss pico-gnss-rs/src/main.rs:358)
90.836475 [INFO ] PPSGEN count=85 interval_ns=1000001920 dev_ns=1920 phase_ns=-1844604 hwphase_ns=10160 trim_ppb=0 cfg=2 p_ns=635 d_ns=0 (pico_gnss pico-gnss-rs/src/main.rs:358)
91.837127 [INFO ] PPSGEN count=86 interval_ns=1000001952 dev_ns=1952 phase_ns=-1164607 hwphase_ns=9488 trim_ppb=0 cfg=2 p_ns=593 d_ns=0 (pico_gnss pico-gnss-rs/src/main.rs:358)
92.836499 [INFO ] PPSGEN count=87 interval_ns=1000002000 dev_ns=2000 phase_ns=-2455603 hwphase_ns=8880 trim_ppb=0 cfg=2 p_ns=555 d_ns=0 (pico_gnss pico-gnss-rs/src/main.rs:358)
93.836501 [INFO ] PPSGEN count=88 interval_ns=1000002048 dev_ns=2048 phase_ns=-1853605 hwphase_ns=8320 trim_ppb=0 cfg=2 p_ns=520 d_ns=0 (pico_gnss pico-gnss-rs/src/main.rs:358)
94.836502 [INFO ] PPSGEN count=89 interval_ns=1000002080 dev_ns=2080 phase_ns=-1827605 hwphase_ns=7792 trim_ppb=0 cfg=2 p_ns=487 d_ns=0 (pico_gnss pico-gnss-rs/src/main.rs:358)
95.836475 [INFO ] PPSGEN count=90 interval_ns=1000002112 dev_ns=2112 phase_ns=-1883604 hwphase_ns=7296 trim_ppb=0 cfg=2 p_ns=456 d_ns=0 (pico_gnss pico-gnss-rs/src/main.rs:358)
96.836502 [INFO ] PPSGEN count=91 interval_ns=1000002160 dev_ns=2160 phase_ns=-1792605 hwphase_ns=6848 trim_ppb=0 cfg=2 p_ns=428 d_ns=0 (pico_gnss pico-gnss-rs/src/main.rs:358)
97.836493 [INFO ] PPSGEN count=92 interval_ns=1000002176 dev_ns=2176 phase_ns=-1859215 hwphase_ns=6400 trim_ppb=0 cfg=2 p_ns=400 d_ns=0 (pico_gnss pico-gnss-rs/src/main.rs:358)
98.836574 [INFO ] PPSGEN count=93 interval_ns=1000002208 dev_ns=2208 phase_ns=-1814605 hwphase_ns=6000 trim_ppb=0 cfg=2 p_ns=375 d_ns=0 (pico_gnss pico-gnss-rs/src/main.rs:358)
99.836484 [INFO ] PPSGEN count=94 interval_ns=1000002240 dev_ns=2240 phase_ns=-1868215 hwphase_ns=5632 trim_ppb=0 cfg=2 p_ns=352 d_ns=0 (pico_gnss pico-gnss-rs/src/main.rs:358)
100.836596 [INFO ] PPSGEN count=95 interval_ns=1000002256 dev_ns=2256 phase_ns=-1771605 hwphase_ns=5264 trim_ppb=0 cfg=2 p_ns=329 d_ns=0 (pico_gnss pico-gnss-rs/src/main.rs:358)
101.836520 [INFO ] PPSGEN count=96 interval_ns=1000002288 dev_ns=2288 phase_ns=-1965605 hwphase_ns=4944 trim_ppb=0 cfg=2 p_ns=309 d_ns=0 (pico_gnss pico-gnss-rs/src/main.rs:358)
102.836512 [INFO ] PPSGEN count=97 interval_ns=1000002304 dev_ns=2304 phase_ns=-1880605 hwphase_ns=4624 trim_ppb=0 cfg=2 p_ns=289 d_ns=0 (pico_gnss pico-gnss-rs/src/main.rs:358)
103.836529 [INFO ] PPSGEN count=98 interval_ns=1000002336 dev_ns=2336 phase_ns=-1830606 hwphase_ns=4336 trim_ppb=0 cfg=2 p_ns=271 d_ns=0 (pico_gnss pico-gnss-rs/src/main.rs:358)
104.836519 [INFO ] PPSGEN count=99 interval_ns=1000002336 dev_ns=2336 phase_ns=-1865606 hwphase_ns=4048 trim_ppb=0 cfg=2 p_ns=253 d_ns=0 (pico_gnss pico-gnss-rs/src/main.rs:358)
105.836547 [INFO ] PPSGEN count=100 interval_ns=1000002384 dev_ns=2384 phase_ns=-1854607 hwphase_ns=3808 trim_ppb=0 cfg=2 p_ns=238 d_ns=0 (pico_gnss pico-gnss-rs/src/main.rs:358)
106.836539 [INFO ] PPSGEN count=101 interval_ns=1000002384 dev_ns=2384 phase_ns=-1860607 hwphase_ns=3568 trim_ppb=0 cfg=2 p_ns=223 d_ns=0 (pico_gnss pico-gnss-rs/src/main.rs:358)
107.836548 [INFO ] PPSGEN count=102 interval_ns=1000002400 dev_ns=2400 phase_ns=-1841607 hwphase_ns=3344 trim_ppb=0 cfg=2 p_ns=209 d_ns=0 (pico_gnss pico-gnss-rs/src/main.rs:358)
108.836547 [INFO ] PPSGEN count=103 interval_ns=1000002416 dev_ns=2416 phase_ns=-1877608 hwphase_ns=3136 trim_ppb=0 cfg=2 p_ns=196 d_ns=0 (pico_gnss pico-gnss-rs/src/main.rs:358)
109.836543 [INFO ] PPSGEN count=104 interval_ns=1000002432 dev_ns=2432 phase_ns=-1848608 hwphase_ns=2960 trim_ppb=0 cfg=2 p_ns=185 d_ns=0 (pico_gnss pico-gnss-rs/src/main.rs:358)
110.836536 [INFO ] PPSGEN count=105 interval_ns=1000002448 dev_ns=2448 phase_ns=-1846608 hwphase_ns=2784 trim_ppb=0 cfg=2 p_ns=174 d_ns=0 (pico_gnss pico-gnss-rs/src/main.rs:358)
111.836556 [INFO ] PPSGEN count=106 interval_ns=1000002448 dev_ns=2448 phase_ns=-1851608 hwphase_ns=2608 trim_ppb=0 cfg=2 p_ns=163 d_ns=0 (pico_gnss pico-gnss-rs/src/main.rs:358)
112.836552 [INFO ] PPSGEN count=107 interval_ns=1000002480 dev_ns=2480 phase_ns=-1857609 hwphase_ns=2464 trim_ppb=0 cfg=2 p_ns=154 d_ns=0 (pico_gnss pico-gnss-rs/src/main.rs:358)
113.836540 [INFO ] PPSGEN count=108 interval_ns=1000002464 dev_ns=2464 phase_ns=-1868608 hwphase_ns=2320 trim_ppb=0 cfg=2 p_ns=145 d_ns=0 (pico_gnss pico-gnss-rs/src/main.rs:358)
114.836573 [INFO ] PPSGEN count=109 interval_ns=1000002496 dev_ns=2496 phase_ns=-1825609 hwphase_ns=2192 trim_ppb=0 cfg=2 p_ns=137 d_ns=0 (pico_gnss pico-gnss-rs/src/main.rs:358)
115.836559 [INFO ] PPSGEN count=110 interval_ns=1000002496 dev_ns=2496 phase_ns=-1875609 hwphase_ns=2064 trim_ppb=0 cfg=2 p_ns=129 d_ns=0 (pico_gnss pico-gnss-rs/src/main.rs:358)
116.836557 [INFO ] PPSGEN count=111 interval_ns=1000002496 dev_ns=2496 phase_ns=-1838609 hwphase_ns=1936 trim_ppb=0 cfg=2 p_ns=121 d_ns=0 (pico_gnss pico-gnss-rs/src/main.rs:358)
117.836571 [INFO ] PPSGEN count=112 interval_ns=1000002512 dev_ns=2512 phase_ns=-1842610 hwphase_ns=1824 trim_ppb=0 cfg=2 p_ns=114 d_ns=0 (pico_gnss pico-gnss-rs/src/main.rs:358)
118.836565 [INFO ] PPSGEN count=113 interval_ns=1000002512 dev_ns=2512 phase_ns=-1856610 hwphase_ns=1712 trim_ppb=0 cfg=2 p_ns=107 d_ns=0 (pico_gnss pico-gnss-rs/src/main.rs:358)
119.836575 [INFO ] PPSGEN count=114 interval_ns=1000002528 dev_ns=2528 phase_ns=-1853610 hwphase_ns=1616 trim_ppb=0 cfg=2 p_ns=101 d_ns=0 (pico_gnss pico-gnss-rs/src/main.rs:358)
120.836586 [INFO ] PPSGEN count=115 interval_ns=1000002544 dev_ns=2544 phase_ns=-1844610 hwphase_ns=1536 trim_ppb=0 cfg=2 p_ns=96 d_ns=0 (pico_gnss pico-gnss-rs/src/main.rs:358)
121.836562 [INFO ] PPSGEN count=116 interval_ns=1000002544 dev_ns=2544 phase_ns=-1844611 hwphase_ns=1456 trim_ppb=0 cfg=2 p_ns=91 d_ns=0 (pico_gnss pico-gnss-rs/src/main.rs:358)
122.836581 [INFO ] PPSGEN count=117 interval_ns=1000002544 dev_ns=2544 phase_ns=-1820611 hwphase_ns=1392 trim_ppb=0 cfg=2 p_ns=87 d_ns=0 (pico_gnss pico-gnss-rs/src/main.rs:358)
123.836565 [INFO ] PPSGEN count=118 interval_ns=1000002544 dev_ns=2544 phase_ns=-1836611 hwphase_ns=1312 trim_ppb=0 cfg=2 p_ns=82 d_ns=0 (pico_gnss pico-gnss-rs/src/main.rs:358)
124.836564 [INFO ] PPSGEN count=119 interval_ns=1000002560 dev_ns=2560 phase_ns=-1837611 hwphase_ns=1264 trim_ppb=0 cfg=2 p_ns=79 d_ns=0 (pico_gnss pico-gnss-rs/src/main.rs:358)
125.836570 [INFO ] PPSGEN count=120 interval_ns=1000002560 dev_ns=2560 phase_ns=-1802611 hwphase_ns=1200 trim_ppb=0 cfg=2 p_ns=75 d_ns=0 (pico_gnss pico-gnss-rs/src/main.rs:358)
126.836562 [INFO ] PPSGEN count=121 interval_ns=1000002576 dev_ns=2576 phase_ns=-1802611 hwphase_ns=1168 trim_ppb=0 cfg=2 p_ns=73 d_ns=0 (pico_gnss pico-gnss-rs/src/main.rs:358)
127.836563 [INFO ] PPSGEN count=122 interval_ns=1000002560 dev_ns=2560 phase_ns=-1838226 hwphase_ns=1120 trim_ppb=0 cfg=2 p_ns=70 d_ns=0 (pico_gnss pico-gnss-rs/src/main.rs:358)
128.836583 [INFO ] PPSGEN count=123 interval_ns=1000002576 dev_ns=2576 phase_ns=-1850225 hwphase_ns=1088 trim_ppb=0 cfg=2 p_ns=68 d_ns=0 (pico_gnss pico-gnss-rs/src/main.rs:358)
129.836673 [INFO ] PPSGEN count=124 interval_ns=1000002576 dev_ns=2576 phase_ns=-1806610 hwphase_ns=1040 trim_ppb=0 cfg=2 p_ns=65 d_ns=0 (pico_gnss pico-gnss-rs/src/main.rs:358)
130.836574 [INFO ] PPSGEN count=125 interval_ns=1000002576 dev_ns=2576 phase_ns=-1880225 hwphase_ns=1008 trim_ppb=0 cfg=2 p_ns=63 d_ns=0 (pico_gnss pico-gnss-rs/src/main.rs:358)
131.836592 [INFO ] PPSGEN count=126 interval_ns=1000002576 dev_ns=2576 phase_ns=-1841610 hwphase_ns=960 trim_ppb=0 cfg=2 p_ns=60 d_ns=0 (pico_gnss pico-gnss-rs/src/main.rs:358)
132.836611 [INFO ] PPSGEN count=127 interval_ns=1000002576 dev_ns=2576 phase_ns=-1818610 hwphase_ns=928 trim_ppb=0 cfg=2 p_ns=58 d_ns=0 (pico_gnss pico-gnss-rs/src/main.rs:358)
133.836623 [INFO ] PPSGEN count=128 interval_ns=1000002592 dev_ns=2592 phase_ns=-1887610 hwphase_ns=896 trim_ppb=0 cfg=2 p_ns=56 d_ns=0 (pico_gnss pico-gnss-rs/src/main.rs:358)
134.836652 [INFO ] PPSGEN count=129 interval_ns=1000002576 dev_ns=2576 phase_ns=-1886610 hwphase_ns=848 trim_ppb=0 cfg=2 p_ns=53 d_ns=0 (pico_gnss pico-gnss-rs/src/main.rs:358)
135.836606 [INFO ] PPSGEN count=130 interval_ns=1000002592 dev_ns=2592 phase_ns=-1857611 hwphase_ns=816 trim_ppb=0 cfg=2 p_ns=51 d_ns=0 (pico_gnss pico-gnss-rs/src/main.rs:358)
136.837510 [INFO ] PPSGEN count=131 interval_ns=1000002592 dev_ns=2592 phase_ns=-1037230 hwphase_ns=784 trim_ppb=-6 cfg=2 p_ns=49 d_ns=0 (pico_gnss pico-gnss-rs/src/main.rs:358)
137.836696 [INFO ] PPSGEN count=132 interval_ns=1000002576 dev_ns=2576 phase_ns=-2745609 hwphase_ns=736 trim_ppb=-11 cfg=2 p_ns=46 d_ns=0 (pico_gnss pico-gnss-rs/src/main.rs:358)
138.836684 [INFO ] PPSGEN count=133 interval_ns=1000002592 dev_ns=2592 phase_ns=-1948611 hwphase_ns=704 trim_ppb=-17 cfg=2 p_ns=44 d_ns=0 (pico_gnss pico-gnss-rs/src/main.rs:358)
139.836647 [INFO ] PPSGEN count=134 interval_ns=1000002592 dev_ns=2592 phase_ns=-2040227 hwphase_ns=688 trim_ppb=-22 cfg=2 p_ns=43 d_ns=0 (pico_gnss pico-gnss-rs/src/main.rs:358)
140.836674 [INFO ] PPSGEN count=135 interval_ns=1000002576 dev_ns=2576 phase_ns=-1993611 hwphase_ns=640 trim_ppb=-27 cfg=2 p_ns=40 d_ns=0 (pico_gnss pico-gnss-rs/src/main.rs:358)
141.836683 [INFO ] PPSGEN count=136 interval_ns=1000002576 dev_ns=2576 phase_ns=-2008611 hwphase_ns=592 trim_ppb=-32 cfg=2 p_ns=37 d_ns=0 (pico_gnss pico-gnss-rs/src/main.rs:358)
142.836688 [INFO ] PPSGEN count=137 interval_ns=1000002576 dev_ns=2576 phase_ns=-2028611 hwphase_ns=560 trim_ppb=-36 cfg=2 p_ns=35 d_ns=0 (pico_gnss pico-gnss-rs/src/main.rs:358)
143.836685 [INFO ] PPSGEN count=138 interval_ns=1000002576 dev_ns=2576 phase_ns=-2020611 hwphase_ns=512 trim_ppb=-40 cfg=2 p_ns=32 d_ns=0 (pico_gnss pico-gnss-rs/src/main.rs:358)
144.836702 [INFO ] PPSGEN count=139 interval_ns=1000002576 dev_ns=2576 phase_ns=-1989611 hwphase_ns=480 trim_ppb=-44 cfg=2 p_ns=30 d_ns=0 (pico_gnss pico-gnss-rs/src/main.rs:358)
145.836693 [INFO ] PPSGEN count=140 interval_ns=1000002560 dev_ns=2560 phase_ns=-2014611 hwphase_ns=416 trim_ppb=-47 cfg=2 p_ns=26 d_ns=0 (pico_gnss pico-gnss-rs/src/main.rs:358)
146.836701 [INFO ] PPSGEN count=141 interval_ns=1000002576 dev_ns=2576 phase_ns=-1975612 hwphase_ns=368 trim_ppb=-50 cfg=2 p_ns=23 d_ns=0 (pico_gnss pico-gnss-rs/src/main.rs:358)
147.836672 [INFO ] PPSGEN count=142 interval_ns=1000002576 dev_ns=2576 phase_ns=-2029611 hwphase_ns=336 trim_ppb=-53 cfg=2 p_ns=21 d_ns=0 (pico_gnss pico-gnss-rs/src/main.rs:358)
148.836705 [INFO ] PPSGEN count=143 interval_ns=1000002576 dev_ns=2576 phase_ns=-1970611 hwphase_ns=288 trim_ppb=-55 cfg=2 p_ns=18 d_ns=0 (pico_gnss pico-gnss-rs/src/main.rs:358)
149.836683 [INFO ] PPSGEN count=144 interval_ns=1000002560 dev_ns=2560 phase_ns=-2019612 hwphase_ns=224 trim_ppb=-57 cfg=2 p_ns=14 d_ns=0 (pico_gnss pico-gnss-rs/src/main.rs:358)
150.836693 [INFO ] PPSGEN count=145 interval_ns=1000002576 dev_ns=2576 phase_ns=-1922612 hwphase_ns=176 trim_ppb=-58 cfg=2 p_ns=11 d_ns=0 (pico_gnss pico-gnss-rs/src/main.rs:358)
151.836760 [INFO ] PPSGEN count=146 interval_ns=1000002576 dev_ns=2576 phase_ns=-1899612 hwphase_ns=144 trim_ppb=-59 cfg=2 p_ns=9 d_ns=0 (pico_gnss pico-gnss-rs/src/main.rs:358)
152.836715 [INFO ] PPSGEN count=147 interval_ns=1000002576 dev_ns=2576 phase_ns=-2044611 hwphase_ns=112 trim_ppb=-60 cfg=2 p_ns=7 d_ns=0 (pico_gnss pico-gnss-rs/src/main.rs:358)
153.836716 [INFO ] PPSGEN count=148 interval_ns=1000002576 dev_ns=2576 phase_ns=-1969612 hwphase_ns=64 trim_ppb=-61 cfg=2 p_ns=4 d_ns=0 (pico_gnss pico-gnss-rs/src/main.rs:358)
154.836714 [INFO ] PPSGEN count=149 interval_ns=1000002576 dev_ns=2576 phase_ns=-2004612 hwphase_ns=16 trim_ppb=-61 cfg=2 p_ns=1 d_ns=0 (pico_gnss pico-gnss-rs/src/main.rs:358)
155.836704 [INFO ] PPSGEN count=150 interval_ns=1000002576 dev_ns=2576 phase_ns=-1984611 hwphase_ns=-16 trim_ppb=-61 cfg=2 p_ns=-1 d_ns=0 (pico_gnss pico-gnss-rs/src/main.rs:358)
156.836707 [INFO ] PPSGEN count=151 interval_ns=1000002576 dev_ns=2576 phase_ns=-2123611 hwphase_ns=-64 trim_ppb=-60 cfg=2 p_ns=-4 d_ns=0 (pico_gnss pico-gnss-rs/src/main.rs:358)
157.836720 [INFO ] PPSGEN count=152 interval_ns=1000002592 dev_ns=2592 phase_ns=-2105611 hwphase_ns=-80 trim_ppb=-60 cfg=2 p_ns=-5 d_ns=0 (pico_gnss pico-gnss-rs/src/main.rs:358)
158.836721 [INFO ] PPSGEN count=153 interval_ns=1000002576 dev_ns=2576 phase_ns=-2128611 hwphase_ns=-128 trim_ppb=-59 cfg=2 p_ns=-8 d_ns=0 (pico_gnss pico-gnss-rs/src/main.rs:358)
159.836796 [INFO ] PPSGEN count=154 interval_ns=1000002576 dev_ns=2576 phase_ns=-2075612 hwphase_ns=-176 trim_ppb=-57 cfg=2 p_ns=-11 d_ns=0 (pico_gnss pico-gnss-rs/src/main.rs:358)
160.836712 [INFO ] PPSGEN count=155 interval_ns=1000002592 dev_ns=2592 phase_ns=-2137228 hwphase_ns=-192 trim_ppb=-56 cfg=2 p_ns=-12 d_ns=0 (pico_gnss pico-gnss-rs/src/main.rs:358)
161.836801 [INFO ] PPSGEN count=156 interval_ns=1000002592 dev_ns=2592 phase_ns=-2097611 hwphase_ns=-224 trim_ppb=-54 cfg=2 p_ns=-14 d_ns=0 (pico_gnss pico-gnss-rs/src/main.rs:358)
162.836703 [INFO ] PPSGEN count=157 interval_ns=1000002592 dev_ns=2592 phase_ns=-2140229 hwphase_ns=-256 trim_ppb=-52 cfg=2 p_ns=-16 d_ns=0 (pico_gnss pico-gnss-rs/src/main.rs:358)
163.836731 [INFO ] PPSGEN count=158 interval_ns=1000002592 dev_ns=2592 phase_ns=-2111611 hwphase_ns=-272 trim_ppb=-50 cfg=2 p_ns=-17 d_ns=0 (pico_gnss pico-gnss-rs/src/main.rs:358)
164.836702 [INFO ] PPSGEN count=159 interval_ns=1000002608 dev_ns=2608 phase_ns=-2150611 hwphase_ns=-288 trim_ppb=-48 cfg=2 p_ns=-18 d_ns=0 (pico_gnss pico-gnss-rs/src/main.rs:358)
165.836733 [INFO ] PPSGEN count=160 interval_ns=1000002608 dev_ns=2608 phase_ns=-2094612 hwphase_ns=-304 trim_ppb=-45 cfg=2 p_ns=-19 d_ns=0 (pico_gnss pico-gnss-rs/src/main.rs:358)
166.836748 [INFO ] PPSGEN count=161 interval_ns=1000002608 dev_ns=2608 phase_ns=-2135612 hwphase_ns=-320 trim_ppb=-43 cfg=2 p_ns=-20 d_ns=0 (pico_gnss pico-gnss-rs/src/main.rs:358)
167.836766 [INFO ] PPSGEN count=162 interval_ns=1000002608 dev_ns=2608 phase_ns=-2132612 hwphase_ns=-336 trim_ppb=-40 cfg=2 p_ns=-21 d_ns=0 (pico_gnss pico-gnss-rs/src/main.rs:358)
168.836739 [INFO ] PPSGEN count=163 interval_ns=1000002624 dev_ns=2624 phase_ns=-2148612 hwphase_ns=-336 trim_ppb=-37 cfg=2 p_ns=-21 d_ns=0 (pico_gnss pico-gnss-rs/src/main.rs:358)
169.836749 [INFO ] PPSGEN count=164 interval_ns=1000002608 dev_ns=2608 phase_ns=-2142612 hwphase_ns=-352 trim_ppb=-35 cfg=2 p_ns=-22 d_ns=0 (pico_gnss pico-gnss-rs/src/main.rs:358)
170.836774 [INFO ] PPSGEN count=165 interval_ns=1000002624 dev_ns=2624 phase_ns=-2138613 hwphase_ns=-352 trim_ppb=-32 cfg=2 p_ns=-22 d_ns=0 (pico_gnss pico-gnss-rs/src/main.rs:358)
171.836742 [INFO ] PPSGEN count=166 interval_ns=1000002624 dev_ns=2624 phase_ns=-2138613 hwphase_ns=-352 trim_ppb=-29 cfg=2 p_ns=-22 d_ns=0 (pico_gnss pico-gnss-rs/src/main.rs:358)
172.836760 [INFO ] PPSGEN count=167 interval_ns=1000002624 dev_ns=2624 phase_ns=-2117613 hwphase_ns=-352 trim_ppb=-26 cfg=2 p_ns=-22 d_ns=0 (pico_gnss pico-gnss-rs/src/main.rs:358)
173.836779 [INFO ] PPSGEN count=168 interval_ns=1000002640 dev_ns=2640 phase_ns=-2126613 hwphase_ns=-336 trim_ppb=-24 cfg=2 p_ns=-21 d_ns=0 (pico_gnss pico-gnss-rs/src/main.rs:358)
174.836741 [INFO ] PPSGEN count=169 interval_ns=1000002624 dev_ns=2624 phase_ns=-2170613 hwphase_ns=-336 trim_ppb=-21 cfg=2 p_ns=-21 d_ns=0 (pico_gnss pico-gnss-rs/src/main.rs:358)
175.836773 [INFO ] PPSGEN count=170 interval_ns=1000002640 dev_ns=2640 phase_ns=-2119613 hwphase_ns=-320 trim_ppb=-19 cfg=2 p_ns=-20 d_ns=0 (pico_gnss pico-gnss-rs/src/main.rs:358)
176.836780 [INFO ] PPSGEN count=171 interval_ns=1000002640 dev_ns=2640 phase_ns=-2148613 hwphase_ns=-304 trim_ppb=-16 cfg=2 p_ns=-19 d_ns=0 (pico_gnss pico-gnss-rs/src/main.rs:358)
177.836792 [INFO ] PPSGEN count=172 interval_ns=1000002640 dev_ns=2640 phase_ns=-2138614 hwphase_ns=-304 trim_ppb=-14 cfg=2 p_ns=-19 d_ns=0 (pico_gnss pico-gnss-rs/src/main.rs:358)
178.836785 [INFO ] PPSGEN count=173 interval_ns=1000002640 dev_ns=2640 phase_ns=-2140614 hwphase_ns=-272 trim_ppb=-12 cfg=2 p_ns=-17 d_ns=0 (pico_gnss pico-gnss-rs/src/main.rs:358)
179.836793 [INFO ] PPSGEN count=174 interval_ns=1000002640 dev_ns=2640 phase_ns=-2135614 hwphase_ns=-272 trim_ppb=-10 cfg=2 p_ns=-17 d_ns=0 (pico_gnss pico-gnss-rs/src/main.rs:358)
180.836773 [INFO ] PPSGEN count=175 interval_ns=1000002656 dev_ns=2656 phase_ns=-2139614 hwphase_ns=-224 trim_ppb=-8 cfg=2 p_ns=-14 d_ns=0 (pico_gnss pico-gnss-rs/src/main.rs:358)
181.836774 [INFO ] PPSGEN count=176 interval_ns=1000002640 dev_ns=2640 phase_ns=-2106614 hwphase_ns=-208 trim_ppb=-6 cfg=2 p_ns=-13 d_ns=0 (pico_gnss pico-gnss-rs/src/main.rs:358)
182.836794 [INFO ] PPSGEN count=177 interval_ns=1000002640 dev_ns=2640 phase_ns=-2113615 hwphase_ns=-208 trim_ppb=-5 cfg=2 p_ns=-13 d_ns=0 (pico_gnss pico-gnss-rs/src/main.rs:358)
183.836799 [INFO ] PPSGEN count=178 interval_ns=1000002656 dev_ns=2656 phase_ns=-2124614 hwphase_ns=-160 trim_ppb=-3 cfg=2 p_ns=-10 d_ns=0 (pico_gnss pico-gnss-rs/src/main.rs:358)
184.836790 [INFO ] PPSGEN count=179 interval_ns=1000002640 dev_ns=2640 phase_ns=-2121614 hwphase_ns=-144 trim_ppb=-2 cfg=2 p_ns=-9 d_ns=0 (pico_gnss pico-gnss-rs/src/main.rs:358)
185.836787 [INFO ] PPSGEN count=180 interval_ns=1000002656 dev_ns=2656 phase_ns=-2141614 hwphase_ns=-112 trim_ppb=-1 cfg=2 p_ns=-7 d_ns=0 (pico_gnss pico-gnss-rs/src/main.rs:358)
186.836815 [INFO ] PPSGEN count=181 interval_ns=1000002640 dev_ns=2640 phase_ns=-2095615 hwphase_ns=-96 trim_ppb=-1 cfg=2 p_ns=-6 d_ns=0 (pico_gnss pico-gnss-rs/src/main.rs:358)
187.836802 [INFO ] PPSGEN count=182 interval_ns=1000002656 dev_ns=2656 phase_ns=-2138615 hwphase_ns=-64 trim_ppb=0 cfg=2 p_ns=-4 d_ns=0 (pico_gnss pico-gnss-rs/src/main.rs:358)
188.836778 [INFO ] PPSGEN count=183 interval_ns=1000002640 dev_ns=2640 phase_ns=-2043615 hwphase_ns=-48 trim_ppb=0 cfg=2 p_ns=-3 d_ns=0 (pico_gnss pico-gnss-rs/src/main.rs:358)
189.836795 [INFO ] PPSGEN count=184 interval_ns=1000002640 dev_ns=2640 phase_ns=-1963615 hwphase_ns=-16 trim_ppb=0 cfg=2 p_ns=-1 d_ns=0 (pico_gnss pico-gnss-rs/src/main.rs:358)
190.836788 [INFO ] PPSGEN count=185 interval_ns=1000002640 dev_ns=2640 phase_ns=-1948615 hwphase_ns=0 trim_ppb=0 cfg=2 p_ns=0 d_ns=0 (pico_gnss pico-gnss-rs/src/main.rs:358)
191.836792 [INFO ] PPSGEN count=186 interval_ns=1000002656 dev_ns=2656 phase_ns=-2028235 hwphase_ns=48 trim_ppb=0 cfg=2 p_ns=3 d_ns=0 (pico_gnss pico-gnss-rs/src/main.rs:358)
192.836798 [INFO ] PPSGEN count=187 interval_ns=1000002640 dev_ns=2640 phase_ns=-1880615 hwphase_ns=64 trim_ppb=-1 cfg=2 p_ns=4 d_ns=0 (pico_gnss pico-gnss-rs/src/main.rs:358)
193.837140 [INFO ] PPSGEN count=188 interval_ns=1000002640 dev_ns=2640 phase_ns=-1622615 hwphase_ns=96 trim_ppb=-1 cfg=2 p_ns=6 d_ns=0 (pico_gnss pico-gnss-rs/src/main.rs:358)
194.836829 [INFO ] PPSGEN count=189 interval_ns=1000002640 dev_ns=2640 phase_ns=-2300614 hwphase_ns=112 trim_ppb=-2 cfg=2 p_ns=7 d_ns=0 (pico_gnss pico-gnss-rs/src/main.rs:358)
195.836810 [INFO ] PPSGEN count=190 interval_ns=1000002656 dev_ns=2656 phase_ns=-2025614 hwphase_ns=144 trim_ppb=-3 cfg=2 p_ns=9 d_ns=0 (pico_gnss pico-gnss-rs/src/main.rs:358)
196.836849 [INFO ] PPSGEN count=191 interval_ns=1000002640 dev_ns=2640 phase_ns=-1955614 hwphase_ns=176 trim_ppb=-5 cfg=2 p_ns=11 d_ns=0 (pico_gnss pico-gnss-rs/src/main.rs:358)
197.836819 [INFO ] PPSGEN count=192 interval_ns=1000002624 dev_ns=2624 phase_ns=-2029614 hwphase_ns=176 trim_ppb=-6 cfg=2 p_ns=11 d_ns=0 (pico_gnss pico-gnss-rs/src/main.rs:358)
198.836825 [INFO ] PPSGEN count=193 interval_ns=1000002640 dev_ns=2640 phase_ns=-1974614 hwphase_ns=208 trim_ppb=-8 cfg=2 p_ns=13 d_ns=0 (pico_gnss pico-gnss-rs/src/main.rs:358)
199.836859 [INFO ] PPSGEN count=194 interval_ns=1000002624 dev_ns=2624 phase_ns=-1973234 hwphase_ns=208 trim_ppb=-9 cfg=2 p_ns=13 d_ns=0 (pico_gnss pico-gnss-rs/src/main.rs:358)
200.836896 [INFO ] PPSGEN count=195 interval_ns=1000002624 dev_ns=2624 phase_ns=-1970614 hwphase_ns=224 trim_ppb=-11 cfg=2 p_ns=14 d_ns=0 (pico_gnss pico-gnss-rs/src/main.rs:358)
201.836828 [INFO ] PPSGEN count=196 interval_ns=1000002624 dev_ns=2624 phase_ns=-2028233 hwphase_ns=224 trim_ppb=-13 cfg=2 p_ns=14 d_ns=0 (pico_gnss pico-gnss-rs/src/main.rs:358)
202.836843 [INFO ] PPSGEN count=197 interval_ns=1000002624 dev_ns=2624 phase_ns=-1974613 hwphase_ns=240 trim_ppb=-15 cfg=2 p_ns=15 d_ns=0 (pico_gnss pico-gnss-rs/src/main.rs:358)
203.836849 [INFO ] PPSGEN count=198 interval_ns=1000002624 dev_ns=2624 phase_ns=-1958613 hwphase_ns=256 trim_ppb=-17 cfg=2 p_ns=16 d_ns=0 (pico_gnss pico-gnss-rs/src/main.rs:358)
204.837231 [INFO ] PPSGEN count=199 interval_ns=1000002624 dev_ns=2624 phase_ns=-1504615 hwphase_ns=256 trim_ppb=-19 cfg=2 p_ns=16 d_ns=0 (pico_gnss pico-gnss-rs/src/main.rs:358)
205.836825 [INFO ] PPSGEN count=200 interval_ns=1000002608 dev_ns=2608 phase_ns=-2380612 hwphase_ns=256 trim_ppb=-21 cfg=2 p_ns=16 d_ns=0 (pico_gnss pico-gnss-rs/src/main.rs:358)
206.836852 [INFO ] PPSGEN count=201 interval_ns=1000002592 dev_ns=2592 phase_ns=-1943613 hwphase_ns=224 trim_ppb=-22 cfg=2 p_ns=14 d_ns=0 (pico_gnss pico-gnss-rs/src/main.rs:358)
207.836827 [INFO ] PPSGEN count=202 interval_ns=1000002608 dev_ns=2608 phase_ns=-1986613 hwphase_ns=208 trim_ppb=-24 cfg=2 p_ns=13 d_ns=0 (pico_gnss pico-gnss-rs/src/main.rs:358)
208.837552 [INFO ] PPSGEN count=203 interval_ns=1000002624 dev_ns=2624 phase_ns=-1219615 hwphase_ns=224 trim_ppb=-26 cfg=2 p_ns=14 d_ns=0 (pico_gnss pico-gnss-rs/src/main.rs:358)
209.836843 [INFO ] PPSGEN count=204 interval_ns=1000002608 dev_ns=2608 phase_ns=-2649611 hwphase_ns=224 trim_ppb=-28 cfg=2 p_ns=14 d_ns=0 (pico_gnss pico-gnss-rs/src/main.rs:358)
210.836859 [INFO ] PPSGEN count=205 interval_ns=1000002608 dev_ns=2608 phase_ns=-1951612 hwphase_ns=224 trim_ppb=-29 cfg=2 p_ns=14 d_ns=0 (pico_gnss pico-gnss-rs/src/main.rs:358)
211.836866 [INFO ] PPSGEN count=206 interval_ns=1000002608 dev_ns=2608 phase_ns=-1986612 hwphase_ns=224 trim_ppb=-31 cfg=2 p_ns=14 d_ns=0 (pico_gnss pico-gnss-rs/src/main.rs:358)
212.836845 [INFO ] PPSGEN count=207 interval_ns=1000002592 dev_ns=2592 phase_ns=-1990612 hwphase_ns=192 trim_ppb=-33 cfg=2 p_ns=12 d_ns=0 (pico_gnss pico-gnss-rs/src/main.rs:358)
213.836865 [INFO ] PPSGEN count=208 interval_ns=1000002608 dev_ns=2608 phase_ns=-1949612 hwphase_ns=176 trim_ppb=-34 cfg=2 p_ns=11 d_ns=0 (pico_gnss pico-gnss-rs/src/main.rs:358)
214.836882 [INFO ] PPSGEN count=209 interval_ns=1000002608 dev_ns=2608 phase_ns=-1923612 hwphase_ns=192 trim_ppb=-35 cfg=2 p_ns=12 d_ns=0 (pico_gnss pico-gnss-rs/src/main.rs:358)
215.836857 [INFO ] PPSGEN count=210 interval_ns=1000002592 dev_ns=2592 phase_ns=-1988612 hwphase_ns=160 trim_ppb=-37 cfg=2 p_ns=10 d_ns=0 (pico_gnss pico-gnss-rs/src/main.rs:358)
216.836869 [INFO ] PPSGEN count=211 interval_ns=1000002592 dev_ns=2592 phase_ns=-1961611 hwphase_ns=144 trim_ppb=-38 cfg=2 p_ns=9 d_ns=0 (pico_gnss pico-gnss-rs/src/main.rs:358)
217.836877 [INFO ] PPSGEN count=212 interval_ns=1000002608 dev_ns=2608 phase_ns=-1962612 hwphase_ns=128 trim_ppb=-39 cfg=2 p_ns=8 d_ns=0 (pico_gnss pico-gnss-rs/src/main.rs:358)
218.836885 [INFO ] PPSGEN count=213 interval_ns=1000002592 dev_ns=2592 phase_ns=-1951611 hwphase_ns=112 trim_ppb=-40 cfg=2 p_ns=7 d_ns=0 (pico_gnss pico-gnss-rs/src/main.rs:358)
219.836868 [INFO ] PPSGEN count=214 interval_ns=1000002592 dev_ns=2592 phase_ns=-2007611 hwphase_ns=96 trim_ppb=-40 cfg=2 p_ns=6 d_ns=0 (pico_gnss pico-gnss-rs/src/main.rs:358)
220.836868 [INFO ] PPSGEN count=215 interval_ns=1000002608 dev_ns=2608 phase_ns=-1960611 hwphase_ns=80 trim_ppb=-41 cfg=2 p_ns=5 d_ns=0 (pico_gnss pico-gnss-rs/src/main.rs:358)
221.836881 [INFO ] PPSGEN count=216 interval_ns=1000002592 dev_ns=2592 phase_ns=-1951611 hwphase_ns=64 trim_ppb=-42 cfg=2 p_ns=4 d_ns=0 (pico_gnss pico-gnss-rs/src/main.rs:358)
222.836881 [INFO ] PPSGEN count=217 interval_ns=1000002608 dev_ns=2608 phase_ns=-1990611 hwphase_ns=64 trim_ppb=-42 cfg=2 p_ns=4 d_ns=0 (pico_gnss pico-gnss-rs/src/main.rs:358)
223.836867 [INFO ] PPSGEN count=218 interval_ns=1000002592 dev_ns=2592 phase_ns=-2010228 hwphase_ns=32 trim_ppb=-42 cfg=2 p_ns=2 d_ns=0 (pico_gnss pico-gnss-rs/src/main.rs:358)
224.836986 [INFO ] PPSGEN count=219 interval_ns=1000002592 dev_ns=2592 phase_ns=-1911611 hwphase_ns=16 trim_ppb=-42 cfg=2 p_ns=1 d_ns=0 (pico_gnss pico-gnss-rs/src/main.rs:358)
225.836900 [INFO ] PPSGEN count=220 interval_ns=1000002608 dev_ns=2608 phase_ns=-2011611 hwphase_ns=0 trim_ppb=-42 cfg=2 p_ns=0 d_ns=0 (pico_gnss pico-gnss-rs/src/main.rs:358)
226.836900 [INFO ] PPSGEN count=221 interval_ns=1000002592 dev_ns=2592 phase_ns=-1904611 hwphase_ns=-16 trim_ppb=-42 cfg=2 p_ns=-1 d_ns=0 (pico_gnss pico-gnss-rs/src/main.rs:358)
227.836884 [INFO ] PPSGEN count=222 interval_ns=1000002592 dev_ns=2592 phase_ns=-2103611 hwphase_ns=-48 trim_ppb=-42 cfg=2 p_ns=-3 d_ns=0 (pico_gnss pico-gnss-rs/src/main.rs:358)
228.836900 [INFO ] PPSGEN count=223 interval_ns=1000002608 dev_ns=2608 phase_ns=-2096611 hwphase_ns=-64 trim_ppb=-41 cfg=2 p_ns=-4 d_ns=0 (pico_gnss pico-gnss-rs/src/main.rs:358)
229.836892 [INFO ] PPSGEN count=224 interval_ns=1000002592 dev_ns=2592 phase_ns=-2041611 hwphase_ns=-80 trim_ppb=-41 cfg=2 p_ns=-5 d_ns=0 (pico_gnss pico-gnss-rs/src/main.rs:358)
230.836892 [INFO ] PPSGEN count=225 interval_ns=1000002608 dev_ns=2608 phase_ns=-2112228 hwphase_ns=-96 trim_ppb=-40 cfg=2 p_ns=-6 d_ns=0 (pico_gnss pico-gnss-rs/src/main.rs:358)
231.836982 [INFO ] PPSGEN count=226 interval_ns=1000002592 dev_ns=2592 phase_ns=-2056611 hwphase_ns=-112 trim_ppb=-39 cfg=2 p_ns=-7 d_ns=0 (pico_gnss pico-gnss-rs/src/main.rs:358)
232.836927 [INFO ] PPSGEN count=227 interval_ns=1000002608 dev_ns=2608 phase_ns=-2145610 hwphase_ns=-112 trim_ppb=-38 cfg=2 p_ns=-7 d_ns=0 (pico_gnss pico-gnss-rs/src/main.rs:358)
233.836906 [INFO ] PPSGEN count=228 interval_ns=1000002592 dev_ns=2592 phase_ns=-2214227 hwphase_ns=-144 trim_ppb=-37 cfg=2 p_ns=-9 d_ns=0 (pico_gnss pico-gnss-rs/src/main.rs:358)
234.836915 [INFO ] PPSGEN count=229 interval_ns=1000002608 dev_ns=2608 phase_ns=-2140610 hwphase_ns=-144 trim_ppb=-36 cfg=2 p_ns=-9 d_ns=0 (pico_gnss pico-gnss-rs/src/main.rs:358)
235.836910 [INFO ] PPSGEN count=230 interval_ns=1000002608 dev_ns=2608 phase_ns=-2134610 hwphase_ns=-160 trim_ppb=-35 cfg=2 p_ns=-10 d_ns=0 (pico_gnss pico-gnss-rs/src/main.rs:358)
236.836986 [INFO ] PPSGEN count=231 interval_ns=1000002608 dev_ns=2608 phase_ns=-2076611 hwphase_ns=-176 trim_ppb=-33 cfg=2 p_ns=-11 d_ns=0 (pico_gnss pico-gnss-rs/src/main.rs:358)
237.836923 [INFO ] PPSGEN count=232 interval_ns=1000002608 dev_ns=2608 phase_ns=-2171611 hwphase_ns=-192 trim_ppb=-32 cfg=2 p_ns=-12 d_ns=0 (pico_gnss pico-gnss-rs/src/main.rs:358)
238.836933 [INFO ] PPSGEN count=233 interval_ns=1000002624 dev_ns=2624 phase_ns=-2100611 hwphase_ns=-176 trim_ppb=-31 cfg=2 p_ns=-11 d_ns=0 (pico_gnss pico-gnss-rs/src/main.rs:358)
239.836920 [INFO ] PPSGEN count=234 interval_ns=1000002608 dev_ns=2608 phase_ns=-2095611 hwphase_ns=-192 trim_ppb=-29 cfg=2 p_ns=-12 d_ns=0 (pico_gnss pico-gnss-rs/src/main.rs:358)
240.836918 [INFO ] PPSGEN count=235 interval_ns=1000002624 dev_ns=2624 phase_ns=-2134227 hwphase_ns=-176 trim_ppb=-28 cfg=2 p_ns=-11 d_ns=0 (pico_gnss pico-gnss-rs/src/main.rs:358)
241.836923 [INFO ] PPSGEN count=236 interval_ns=1000002624 dev_ns=2624 phase_ns=-2120611 hwphase_ns=-176 trim_ppb=-26 cfg=2 p_ns=-11 d_ns=0 (pico_gnss pico-gnss-rs/src/main.rs:358)
242.836952 [INFO ] PPSGEN count=237 interval_ns=1000002624 dev_ns=2624 phase_ns=-2090611 hwphase_ns=-176 trim_ppb=-25 cfg=2 p_ns=-11 d_ns=0 (pico_gnss pico-gnss-rs/src/main.rs:358)
243.836944 [INFO ] PPSGEN count=238 interval_ns=1000002608 dev_ns=2608 phase_ns=-2147611 hwphase_ns=-192 trim_ppb=-23 cfg=2 p_ns=-12 d_ns=0 (pico_gnss pico-gnss-rs/src/main.rs:358)
244.836949 [INFO ] PPSGEN count=239 interval_ns=1000002624 dev_ns=2624 phase_ns=-2126611 hwphase_ns=-192 trim_ppb=-22 cfg=2 p_ns=-12 d_ns=0 (pico_gnss pico-gnss-rs/src/main.rs:358)
245.836937 [INFO ] PPSGEN count=240 interval_ns=1000002624 dev_ns=2624 phase_ns=-2142611 hwphase_ns=-176 trim_ppb=-21 cfg=2 p_ns=-11 d_ns=0 (pico_gnss pico-gnss-rs/src/main.rs:358)
246.836941 [INFO ] PPSGEN count=241 interval_ns=1000002640 dev_ns=2640 phase_ns=-2120611 hwphase_ns=-160 trim_ppb=-19 cfg=2 p_ns=-10 d_ns=0 (pico_gnss pico-gnss-rs/src/main.rs:358)
247.836942 [INFO ] PPSGEN count=242 interval_ns=1000002624 dev_ns=2624 phase_ns=-2136611 hwphase_ns=-144 trim_ppb=-18 cfg=2 p_ns=-9 d_ns=0 (pico_gnss pico-gnss-rs/src/main.rs:358)
248.836979 [INFO ] PPSGEN count=243 interval_ns=1000002624 dev_ns=2624 phase_ns=-2083611 hwphase_ns=-144 trim_ppb=-17 cfg=2 p_ns=-9 d_ns=0 (pico_gnss pico-gnss-rs/src/main.rs:358)
249.836925 [INFO ] PPSGEN count=244 interval_ns=1000002640 dev_ns=2640 phase_ns=-2165611 hwphase_ns=-112 trim_ppb=-16 cfg=2 p_ns=-7 d_ns=0 (pico_gnss pico-gnss-rs/src/main.rs:358)
250.836967 [INFO ] PPSGEN count=245 interval_ns=1000002624 dev_ns=2624 phase_ns=-2039612 hwphase_ns=-128 trim_ppb=-15 cfg=2 p_ns=-8 d_ns=0 (pico_gnss pico-gnss-rs/src/main.rs:358)
251.837324 [INFO ] PPSGEN count=246 interval_ns=1000002624 dev_ns=2624 phase_ns=-1703612 hwphase_ns=-112 trim_ppb=-14 cfg=2 p_ns=-7 d_ns=0 (pico_gnss pico-gnss-rs/src/main.rs:358)
252.836950 [INFO ] PPSGEN count=247 interval_ns=1000002640 dev_ns=2640 phase_ns=-2128229 hwphase_ns=-96 trim_ppb=-14 cfg=2 p_ns=-6 d_ns=0 (pico_gnss pico-gnss-rs/src/main.rs:358)
253.836979 [INFO ] PPSGEN count=248 interval_ns=1000002624 dev_ns=2624 phase_ns=-2078611 hwphase_ns=-80 trim_ppb=-13 cfg=2 p_ns=-5 d_ns=0 (pico_gnss pico-gnss-rs/src/main.rs:358)
254.836975 [INFO ] PPSGEN count=249 interval_ns=1000002624 dev_ns=2624 phase_ns=-2121612 hwphase_ns=-80 trim_ppb=-12 cfg=2 p_ns=-5 d_ns=0 (pico_gnss pico-gnss-rs/src/main.rs:358)
255.836976 [INFO ] PPSGEN count=250 interval_ns=1000002624 dev_ns=2624 phase_ns=-2119611 hwphase_ns=-64 trim_ppb=-12 cfg=2 p_ns=-4 d_ns=0 (pico_gnss pico-gnss-rs/src/main.rs:358)
256.836967 [INFO ] PPSGEN count=251 interval_ns=1000002640 dev_ns=2640 phase_ns=-2140611 hwphase_ns=-48 trim_ppb=-11 cfg=2 p_ns=-3 d_ns=0 (pico_gnss pico-gnss-rs/src/main.rs:358)
257.836989 [INFO ] PPSGEN count=252 interval_ns=1000002624 dev_ns=2624 phase_ns=-2115612 hwphase_ns=-48 trim_ppb=-11 cfg=2 p_ns=-3 d_ns=0 (pico_gnss pico-gnss-rs/src/main.rs:358)
258.836995 [INFO ] PPSGEN count=253 interval_ns=1000002624 dev_ns=2624 phase_ns=-2159611 hwphase_ns=-32 trim_ppb=-11 cfg=2 p_ns=-2 d_ns=0 (pico_gnss pico-gnss-rs/src/main.rs:358)
259.836998 [INFO ] PPSGEN count=254 interval_ns=1000002640 dev_ns=2640 phase_ns=-2155611 hwphase_ns=-16 trim_ppb=-11 cfg=2 p_ns=-1 d_ns=0 (pico_gnss pico-gnss-rs/src/main.rs:358)
260.836983 [INFO ] PPSGEN count=255 interval_ns=1000002624 dev_ns=2624 phase_ns=-2150612 hwphase_ns=-16 trim_ppb=-11 cfg=2 p_ns=-1 d_ns=0 (pico_gnss pico-gnss-rs/src/main.rs:358)
261.837002 [INFO ] PPSGEN count=256 interval_ns=1000002640 dev_ns=2640 phase_ns=-2110612 hwphase_ns=0 trim_ppb=-11 cfg=2 p_ns=0 d_ns=0 (pico_gnss pico-gnss-rs/src/main.rs:358)
262.836986 [INFO ] PPSGEN count=257 interval_ns=1000002624 dev_ns=2624 phase_ns=-1969612 hwphase_ns=16 trim_ppb=-11 cfg=2 p_ns=1 d_ns=0 (pico_gnss pico-gnss-rs/src/main.rs:358)
263.836985 [INFO ] PPSGEN count=258 interval_ns=1000002624 dev_ns=2624 phase_ns=-1993612 hwphase_ns=16 trim_ppb=-11 cfg=2 p_ns=1 d_ns=0 (pico_gnss pico-gnss-rs/src/main.rs:358)
264.836999 [INFO ] PPSGEN count=259 interval_ns=1000002640 dev_ns=2640 phase_ns=-1994612 hwphase_ns=48 trim_ppb=-11 cfg=2 p_ns=3 d_ns=0 (pico_gnss pico-gnss-rs/src/main.rs:358)
265.836993 [INFO ] PPSGEN count=260 interval_ns=1000002624 dev_ns=2624 phase_ns=-2023612 hwphase_ns=48 trim_ppb=-12 cfg=2 p_ns=3 d_ns=0 (pico_gnss pico-gnss-rs/src/main.rs:358)
266.837004 [INFO ] PPSGEN count=261 interval_ns=1000002640 dev_ns=2640 phase_ns=-1981612 hwphase_ns=80 trim_ppb=-12 cfg=2 p_ns=5 d_ns=0 (pico_gnss pico-gnss-rs/src/main.rs:358)
267.837040 [INFO ] PPSGEN count=262 interval_ns=1000002624 dev_ns=2624 phase_ns=-1962612 hwphase_ns=80 trim_ppb=-13 cfg=2 p_ns=5 d_ns=0 (pico_gnss pico-gnss-rs/src/main.rs:358)
268.836994 [INFO ] PPSGEN count=263 interval_ns=1000002624 dev_ns=2624 phase_ns=-2022612 hwphase_ns=80 trim_ppb=-13 cfg=2 p_ns=5 d_ns=0 (pico_gnss pico-gnss-rs/src/main.rs:358)
269.837004 [INFO ] PPSGEN count=264 interval_ns=1000002640 dev_ns=2640 phase_ns=-2027231 hwphase_ns=80 trim_ppb=-14 cfg=2 p_ns=5 d_ns=0 (pico_gnss pico-gnss-rs/src/main.rs:358)
270.837007 [INFO ] PPSGEN count=265 interval_ns=1000002624 dev_ns=2624 phase_ns=-1990613 hwphase_ns=80 trim_ppb=-15 cfg=2 p_ns=5 d_ns=0 (pico_gnss pico-gnss-rs/src/main.rs:358)
271.837028 [INFO ] PPSGEN count=266 interval_ns=1000002624 dev_ns=2624 phase_ns=-1975613 hwphase_ns=96 trim_ppb=-15 cfg=2 p_ns=6 d_ns=0 (pico_gnss pico-gnss-rs/src/main.rs:358)
272.837067 [INFO ] PPSGEN count=267 interval_ns=1000002624 dev_ns=2624 phase_ns=-2004613 hwphase_ns=96 trim_ppb=-16 cfg=2 p_ns=6 d_ns=0 (pico_gnss pico-gnss-rs/src/main.rs:358)
273.837018 [INFO ] PPSGEN count=268 interval_ns=1000002640 dev_ns=2640 phase_ns=-1997613 hwphase_ns=112 trim_ppb=-17 cfg=2 p_ns=7 d_ns=0 (pico_gnss pico-gnss-rs/src/main.rs:358)
274.837015 [INFO ] PPSGEN count=269 interval_ns=1000002624 dev_ns=2624 phase_ns=-2057232 hwphase_ns=112 trim_ppb=-18 cfg=2 p_ns=7 d_ns=0 (pico_gnss pico-gnss-rs/src/main.rs:358)
275.837029 [INFO ] PPSGEN count=270 interval_ns=1000002608 dev_ns=2608 phase_ns=-1971613 hwphase_ns=112 trim_ppb=-19 cfg=2 p_ns=7 d_ns=0 (pico_gnss pico-gnss-rs/src/main.rs:358)
276.837077 [INFO ] PPSGEN count=271 interval_ns=1000002624 dev_ns=2624 phase_ns=-1985614 hwphase_ns=96 trim_ppb=-20 cfg=2 p_ns=6 d_ns=0 (pico_gnss pico-gnss-rs/src/main.rs:358)
277.837024 [INFO ] PPSGEN count=272 interval_ns=1000002624 dev_ns=2624 phase_ns=-2059613 hwphase_ns=96 trim_ppb=-20 cfg=2 p_ns=6 d_ns=0 (pico_gnss pico-gnss-rs/src/main.rs:358)
278.837019 [INFO ] PPSGEN count=273 interval_ns=1000002624 dev_ns=2624 phase_ns=-2087233 hwphase_ns=96 trim_ppb=-21 cfg=2 p_ns=6 d_ns=0 (pico_gnss pico-gnss-rs/src/main.rs:358)
279.837036 [INFO ] PPSGEN count=274 interval_ns=1000002624 dev_ns=2624 phase_ns=-1986614 hwphase_ns=80 trim_ppb=-22 cfg=2 p_ns=5 d_ns=0 (pico_gnss pico-gnss-rs/src/main.rs:358)
280.837061 [INFO ] PPSGEN count=275 interval_ns=1000002624 dev_ns=2624 phase_ns=-1974615 hwphase_ns=80 trim_ppb=-22 cfg=2 p_ns=5 d_ns=0 (pico_gnss pico-gnss-rs/src/main.rs:358)
281.837041 [INFO ] PPSGEN count=276 interval_ns=1000002624 dev_ns=2624 phase_ns=-2009615 hwphase_ns=80 trim_ppb=-23 cfg=2 p_ns=5 d_ns=0 (pico_gnss pico-gnss-rs/src/main.rs:358)
282.837114 [INFO ] PPSGEN count=277 interval_ns=1000002624 dev_ns=2624 phase_ns=-1962615 hwphase_ns=64 trim_ppb=-23 cfg=2 p_ns=4 d_ns=0 (pico_gnss pico-gnss-rs/src/main.rs:358)
283.837028 [INFO ] PPSGEN count=278 interval_ns=1000002624 dev_ns=2624 phase_ns=-1987236 hwphase_ns=64 trim_ppb=-24 cfg=2 p_ns=4 d_ns=0 (pico_gnss pico-gnss-rs/src/main.rs:358)
284.837048 [INFO ] PPSGEN count=279 interval_ns=1000002608 dev_ns=2608 phase_ns=-1972616 hwphase_ns=48 trim_ppb=-24 cfg=2 p_ns=3 d_ns=0 (pico_gnss pico-gnss-rs/src/main.rs:358)
285.837094 [INFO ] PPSGEN count=280 interval_ns=1000002624 dev_ns=2624 phase_ns=-1964616 hwphase_ns=32 trim_ppb=-25 cfg=2 p_ns=2 d_ns=0 (pico_gnss pico-gnss-rs/src/main.rs:358)
286.837081 [INFO ] PPSGEN count=281 interval_ns=1000002624 dev_ns=2624 phase_ns=-1953616 hwphase_ns=32 trim_ppb=-25 cfg=2 p_ns=2 d_ns=0 (pico_gnss pico-gnss-rs/src/main.rs:358)
287.837039 [INFO ] PPSGEN count=282 interval_ns=1000002624 dev_ns=2624 phase_ns=-2038238 hwphase_ns=32 trim_ppb=-25 cfg=2 p_ns=2 d_ns=0 (pico_gnss pico-gnss-rs/src/main.rs:358)
288.837061 [INFO ] PPSGEN count=283 interval_ns=1000002608 dev_ns=2608 phase_ns=-1957616 hwphase_ns=16 trim_ppb=-25 cfg=2 p_ns=1 d_ns=0 (pico_gnss pico-gnss-rs/src/main.rs:358)
289.837064 [INFO ] PPSGEN count=284 interval_ns=1000002624 dev_ns=2624 phase_ns=-1993616 hwphase_ns=16 trim_ppb=-25 cfg=2 p_ns=1 d_ns=0 (pico_gnss pico-gnss-rs/src/main.rs:358)
290.837054 [INFO ] PPSGEN count=285 interval_ns=1000002624 dev_ns=2624 phase_ns=-1966617 hwphase_ns=0 trim_ppb=-25 cfg=2 p_ns=0 d_ns=0 (pico_gnss pico-gnss-rs/src/main.rs:358)
291.837075 [INFO ] PPSGEN count=286 interval_ns=1000002624 dev_ns=2624 phase_ns=-1947617 hwphase_ns=16 trim_ppb=-25 cfg=2 p_ns=1 d_ns=0 (pico_gnss pico-gnss-rs/src/main.rs:358)
292.837089 [INFO ] PPSGEN count=287 interval_ns=1000002624 dev_ns=2624 phase_ns=-1979617 hwphase_ns=0 trim_ppb=-25 cfg=2 p_ns=0 d_ns=0 (pico_gnss pico-gnss-rs/src/main.rs:358)
293.837045 [INFO ] PPSGEN count=288 interval_ns=1000002608 dev_ns=2608 phase_ns=-1992617 hwphase_ns=-16 trim_ppb=-25 cfg=2 p_ns=-1 d_ns=0 (pico_gnss pico-gnss-rs/src/main.rs:358)
294.837060 [INFO ] PPSGEN count=289 interval_ns=1000002624 dev_ns=2624 phase_ns=-2079617 hwphase_ns=-16 trim_ppb=-25 cfg=2 p_ns=-1 d_ns=0 (pico_gnss pico-gnss-rs/src/main.rs:358)
295.837054 [INFO ] PPSGEN count=290 interval_ns=1000002624 dev_ns=2624 phase_ns=-2132240 hwphase_ns=-16 trim_ppb=-25 cfg=2 p_ns=-1 d_ns=0 (pico_gnss pico-gnss-rs/src/main.rs:358)
296.837073 [INFO ] PPSGEN count=291 interval_ns=1000002624 dev_ns=2624 phase_ns=-2122617 hwphase_ns=-16 trim_ppb=-25 cfg=2 p_ns=-1 d_ns=0 (pico_gnss pico-gnss-rs/src/main.rs:358)
297.837169 [INFO ] PPSGEN count=292 interval_ns=1000002624 dev_ns=2624 phase_ns=-2088617 hwphase_ns=-32 trim_ppb=-25 cfg=2 p_ns=-2 d_ns=0 (pico_gnss pico-gnss-rs/src/main.rs:358)
298.837065 [INFO ] PPSGEN count=293 interval_ns=1000002624 dev_ns=2624 phase_ns=-2139242 hwphase_ns=-48 trim_ppb=-24 cfg=2 p_ns=-3 d_ns=0 (pico_gnss pico-gnss-rs/src/main.rs:358)
299.837084 [INFO ] PPSGEN count=294 interval_ns=1000002608 dev_ns=2608 phase_ns=-2118618 hwphase_ns=-64 trim_ppb=-24 cfg=2 p_ns=-4 d_ns=0 (pico_gnss pico-gnss-rs/src/main.rs:358)
300.837180 [INFO ] PPSGEN count=295 interval_ns=1000002624 dev_ns=2624 phase_ns=-2091618 hwphase_ns=-64 trim_ppb=-23 cfg=2 p_ns=-4 d_ns=0 (pico_gnss pico-gnss-rs/src/main.rs:358)
301.837063 [INFO ] PPSGEN count=296 interval_ns=1000002624 dev_ns=2624 phase_ns=-2160243 hwphase_ns=-80 trim_ppb=-23 cfg=2 p_ns=-5 d_ns=0 (pico_gnss pico-gnss-rs/src/main.rs:358)
302.837115 [INFO ] PPSGEN count=297 interval_ns=1000002624 dev_ns=2624 phase_ns=-2098618 hwphase_ns=-80 trim_ppb=-22 cfg=2 p_ns=-5 d_ns=0 (pico_gnss pico-gnss-rs/src/main.rs:358)
303.837120 [INFO ] PPSGEN count=298 interval_ns=1000002624 dev_ns=2624 phase_ns=-2131619 hwphase_ns=-96 trim_ppb=-21 cfg=2 p_ns=-6 d_ns=0 (pico_gnss pico-gnss-rs/src/main.rs:358)
304.837171 [INFO ] PPSGEN count=299 interval_ns=1000002640 dev_ns=2640 phase_ns=-2112619 hwphase_ns=-80 trim_ppb=-21 cfg=2 p_ns=-5 d_ns=0 (pico_gnss pico-gnss-rs/src/main.rs:358)
305.837077 [INFO ] PPSGEN count=300 interval_ns=1000002624 dev_ns=2624 phase_ns=-2233618 hwphase_ns=-80 trim_ppb=-20 cfg=2 p_ns=-5 d_ns=0 (pico_gnss pico-gnss-rs/src/main.rs:358)
306.837098 [INFO ] PPSGEN count=301 interval_ns=1000002624 dev_ns=2624 phase_ns=-2210244 hwphase_ns=-96 trim_ppb=-19 cfg=2 p_ns=-6 d_ns=0 (pico_gnss pico-gnss-rs/src/main.rs:358)
307.837124 [INFO ] PPSGEN count=302 interval_ns=1000002624 dev_ns=2624 phase_ns=-2133619 hwphase_ns=-96 trim_ppb=-19 cfg=2 p_ns=-6 d_ns=0 (pico_gnss pico-gnss-rs/src/main.rs:358)
308.837199 [INFO ] PPSGEN count=303 interval_ns=1000002640 dev_ns=2640 phase_ns=-2107619 hwphase_ns=-80 trim_ppb=-18 cfg=2 p_ns=-5 d_ns=0 (pico_gnss pico-gnss-rs/src/main.rs:358)
309.837119 [INFO ] PPSGEN count=304 interval_ns=1000002624 dev_ns=2624 phase_ns=-2161619 hwphase_ns=-80 trim_ppb=-17 cfg=2 p_ns=-5 d_ns=0 (pico_gnss pico-gnss-rs/src/main.rs:358)
310.837108 [INFO ] PPSGEN count=305 interval_ns=1000002624 dev_ns=2624 phase_ns=-2226244 hwphase_ns=-80 trim_ppb=-17 cfg=2 p_ns=-5 d_ns=0 (pico_gnss pico-gnss-rs/src/main.rs:358)
311.837115 [INFO ] PPSGEN count=306 interval_ns=1000002640 dev_ns=2640 phase_ns=-2135620 hwphase_ns=-80 trim_ppb=-16 cfg=2 p_ns=-5 d_ns=0 (pico_gnss pico-gnss-rs/src/main.rs:358)
312.837189 [INFO ] PPSGEN count=307 interval_ns=1000002624 dev_ns=2624 phase_ns=-2096620 hwphase_ns=-80 trim_ppb=-15 cfg=2 p_ns=-5 d_ns=0 (pico_gnss pico-gnss-rs/src/main.rs:358)
313.837107 [INFO ] PPSGEN count=308 interval_ns=1000002640 dev_ns=2640 phase_ns=-2141245 hwphase_ns=-64 trim_ppb=-15 cfg=2 p_ns=-4 d_ns=0 (pico_gnss pico-gnss-rs/src/main.rs:358)
314.837126 [INFO ] PPSGEN count=309 interval_ns=1000002640 dev_ns=2640 phase_ns=-2141619 hwphase_ns=-48 trim_ppb=-15 cfg=2 p_ns=-3 d_ns=0 (pico_gnss pico-gnss-rs/src/main.rs:358)
315.837102 [INFO ] PPSGEN count=310 interval_ns=1000002624 dev_ns=2624 phase_ns=-2134619 hwphase_ns=-48 trim_ppb=-14 cfg=2 p_ns=-3 d_ns=0 (pico_gnss pico-gnss-rs/src/main.rs:358)
