6.206604 [INFO ] PPSGEN count=1 interval_ns=1000000016 dev_ns=16 phase_ns=0 hwphase_ns=2380784 trim_ppb=0 cfg=0 p_ns=148799 d_ns=0 (pico_gnss pico-gnss-rs/src/main.rs:358)
7.206893 [INFO ] PPSGEN count=2 interval_ns=1000000032 dev_ns=32 phase_ns=2470498 hwphase_ns=2378320 trim_ppb=0 cfg=0 p_ns=148645 d_ns=0 (pico_gnss pico-gnss-rs/src/main.rs:358)
8.206769 [INFO ] PPSGEN count=3 interval_ns=999851232 dev_ns=-148768 phase_ns=2345002 hwphase_ns=2227040 trim_ppb=0 cfg=0 p_ns=139190 d_ns=0 (pico_gnss pico-gnss-rs/src/main.rs:358)
9.206625 [INFO ] PPSGEN count=4 interval_ns=999853872 dev_ns=-146128 phase_ns=2256498 hwphase_ns=2078416 trim_ppb=0 cfg=0 p_ns=129901 d_ns=0 (pico_gnss pico-gnss-rs/src/main.rs:358)
10.206488 [INFO ] PPSGEN count=5 interval_ns=999863344 dev_ns=-136656 phase_ns=2119001 hwphase_ns=1939248 trim_ppb=0 cfg=0 p_ns=121203 d_ns=0 (pico_gnss pico-gnss-rs/src/main.rs:358)
11.206378 [INFO ] PPSGEN count=6 interval_ns=999872624 dev_ns=-127376 phase_ns=2012499 hwphase_ns=1809376 trim_ppb=0 cfg=0 p_ns=113086 d_ns=0 (pico_gnss pico-gnss-rs/src/main.rs:358)
12.206530 [INFO ] PPSGEN count=7 interval_ns=999881312 dev_ns=-118688 phase_ns=2143498 hwphase_ns=1688176 trim_ppb=0 cfg=0 p_ns=105511 d_ns=0 (pico_gnss pico-gnss-rs/src/main.rs:358)
13.206119 [INFO ] PPSGEN count=8 interval_ns=999889440 dev_ns=-110560 phase_ns=1735499 hwphase_ns=1575120 trim_ppb=0 cfg=0 p_ns=98445 d_ns=0 (pico_gnss pico-gnss-rs/src/main.rs:358)
14.206016 [INFO ] PPSGEN count=9 interval_ns=999897024 dev_ns=-102976 phase_ns=1626499 hwphase_ns=1469648 trim_ppb=0 cfg=0 p_ns=91853 d_ns=0 (pico_gnss pico-gnss-rs/src/main.rs:358)
15.206028 [INFO ] PPSGEN count=10 interval_ns=999904080 dev_ns=-95920 phase_ns=1640499 hwphase_ns=1371232 trim_ppb=0 cfg=0 p_ns=85702 d_ns=0 (pico_gnss pico-gnss-rs/src/main.rs:358)
16.206034 [INFO ] PPSGEN count=11 interval_ns=999910672 dev_ns=-89328 phase_ns=1691499 hwphase_ns=1279408 trim_ppb=0 cfg=0 p_ns=79963 d_ns=0 (pico_gnss pico-gnss-rs/src/main.rs:358)
17.206025 [INFO ] PPSGEN count=12 interval_ns=999916816 dev_ns=-83184 phase_ns=1631001 hwphase_ns=1193712 trim_ppb=0 cfg=0 p_ns=74607 d_ns=0 (pico_gnss pico-gnss-rs/src/main.rs:358)
18.206031 [INFO ] PPSGEN count=13 interval_ns=999922576 dev_ns=-77424 phase_ns=1667499 hwphase_ns=1113808 trim_ppb=0 cfg=0 p_ns=69613 d_ns=0 (pico_gnss pico-gnss-rs/src/main.rs:358)
19.206031 [INFO ] PPSGEN count=14 interval_ns=999927920 dev_ns=-72080 phase_ns=1664499 hwphase_ns=1039232 trim_ppb=0 cfg=0 p_ns=64952 d_ns=0 (pico_gnss pico-gnss-rs/src/main.rs:358)
20.206027 [INFO ] PPSGEN count=15 interval_ns=999932912 dev_ns=-67088 phase_ns=1631499 hwphase_ns=969648 trim_ppb=0 cfg=0 p_ns=60603 d_ns=0 (pico_gnss pico-gnss-rs/src/main.rs:358)
21.206041 [INFO ] PPSGEN count=16 interval_ns=999937568 dev_ns=-62432 phase_ns=1666499 hwphase_ns=904720 trim_ppb=0 cfg=0 p_ns=56545 d_ns=0 (pico_gnss pico-gnss-rs/src/main.rs:358)
22.206054 [INFO ] PPSGEN count=17 interval_ns=999941920 dev_ns=-58080 phase_ns=1660499 hwphase_ns=844144 trim_ppb=0 cfg=0 p_ns=52759 d_ns=0 (pico_gnss pico-gnss-rs/src/main.rs:358)
23.206056 [INFO ] PPSGEN count=18 interval_ns=999945968 dev_ns=-54032 phase_ns=1646499 hwphase_ns=787616 trim_ppb=0 cfg=0 p_ns=49226 d_ns=0 (pico_gnss pico-gnss-rs/src/main.rs:358)
24.206078 [INFO ] PPSGEN count=19 interval_ns=999949776 dev_ns=-50224 phase_ns=1720499 hwphase_ns=734896 trim_ppb=0 cfg=0 p_ns=45931 d_ns=0 (pico_gnss pico-gnss-rs/src/main.rs:358)
25.206066 [INFO ] PPSGEN count=20 interval_ns=999953296 dev_ns=-46704 phase_ns=1670002 hwphase_ns=685696 trim_ppb=0 cfg=0 p_ns=42856 d_ns=0 (pico_gnss pico-gnss-rs/src/main.rs:358)
26.206058 [INFO ] PPSGEN count=21 interval_ns=999956592 dev_ns=-43408 phase_ns=1676499 hwphase_ns=639792 trim_ppb=0 cfg=0 p_ns=39987 d_ns=0 (pico_gnss pico-gnss-rs/src/main.rs:358)
27.205326 [INFO ] PPSGEN count=22 interval_ns=999959664 dev_ns=-40336 phase_ns=988501 hwphase_ns=599456 trim_ppb=0 cfg=0 p_ns=0 d_ns=0 (pico_gnss pico-gnss-rs/src/main.rs:358)
28.206372 [INFO ] PPSGEN count=23 interval_ns=999962544 dev_ns=-37456 phase_ns=-799494 hwphase_ns=557024 trim_ppb=0 cfg=0 p_ns=34814 d_ns=0 (pico_gnss pico-gnss-rs/src/main.rs:358)
29.206091 [INFO ] PPSGEN count=24 interval_ns=1000002512 dev_ns=2512 phase_ns=1671500 hwphase_ns=557040 trim_ppb=0 cfg=0 p_ns=34815 d_ns=0 (pico_gnss pico-gnss-rs/src/main.rs:358)
30.206467 [INFO ] PPSGEN count=25 interval_ns=999967712 dev_ns=-32288 phase_ns=2052499 hwphase_ns=522240 trim_ppb=0 cfg=0 p_ns=32640 d_ns=0 (pico_gnss pico-gnss-rs/src/main.rs:358)
31.206073 [INFO ] PPSGEN count=26 interval_ns=999967712 dev_ns=-32288 phase_ns=1627500 hwphase_ns=487456 trim_ppb=0 cfg=0 p_ns=30466 d_ns=0 (pico_gnss pico-gnss-rs/src/main.rs:358)
32.206058 [INFO ] PPSGEN count=27 interval_ns=999969888 dev_ns=-30112 phase_ns=1575003 hwphase_ns=454848 trim_ppb=0 cfg=0 p_ns=28428 d_ns=0 (pico_gnss pico-gnss-rs/src/main.rs:358)
33.206078 [INFO ] PPSGEN count=28 interval_ns=999972048 dev_ns=-27952 phase_ns=1685500 hwphase_ns=424400 trim_ppb=0 cfg=0 p_ns=26525 d_ns=0 (pico_gnss pico-gnss-rs/src/main.rs:358)
34.206442 [INFO ] PPSGEN count=29 interval_ns=999974096 dev_ns=-25904 phase_ns=1973499 hwphase_ns=396000 trim_ppb=0 cfg=0 p_ns=24750 d_ns=0 (pico_gnss pico-gnss-rs/src/main.rs:358)
35.206101 [INFO ] PPSGEN count=30 interval_ns=999976016 dev_ns=-23984 phase_ns=1676499 hwphase_ns=369504 trim_ppb=0 cfg=0 p_ns=23094 d_ns=0 (pico_gnss pico-gnss-rs/src/main.rs:358)
36.206088 [INFO ] PPSGEN count=31 interval_ns=999977776 dev_ns=-22224 phase_ns=1703499 hwphase_ns=344784 trim_ppb=0 cfg=0 p_ns=21549 d_ns=0 (pico_gnss pico-gnss-rs/src/main.rs:358)
37.206101 [INFO ] PPSGEN count=32 interval_ns=999979424 dev_ns=-20576 phase_ns=1678002 hwphase_ns=321712 trim_ppb=0 cfg=0 p_ns=20107 d_ns=0 (pico_gnss pico-gnss-rs/src/main.rs:358)
38.206095 [INFO ] PPSGEN count=33 interval_ns=999980976 dev_ns=-19024 phase_ns=1661499 hwphase_ns=300192 trim_ppb=0 cfg=0 p_ns=18762 d_ns=0 (pico_gnss pico-gnss-rs/src/main.rs:358)
39.206086 [INFO ] PPSGEN count=34 interval_ns=999982416 dev_ns=-17584 phase_ns=1643499 hwphase_ns=280112 trim_ppb=0 cfg=0 p_ns=17507 d_ns=0 (pico_gnss pico-gnss-rs/src/main.rs:358)
40.206092 [INFO ] PPSGEN count=35 interval_ns=999983760 dev_ns=-16240 phase_ns=1668499 hwphase_ns=261376 trim_ppb=0 cfg=0 p_ns=16336 d_ns=0 (pico_gnss pico-gnss-rs/src/main.rs:358)
41.206085 [INFO ] PPSGEN count=36 interval_ns=999985024 dev_ns=-14976 phase_ns=1662499 hwphase_ns=243888 trim_ppb=0 cfg=0 p_ns=15243 d_ns=0 (pico_gnss pico-gnss-rs/src/main.rs:358)
42.204689 [INFO ] PPSGEN count=37 interval_ns=999986176 dev_ns=-13824 phase_ns=365502 hwphase_ns=230064 trim_ppb=0 cfg=0 p_ns=0 d_ns=0 (pico_gnss pico-gnss-rs/src/main.rs:358)
43.206074 [INFO ] PPSGEN count=38 interval_ns=999987296 dev_ns=-12704 phase_ns=1624001 hwphase_ns=212352 trim_ppb=0 cfg=0 p_ns=13272 d_ns=0 (pico_gnss pico-gnss-rs/src/main.rs:358)
44.206109 [INFO ] PPSGEN count=39 interval_ns=1000002512 dev_ns=2512 phase_ns=1675498 hwphase_ns=212368 trim_ppb=0 cfg=0 p_ns=13273 d_ns=0 (pico_gnss pico-gnss-rs/src/main.rs:358)
45.206118 [INFO ] PPSGEN count=40 interval_ns=999989248 dev_ns=-10752 phase_ns=1674499 hwphase_ns=199120 trim_ppb=0 cfg=0 p_ns=12445 d_ns=0 (pico_gnss pico-gnss-rs/src/main.rs:358)
46.206112 [INFO ] PPSGEN count=41 interval_ns=999989248 dev_ns=-10752 phase_ns=1677498 hwphase_ns=185856 trim_ppb=0 cfg=0 p_ns=11616 d_ns=0 (pico_gnss pico-gnss-rs/src/main.rs:358)
47.206115 [INFO ] PPSGEN count=42 interval_ns=999990080 dev_ns=-9920 phase_ns=1651498 hwphase_ns=173440 trim_ppb=0 cfg=0 p_ns=10840 d_ns=0 (pico_gnss pico-gnss-rs/src/main.rs:358)
48.204663 [INFO ] PPSGEN count=43 interval_ns=999990912 dev_ns=-9088 phase_ns=289502 hwphase_ns=164352 trim_ppb=0 cfg=0 p_ns=0 d_ns=0 (pico_gnss pico-gnss-rs/src/main.rs:358)
49.204749 [INFO ] PPSGEN count=44 interval_ns=999991680 dev_ns=-8320 phase_ns=-1741494 hwphase_ns=153520 trim_ppb=0 cfg=0 p_ns=9595 d_ns=0 (pico_gnss pico-gnss-rs/src/main.rs:358)
50.204746 [INFO ] PPSGEN count=45 interval_ns=1000002528 dev_ns=2528 phase_ns=-1923493 hwphase_ns=153552 trim_ppb=0 cfg=0 p_ns=9597 d_ns=0 (pico_gnss pico-gnss-rs/src/main.rs:358)
51.204758 [INFO ] PPSGEN count=46 interval_ns=999992928 dev_ns=-7072 phase_ns=-1849493 hwphase_ns=143984 trim_ppb=0 cfg=0 p_ns=8999 d_ns=0 (pico_gnss pico-gnss-rs/src/main.rs:358)
52.204758 [INFO ] PPSGEN count=47 interval_ns=999992928 dev_ns=-7072 phase_ns=-1925493 hwphase_ns=134416 trim_ppb=0 cfg=0 p_ns=8401 d_ns=0 (pico_gnss pico-gnss-rs/src/main.rs:358)
53.204727 [INFO ] PPSGEN count=48 interval_ns=999993536 dev_ns=-6464 phase_ns=-1932493 hwphase_ns=125440 trim_ppb=0 cfg=0 p_ns=7840 d_ns=0 (pico_gnss pico-gnss-rs/src/main.rs:358)
54.204740 [INFO ] PPSGEN count=49 interval_ns=999994112 dev_ns=-5888 phase_ns=-1957992 hwphase_ns=117056 trim_ppb=0 cfg=0 p_ns=7316 d_ns=0 (pico_gnss pico-gnss-rs/src/main.rs:358)
55.204828 [INFO ] PPSGEN count=50 interval_ns=999994688 dev_ns=-5312 phase_ns=-1854493 hwphase_ns=109248 trim_ppb=0 cfg=0 p_ns=6828 d_ns=0 (pico_gnss pico-gnss-rs/src/main.rs:358)
56.204735 [INFO ] PPSGEN count=51 interval_ns=999995216 dev_ns=-4784 phase_ns=-1913994 hwphase_ns=101936 trim_ppb=0 cfg=0 p_ns=6371 d_ns=0 (pico_gnss pico-gnss-rs/src/main.rs:358)
57.204779 [INFO ] PPSGEN count=52 interval_ns=999995696 dev_ns=-4304 phase_ns=-1889494 hwphase_ns=95136 trim_ppb=0 cfg=0 p_ns=5946 d_ns=0 (pico_gnss pico-gnss-rs/src/main.rs:358)
58.204786 [INFO ] PPSGEN count=53 interval_ns=999996160 dev_ns=-3840 phase_ns=-1946494 hwphase_ns=88800 trim_ppb=0 cfg=0 p_ns=5550 d_ns=0 (pico_gnss pico-gnss-rs/src/main.rs:358)
59.204874 [INFO ] PPSGEN count=54 interval_ns=999996576 dev_ns=-3424 phase_ns=-1887494 hwphase_ns=82864 trim_ppb=0 cfg=0 p_ns=5179 d_ns=0 (pico_gnss pico-gnss-rs/src/main.rs:358)
60.204770 [INFO ] PPSGEN count=55 interval_ns=999996976 dev_ns=-3024 phase_ns=-1949994 hwphase_ns=77344 trim_ppb=0 cfg=0 p_ns=4834 d_ns=0 (pico_gnss pico-gnss-rs/src/main.rs:358)
61.204845 [INFO ] PPSGEN count=56 interval_ns=999997344 dev_ns=-2656 phase_ns=-1912495 hwphase_ns=72176 trim_ppb=0 cfg=0 p_ns=4511 d_ns=0 (pico_gnss pico-gnss-rs/src/main.rs:358)
62.204774 [INFO ] PPSGEN count=57 interval_ns=999997696 dev_ns=-2304 phase_ns=-1951995 hwphase_ns=67360 trim_ppb=0 cfg=0 p_ns=4210 d_ns=0 (pico_gnss pico-gnss-rs/src/main.rs:358)
63.204840 [INFO ] PPSGEN count=58 interval_ns=999998016 dev_ns=-1984 phase_ns=-1884495 hwphase_ns=62880 trim_ppb=0 cfg=0 p_ns=3930 d_ns=0 (pico_gnss pico-gnss-rs/src/main.rs:358)
64.204758 [INFO ] PPSGEN count=59 interval_ns=999998320 dev_ns=-1680 phase_ns=-1929495 hwphase_ns=58688 trim_ppb=0 cfg=0 p_ns=3668 d_ns=0 (pico_gnss pico-gnss-rs/src/main.rs:358)
65.204797 [INFO ] PPSGEN count=60 interval_ns=999998592 dev_ns=-1408 phase_ns=-1827495 hwphase_ns=54784 trim_ppb=0 cfg=0 p_ns=3424 d_ns=0 (pico_gnss pico-gnss-rs/src/main.rs:358)
66.205272 [INFO ] PPSGEN count=61 interval_ns=999998864 dev_ns=-1136 phase_ns=-1383496 hwphase_ns=51152 trim_ppb=0 cfg=0 p_ns=3197 d_ns=0 (pico_gnss pico-gnss-rs/src/main.rs:358)
67.204809 [INFO ] PPSGEN count=62 interval_ns=999999104 dev_ns=-896 phase_ns=-2315494 hwphase_ns=47744 trim_ppb=0 cfg=0 p_ns=2984 d_ns=0 (pico_gnss pico-gnss-rs/src/main.rs:358)
68.204776 [INFO ] PPSGEN count=63 interval_ns=999999328 dev_ns=-672 phase_ns=-2397996 hwphase_ns=44560 trim_ppb=0 cfg=0 p_ns=2785 d_ns=0 (pico_gnss pico-gnss-rs/src/main.rs:358)
69.204796 [INFO ] PPSGEN count=64 interval_ns=999999536 dev_ns=-464 phase_ns=-1917496 hwphase_ns=41584 trim_ppb=0 cfg=0 p_ns=2599 d_ns=0 (pico_gnss pico-gnss-rs/src/main.rs:358)
70.204781 [INFO ] PPSGEN count=65 interval_ns=999999744 dev_ns=-256 phase_ns=-1947496 hwphase_ns=38832 trim_ppb=0 cfg=0 p_ns=2427 d_ns=0 (pico_gnss pico-gnss-rs/src/main.rs:358)
71.204814 [INFO ] PPSGEN count=66 interval_ns=999999936 dev_ns=-64 phase_ns=-1890497 hwphase_ns=36240 trim_ppb=0 cfg=0 p_ns=2265 d_ns=0 (pico_gnss pico-gnss-rs/src/main.rs:358)
72.204805 [INFO ] PPSGEN count=67 interval_ns=1000000096 dev_ns=96 phase_ns=-1941496 hwphase_ns=33840 trim_ppb=0 cfg=0 p_ns=2115 d_ns=0 (pico_gnss pico-gnss-rs/src/main.rs:358)
73.204801 [INFO ] PPSGEN count=68 interval_ns=1000000256 dev_ns=256 phase_ns=-1872497 hwphase_ns=31568 trim_ppb=0 cfg=0 p_ns=1973 d_ns=0 (pico_gnss pico-gnss-rs/src/main.rs:358)
74.204887 [INFO ] PPSGEN count=69 interval_ns=1000000416 dev_ns=416 phase_ns=-1787498 hwphase_ns=29472 trim_ppb=0 cfg=0 p_ns=1842 d_ns=0 (pico_gnss pico-gnss-rs/src/main.rs:358)
75.204796 [INFO ] PPSGEN count=70 interval_ns=1000000560 dev_ns=560 phase_ns=-1855000 hwphase_ns=27536 trim_ppb=0 cfg=0 p_ns=1721 d_ns=0 (pico_gnss pico-gnss-rs/src/main.rs:358)
76.204889 [INFO ] PPSGEN count=71 interval_ns=1000000688 dev_ns=688 phase_ns=-1805498 hwphase_ns=25712 trim_ppb=0 cfg=0 p_ns=1607 d_ns=0 (pico_gnss pico-gnss-rs/src/main.rs:358)
77.204795 [INFO ] PPSGEN count=72 interval_ns=1000000800 dev_ns=800 phase_ns=-1871002 hwphase_ns=23984 trim_ppb=0 cfg=0 p_ns=1499 d_ns=0 (pico_gnss pico-gnss-rs/src/main.rs:358)
78.204892 [INFO ] PPSGEN count=73 interval_ns=1000000928 dev_ns=928 phase_ns=-1814499 hwphase_ns=22400 trim_ppb=0 cfg=0 p_ns=1400 d_ns=0 (pico_gnss pico-gnss-rs/src/main.rs:358)
79.204809 [INFO ] PPSGEN count=74 interval_ns=1000001040 dev_ns=1040 phase_ns=-1873003 hwphase_ns=20928 trim_ppb=0 cfg=0 p_ns=1308 d_ns=0 (pico_gnss pico-gnss-rs/src/main.rs:358)
80.204990 [INFO ] PPSGEN count=75 interval_ns=1000001120 dev_ns=1120 phase_ns=-1692500 hwphase_ns=19536 trim_ppb=0 cfg=0 p_ns=1221 d_ns=0 (pico_gnss pico-gnss-rs/src/main.rs:358)
81.204837 [INFO ] PPSGEN count=76 interval_ns=1000001232 dev_ns=1232 phase_ns=-2016500 hwphase_ns=18240 trim_ppb=0 cfg=0 p_ns=1140 d_ns=0 (pico_gnss pico-gnss-rs/src/main.rs:358)
82.204818 [INFO ] PPSGEN count=77 interval_ns=1000001312 dev_ns=1312 phase_ns=-1898500 hwphase_ns=17040 trim_ppb=0 cfg=0 p_ns=1065 d_ns=0 (pico_gnss pico-gnss-rs/src/main.rs:358)
83.204896 [INFO ] PPSGEN count=78 interval_ns=1000001392 dev_ns=1392 phase_ns=-1819501 hwphase_ns=15920 trim_ppb=0 cfg=0 p_ns=995 d_ns=0 (pico_gnss pico-gnss-rs/src/main.rs:358)
84.204814 [INFO ] PPSGEN count=79 interval_ns=1000001472 dev_ns=1472 phase_ns=-1879007 hwphase_ns=14880 trim_ppb=0 cfg=0 p_ns=930 d_ns=0 (pico_gnss pico-gnss-rs/src/main.rs:358)
85.204877 [INFO ] PPSGEN count=80 interval_ns=1000001536 dev_ns=1536 phase_ns=-1837501 hwphase_ns=13904 trim_ppb=0 cfg=0 p_ns=869 d_ns=0 (pico_gnss pico-gnss-rs/src/main.rs:358)
86.204808 [INFO ] PPSGEN count=81 interval_ns=1000001600 dev_ns=1600 phase_ns=-1873008 hwphase_ns=12976 trim_ppb=0 cfg=0 p_ns=811 d_ns=0 (pico_gnss pico-gnss-rs/src/main.rs:358)
87.204807 [INFO ] PPSGEN count=82 interval_ns=1000001664 dev_ns=1664 phase_ns=-1874502 hwphase_ns=12128 trim_ppb=0 cfg=0 p_ns=758 d_ns=0 (pico_gnss pico-gnss-rs/src/main.rs:358)
88.204805 [INFO ] PPSGEN count=83 interval_ns=1000001728 dev_ns=1728 phase_ns=-1875502 hwphase_ns=11344 trim_ppb=0 cfg=0 p_ns=709 d_ns=0 (pico_gnss pico-gnss-rs/src/main.rs:358)
89.204821 [INFO ] PPSGEN count=84 interval_ns=1000001776 dev_ns=1776 phase_ns=-1878503 hwphase_ns=10592 trim_ppb=0 cfg=0 p_ns=662 d_ns=0 (pico_gnss pico-gnss-rs/src/main.rs:358)
90.204808 [INFO ] PPSGEN count=85 interval_ns=1000001824 dev_ns=1824 phase_ns=-1867503 hwphase_ns=9904 trim_ppb=0 cfg=0 p_ns=619 d_ns=0 (pico_gnss pico-gnss-rs/src/main.rs:358)
91.204848 [INFO ] PPSGEN count=86 interval_ns=1000001872 dev_ns=1872 phase_ns=-1811503 hwphase_ns=9264 trim_ppb=0 cfg=0 p_ns=579 d_ns=0 (pico_gnss pico-gnss-rs/src/main.rs:358)
92.204813 [INFO ] PPSGEN count=87 interval_ns=1000001920 dev_ns=1920 phase_ns=-1861503 hwphase_ns=8656 trim_ppb=0 cfg=0 p_ns=541 d_ns=0 (pico_gnss pico-gnss-rs/src/main.rs:358)
93.204808 [INFO ] PPSGEN count=88 interval_ns=1000001952 dev_ns=1952 phase_ns=-1836504 hwphase_ns=8096 trim_ppb=0 cfg=0 p_ns=506 d_ns=0 (pico_gnss pico-gnss-rs/src/main.rs:358)
94.204804 [INFO ] PPSGEN count=89 interval_ns=1000002000 dev_ns=2000 phase_ns=-1826504 hwphase_ns=7584 trim_ppb=0 cfg=0 p_ns=474 d_ns=0 (pico_gnss pico-gnss-rs/src/main.rs:358)
95.204827 [INFO ] PPSGEN count=90 interval_ns=1000002032 dev_ns=2032 phase_ns=-1825504 hwphase_ns=7104 trim_ppb=0 cfg=0 p_ns=444 d_ns=0 (pico_gnss pico-gnss-rs/src/main.rs:358)
96.204832 [INFO ] PPSGEN count=91 interval_ns=1000002064 dev_ns=2064 phase_ns=-1811504 hwphase_ns=6656 trim_ppb=0 cfg=0 p_ns=416 d_ns=0 (pico_gnss pico-gnss-rs/src/main.rs:358)
97.204835 [INFO ] PPSGEN count=92 interval_ns=1000002096 dev_ns=2096 phase_ns=-1841504 hwphase_ns=6224 trim_ppb=0 cfg=0 p_ns=389 d_ns=0 (pico_gnss pico-gnss-rs/src/main.rs:358)
98.204851 [INFO ] PPSGEN count=93 interval_ns=1000002112 dev_ns=2112 phase_ns=-1836505 hwphase_ns=5808 trim_ppb=0 cfg=0 p_ns=363 d_ns=0 (pico_gnss pico-gnss-rs/src/main.rs:358)
99.204820 [INFO ] PPSGEN count=94 interval_ns=1000002144 dev_ns=2144 phase_ns=-1867505 hwphase_ns=5440 trim_ppb=0 cfg=0 p_ns=340 d_ns=0 (pico_gnss pico-gnss-rs/src/main.rs:358)
100.204851 [INFO ] PPSGEN count=95 interval_ns=1000002176 dev_ns=2176 phase_ns=-1820506 hwphase_ns=5088 trim_ppb=0 cfg=0 p_ns=318 d_ns=0 (pico_gnss pico-gnss-rs/src/main.rs:358)
101.204816 [INFO ] PPSGEN count=96 interval_ns=1000002192 dev_ns=2192 phase_ns=-1870506 hwphase_ns=4768 trim_ppb=0 cfg=0 p_ns=298 d_ns=0 (pico_gnss pico-gnss-rs/src/main.rs:358)
102.204833 [INFO ] PPSGEN count=97 interval_ns=1000002224 dev_ns=2224 phase_ns=-1821506 hwphase_ns=4464 trim_ppb=0 cfg=0 p_ns=279 d_ns=0 (pico_gnss pico-gnss-rs/src/main.rs:358)
103.204833 [INFO ] PPSGEN count=98 interval_ns=1000002240 dev_ns=2240 phase_ns=-1836506 hwphase_ns=4192 trim_ppb=0 cfg=0 p_ns=262 d_ns=0 (pico_gnss pico-gnss-rs/src/main.rs:358)
104.205018 [INFO ] PPSGEN count=99 interval_ns=1000002272 dev_ns=2272 phase_ns=-1677507 hwphase_ns=3952 trim_ppb=0 cfg=0 p_ns=247 d_ns=0 (pico_gnss pico-gnss-rs/src/main.rs:358)
105.204839 [INFO ] PPSGEN count=100 interval_ns=1000002272 dev_ns=2272 phase_ns=-2005506 hwphase_ns=3712 trim_ppb=0 cfg=0 p_ns=232 d_ns=0 (pico_gnss pico-gnss-rs/src/main.rs:358)
106.204844 [INFO ] PPSGEN count=101 interval_ns=1000002304 dev_ns=2304 phase_ns=-1829506 hwphase_ns=3504 trim_ppb=0 cfg=0 p_ns=219 d_ns=0 (pico_gnss pico-gnss-rs/src/main.rs:358)
107.204848 [INFO ] PPSGEN count=102 interval_ns=1000002304 dev_ns=2304 phase_ns=-1812506 hwphase_ns=3296 trim_ppb=0 cfg=0 p_ns=206 d_ns=0 (pico_gnss pico-gnss-rs/src/main.rs:358)
108.204839 [INFO ] PPSGEN count=103 interval_ns=1000002320 dev_ns=2320 phase_ns=-1809506 hwphase_ns=3104 trim_ppb=0 cfg=0 p_ns=194 d_ns=0 (pico_gnss pico-gnss-rs/src/main.rs:358)
109.204879 [INFO ] PPSGEN count=104 interval_ns=1000002320 dev_ns=2320 phase_ns=-1799506 hwphase_ns=2912 trim_ppb=0 cfg=0 p_ns=182 d_ns=0 (pico_gnss pico-gnss-rs/src/main.rs:358)
110.204842 [INFO ] PPSGEN count=105 interval_ns=1000002352 dev_ns=2352 phase_ns=-1846506 hwphase_ns=2752 trim_ppb=0 cfg=0 p_ns=172 d_ns=0 (pico_gnss pico-gnss-rs/src/main.rs:358)
111.204844 [INFO ] PPSGEN count=106 interval_ns=1000002352 dev_ns=2352 phase_ns=-1811506 hwphase_ns=2608 trim_ppb=0 cfg=0 p_ns=163 d_ns=0 (pico_gnss pico-gnss-rs/src/main.rs:358)
112.204844 [INFO ] PPSGEN count=107 interval_ns=1000002368 dev_ns=2368 phase_ns=-1816506 hwphase_ns=2464 trim_ppb=0 cfg=0 p_ns=154 d_ns=0 (pico_gnss pico-gnss-rs/src/main.rs:358)
113.204861 [INFO ] PPSGEN count=108 interval_ns=1000002384 dev_ns=2384 phase_ns=-1794506 hwphase_ns=2336 trim_ppb=0 cfg=0 p_ns=146 d_ns=0 (pico_gnss pico-gnss-rs/src/main.rs:358)
114.204864 [INFO ] PPSGEN count=109 interval_ns=1000002384 dev_ns=2384 phase_ns=-1822506 hwphase_ns=2208 trim_ppb=0 cfg=0 p_ns=138 d_ns=0 (pico_gnss pico-gnss-rs/src/main.rs:358)
115.204848 [INFO ] PPSGEN count=110 interval_ns=1000002384 dev_ns=2384 phase_ns=-1826506 hwphase_ns=2080 trim_ppb=0 cfg=0 p_ns=130 d_ns=0 (pico_gnss pico-gnss-rs/src/main.rs:358)
116.204866 [INFO ] PPSGEN count=111 interval_ns=1000002400 dev_ns=2400 phase_ns=-1819506 hwphase_ns=1984 trim_ppb=0 cfg=0 p_ns=124 d_ns=0 (pico_gnss pico-gnss-rs/src/main.rs:358)
117.204862 [INFO ] PPSGEN count=112 interval_ns=1000002416 dev_ns=2416 phase_ns=-1827506 hwphase_ns=1888 trim_ppb=0 cfg=0 p_ns=118 d_ns=0 (pico_gnss pico-gnss-rs/src/main.rs:358)
118.204866 [INFO ] PPSGEN count=113 interval_ns=1000002400 dev_ns=2400 phase_ns=-1817506 hwphase_ns=1776 trim_ppb=0 cfg=0 p_ns=111 d_ns=0 (pico_gnss pico-gnss-rs/src/main.rs:358)
119.204869 [INFO ] PPSGEN count=114 interval_ns=1000002432 dev_ns=2432 phase_ns=-1824505 hwphase_ns=1712 trim_ppb=0 cfg=0 p_ns=107 d_ns=0 (pico_gnss pico-gnss-rs/src/main.rs:358)
120.204888 [INFO ] PPSGEN count=115 interval_ns=1000002432 dev_ns=2432 phase_ns=-1800505 hwphase_ns=1632 trim_ppb=0 cfg=0 p_ns=102 d_ns=0 (pico_gnss pico-gnss-rs/src/main.rs:358)
121.204876 [INFO ] PPSGEN count=116 interval_ns=1000002432 dev_ns=2432 phase_ns=-1850505 hwphase_ns=1552 trim_ppb=0 cfg=0 p_ns=97 d_ns=0 (pico_gnss pico-gnss-rs/src/main.rs:358)
122.204888 [INFO ] PPSGEN count=117 interval_ns=1000002432 dev_ns=2432 phase_ns=-1834505 hwphase_ns=1472 trim_ppb=0 cfg=0 p_ns=92 d_ns=0 (pico_gnss pico-gnss-rs/src/main.rs:358)
123.204874 [INFO ] PPSGEN count=118 interval_ns=1000002432 dev_ns=2432 phase_ns=-1836505 hwphase_ns=1392 trim_ppb=0 cfg=0 p_ns=87 d_ns=0 (pico_gnss pico-gnss-rs/src/main.rs:358)
124.204902 [INFO ] PPSGEN count=119 interval_ns=1000002448 dev_ns=2448 phase_ns=-1799506 hwphase_ns=1328 trim_ppb=0 cfg=0 p_ns=83 d_ns=0 (pico_gnss pico-gnss-rs/src/main.rs:358)
125.204892 [INFO ] PPSGEN count=120 interval_ns=1000002464 dev_ns=2464 phase_ns=-1847505 hwphase_ns=1296 trim_ppb=0 cfg=0 p_ns=81 d_ns=0 (pico_gnss pico-gnss-rs/src/main.rs:358)
126.204900 [INFO ] PPSGEN count=121 interval_ns=1000002448 dev_ns=2448 phase_ns=-1828505 hwphase_ns=1232 trim_ppb=0 cfg=0 p_ns=77 d_ns=0 (pico_gnss pico-gnss-rs/src/main.rs:358)
127.204886 [INFO ] PPSGEN count=122 interval_ns=1000002464 dev_ns=2464 phase_ns=-1835505 hwphase_ns=1184 trim_ppb=0 cfg=0 p_ns=74 d_ns=0 (pico_gnss pico-gnss-rs/src/main.rs:358)
128.204881 [INFO ] PPSGEN count=123 interval_ns=1000002448 dev_ns=2448 phase_ns=-1810505 hwphase_ns=1120 trim_ppb=0 cfg=0 p_ns=70 d_ns=0 (pico_gnss pico-gnss-rs/src/main.rs:358)
129.204899 [INFO ] PPSGEN count=124 interval_ns=1000002464 dev_ns=2464 phase_ns=-1817505 hwphase_ns=1088 trim_ppb=0 cfg=0 p_ns=68 d_ns=0 (pico_gnss pico-gnss-rs/src/main.rs:358)
130.204912 [INFO ] PPSGEN count=125 interval_ns=1000002480 dev_ns=2480 phase_ns=-1823505 hwphase_ns=1056 trim_ppb=0 cfg=0 p_ns=66 d_ns=0 (pico_gnss pico-gnss-rs/src/main.rs:358)
131.204925 [INFO ] PPSGEN count=126 interval_ns=1000002464 dev_ns=2464 phase_ns=-1814505 hwphase_ns=1008 trim_ppb=0 cfg=0 p_ns=63 d_ns=0 (pico_gnss pico-gnss-rs/src/main.rs:358)
132.204900 [INFO ] PPSGEN count=127 interval_ns=1000002464 dev_ns=2464 phase_ns=-1846505 hwphase_ns=960 trim_ppb=0 cfg=0 p_ns=60 d_ns=0 (pico_gnss pico-gnss-rs/src/main.rs:358)
133.204917 [INFO ] PPSGEN count=128 interval_ns=1000002480 dev_ns=2480 phase_ns=-1821505 hwphase_ns=944 trim_ppb=0 cfg=0 p_ns=59 d_ns=0 (pico_gnss pico-gnss-rs/src/main.rs:358)
134.204910 [INFO ] PPSGEN count=129 interval_ns=1000002480 dev_ns=2480 phase_ns=-1849015 hwphase_ns=896 trim_ppb=0 cfg=0 p_ns=56 d_ns=0 (pico_gnss pico-gnss-rs/src/main.rs:358)
135.205028 [INFO ] PPSGEN count=130 interval_ns=1000002480 dev_ns=2480 phase_ns=-1793505 hwphase_ns=880 trim_ppb=0 cfg=0 p_ns=55 d_ns=0 (pico_gnss pico-gnss-rs/src/main.rs:358)
136.204904 [INFO ] PPSGEN count=131 interval_ns=1000002480 dev_ns=2480 phase_ns=-1857015 hwphase_ns=832 trim_ppb=0 cfg=0 p_ns=52 d_ns=0 (pico_gnss pico-gnss-rs/src/main.rs:358)
137.205028 [INFO ] PPSGEN count=132 interval_ns=1000002480 dev_ns=2480 phase_ns=-1783505 hwphase_ns=816 trim_ppb=0 cfg=0 p_ns=51 d_ns=0 (pico_gnss pico-gnss-rs/src/main.rs:358)
138.204957 [INFO ] PPSGEN count=133 interval_ns=1000002480 dev_ns=2480 phase_ns=-1889505 hwphase_ns=768 trim_ppb=0 cfg=0 p_ns=48 d_ns=0 (pico_gnss pico-gnss-rs/src/main.rs:358)
139.204937 [INFO ] PPSGEN count=134 interval_ns=1000002496 dev_ns=2496 phase_ns=-1845505 hwphase_ns=768 trim_ppb=0 cfg=0 p_ns=48 d_ns=0 (pico_gnss pico-gnss-rs/src/main.rs:358)
140.204938 [INFO ] PPSGEN count=135 interval_ns=1000002480 dev_ns=2480 phase_ns=-1826505 hwphase_ns=720 trim_ppb=0 cfg=0 p_ns=45 d_ns=0 (pico_gnss pico-gnss-rs/src/main.rs:358)
141.204954 [INFO ] PPSGEN count=136 interval_ns=1000002480 dev_ns=2480 phase_ns=-1835505 hwphase_ns=704 trim_ppb=0 cfg=0 p_ns=44 d_ns=0 (pico_gnss pico-gnss-rs/src/main.rs:358)
142.204939 [INFO ] PPSGEN count=137 interval_ns=1000002496 dev_ns=2496 phase_ns=-1869505 hwphase_ns=672 trim_ppb=0 cfg=0 p_ns=42 d_ns=0 (pico_gnss pico-gnss-rs/src/main.rs:358)
143.204955 [INFO ] PPSGEN count=138 interval_ns=1000002496 dev_ns=2496 phase_ns=-1830506 hwphase_ns=656 trim_ppb=0 cfg=0 p_ns=41 d_ns=0 (pico_gnss pico-gnss-rs/src/main.rs:358)
144.204936 [INFO ] PPSGEN count=139 interval_ns=1000002496 dev_ns=2496 phase_ns=-1843506 hwphase_ns=640 trim_ppb=0 cfg=0 p_ns=40 d_ns=0 (pico_gnss pico-gnss-rs/src/main.rs:358)
145.204964 [INFO ] PPSGEN count=140 interval_ns=1000002496 dev_ns=2496 phase_ns=-1820506 hwphase_ns=624 trim_ppb=0 cfg=0 p_ns=39 d_ns=0 (pico_gnss pico-gnss-rs/src/main.rs:358)
146.204974 [INFO ] PPSGEN count=141 interval_ns=1000002496 dev_ns=2496 phase_ns=-1830506 hwphase_ns=608 trim_ppb=0 cfg=0 p_ns=38 d_ns=0 (pico_gnss pico-gnss-rs/src/main.rs:358)
147.204951 [INFO ] PPSGEN count=142 interval_ns=1000002496 dev_ns=2496 phase_ns=-1867506 hwphase_ns=592 trim_ppb=0 cfg=0 p_ns=37 d_ns=0 (pico_gnss pico-gnss-rs/src/main.rs:358)
148.204954 [INFO ] PPSGEN count=143 interval_ns=1000002512 dev_ns=2512 phase_ns=-1840506 hwphase_ns=576 trim_ppb=0 cfg=0 p_ns=36 d_ns=0 (pico_gnss pico-gnss-rs/src/main.rs:358)
149.204959 [INFO ] PPSGEN count=144 interval_ns=1000002496 dev_ns=2496 phase_ns=-1853507 hwphase_ns=544 trim_ppb=0 cfg=0 p_ns=34 d_ns=0 (pico_gnss pico-gnss-rs/src/main.rs:358)
150.204969 [INFO ] PPSGEN count=145 interval_ns=1000002512 dev_ns=2512 phase_ns=-1833507 hwphase_ns=544 trim_ppb=0 cfg=0 p_ns=34 d_ns=0 (pico_gnss pico-gnss-rs/src/main.rs:358)
151.204959 [INFO ] PPSGEN count=146 interval_ns=1000002496 dev_ns=2496 phase_ns=-1831507 hwphase_ns=512 trim_ppb=0 cfg=0 p_ns=32 d_ns=0 (pico_gnss pico-gnss-rs/src/main.rs:358)
152.204955 [INFO ] PPSGEN count=147 interval_ns=1000002512 dev_ns=2512 phase_ns=-1820507 hwphase_ns=512 trim_ppb=0 cfg=0 p_ns=32 d_ns=0 (pico_gnss pico-gnss-rs/src/main.rs:358)
153.204961 [INFO ] PPSGEN count=148 interval_ns=1000002496 dev_ns=2496 phase_ns=-1827508 hwphase_ns=480 trim_ppb=0 cfg=0 p_ns=30 d_ns=0 (pico_gnss pico-gnss-rs/src/main.rs:358)
154.205431 [INFO ] PPSGEN count=149 interval_ns=1000002512 dev_ns=2512 phase_ns=-1347509 hwphase_ns=480 trim_ppb=0 cfg=0 p_ns=30 d_ns=0 (pico_gnss pico-gnss-rs/src/main.rs:358)
155.204983 [INFO ] PPSGEN count=150 interval_ns=1000002512 dev_ns=2512 phase_ns=-2268507 hwphase_ns=464 trim_ppb=0 cfg=0 p_ns=29 d_ns=0 (pico_gnss pico-gnss-rs/src/main.rs:358)
156.204983 [INFO ] PPSGEN count=151 interval_ns=1000002512 dev_ns=2512 phase_ns=-1828508 hwphase_ns=464 trim_ppb=0 cfg=0 p_ns=29 d_ns=0 (pico_gnss pico-gnss-rs/src/main.rs:358)
157.204975 [INFO ] PPSGEN count=152 interval_ns=1000002512 dev_ns=2512 phase_ns=-1855509 hwphase_ns=448 trim_ppb=0 cfg=0 p_ns=28 d_ns=0 (pico_gnss pico-gnss-rs/src/main.rs:358)
158.205001 [INFO ] PPSGEN count=153 interval_ns=1000002512 dev_ns=2512 phase_ns=-1821509 hwphase_ns=432 trim_ppb=0 cfg=0 p_ns=27 d_ns=0 (pico_gnss pico-gnss-rs/src/main.rs:358)
159.205003 [INFO ] PPSGEN count=154 interval_ns=1000002512 dev_ns=2512 phase_ns=-1819510 hwphase_ns=416 trim_ppb=0 cfg=0 p_ns=26 d_ns=0 (pico_gnss pico-gnss-rs/src/main.rs:358)
160.204999 [INFO ] PPSGEN count=155 interval_ns=1000002512 dev_ns=2512 phase_ns=-1854510 hwphase_ns=400 trim_ppb=0 cfg=0 p_ns=25 d_ns=0 (pico_gnss pico-gnss-rs/src/main.rs:358)
161.205011 [INFO ] PPSGEN count=156 interval_ns=1000002512 dev_ns=2512 phase_ns=-1818510 hwphase_ns=384 trim_ppb=0 cfg=0 p_ns=24 d_ns=0 (pico_gnss pico-gnss-rs/src/main.rs:358)
162.204983 [INFO ] PPSGEN count=157 interval_ns=1000002528 dev_ns=2528 phase_ns=-1877511 hwphase_ns=384 trim_ppb=0 cfg=0 p_ns=24 d_ns=0 (pico_gnss pico-gnss-rs/src/main.rs:358)
163.205367 [INFO ] PPSGEN count=158 interval_ns=1000002512 dev_ns=2512 phase_ns=-1438512 hwphase_ns=368 trim_ppb=0 cfg=0 p_ns=23 d_ns=0 (pico_gnss pico-gnss-rs/src/main.rs:358)
164.205009 [INFO ] PPSGEN count=159 interval_ns=1000002512 dev_ns=2512 phase_ns=-2140511 hwphase_ns=352 trim_ppb=0 cfg=0 p_ns=22 d_ns=0 (pico_gnss pico-gnss-rs/src/main.rs:358)
165.205026 [INFO ] PPSGEN count=160 interval_ns=1000002528 dev_ns=2528 phase_ns=-1777512 hwphase_ns=352 trim_ppb=0 cfg=0 p_ns=22 d_ns=0 (pico_gnss pico-gnss-rs/src/main.rs:358)
166.205029 [INFO ] PPSGEN count=161 interval_ns=1000002528 dev_ns=2528 phase_ns=-1803512 hwphase_ns=352 trim_ppb=0 cfg=0 p_ns=22 d_ns=0 (pico_gnss pico-gnss-rs/src/main.rs:358)
167.204996 [INFO ] PPSGEN count=162 interval_ns=1000002512 dev_ns=2512 phase_ns=-1881512 hwphase_ns=352 trim_ppb=0 cfg=0 p_ns=22 d_ns=0 (pico_gnss pico-gnss-rs/src/main.rs:358)
168.205006 [INFO ] PPSGEN count=163 interval_ns=1000002528 dev_ns=2528 phase_ns=-1825513 hwphase_ns=336 trim_ppb=0 cfg=0 p_ns=21 d_ns=0 (pico_gnss pico-gnss-rs/src/main.rs:358)
169.205030 [INFO ] PPSGEN count=164 interval_ns=1000002528 dev_ns=2528 phase_ns=-1824513 hwphase_ns=352 trim_ppb=0 cfg=0 p_ns=22 d_ns=0 (pico_gnss pico-gnss-rs/src/main.rs:358)
170.205017 [INFO ] PPSGEN count=165 interval_ns=1000002528 dev_ns=2528 phase_ns=-1874513 hwphase_ns=352 trim_ppb=0 cfg=0 p_ns=22 d_ns=0 (pico_gnss pico-gnss-rs/src/main.rs:358)
171.205018 [INFO ] PPSGEN count=166 interval_ns=1000002528 dev_ns=2528 phase_ns=-1838513 hwphase_ns=352 trim_ppb=0 cfg=0 p_ns=22 d_ns=0 (pico_gnss pico-gnss-rs/src/main.rs:358)
172.205008 [INFO ] PPSGEN count=167 interval_ns=1000002528 dev_ns=2528 phase_ns=-1871513 hwphase_ns=352 trim_ppb=0 cfg=0 p_ns=22 d_ns=0 (pico_gnss pico-gnss-rs/src/main.rs:358)
173.205017 [INFO ] PPSGEN count=168 interval_ns=1000002512 dev_ns=2512 phase_ns=-1841513 hwphase_ns=352 trim_ppb=0 cfg=0 p_ns=22 d_ns=0 (pico_gnss pico-gnss-rs/src/main.rs:358)
174.205596 [INFO ] PPSGEN count=169 interval_ns=1000002528 dev_ns=2528 phase_ns=-1245515 hwphase_ns=352 trim_ppb=0 cfg=0 p_ns=22 d_ns=0 (pico_gnss pico-gnss-rs/src/main.rs:358)
175.205023 [INFO ] PPSGEN count=170 interval_ns=1000002528 dev_ns=2528 phase_ns=-2408512 hwphase_ns=352 trim_ppb=0 cfg=0 p_ns=22 d_ns=0 (pico_gnss pico-gnss-rs/src/main.rs:358)
176.205034 [INFO ] PPSGEN count=171 interval_ns=1000002528 dev_ns=2528 phase_ns=-1843514 hwphase_ns=368 trim_ppb=0 cfg=0 p_ns=23 d_ns=0 (pico_gnss pico-gnss-rs/src/main.rs:358)
177.205038 [INFO ] PPSGEN count=172 interval_ns=1000002528 dev_ns=2528 phase_ns=-1830514 hwphase_ns=368 trim_ppb=0 cfg=0 p_ns=23 d_ns=0 (pico_gnss pico-gnss-rs/src/main.rs:358)
178.205042 [INFO ] PPSGEN count=173 interval_ns=1000002528 dev_ns=2528 phase_ns=-1830514 hwphase_ns=368 trim_ppb=0 cfg=0 p_ns=23 d_ns=0 (pico_gnss pico-gnss-rs/src/main.rs:358)
179.205045 [INFO ] PPSGEN count=174 interval_ns=1000002528 dev_ns=2528 phase_ns=-1863514 hwphase_ns=384 trim_ppb=0 cfg=0 p_ns=24 d_ns=0 (pico_gnss pico-gnss-rs/src/main.rs:358)
180.205044 [INFO ] PPSGEN count=175 interval_ns=1000002528 dev_ns=2528 phase_ns=-1855514 hwphase_ns=384 trim_ppb=0 cfg=0 p_ns=24 d_ns=0 (pico_gnss pico-gnss-rs/src/main.rs:358)
181.205030 [INFO ] PPSGEN count=176 interval_ns=1000002512 dev_ns=2512 phase_ns=-1856515 hwphase_ns=368 trim_ppb=0 cfg=0 p_ns=23 d_ns=0 (pico_gnss pico-gnss-rs/src/main.rs:358)
182.205072 [INFO ] PPSGEN count=177 interval_ns=1000002528 dev_ns=2528 phase_ns=-1759515 hwphase_ns=368 trim_ppb=0 cfg=0 p_ns=23 d_ns=0 (pico_gnss pico-gnss-rs/src/main.rs:358)
183.205057 [INFO ] PPSGEN count=178 interval_ns=1000002528 dev_ns=2528 phase_ns=-1860515 hwphase_ns=384 trim_ppb=0 cfg=0 p_ns=24 d_ns=0 (pico_gnss pico-gnss-rs/src/main.rs:358)
184.205074 [INFO ] PPSGEN count=179 interval_ns=1000002528 dev_ns=2528 phase_ns=-1804515 hwphase_ns=384 trim_ppb=0 cfg=0 p_ns=24 d_ns=0 (pico_gnss pico-gnss-rs/src/main.rs:358)
185.205048 [INFO ] PPSGEN count=180 interval_ns=1000002512 dev_ns=2512 phase_ns=-1875515 hwphase_ns=368 trim_ppb=0 cfg=0 p_ns=23 d_ns=0 (pico_gnss pico-gnss-rs/src/main.rs:358)
186.205097 [INFO ] PPSGEN count=181 interval_ns=1000002528 dev_ns=2528 phase_ns=-1779515 hwphase_ns=384 trim_ppb=0 cfg=0 p_ns=24 d_ns=0 (pico_gnss pico-gnss-rs/src/main.rs:358)
187.205043 [INFO ] PPSGEN count=182 interval_ns=1000002528 dev_ns=2528 phase_ns=-1861515 hwphase_ns=384 trim_ppb=0 cfg=0 p_ns=24 d_ns=0 (pico_gnss pico-gnss-rs/src/main.rs:358)
188.205039 [INFO ] PPSGEN count=183 interval_ns=1000002512 dev_ns=2512 phase_ns=-1850515 hwphase_ns=368 trim_ppb=0 cfg=0 p_ns=23 d_ns=0 (pico_gnss pico-gnss-rs/src/main.rs:358)
189.205065 [INFO ] PPSGEN count=184 interval_ns=1000002528 dev_ns=2528 phase_ns=-1780515 hwphase_ns=384 trim_ppb=0 cfg=0 p_ns=24 d_ns=0 (pico_gnss pico-gnss-rs/src/main.rs:358)
190.205051 [INFO ] PPSGEN count=185 interval_ns=1000002528 dev_ns=2528 phase_ns=-1852515 hwphase_ns=384 trim_ppb=0 cfg=0 p_ns=24 d_ns=0 (pico_gnss pico-gnss-rs/src/main.rs:358)
191.205041 [INFO ] PPSGEN count=186 interval_ns=1000002512 dev_ns=2512 phase_ns=-1874036 hwphase_ns=368 trim_ppb=0 cfg=0 p_ns=23 d_ns=0 (pico_gnss pico-gnss-rs/src/main.rs:358)
192.205092 [INFO ] PPSGEN count=187 interval_ns=1000002528 dev_ns=2528 phase_ns=-1807515 hwphase_ns=384 trim_ppb=0 cfg=0 p_ns=24 d_ns=0 (pico_gnss pico-gnss-rs/src/main.rs:358)
193.205088 [INFO ] PPSGEN count=188 interval_ns=1000002528 dev_ns=2528 phase_ns=-1884515 hwphase_ns=384 trim_ppb=0 cfg=0 p_ns=24 d_ns=0 (pico_gnss pico-gnss-rs/src/main.rs:358)
194.205084 [INFO ] PPSGEN count=189 interval_ns=1000002512 dev_ns=2512 phase_ns=-1839515 hwphase_ns=384 trim_ppb=0 cfg=0 p_ns=24 d_ns=0 (pico_gnss pico-gnss-rs/src/main.rs:358)
195.205093 [INFO ] PPSGEN count=190 interval_ns=1000002528 dev_ns=2528 phase_ns=-1872515 hwphase_ns=384 trim_ppb=0 cfg=0 p_ns=24 d_ns=0 (pico_gnss pico-gnss-rs/src/main.rs:358)
196.205112 [INFO ] PPSGEN count=191 interval_ns=1000002512 dev_ns=2512 phase_ns=-1838516 hwphase_ns=368 trim_ppb=0 cfg=0 p_ns=23 d_ns=0 (pico_gnss pico-gnss-rs/src/main.rs:358)
197.205081 [INFO ] PPSGEN count=192 interval_ns=1000002528 dev_ns=2528 phase_ns=-1842515 hwphase_ns=384 trim_ppb=0 cfg=0 p_ns=24 d_ns=0 (pico_gnss pico-gnss-rs/src/main.rs:358)
198.205094 [INFO ] PPSGEN count=193 interval_ns=1000002528 dev_ns=2528 phase_ns=-1820516 hwphase_ns=384 trim_ppb=0 cfg=0 p_ns=24 d_ns=0 (pico_gnss pico-gnss-rs/src/main.rs:358)
199.205125 [INFO ] PPSGEN count=194 interval_ns=1000002528 dev_ns=2528 phase_ns=-1785516 hwphase_ns=400 trim_ppb=0 cfg=0 p_ns=25 d_ns=0 (pico_gnss pico-gnss-rs/src/main.rs:358)
200.205087 [INFO ] PPSGEN count=195 interval_ns=1000002512 dev_ns=2512 phase_ns=-1873037 hwphase_ns=368 trim_ppb=0 cfg=0 p_ns=23 d_ns=0 (pico_gnss pico-gnss-rs/src/main.rs:358)
201.205115 [INFO ] PPSGEN count=196 interval_ns=1000002528 dev_ns=2528 phase_ns=-1846516 hwphase_ns=384 trim_ppb=0 cfg=0 p_ns=24 d_ns=0 (pico_gnss pico-gnss-rs/src/main.rs:358)
202.205122 [INFO ] PPSGEN count=197 interval_ns=1000002528 dev_ns=2528 phase_ns=-1847516 hwphase_ns=384 trim_ppb=0 cfg=0 p_ns=24 d_ns=0 (pico_gnss pico-gnss-rs/src/main.rs:358)
203.205116 [INFO ] PPSGEN count=198 interval_ns=1000002512 dev_ns=2512 phase_ns=-1875516 hwphase_ns=384 trim_ppb=0 cfg=0 p_ns=24 d_ns=0 (pico_gnss pico-gnss-rs/src/main.rs:358)
204.205203 [INFO ] PPSGEN count=199 interval_ns=1000002528 dev_ns=2528 phase_ns=-1828516 hwphase_ns=384 trim_ppb=0 cfg=0 p_ns=24 d_ns=0 (pico_gnss pico-gnss-rs/src/main.rs:358)
205.205107 [INFO ] PPSGEN count=200 interval_ns=1000002528 dev_ns=2528 phase_ns=-1936516 hwphase_ns=384 trim_ppb=0 cfg=0 p_ns=24 d_ns=0 (pico_gnss pico-gnss-rs/src/main.rs:358)
206.205104 [INFO ] PPSGEN count=201 interval_ns=1000002512 dev_ns=2512 phase_ns=-1836516 hwphase_ns=384 trim_ppb=0 cfg=0 p_ns=24 d_ns=0 (pico_gnss pico-gnss-rs/src/main.rs:358)
207.205099 [INFO ] PPSGEN count=202 interval_ns=1000002512 dev_ns=2512 phase_ns=-1834515 hwphase_ns=400 trim_ppb=0 cfg=0 p_ns=25 d_ns=0 (pico_gnss pico-gnss-rs/src/main.rs:358)
208.205111 [INFO ] PPSGEN count=203 interval_ns=1000002528 dev_ns=2528 phase_ns=-1823515 hwphase_ns=400 trim_ppb=0 cfg=0 p_ns=25 d_ns=0 (pico_gnss pico-gnss-rs/src/main.rs:358)
209.205109 [INFO ] PPSGEN count=204 interval_ns=1000002512 dev_ns=2512 phase_ns=-1819515 hwphase_ns=400 trim_ppb=0 cfg=0 p_ns=25 d_ns=0 (pico_gnss pico-gnss-rs/src/main.rs:358)
210.205105 [INFO ] PPSGEN count=205 interval_ns=1000002528 dev_ns=2528 phase_ns=-1822515 hwphase_ns=416 trim_ppb=0 cfg=0 p_ns=26 d_ns=0 (pico_gnss pico-gnss-rs/src/main.rs:358)
211.205117 [INFO ] PPSGEN count=206 interval_ns=1000002512 dev_ns=2512 phase_ns=-1832515 hwphase_ns=400 trim_ppb=0 cfg=0 p_ns=25 d_ns=0 (pico_gnss pico-gnss-rs/src/main.rs:358)
212.205132 [INFO ] PPSGEN count=207 interval_ns=1000002528 dev_ns=2528 phase_ns=-1816515 hwphase_ns=400 trim_ppb=0 cfg=0 p_ns=25 d_ns=0 (pico_gnss pico-gnss-rs/src/main.rs:358)
213.205124 [INFO ] PPSGEN count=208 interval_ns=1000002512 dev_ns=2512 phase_ns=-1831515 hwphase_ns=400 trim_ppb=0 cfg=0 p_ns=25 d_ns=0 (pico_gnss pico-gnss-rs/src/main.rs:358)
214.205105 [INFO ] PPSGEN count=209 interval_ns=1000002528 dev_ns=2528 phase_ns=-1843515 hwphase_ns=400 trim_ppb=0 cfg=0 p_ns=25 d_ns=0 (pico_gnss pico-gnss-rs/src/main.rs:358)
215.205127 [INFO ] PPSGEN count=210 interval_ns=1000002512 dev_ns=2512 phase_ns=-1817516 hwphase_ns=384 trim_ppb=0 cfg=0 p_ns=24 d_ns=0 (pico_gnss pico-gnss-rs/src/main.rs:358)
216.205139 [INFO ] PPSGEN count=211 interval_ns=1000002528 dev_ns=2528 phase_ns=-1836515 hwphase_ns=400 trim_ppb=0 cfg=0 p_ns=25 d_ns=0 (pico_gnss pico-gnss-rs/src/main.rs:358)
217.205118 [INFO ] PPSGEN count=212 interval_ns=1000002512 dev_ns=2512 phase_ns=-1841516 hwphase_ns=384 trim_ppb=0 cfg=0 p_ns=24 d_ns=0 (pico_gnss pico-gnss-rs/src/main.rs:358)
218.205121 [INFO ] PPSGEN count=213 interval_ns=1000002528 dev_ns=2528 phase_ns=-1830516 hwphase_ns=384 trim_ppb=0 cfg=0 p_ns=24 d_ns=0 (pico_gnss pico-gnss-rs/src/main.rs:358)
219.205153 [INFO ] PPSGEN count=214 interval_ns=1000002512 dev_ns=2512 phase_ns=-1819516 hwphase_ns=384 trim_ppb=0 cfg=0 p_ns=24 d_ns=0 (pico_gnss pico-gnss-rs/src/main.rs:358)
220.205150 [INFO ] PPSGEN count=215 interval_ns=1000002528 dev_ns=2528 phase_ns=-1839515 hwphase_ns=400 trim_ppb=0 cfg=0 p_ns=25 d_ns=0 (pico_gnss pico-gnss-rs/src/main.rs:358)
221.205143 [INFO ] PPSGEN count=216 interval_ns=1000002512 dev_ns=2512 phase_ns=-1848515 hwphase_ns=384 trim_ppb=0 cfg=0 p_ns=24 d_ns=0 (pico_gnss pico-gnss-rs/src/main.rs:358)
222.205158 [INFO ] PPSGEN count=217 interval_ns=1000002528 dev_ns=2528 phase_ns=-1813515 hwphase_ns=400 trim_ppb=0 cfg=0 p_ns=25 d_ns=0 (pico_gnss pico-gnss-rs/src/main.rs:358)
223.205156 [INFO ] PPSGEN count=218 interval_ns=1000002528 dev_ns=2528 phase_ns=-1847515 hwphase_ns=400 trim_ppb=0 cfg=0 p_ns=25 d_ns=0 (pico_gnss pico-gnss-rs/src/main.rs:358)
224.205142 [INFO ] PPSGEN count=219 interval_ns=1000002512 dev_ns=2512 phase_ns=-1854515 hwphase_ns=400 trim_ppb=0 cfg=0 p_ns=25 d_ns=0 (pico_gnss pico-gnss-rs/src/main.rs:358)
225.205162 [INFO ] PPSGEN count=220 interval_ns=1000002528 dev_ns=2528 phase_ns=-1823515 hwphase_ns=400 trim_ppb=0 cfg=0 p_ns=25 d_ns=0 (pico_gnss pico-gnss-rs/src/main.rs:358)
226.205146 [INFO ] PPSGEN count=221 interval_ns=1000002512 dev_ns=2512 phase_ns=-1850515 hwphase_ns=400 trim_ppb=0 cfg=0 p_ns=25 d_ns=0 (pico_gnss pico-gnss-rs/src/main.rs:358)
227.205145 [INFO ] PPSGEN count=222 interval_ns=1000002528 dev_ns=2528 phase_ns=-1804515 hwphase_ns=400 trim_ppb=0 cfg=0 p_ns=25 d_ns=0 (pico_gnss pico-gnss-rs/src/main.rs:358)
228.205158 [INFO ] PPSGEN count=223 interval_ns=1000002512 dev_ns=2512 phase_ns=-1811516 hwphase_ns=384 trim_ppb=0 cfg=0 p_ns=24 d_ns=0 (pico_gnss pico-gnss-rs/src/main.rs:358)
229.205182 [INFO ] PPSGEN count=224 interval_ns=1000002528 dev_ns=2528 phase_ns=-1805516 hwphase_ns=384 trim_ppb=0 cfg=0 p_ns=24 d_ns=0 (pico_gnss pico-gnss-rs/src/main.rs:358)
230.205170 [INFO ] PPSGEN count=225 interval_ns=1000002512 dev_ns=2512 phase_ns=-1847516 hwphase_ns=384 trim_ppb=0 cfg=0 p_ns=24 d_ns=0 (pico_gnss pico-gnss-rs/src/main.rs:358)
231.205171 [INFO ] PPSGEN count=226 interval_ns=1000002528 dev_ns=2528 phase_ns=-1851516 hwphase_ns=368 trim_ppb=0 cfg=0 p_ns=23 d_ns=0 (pico_gnss pico-gnss-rs/src/main.rs:358)
232.205173 [INFO ] PPSGEN count=227 interval_ns=1000002512 dev_ns=2512 phase_ns=-1824516 hwphase_ns=368 trim_ppb=0 cfg=0 p_ns=23 d_ns=0 (pico_gnss pico-gnss-rs/src/main.rs:358)
233.205157 [INFO ] PPSGEN count=228 interval_ns=1000002528 dev_ns=2528 phase_ns=-1821516 hwphase_ns=368 trim_ppb=0 cfg=0 p_ns=23 d_ns=0 (pico_gnss pico-gnss-rs/src/main.rs:358)
234.205172 [INFO ] PPSGEN count=229 interval_ns=1000002528 dev_ns=2528 phase_ns=-1820516 hwphase_ns=368 trim_ppb=0 cfg=0 p_ns=23 d_ns=0 (pico_gnss pico-gnss-rs/src/main.rs:358)
235.205177 [INFO ] PPSGEN count=230 interval_ns=1000002544 dev_ns=2544 phase_ns=-1817517 hwphase_ns=384 trim_ppb=0 cfg=0 p_ns=24 d_ns=0 (pico_gnss pico-gnss-rs/src/main.rs:358)
236.205176 [INFO ] PPSGEN count=231 interval_ns=1000002528 dev_ns=2528 phase_ns=-1823517 hwphase_ns=384 trim_ppb=0 cfg=0 p_ns=24 d_ns=0 (pico_gnss pico-gnss-rs/src/main.rs:358)
237.205178 [INFO ] PPSGEN count=232 interval_ns=1000002512 dev_ns=2512 phase_ns=-1830517 hwphase_ns=368 trim_ppb=0 cfg=0 p_ns=23 d_ns=0 (pico_gnss pico-gnss-rs/src/main.rs:358)
238.205178 [INFO ] PPSGEN count=233 interval_ns=1000002528 dev_ns=2528 phase_ns=-1821517 hwphase_ns=384 trim_ppb=0 cfg=0 p_ns=24 d_ns=0 (pico_gnss pico-gnss-rs/src/main.rs:358)
239.205191 [INFO ] PPSGEN count=234 interval_ns=1000002528 dev_ns=2528 phase_ns=-1820517 hwphase_ns=384 trim_ppb=0 cfg=0 p_ns=24 d_ns=0 (pico_gnss pico-gnss-rs/src/main.rs:358)
240.205198 [INFO ] PPSGEN count=235 interval_ns=1000002528 dev_ns=2528 phase_ns=-1839517 hwphase_ns=384 trim_ppb=0 cfg=0 p_ns=24 d_ns=0 (pico_gnss pico-gnss-rs/src/main.rs:358)
241.205210 [INFO ] PPSGEN count=236 interval_ns=1000002512 dev_ns=2512 phase_ns=-1821517 hwphase_ns=368 trim_ppb=0 cfg=0 p_ns=23 d_ns=0 (pico_gnss pico-gnss-rs/src/main.rs:358)
242.205191 [INFO ] PPSGEN count=237 interval_ns=1000002528 dev_ns=2528 phase_ns=-1850517 hwphase_ns=368 trim_ppb=0 cfg=0 p_ns=23 d_ns=0 (pico_gnss pico-gnss-rs/src/main.rs:358)
243.205180 [INFO ] PPSGEN count=238 interval_ns=1000002528 dev_ns=2528 phase_ns=-1837518 hwphase_ns=368 trim_ppb=0 cfg=0 p_ns=23 d_ns=0 (pico_gnss pico-gnss-rs/src/main.rs:358)
244.205214 [INFO ] PPSGEN count=239 interval_ns=1000002528 dev_ns=2528 phase_ns=-1797518 hwphase_ns=368 trim_ppb=0 cfg=0 p_ns=23 d_ns=0 (pico_gnss pico-gnss-rs/src/main.rs:358)
245.205200 [INFO ] PPSGEN count=240 interval_ns=1000002528 dev_ns=2528 phase_ns=-1838518 hwphase_ns=352 trim_ppb=0 cfg=0 p_ns=22 d_ns=0 (pico_gnss pico-gnss-rs/src/main.rs:358)
246.205206 [INFO ] PPSGEN count=241 interval_ns=1000002544 dev_ns=2544 phase_ns=-1834519 hwphase_ns=368 trim_ppb=0 cfg=0 p_ns=23 d_ns=0 (pico_gnss pico-gnss-rs/src/main.rs:358)
247.205203 [INFO ] PPSGEN count=242 interval_ns=1000002528 dev_ns=2528 phase_ns=-1826519 hwphase_ns=368 trim_ppb=0 cfg=0 p_ns=23 d_ns=0 (pico_gnss pico-gnss-rs/src/main.rs:358)
248.205200 [INFO ] PPSGEN count=243 interval_ns=1000002528 dev_ns=2528 phase_ns=-1826519 hwphase_ns=368 trim_ppb=0 cfg=0 p_ns=23 d_ns=0 (pico_gnss pico-gnss-rs/src/main.rs:358)
249.205200 [INFO ] PPSGEN count=244 interval_ns=1000002528 dev_ns=2528 phase_ns=-1820519 hwphase_ns=368 trim_ppb=0 cfg=0 p_ns=23 d_ns=0 (pico_gnss pico-gnss-rs/src/main.rs:358)
250.205225 [INFO ] PPSGEN count=245 interval_ns=1000002544 dev_ns=2544 phase_ns=-1808519 hwphase_ns=384 trim_ppb=0 cfg=0 p_ns=24 d_ns=0 (pico_gnss pico-gnss-rs/src/main.rs:358)
251.205222 [INFO ] PPSGEN count=246 interval_ns=1000002528 dev_ns=2528 phase_ns=-1835519 hwphase_ns=384 trim_ppb=0 cfg=0 p_ns=24 d_ns=0 (pico_gnss pico-gnss-rs/src/main.rs:358)
252.205241 [INFO ] PPSGEN count=247 interval_ns=1000002528 dev_ns=2528 phase_ns=-1835519 hwphase_ns=384 trim_ppb=0 cfg=0 p_ns=24 d_ns=0 (pico_gnss pico-gnss-rs/src/main.rs:358)
253.205219 [INFO ] PPSGEN count=248 interval_ns=1000002512 dev_ns=2512 phase_ns=-1855520 hwphase_ns=352 trim_ppb=0 cfg=0 p_ns=22 d_ns=0 (pico_gnss pico-gnss-rs/src/main.rs:358)
254.205234 [INFO ] PPSGEN count=249 interval_ns=1000002528 dev_ns=2528 phase_ns=-1820520 hwphase_ns=352 trim_ppb=0 cfg=0 p_ns=22 d_ns=0 (pico_gnss pico-gnss-rs/src/main.rs:358)
255.205213 [INFO ] PPSGEN count=250 interval_ns=1000002528 dev_ns=2528 phase_ns=-1852521 hwphase_ns=336 trim_ppb=0 cfg=0 p_ns=21 d_ns=0 (pico_gnss pico-gnss-rs/src/main.rs:358)
256.205210 [INFO ] PPSGEN count=251 interval_ns=1000002544 dev_ns=2544 phase_ns=-1861521 hwphase_ns=336 trim_ppb=0 cfg=0 p_ns=21 d_ns=0 (pico_gnss pico-gnss-rs/src/main.rs:358)
257.205256 [INFO ] PPSGEN count=252 interval_ns=1000002528 dev_ns=2528 phase_ns=-1805521 hwphase_ns=336 trim_ppb=0 cfg=0 p_ns=21 d_ns=0 (pico_gnss pico-gnss-rs/src/main.rs:358)
258.205221 [INFO ] PPSGEN count=253 interval_ns=1000002528 dev_ns=2528 phase_ns=-1848522 hwphase_ns=320 trim_ppb=0 cfg=0 p_ns=20 d_ns=0 (pico_gnss pico-gnss-rs/src/main.rs:358)
259.205235 [INFO ] PPSGEN count=254 interval_ns=1000002544 dev_ns=2544 phase_ns=-1805522 hwphase_ns=336 trim_ppb=0 cfg=0 p_ns=21 d_ns=0 (pico_gnss pico-gnss-rs/src/main.rs:358)
260.205233 [INFO ] PPSGEN count=255 interval_ns=1000002528 dev_ns=2528 phase_ns=-1830523 hwphase_ns=304 trim_ppb=0 cfg=0 p_ns=19 d_ns=0 (pico_gnss pico-gnss-rs/src/main.rs:358)
261.205244 [INFO ] PPSGEN count=256 interval_ns=1000002544 dev_ns=2544 phase_ns=-1826523 hwphase_ns=320 trim_ppb=0 cfg=0 p_ns=20 d_ns=0 (pico_gnss pico-gnss-rs/src/main.rs:358)
262.205266 [INFO ] PPSGEN count=257 interval_ns=1000002528 dev_ns=2528 phase_ns=-1807524 hwphase_ns=288 trim_ppb=0 cfg=0 p_ns=18 d_ns=0 (pico_gnss pico-gnss-rs/src/main.rs:358)
263.205245 [INFO ] PPSGEN count=258 interval_ns=1000002544 dev_ns=2544 phase_ns=-1866524 hwphase_ns=288 trim_ppb=0 cfg=0 p_ns=18 d_ns=0 (pico_gnss pico-gnss-rs/src/main.rs:358)
264.205251 [INFO ] PPSGEN count=259 interval_ns=1000002528 dev_ns=2528 phase_ns=-1829525 hwphase_ns=272 trim_ppb=0 cfg=0 p_ns=17 d_ns=0 (pico_gnss pico-gnss-rs/src/main.rs:358)
265.205250 [INFO ] PPSGEN count=260 interval_ns=1000002544 dev_ns=2544 phase_ns=-1850526 hwphase_ns=256 trim_ppb=0 cfg=0 p_ns=16 d_ns=0 (pico_gnss pico-gnss-rs/src/main.rs:358)
266.205249 [INFO ] PPSGEN count=261 interval_ns=1000002528 dev_ns=2528 phase_ns=-1824526 hwphase_ns=240 trim_ppb=0 cfg=0 p_ns=15 d_ns=0 (pico_gnss pico-gnss-rs/src/main.rs:358)
267.205254 [INFO ] PPSGEN count=262 interval_ns=1000002544 dev_ns=2544 phase_ns=-1845526 hwphase_ns=240 trim_ppb=0 cfg=0 p_ns=15 d_ns=0 (pico_gnss pico-gnss-rs/src/main.rs:358)
268.205252 [INFO ] PPSGEN count=263 interval_ns=1000002544 dev_ns=2544 phase_ns=-1837527 hwphase_ns=224 trim_ppb=0 cfg=0 p_ns=14 d_ns=0 (pico_gnss pico-gnss-rs/src/main.rs:358)
269.205255 [INFO ] PPSGEN count=264 interval_ns=1000002560 dev_ns=2560 phase_ns=-1828528 hwphase_ns=240 trim_ppb=0 cfg=0 p_ns=15 d_ns=0 (pico_gnss pico-gnss-rs/src/main.rs:358)
270.205253 [INFO ] PPSGEN count=265 interval_ns=1000002544 dev_ns=2544 phase_ns=-1795528 hwphase_ns=240 trim_ppb=0 cfg=0 p_ns=15 d_ns=0 (pico_gnss pico-gnss-rs/src/main.rs:358)
271.205249 [INFO ] PPSGEN count=266 interval_ns=1000002544 dev_ns=2544 phase_ns=-1822528 hwphase_ns=240 trim_ppb=0 cfg=0 p_ns=15 d_ns=0 (pico_gnss pico-gnss-rs/src/main.rs:358)
272.205257 [INFO ] PPSGEN count=267 interval_ns=1000002560 dev_ns=2560 phase_ns=-1832529 hwphase_ns=240 trim_ppb=0 cfg=0 p_ns=15 d_ns=0 (pico_gnss pico-gnss-rs/src/main.rs:358)
273.205265 [INFO ] PPSGEN count=268 interval_ns=1000002544 dev_ns=2544 phase_ns=-1785530 hwphase_ns=240 trim_ppb=0 cfg=0 p_ns=15 d_ns=0 (pico_gnss pico-gnss-rs/src/main.rs:358)
274.205276 [INFO ] PPSGEN count=269 interval_ns=1000002544 dev_ns=2544 phase_ns=-1813530 hwphase_ns=240 trim_ppb=0 cfg=0 p_ns=15 d_ns=0 (pico_gnss pico-gnss-rs/src/main.rs:358)
275.205280 [INFO ] PPSGEN count=270 interval_ns=1000002544 dev_ns=2544 phase_ns=-1816530 hwphase_ns=240 trim_ppb=0 cfg=0 p_ns=15 d_ns=0 (pico_gnss pico-gnss-rs/src/main.rs:358)
276.205265 [INFO ] PPSGEN count=271 interval_ns=1000002560 dev_ns=2560 phase_ns=-1834530 hwphase_ns=256 trim_ppb=0 cfg=0 p_ns=16 d_ns=0 (pico_gnss pico-gnss-rs/src/main.rs:358)
277.205271 [INFO ] PPSGEN count=272 interval_ns=1000002544 dev_ns=2544 phase_ns=-1802531 hwphase_ns=240 trim_ppb=0 cfg=0 p_ns=15 d_ns=0 (pico_gnss pico-gnss-rs/src/main.rs:358)
278.205290 [INFO ] PPSGEN count=273 interval_ns=1000002544 dev_ns=2544 phase_ns=-1820531 hwphase_ns=240 trim_ppb=0 cfg=0 p_ns=15 d_ns=0 (pico_gnss pico-gnss-rs/src/main.rs:358)
279.205286 [INFO ] PPSGEN count=274 interval_ns=1000002560 dev_ns=2560 phase_ns=-1838532 hwphase_ns=256 trim_ppb=0 cfg=0 p_ns=16 d_ns=0 (pico_gnss pico-gnss-rs/src/main.rs:358)
280.205304 [INFO ] PPSGEN count=275 interval_ns=1000002544 dev_ns=2544 phase_ns=-1795532 hwphase_ns=256 trim_ppb=0 cfg=0 p_ns=16 d_ns=0 (pico_gnss pico-gnss-rs/src/main.rs:358)
281.205286 [INFO ] PPSGEN count=276 interval_ns=1000002544 dev_ns=2544 phase_ns=-1854532 hwphase_ns=256 trim_ppb=0 cfg=0 p_ns=16 d_ns=0 (pico_gnss pico-gnss-rs/src/main.rs:358)
282.205306 [INFO ] PPSGEN count=277 interval_ns=1000002544 dev_ns=2544 phase_ns=-1831532 hwphase_ns=256 trim_ppb=0 cfg=0 p_ns=16 d_ns=0 (pico_gnss pico-gnss-rs/src/main.rs:358)
283.205291 [INFO ] PPSGEN count=278 interval_ns=1000002544 dev_ns=2544 phase_ns=-1863533 hwphase_ns=240 trim_ppb=0 cfg=0 p_ns=15 d_ns=0 (pico_gnss pico-gnss-rs/src/main.rs:358)
284.205297 [INFO ] PPSGEN count=279 interval_ns=1000002544 dev_ns=2544 phase_ns=-1811533 hwphase_ns=240 trim_ppb=0 cfg=0 p_ns=15 d_ns=0 (pico_gnss pico-gnss-rs/src/main.rs:358)
285.205289 [INFO ] PPSGEN count=280 interval_ns=1000002560 dev_ns=2560 phase_ns=-1811533 hwphase_ns=256 trim_ppb=0 cfg=0 p_ns=16 d_ns=0 (pico_gnss pico-gnss-rs/src/main.rs:358)
286.205288 [INFO ] PPSGEN count=281 interval_ns=1000002560 dev_ns=2560 phase_ns=-1825534 hwphase_ns=272 trim_ppb=0 cfg=0 p_ns=17 d_ns=0 (pico_gnss pico-gnss-rs/src/main.rs:358)
287.205304 [INFO ] PPSGEN count=282 interval_ns=1000002544 dev_ns=2544 phase_ns=-1810534 hwphase_ns=272 trim_ppb=0 cfg=0 p_ns=17 d_ns=0 (pico_gnss pico-gnss-rs/src/main.rs:358)
288.205295 [INFO ] PPSGEN count=283 interval_ns=1000002544 dev_ns=2544 phase_ns=-1831534 hwphase_ns=272 trim_ppb=0 cfg=0 p_ns=17 d_ns=0 (pico_gnss pico-gnss-rs/src/main.rs:358)
289.205315 [INFO ] PPSGEN count=284 interval_ns=1000002544 dev_ns=2544 phase_ns=-1826534 hwphase_ns=288 trim_ppb=0 cfg=0 p_ns=18 d_ns=0 (pico_gnss pico-gnss-rs/src/main.rs:358)
290.205317 [INFO ] PPSGEN count=285 interval_ns=1000002544 dev_ns=2544 phase_ns=-1840534 hwphase_ns=288 trim_ppb=0 cfg=0 p_ns=18 d_ns=0 (pico_gnss pico-gnss-rs/src/main.rs:358)
291.205311 [INFO ] PPSGEN count=286 interval_ns=1000002560 dev_ns=2560 phase_ns=-1844534 hwphase_ns=304 trim_ppb=0 cfg=0 p_ns=19 d_ns=0 (pico_gnss pico-gnss-rs/src/main.rs:358)
292.205329 [INFO ] PPSGEN count=287 interval_ns=1000002544 dev_ns=2544 phase_ns=-1814534 hwphase_ns=304 trim_ppb=0 cfg=0 p_ns=19 d_ns=0 (pico_gnss pico-gnss-rs/src/main.rs:358)
293.205321 [INFO ] PPSGEN count=288 interval_ns=1000002544 dev_ns=2544 phase_ns=-1849534 hwphase_ns=304 trim_ppb=0 cfg=0 p_ns=19 d_ns=0 (pico_gnss pico-gnss-rs/src/main.rs:358)
294.205311 [INFO ] PPSGEN count=289 interval_ns=1000002544 dev_ns=2544 phase_ns=-1842534 hwphase_ns=320 trim_ppb=0 cfg=0 p_ns=20 d_ns=0 (pico_gnss pico-gnss-rs/src/main.rs:358)
295.205330 [INFO ] PPSGEN count=290 interval_ns=1000002544 dev_ns=2544 phase_ns=-1818534 hwphase_ns=320 trim_ppb=0 cfg=0 p_ns=20 d_ns=0 (pico_gnss pico-gnss-rs/src/main.rs:358)
296.205336 [INFO ] PPSGEN count=291 interval_ns=1000002544 dev_ns=2544 phase_ns=-1841534 hwphase_ns=320 trim_ppb=0 cfg=0 p_ns=20 d_ns=0 (pico_gnss pico-gnss-rs/src/main.rs:358)
297.205319 [INFO ] PPSGEN count=292 interval_ns=1000002560 dev_ns=2560 phase_ns=-1851534 hwphase_ns=336 trim_ppb=0 cfg=0 p_ns=21 d_ns=0 (pico_gnss pico-gnss-rs/src/main.rs:358)
298.205338 [INFO ] PPSGEN count=293 interval_ns=1000002544 dev_ns=2544 phase_ns=-1795534 hwphase_ns=336 trim_ppb=0 cfg=0 p_ns=21 d_ns=0 (pico_gnss pico-gnss-rs/src/main.rs:358)
299.205353 [INFO ] PPSGEN count=294 interval_ns=1000002544 dev_ns=2544 phase_ns=-1838535 hwphase_ns=336 trim_ppb=0 cfg=0 p_ns=21 d_ns=0 (pico_gnss pico-gnss-rs/src/main.rs:358)
300.205331 [INFO ] PPSGEN count=295 interval_ns=1000002544 dev_ns=2544 phase_ns=-1865535 hwphase_ns=336 trim_ppb=0 cfg=0 p_ns=21 d_ns=0 (pico_gnss pico-gnss-rs/src/main.rs:358)
301.205350 [INFO ] PPSGEN count=296 interval_ns=1000002560 dev_ns=2560 phase_ns=-1847535 hwphase_ns=352 trim_ppb=0 cfg=0 p_ns=22 d_ns=0 (pico_gnss pico-gnss-rs/src/main.rs:358)
302.205364 [INFO ] PPSGEN count=297 interval_ns=1000002544 dev_ns=2544 phase_ns=-1809535 hwphase_ns=336 trim_ppb=0 cfg=0 p_ns=21 d_ns=0 (pico_gnss pico-gnss-rs/src/main.rs:358)
303.205351 [INFO ] PPSGEN count=298 interval_ns=1000002544 dev_ns=2544 phase_ns=-1835536 hwphase_ns=336 trim_ppb=0 cfg=0 p_ns=21 d_ns=0 (pico_gnss pico-gnss-rs/src/main.rs:358)
304.205364 [INFO ] PPSGEN count=299 interval_ns=1000002544 dev_ns=2544 phase_ns=-1835536 hwphase_ns=336 trim_ppb=0 cfg=0 p_ns=21 d_ns=0 (pico_gnss pico-gnss-rs/src/main.rs:358)
305.205352 [INFO ] PPSGEN count=300 interval_ns=1000002560 dev_ns=2560 phase_ns=-1861536 hwphase_ns=352 trim_ppb=0 cfg=0 p_ns=22 d_ns=0 (pico_gnss pico-gnss-rs/src/main.rs:358)
306.205374 [INFO ] PPSGEN count=301 interval_ns=1000002544 dev_ns=2544 phase_ns=-1810536 hwphase_ns=336 trim_ppb=0 cfg=0 p_ns=21 d_ns=0 (pico_gnss pico-gnss-rs/src/main.rs:358)
307.205345 [INFO ] PPSGEN count=302 interval_ns=1000002544 dev_ns=2544 phase_ns=-1868536 hwphase_ns=352 trim_ppb=0 cfg=0 p_ns=22 d_ns=0 (pico_gnss pico-gnss-rs/src/main.rs:358)
308.205368 [INFO ] PPSGEN count=303 interval_ns=1000002560 dev_ns=2560 phase_ns=-1828536 hwphase_ns=368 trim_ppb=0 cfg=0 p_ns=23 d_ns=0 (pico_gnss pico-gnss-rs/src/main.rs:358)
309.205349 [INFO ] PPSGEN count=304 interval_ns=1000002544 dev_ns=2544 phase_ns=-1827536 hwphase_ns=368 trim_ppb=0 cfg=0 p_ns=23 d_ns=0 (pico_gnss pico-gnss-rs/src/main.rs:358)
310.205368 [INFO ] PPSGEN count=305 interval_ns=1000002544 dev_ns=2544 phase_ns=-1828536 hwphase_ns=368 trim_ppb=0 cfg=0 p_ns=23 d_ns=0 (pico_gnss pico-gnss-rs/src/main.rs:358)
311.205368 [INFO ] PPSGEN count=306 interval_ns=1000002560 dev_ns=2560 phase_ns=-1840536 hwphase_ns=384 trim_ppb=0 cfg=0 p_ns=24 d_ns=0 (pico_gnss pico-gnss-rs/src/main.rs:358)
312.205353 [INFO ] PPSGEN count=307 interval_ns=1000002544 dev_ns=2544 phase_ns=-1827537 hwphase_ns=368 trim_ppb=0 cfg=0 p_ns=23 d_ns=0 (pico_gnss pico-gnss-rs/src/main.rs:358)
313.205378 [INFO ] PPSGEN count=308 interval_ns=1000002544 dev_ns=2544 phase_ns=-1813536 hwphase_ns=384 trim_ppb=0 cfg=0 p_ns=24 d_ns=0 (pico_gnss pico-gnss-rs/src/main.rs:358)
314.205365 [INFO ] PPSGEN count=309 interval_ns=1000002544 dev_ns=2544 phase_ns=-1857537 hwphase_ns=368 trim_ppb=0 cfg=0 p_ns=23 d_ns=0 (pico_gnss pico-gnss-rs/src/main.rs:358)
315.205389 [INFO ] PPSGEN count=310 interval_ns=1000002544 dev_ns=2544 phase_ns=-1821537 hwphase_ns=384 trim_ppb=0 cfg=0 p_ns=24 d_ns=0 (pico_gnss pico-gnss-rs/src/main.rs:358)
