# GPS->gen 1PPS phase delta [ns], one rising-edge pair per single-shot
122.6
123.1
141.4
126.2
122.7
122.8
122.0
117.1
101.9
101.3
82.0
61.8
42.2
26.3
22.7
2.5
4.2
3.7
-17.2
-14.4
-4.0
-36.4
-17.8
-16.5
3.6
-1.9
2.8
20.8
21.3
42.9
63.0
62.2
59.4
62.2
61.6
61.7
60.0
62.3
62.2
59.8
44.7
62.4
43.0
61.5
61.1
61.5
42.6
60.3
43.8
43.0
46.6
44.5
63.1
62.4
62.2
63.0
64.6
63.0
62.9
63.1
52.6
42.6
43.3
42.8
42.9
42.0
50.6
61.7
46.5
43.1
42.9
43.5
44.4
47.5
42.5
42.5
42.3
42.2
42.6
42.8
51.5
57.6
45.7
61.9
81.9
62.4
81.0
102.6
103.2
102.6
120.4
122.4
142.6
154.4
143.1
142.5
159.7
161.8
162.0
163.8
153.8
162.1
143.0
162.2
143.2
141.7
122.4
122.8
121.4
101.6
102.2
101.8
101.9
82.1
81.7
64.9
62.9
43.1
41.5
39.7
