# GPS->gen 1PPS phase delta [ns], one rising-edge pair per single-shot
-1877.8
-2056.7
-1816.3
-1596.5
-1616.2
-1799.8
-2117.8
-1873.7
-1641.3
-1457.0
-1458.0
-1897.0
-1838.0
-1656.3
-1856.8
-2044.4
-2196.7
-1956.6
-1717.1
-1517.4
-1541.9
-1764.5
-1976.3
-2137.7
-1696.2
-1496.8
-1757.0
-1562.4
-1597.0
-1820.1
-2185.8
-1936.4
-1517.9
-1556.5
-1977.0
-2137.7
-1897.2
-1497.9
-1537.2
-1957.9
-2137.6
-1884.3
-1676.6
-1491.5
-1517.6
-1737.6
-2115.1
-1839.7
-1637.1
-1857.6
-2037.3
-2196.8
-1937.2
-1715.1
-1496.7
-1516.6
-1377.2
-1617.0
-1817.3
-1756.7
-1557.0
-1796.3
-1984.7
-2137.2
-1656.9
-1656.8
-1857.7
-2016.9
-2177.2
-1674.6
-1460.2
-1472.1
-1877.4
-2037.6
-1776.2
-1573.7
-1578.5
-1792.8
-1976.4
-2116.3
-1857.0
-1631.9
-1638.6
-1837.0
-1996.5
-2156.6
-1897.8
-1675.2
-1462.0
-1297.9
-1556.4
-1757.2
-1935.9
-1836.6
-1596.6
-1615.4
-1976.3
-2136.6
-1858.6
-1636.7
-1657.3
-1476.6
-1497.4
-1931.0
-1877.6
-1660.1
-1696.3
-1915.1
-2095.9
-1857.9
-1637.5
-1678.3
-1897.5
-2076.6
-1837.6
-1637.5
-1856.4
-2191.7
-1937.0
-1732.7
